socket set to IP_RECVTOS
socket SO_RCVBUF set to 20971520
Listen on port 5342 to receive RTP from sender 
.
.
Packet(s) lost or reordered :  2484 was received, previous rcvd is  2482 
Packet(s) lost or reordered :  2582 was received, previous rcvd is  2580 
Packet(s) lost or reordered :  2584 was received, previous rcvd is  2582 
Packet(s) lost or reordered :  2779 was received, previous rcvd is  2777 
Packet(s) lost or reordered :  2786 was received, previous rcvd is  2784 
Packet(s) lost or reordered :  3160 was received, previous rcvd is  3158 
Packet(s) lost or reordered :  5896 was received, previous rcvd is  5894 
Packet(s) lost or reordered :  6237 was received, previous rcvd is  6235 
Packet(s) lost or reordered :  9221 was received, previous rcvd is  9219 
Packet(s) lost or reordered :  9798 was received, previous rcvd is  9796 
Packet(s) lost or reordered : 12974 was received, previous rcvd is 12972 
Packet(s) lost or reordered : 20093 was received, previous rcvd is 20091 
Packet(s) lost or reordered : 20223 was received, previous rcvd is 20221 
Packet(s) lost or reordered : 23337 was received, previous rcvd is 23335 
Packet(s) lost or reordered : 29877 was received, previous rcvd is 29875 
Packet(s) lost or reordered : 32259 was received, previous rcvd is 32257 
Packet(s) lost or reordered : 38513 was received, previous rcvd is 38511 
Packet(s) lost or reordered : 38769 was received, previous rcvd is 38767 
Packet(s) lost or reordered : 38797 was received, previous rcvd is 38795 
.
