socket set to IP_RECVTOS
socket SO_RCVBUF set to 20971520
Listen on port 5358 to receive RTP from sender 
.
.
Packet(s) lost or reordered :  2515 was received, previous rcvd is  2513 
Packet(s) lost or reordered :  2612 was received, previous rcvd is  2610 
Packet(s) lost or reordered :  2705 was received, previous rcvd is  2703 
Packet(s) lost or reordered :  2707 was received, previous rcvd is  2705 
Packet(s) lost or reordered :  3210 was received, previous rcvd is  3208 
Packet(s) lost or reordered :  6694 was received, previous rcvd is  6692 
Packet(s) lost or reordered :  6728 was received, previous rcvd is  6726 
Packet(s) lost or reordered :  6838 was received, previous rcvd is  6836 
Packet(s) lost or reordered :  7251 was received, previous rcvd is  7249 
Packet(s) lost or reordered : 10954 was received, previous rcvd is 10952 
Packet(s) lost or reordered : 11002 was received, previous rcvd is 11000 
Packet(s) lost or reordered : 11377 was received, previous rcvd is 11375 
Packet(s) lost or reordered : 12881 was received, previous rcvd is 12879 
Packet(s) lost or reordered : 19059 was received, previous rcvd is 19057 
Packet(s) lost or reordered : 19369 was received, previous rcvd is 19367 
Packet(s) lost or reordered : 19603 was received, previous rcvd is 19601 
Packet(s) lost or reordered : 26503 was received, previous rcvd is 26501 
Packet(s) lost or reordered : 26577 was received, previous rcvd is 26575 
Packet(s) lost or reordered : 26626 was received, previous rcvd is 26624 
Packet(s) lost or reordered : 26704 was received, previous rcvd is 26702 
Packet(s) lost or reordered : 27042 was received, previous rcvd is 27040 
Packet(s) lost or reordered : 29882 was received, previous rcvd is 29880 
Packet(s) lost or reordered : 30171 was received, previous rcvd is 30169 
Packet(s) lost or reordered : 32210 was received, previous rcvd is 32208 
Packet(s) lost or reordered : 32653 was received, previous rcvd is 32651 
Packet(s) lost or reordered : 38244 was received, previous rcvd is 38242 
.
