socket set to IP_RECVTOS
socket SO_RCVBUF set to 20971520
Listen on port 5392 to receive RTP from sender 
.
.
Packet(s) lost or reordered :  2676 was received, previous rcvd is  2674 
Packet(s) lost or reordered :  2785 was received, previous rcvd is  2783 
Packet(s) lost or reordered :  3078 was received, previous rcvd is  3076 
Packet(s) lost or reordered :  3221 was received, previous rcvd is  3219 
Packet(s) lost or reordered :  3285 was received, previous rcvd is  3283 
Packet(s) lost or reordered :  8133 was received, previous rcvd is  8131 
Packet(s) lost or reordered :  8388 was received, previous rcvd is  8386 
Packet(s) lost or reordered :  8390 was received, previous rcvd is  8388 
Packet(s) lost or reordered : 10460 was received, previous rcvd is 10458 
Packet(s) lost or reordered : 17710 was received, previous rcvd is 17708 
Packet(s) lost or reordered : 17912 was received, previous rcvd is 17910 
Packet(s) lost or reordered : 18366 was received, previous rcvd is 18364 
Packet(s) lost or reordered : 22220 was received, previous rcvd is 22218 
Packet(s) lost or reordered : 28034 was received, previous rcvd is 28032 
Packet(s) lost or reordered : 32994 was received, previous rcvd is 32992 
Packet(s) lost or reordered : 37773 was received, previous rcvd is 37771 
.
