socket set to IP_RECVTOS
socket SO_RCVBUF set to 20971520
Listen on port 5326 to receive RTP from sender 
.
.
Packet(s) lost or reordered :  2050 was received, previous rcvd is  2048 
Packet(s) lost or reordered :  2598 was received, previous rcvd is  2596 
Packet(s) lost or reordered :  5155 was received, previous rcvd is  5153 
Packet(s) lost or reordered :  8417 was received, previous rcvd is  8415 
Packet(s) lost or reordered :  8879 was received, previous rcvd is  8877 
Packet(s) lost or reordered : 12903 was received, previous rcvd is 12901 
Packet(s) lost or reordered : 17565 was received, previous rcvd is 17563 
Packet(s) lost or reordered : 22312 was received, previous rcvd is 22310 
Packet(s) lost or reordered : 23441 was received, previous rcvd is 23439 
Packet(s) lost or reordered : 24166 was received, previous rcvd is 24164 
Packet(s) lost or reordered : 25838 was received, previous rcvd is 25836 
Packet(s) lost or reordered : 33781 was received, previous rcvd is 33779 
Packet(s) lost or reordered : 39348 was received, previous rcvd is 39346 
Packet(s) lost or reordered : 40370 was received, previous rcvd is 40368 
Packet(s) lost or reordered : 40657 was received, previous rcvd is 40655 
.
