socket set to IP_RECVTOS
socket SO_RCVBUF set to 20971520
Listen on port 5398 to receive RTP from sender 
.
.
Packet(s) lost or reordered :  1267 was received, previous rcvd is  1265 
Packet(s) lost or reordered :  2164 was received, previous rcvd is  2162 
Packet(s) lost or reordered :  2372 was received, previous rcvd is  2370 
Packet(s) lost or reordered :  2473 was received, previous rcvd is  2471 
Packet(s) lost or reordered :  2743 was received, previous rcvd is  2741 
Packet(s) lost or reordered :  5350 was received, previous rcvd is  5348 
Packet(s) lost or reordered :  8767 was received, previous rcvd is  8765 
Packet(s) lost or reordered : 13767 was received, previous rcvd is 13765 
Packet(s) lost or reordered : 18223 was received, previous rcvd is 18221 
Packet(s) lost or reordered : 23143 was received, previous rcvd is 23141 
Packet(s) lost or reordered : 29189 was received, previous rcvd is 29187 
Packet(s) lost or reordered : 29213 was received, previous rcvd is 29211 
Packet(s) lost or reordered : 32760 was received, previous rcvd is 32758 
Packet(s) lost or reordered : 37520 was received, previous rcvd is 37518 
Packet(s) lost or reordered : 39129 was received, previous rcvd is 39127 
Packet(s) lost or reordered : 39141 was received, previous rcvd is 39139 
.
