Listen on port 5300 to receive RTCP from decoder 
Scream sender started! 
 summary   2.0  Transmit rate =  6202kbps, PLR =  0.00%( 0.05%), CE =  0.00%( 0.00%)[100.0%,  0.0%,  0.0%,  0.0%], RTT = 0.039s, Queue delay = 0.005s, MTU = 1200
 summary   4.0  Transmit rate =  8984kbps, PLR =  0.04%( 0.05%), CE =  0.00%( 0.00%)[100.0%,  0.0%,  0.0%,  0.0%], RTT = 0.034s, Queue delay = 0.007s, MTU = 1200
 summary   6.0  Transmit rate = 10192kbps, PLR =  0.06%( 0.05%), CE =  0.00%( 0.00%)[100.0%,  0.0%,  0.0%,  0.0%], RTT = 0.032s, Queue delay = 0.008s, MTU = 1200
 summary   8.0  Transmit rate = 11017kbps, PLR =  0.02%( 0.03%), CE =  0.00%( 0.00%)[100.0%,  0.0%,  0.0%,  0.0%], RTT = 0.032s, Queue delay = 0.010s, MTU = 1200
 summary  10.0  Transmit rate = 11111kbps, PLR =  0.04%( 0.04%), CE =  0.00%( 0.00%)[100.0%,  0.0%,  0.0%,  0.0%], RTT = 0.031s, Queue delay = 0.009s, MTU = 1200
 summary  12.0  Transmit rate = 10733kbps, PLR =  0.04%( 0.04%), CE =  0.00%( 0.00%)[100.0%,  0.0%,  0.0%,  0.0%], RTT = 0.031s, Queue delay = 0.009s, MTU = 1200
 summary  14.0  Transmit rate = 10648kbps, PLR =  0.07%( 0.05%), CE =  0.00%( 0.00%)[100.0%,  0.0%,  0.0%,  0.0%], RTT = 0.029s, Queue delay = 0.007s, MTU = 1200
 summary  16.0  Transmit rate = 11216kbps, PLR =  0.07%( 0.04%), CE =  0.00%( 0.00%)[100.0%,  0.0%,  0.0%,  0.0%], RTT = 0.030s, Queue delay = 0.009s, MTU = 1200
 summary  18.0  Transmit rate = 11111kbps, PLR =  0.02%( 0.04%), CE =  0.00%( 0.00%)[100.0%,  0.0%,  0.0%,  0.0%], RTT = 0.031s, Queue delay = 0.009s, MTU = 1200
 summary  20.0  Transmit rate = 11443kbps, PLR =  0.02%( 0.04%), CE =  0.00%( 0.00%)[100.0%,  0.0%,  0.0%,  0.0%], RTT = 0.030s, Queue delay = 0.009s, MTU = 1200
 summary  22.0  Transmit rate = 11600kbps, PLR =  0.02%( 0.03%), CE =  0.00%( 0.00%)[100.0%,  0.0%,  0.0%,  0.0%], RTT = 0.032s, Queue delay = 0.011s, MTU = 1200
 summary  24.0  Transmit rate = 11407kbps, PLR =  0.02%( 0.03%), CE =  0.00%( 0.00%)[100.0%,  0.0%,  0.0%,  0.0%], RTT = 0.031s, Queue delay = 0.010s, MTU = 1200
 summary  26.0  Transmit rate = 11566kbps, PLR =  0.02%( 0.03%), CE =  0.00%( 0.00%)[100.0%,  0.0%,  0.0%,  0.0%], RTT = 0.032s, Queue delay = 0.011s, MTU = 1200
 summary  28.0  Transmit rate = 10787kbps, PLR =  0.05%( 0.03%), CE =  0.00%( 0.00%)[100.0%,  0.0%,  0.0%,  0.0%], RTT = 0.032s, Queue delay = 0.010s, MTU = 1200
 summary  30.0  Transmit rate = 11134kbps, PLR =  0.05%( 0.03%), CE =  0.00%( 0.00%)[100.0%,  0.0%,  0.0%,  0.0%], RTT = 0.030s, Queue delay = 0.009s, MTU = 1200
 summary  32.0  Transmit rate = 11190kbps, PLR =  0.07%( 0.03%), CE =  0.00%( 0.00%)[100.0%,  0.0%,  0.0%,  0.0%], RTT = 0.030s, Queue delay = 0.009s, MTU = 1200
 summary  34.0  Transmit rate = 11407kbps, PLR =  0.02%( 0.03%), CE =  0.00%( 0.00%)[100.0%,  0.0%,  0.0%,  0.0%], RTT = 0.031s, Queue delay = 0.010s, MTU = 1200

======================== Summary ==========================
 Bitrate min/max/avg [kbps]          :     0/14571/10950
 RTT     min/max/avg [s]             : 0.024/0.049/0.031
 Queue delay max/avg [s]             : 0.021/0.009
 Packet loss avg [%]                 : 0.030
 ECN/L4S NotECT/ECT(0)/ECT(1)/CE [%] : 100.0/ 0.0/ 0.0/ 0.0
===========================================================
