Listen on port 5372 to receive RTCP from decoder 
Scream sender started! 
 summary   2.0  Transmit rate =  6205kbps, PLR =  0.00%( 0.05%), CE =  0.00%( 0.00%)[100.0%,  0.0%,  0.0%,  0.0%], RTT = 0.039s, Queue delay = 0.005s, MTU = 1200
 summary   4.0  Transmit rate =  9241kbps, PLR =  0.02%( 0.02%), CE =  0.00%( 0.00%)[100.0%,  0.0%,  0.0%,  0.0%], RTT = 0.035s, Queue delay = 0.008s, MTU = 1200
 summary   6.0  Transmit rate = 10591kbps, PLR =  0.02%( 0.02%), CE =  0.00%( 0.00%)[100.0%,  0.0%,  0.0%,  0.0%], RTT = 0.034s, Queue delay = 0.011s, MTU = 1200
 summary   8.0  Transmit rate = 10820kbps, PLR =  0.02%( 0.02%), CE =  0.00%( 0.00%)[100.0%,  0.0%,  0.0%,  0.0%], RTT = 0.033s, Queue delay = 0.010s, MTU = 1200
 summary  10.0  Transmit rate = 11283kbps, PLR =  0.02%( 0.02%), CE =  0.00%( 0.00%)[100.0%,  0.0%,  0.0%,  0.0%], RTT = 0.032s, Queue delay = 0.010s, MTU = 1200
 summary  12.0  Transmit rate = 11484kbps, PLR =  0.02%( 0.01%), CE =  0.00%( 0.00%)[100.0%,  0.0%,  0.0%,  0.0%], RTT = 0.033s, Queue delay = 0.011s, MTU = 1200
 summary  14.0  Transmit rate = 11601kbps, PLR =  0.00%( 0.01%), CE =  0.00%( 0.00%)[100.0%,  0.0%,  0.0%,  0.0%], RTT = 0.034s, Queue delay = 0.012s, MTU = 1200
 summary  16.0  Transmit rate = 11337kbps, PLR =  0.02%( 0.02%), CE =  0.00%( 0.00%)[100.0%,  0.0%,  0.0%,  0.0%], RTT = 0.032s, Queue delay = 0.010s, MTU = 1200
 summary  18.0  Transmit rate = 11549kbps, PLR =  0.02%( 0.01%), CE =  0.00%( 0.00%)[100.0%,  0.0%,  0.0%,  0.0%], RTT = 0.032s, Queue delay = 0.011s, MTU = 1200
 summary  20.0  Transmit rate = 11403kbps, PLR =  0.03%( 0.02%), CE =  0.00%( 0.00%)[100.0%,  0.0%,  0.0%,  0.0%], RTT = 0.031s, Queue delay = 0.010s, MTU = 1200
 summary  22.0  Transmit rate = 10770kbps, PLR =  0.07%( 0.02%), CE =  0.00%( 0.00%)[100.0%,  0.0%,  0.0%,  0.0%], RTT = 0.029s, Queue delay = 0.008s, MTU = 1200
 summary  24.0  Transmit rate = 11283kbps, PLR =  0.04%( 0.02%), CE =  0.00%( 0.00%)[100.0%,  0.0%,  0.0%,  0.0%], RTT = 0.030s, Queue delay = 0.009s, MTU = 1200
 summary  26.0  Transmit rate = 11387kbps, PLR =  0.04%( 0.02%), CE =  0.00%( 0.00%)[100.0%,  0.0%,  0.0%,  0.0%], RTT = 0.032s, Queue delay = 0.011s, MTU = 1200
 summary  28.0  Transmit rate = 11340kbps, PLR =  0.02%( 0.02%), CE =  0.00%( 0.00%)[100.0%,  0.0%,  0.0%,  0.0%], RTT = 0.031s, Queue delay = 0.009s, MTU = 1200
 summary  30.0  Transmit rate = 11278kbps, PLR =  0.04%( 0.02%), CE =  0.00%( 0.00%)[100.0%,  0.0%,  0.0%,  0.0%], RTT = 0.030s, Queue delay = 0.008s, MTU = 1200
 summary  32.0  Transmit rate = 11517kbps, PLR =  0.02%( 0.02%), CE =  0.00%( 0.00%)[100.0%,  0.0%,  0.0%,  0.0%], RTT = 0.031s, Queue delay = 0.010s, MTU = 1200
 summary  34.0  Transmit rate = 11316kbps, PLR =  0.02%( 0.02%), CE =  0.00%( 0.00%)[100.0%,  0.0%,  0.0%,  0.0%], RTT = 0.030s, Queue delay = 0.009s, MTU = 1200

======================== Summary ==========================
 Bitrate min/max/avg [kbps]          :  4662/14307/11242
 RTT     min/max/avg [s]             : 0.025/0.049/0.031
 Queue delay max/avg [s]             : 0.022/0.010
 Packet loss avg [%]                 : 0.022
 ECN/L4S NotECT/ECT(0)/ECT(1)/CE [%] : 100.0/ 0.0/ 0.0/ 0.0
===========================================================
