socket set to IP_RECVTOS
socket SO_RCVBUF set to 20971520
Listen on port 5386 to receive RTP from sender 
.
.
Packet(s) lost or reordered :  2517 was received, previous rcvd is  2515 
Packet(s) lost or reordered :  2594 was received, previous rcvd is  2592 
Packet(s) lost or reordered :  3139 was received, previous rcvd is  3137 
Packet(s) lost or reordered :  3143 was received, previous rcvd is  3141 
Packet(s) lost or reordered :  3160 was received, previous rcvd is  3158 
Packet(s) lost or reordered :  7338 was received, previous rcvd is  7336 
Packet(s) lost or reordered :  7917 was received, previous rcvd is  7915 
Packet(s) lost or reordered :  8020 was received, previous rcvd is  8018 
Packet(s) lost or reordered :  8103 was received, previous rcvd is  8101 
Packet(s) lost or reordered : 10356 was received, previous rcvd is 10354 
Packet(s) lost or reordered : 12939 was received, previous rcvd is 12937 
Packet(s) lost or reordered : 13284 was received, previous rcvd is 13282 
Packet(s) lost or reordered : 16422 was received, previous rcvd is 16420 
Packet(s) lost or reordered : 17126 was received, previous rcvd is 17124 
Packet(s) lost or reordered : 25403 was received, previous rcvd is 25401 
Packet(s) lost or reordered : 33910 was received, previous rcvd is 33908 
Packet(s) lost or reordered : 40191 was received, previous rcvd is 40189 
.
