Listen on port 5378 to receive RTCP from decoder 
Scream sender started! 
 summary   2.0  Transmit rate =  6441kbps, PLR =  0.00%( 0.00%), CE =  0.00%( 0.00%)[100.0%,  0.0%,  0.0%,  0.0%], RTT = 0.039s, Queue delay = 0.006s, MTU = 1200
 summary   4.0  Transmit rate =  8367kbps, PLR =  0.06%( 0.10%), CE =  0.00%( 0.00%)[100.0%,  0.0%,  0.0%,  0.0%], RTT = 0.037s, Queue delay = 0.009s, MTU = 1200
 summary   6.0  Transmit rate =  9640kbps, PLR =  0.10%( 0.06%), CE =  0.00%( 0.00%)[100.0%,  0.0%,  0.0%,  0.0%], RTT = 0.032s, Queue delay = 0.008s, MTU = 1200
 summary   8.0  Transmit rate = 10519kbps, PLR =  0.10%( 0.06%), CE =  0.00%( 0.00%)[100.0%,  0.0%,  0.0%,  0.0%], RTT = 0.034s, Queue delay = 0.011s, MTU = 1200
 summary  10.0  Transmit rate = 10683kbps, PLR =  0.04%( 0.06%), CE =  0.00%( 0.00%)[100.0%,  0.0%,  0.0%,  0.0%], RTT = 0.031s, Queue delay = 0.009s, MTU = 1200
 summary  12.0  Transmit rate = 10737kbps, PLR =  0.06%( 0.05%), CE =  0.00%( 0.00%)[100.0%,  0.0%,  0.0%,  0.0%], RTT = 0.029s, Queue delay = 0.007s, MTU = 1200
 summary  14.0  Transmit rate = 11267kbps, PLR =  0.04%( 0.05%), CE =  0.00%( 0.00%)[100.0%,  0.0%,  0.0%,  0.0%], RTT = 0.030s, Queue delay = 0.008s, MTU = 1200
 summary  16.0  Transmit rate = 11501kbps, PLR =  0.02%( 0.04%), CE =  0.00%( 0.00%)[100.0%,  0.0%,  0.0%,  0.0%], RTT = 0.031s, Queue delay = 0.010s, MTU = 1200
 summary  18.0  Transmit rate = 10812kbps, PLR =  0.04%( 0.05%), CE =  0.00%( 0.00%)[100.0%,  0.0%,  0.0%,  0.0%], RTT = 0.029s, Queue delay = 0.008s, MTU = 1200
 summary  20.0  Transmit rate = 11300kbps, PLR =  0.04%( 0.04%), CE =  0.00%( 0.00%)[100.0%,  0.0%,  0.0%,  0.0%], RTT = 0.029s, Queue delay = 0.007s, MTU = 1200
 summary  22.0  Transmit rate = 11497kbps, PLR =  0.02%( 0.04%), CE =  0.00%( 0.00%)[100.0%,  0.0%,  0.0%,  0.0%], RTT = 0.031s, Queue delay = 0.010s, MTU = 1200
 summary  24.0  Transmit rate = 10246kbps, PLR =  0.14%( 0.05%), CE =  0.00%( 0.00%)[100.0%,  0.0%,  0.0%,  0.0%], RTT = 0.030s, Queue delay = 0.008s, MTU = 1200
 summary  26.0  Transmit rate = 10726kbps, PLR =  0.16%( 0.05%), CE =  0.00%( 0.00%)[100.0%,  0.0%,  0.0%,  0.0%], RTT = 0.029s, Queue delay = 0.007s, MTU = 1200
 summary  28.0  Transmit rate = 11250kbps, PLR =  0.09%( 0.05%), CE =  0.00%( 0.00%)[100.0%,  0.0%,  0.0%,  0.0%], RTT = 0.030s, Queue delay = 0.008s, MTU = 1200
 summary  30.0  Transmit rate = 11234kbps, PLR =  0.04%( 0.05%), CE =  0.00%( 0.00%)[100.0%,  0.0%,  0.0%,  0.0%], RTT = 0.029s, Queue delay = 0.008s, MTU = 1200
 summary  32.0  Transmit rate = 11523kbps, PLR =  0.02%( 0.04%), CE =  0.00%( 0.00%)[100.0%,  0.0%,  0.0%,  0.0%], RTT = 0.031s, Queue delay = 0.010s, MTU = 1200
 summary  34.0  Transmit rate = 11205kbps, PLR =  0.02%( 0.04%), CE =  0.00%( 0.00%)[100.0%,  0.0%,  0.0%,  0.0%], RTT = 0.032s, Queue delay = 0.010s, MTU = 1200

======================== Summary ==========================
 Bitrate min/max/avg [kbps]          :  3747/14101/10962
 RTT     min/max/avg [s]             : 0.024/0.049/0.030
 Queue delay max/avg [s]             : 0.032/0.009
 Packet loss avg [%]                 : 0.043
 ECN/L4S NotECT/ECT(0)/ECT(1)/CE [%] : 100.0/ 0.0/ 0.0/ 0.0
===========================================================
