socket set to IP_RECVTOS
socket SO_RCVBUF set to 20971520
Listen on port 5360 to receive RTP from sender 
.
.
Packet(s) lost or reordered :  2537 was received, previous rcvd is  2535 
Packet(s) lost or reordered :  2579 was received, previous rcvd is  2577 
Packet(s) lost or reordered :  2689 was received, previous rcvd is  2687 
Packet(s) lost or reordered :  5377 was received, previous rcvd is  5375 
Packet(s) lost or reordered :  5611 was received, previous rcvd is  5609 
Packet(s) lost or reordered :  8992 was received, previous rcvd is  8990 
Packet(s) lost or reordered :  9059 was received, previous rcvd is  9057 
Packet(s) lost or reordered : 12951 was received, previous rcvd is 12949 
Packet(s) lost or reordered : 15924 was received, previous rcvd is 15922 
Packet(s) lost or reordered : 18280 was received, previous rcvd is 18278 
Packet(s) lost or reordered : 22989 was received, previous rcvd is 22987 
Packet(s) lost or reordered : 28390 was received, previous rcvd is 28388 
Packet(s) lost or reordered : 28573 was received, previous rcvd is 28571 
Packet(s) lost or reordered : 34826 was received, previous rcvd is 34824 
Packet(s) lost or reordered : 35454 was received, previous rcvd is 35452 
Packet(s) lost or reordered : 37366 was received, previous rcvd is 37364 
.
