socket set to IP_RECVTOS
socket SO_RCVBUF set to 20971520
Listen on port 5310 to receive RTP from sender 
.
.
Packet(s) lost or reordered :  2454 was received, previous rcvd is  2452 
Packet(s) lost or reordered :  2475 was received, previous rcvd is  2473 
Packet(s) lost or reordered :  5381 was received, previous rcvd is  5379 
Packet(s) lost or reordered :  5696 was received, previous rcvd is  5694 
Packet(s) lost or reordered :  8057 was received, previous rcvd is  8055 
Packet(s) lost or reordered : 12903 was received, previous rcvd is 12901 
Packet(s) lost or reordered : 17361 was received, previous rcvd is 17359 
Packet(s) lost or reordered : 21672 was received, previous rcvd is 21670 
Packet(s) lost or reordered : 24492 was received, previous rcvd is 24490 
Packet(s) lost or reordered : 29175 was received, previous rcvd is 29173 
Packet(s) lost or reordered : 29296 was received, previous rcvd is 29294 
Packet(s) lost or reordered : 32141 was received, previous rcvd is 32139 
Packet(s) lost or reordered : 34980 was received, previous rcvd is 34978 
Packet(s) lost or reordered : 35446 was received, previous rcvd is 35444 
Packet(s) lost or reordered : 39844 was received, previous rcvd is 39842 
.
