socket set to IP_RECVTOS
socket SO_RCVBUF set to 20971520
Listen on port 5318 to receive RTP from sender 
.
.
Packet(s) lost or reordered :  1141 was received, previous rcvd is  1139 
Packet(s) lost or reordered :  3852 was received, previous rcvd is  3850 
Packet(s) lost or reordered :  3949 was received, previous rcvd is  3947 
Packet(s) lost or reordered :  6423 was received, previous rcvd is  6421 
Packet(s) lost or reordered :  9777 was received, previous rcvd is  9775 
Packet(s) lost or reordered : 13624 was received, previous rcvd is 13622 
Packet(s) lost or reordered : 13931 was received, previous rcvd is 13929 
Packet(s) lost or reordered : 16287 was received, previous rcvd is 16285 
Packet(s) lost or reordered : 17925 was received, previous rcvd is 17923 
Packet(s) lost or reordered : 25864 was received, previous rcvd is 25862 
Packet(s) lost or reordered : 34547 was received, previous rcvd is 34545 
Packet(s) lost or reordered : 35008 was received, previous rcvd is 35006 
Packet(s) lost or reordered : 36545 was received, previous rcvd is 36543 
Packet(s) lost or reordered : 40116 was received, previous rcvd is 40114 
.
