Listen on port 5388 to receive RTCP from decoder 
Scream sender started! 
 summary   2.0  Transmit rate =  6239kbps, PLR =  0.00%( 0.05%), CE =  0.00%( 0.00%)[100.0%,  0.0%,  0.0%,  0.0%], RTT = 0.039s, Queue delay = 0.005s, MTU = 1200
 summary   4.0  Transmit rate =  8944kbps, PLR =  0.05%( 0.05%), CE =  0.00%( 0.00%)[100.0%,  0.0%,  0.0%,  0.0%], RTT = 0.033s, Queue delay = 0.006s, MTU = 1200
 summary   6.0  Transmit rate = 10126kbps, PLR =  0.07%( 0.05%), CE =  0.00%( 0.00%)[100.0%,  0.0%,  0.0%,  0.0%], RTT = 0.032s, Queue delay = 0.008s, MTU = 1200
 summary   8.0  Transmit rate = 10972kbps, PLR =  0.05%( 0.03%), CE =  0.00%( 0.00%)[100.0%,  0.0%,  0.0%,  0.0%], RTT = 0.031s, Queue delay = 0.009s, MTU = 1200
 summary  10.0  Transmit rate = 11337kbps, PLR =  0.02%( 0.04%), CE =  0.00%( 0.00%)[100.0%,  0.0%,  0.0%,  0.0%], RTT = 0.032s, Queue delay = 0.011s, MTU = 1200
 summary  12.0  Transmit rate = 11346kbps, PLR =  0.02%( 0.03%), CE =  0.00%( 0.00%)[100.0%,  0.0%,  0.0%,  0.0%], RTT = 0.031s, Queue delay = 0.009s, MTU = 1200
 summary  14.0  Transmit rate = 10661kbps, PLR =  0.08%( 0.04%), CE =  0.00%( 0.00%)[100.0%,  0.0%,  0.0%,  0.0%], RTT = 0.030s, Queue delay = 0.008s, MTU = 1200
 summary  16.0  Transmit rate = 10847kbps, PLR =  0.08%( 0.04%), CE =  0.00%( 0.00%)[100.0%,  0.0%,  0.0%,  0.0%], RTT = 0.029s, Queue delay = 0.007s, MTU = 1200
 summary  18.0  Transmit rate = 11314kbps, PLR =  0.08%( 0.03%), CE =  0.00%( 0.00%)[100.0%,  0.0%,  0.0%,  0.0%], RTT = 0.030s, Queue delay = 0.009s, MTU = 1200
 summary  20.0  Transmit rate = 11508kbps, PLR =  0.02%( 0.03%), CE =  0.00%( 0.00%)[100.0%,  0.0%,  0.0%,  0.0%], RTT = 0.032s, Queue delay = 0.011s, MTU = 1200
 summary  22.0  Transmit rate = 11645kbps, PLR =  0.00%( 0.03%), CE =  0.00%( 0.00%)[100.0%,  0.0%,  0.0%,  0.0%], RTT = 0.033s, Queue delay = 0.013s, MTU = 1200
 summary  24.0  Transmit rate = 11102kbps, PLR =  0.02%( 0.03%), CE =  0.00%( 0.00%)[100.0%,  0.0%,  0.0%,  0.0%], RTT = 0.031s, Queue delay = 0.009s, MTU = 1200
 summary  26.0  Transmit rate = 11284kbps, PLR =  0.04%( 0.03%), CE =  0.00%( 0.00%)[100.0%,  0.0%,  0.0%,  0.0%], RTT = 0.029s, Queue delay = 0.008s, MTU = 1200
 summary  28.0  Transmit rate = 11489kbps, PLR =  0.03%( 0.03%), CE =  0.00%( 0.00%)[100.0%,  0.0%,  0.0%,  0.0%], RTT = 0.030s, Queue delay = 0.009s, MTU = 1200
 summary  30.0  Transmit rate = 11322kbps, PLR =  0.03%( 0.03%), CE =  0.00%( 0.00%)[100.0%,  0.0%,  0.0%,  0.0%], RTT = 0.030s, Queue delay = 0.009s, MTU = 1200
 summary  32.0  Transmit rate = 11427kbps, PLR =  0.03%( 0.03%), CE =  0.00%( 0.00%)[100.0%,  0.0%,  0.0%,  0.0%], RTT = 0.031s, Queue delay = 0.009s, MTU = 1200
 summary  34.1  Transmit rate = 11403kbps, PLR =  0.02%( 0.03%), CE =  0.00%( 0.00%)[100.0%,  0.0%,  0.0%,  0.0%], RTT = 0.030s, Queue delay = 0.009s, MTU = 1200

======================== Summary ==========================
 Bitrate min/max/avg [kbps]          :  5337/14677/11186
 RTT     min/max/avg [s]             : 0.025/0.049/0.030
 Queue delay max/avg [s]             : 0.023/0.009
 Packet loss avg [%]                 : 0.027
 ECN/L4S NotECT/ECT(0)/ECT(1)/CE [%] : 100.0/ 0.0/ 0.0/ 0.0
===========================================================
