socket set to IP_RECVTOS
socket SO_RCVBUF set to 20971520
Listen on port 5382 to receive RTP from sender 
.
.
Packet(s) lost or reordered :  1326 was received, previous rcvd is  1324 
Packet(s) lost or reordered :  4116 was received, previous rcvd is  4114 
Packet(s) lost or reordered :  4214 was received, previous rcvd is  4212 
Packet(s) lost or reordered :  8349 was received, previous rcvd is  8347 
Packet(s) lost or reordered : 10685 was received, previous rcvd is 10683 
Packet(s) lost or reordered : 15396 was received, previous rcvd is 15394 
Packet(s) lost or reordered : 19316 was received, previous rcvd is 19314 
Packet(s) lost or reordered : 26418 was received, previous rcvd is 26416 
Packet(s) lost or reordered : 34536 was received, previous rcvd is 34534 
Packet(s) lost or reordered : 34902 was received, previous rcvd is 34900 
Packet(s) lost or reordered : 34955 was received, previous rcvd is 34953 
Packet(s) lost or reordered : 37156 was received, previous rcvd is 37154 
Packet(s) lost or reordered : 40083 was received, previous rcvd is 40081 
Packet(s) lost or reordered : 40941 was received, previous rcvd is 40939 
.
