socket set to IP_RECVTOS
socket SO_RCVBUF set to 20971520
Listen on port 5302 to receive RTP from sender 
.
.
Packet(s) lost or reordered :  1818 was received, previous rcvd is  1816 
Packet(s) lost or reordered :  2083 was received, previous rcvd is  2081 
Packet(s) lost or reordered :  4758 was received, previous rcvd is  4756 
Packet(s) lost or reordered :  6280 was received, previous rcvd is  6278 
Packet(s) lost or reordered : 11085 was received, previous rcvd is 11083 
Packet(s) lost or reordered : 12429 was received, previous rcvd is 12427 
Packet(s) lost or reordered : 12661 was received, previous rcvd is 12659 
Packet(s) lost or reordered : 17780 was received, previous rcvd is 17778 
Packet(s) lost or reordered : 25508 was received, previous rcvd is 25506 
Packet(s) lost or reordered : 26011 was received, previous rcvd is 26009 
Packet(s) lost or reordered : 26098 was received, previous rcvd is 26096 
Packet(s) lost or reordered : 29762 was received, previous rcvd is 29760 
Packet(s) lost or reordered : 33704 was received, previous rcvd is 33702 
Packet(s) lost or reordered : 33786 was received, previous rcvd is 33784 
Packet(s) lost or reordered : 37548 was received, previous rcvd is 37546 
.
