Connecting to host 10.0.0.1, port 5301
[  5] local 10.0.0.4 port 40312 connected to 10.0.0.1 port 5301
[ ID] Interval           Transfer     Bitrate         Retr  Cwnd
[  5]   0.00-1.00   sec  1.25 MBytes  10.5 Mbits/sec    0    226 KBytes       
[  5]   1.00-2.00   sec  1.38 MBytes  11.5 Mbits/sec    0   99.0 KBytes       
[  5]   2.00-3.00   sec   768 KBytes  6.29 Mbits/sec    0    106 KBytes       
[  5]   3.00-4.00   sec  0.00 Bytes  0.00 bits/sec    0    113 KBytes       
[  5]   4.00-5.00   sec   768 KBytes  6.29 Mbits/sec    0    120 KBytes       
[  5]   5.00-6.00   sec   768 KBytes  6.29 Mbits/sec    0    127 KBytes       
[  5]   6.00-7.00   sec   768 KBytes  6.29 Mbits/sec    0    134 KBytes       
[  5]   7.00-8.00   sec   768 KBytes  6.29 Mbits/sec    0    141 KBytes       
[  5]   8.00-9.00   sec  0.00 Bytes  0.00 bits/sec    0    148 KBytes       
[  5]   9.00-10.00  sec   768 KBytes  6.29 Mbits/sec    0    156 KBytes       
[  5]  10.00-11.00  sec   768 KBytes  6.29 Mbits/sec    0    161 KBytes       
[  5]  11.00-12.00  sec   640 KBytes  5.24 Mbits/sec    0    168 KBytes       
[  5]  12.00-13.00  sec  1.50 MBytes  12.6 Mbits/sec    0    175 KBytes       
[  5]  13.00-14.00  sec   768 KBytes  6.29 Mbits/sec    0    182 KBytes       
[  5]  14.00-15.00  sec   768 KBytes  6.29 Mbits/sec    0    189 KBytes       
[  5]  15.00-16.00  sec   768 KBytes  6.29 Mbits/sec    0    197 KBytes       
[  5]  16.00-17.00  sec   768 KBytes  6.29 Mbits/sec    0    204 KBytes       
[  5]  17.00-18.00  sec  1.50 MBytes  12.6 Mbits/sec    0    211 KBytes       
[  5]  18.00-19.00  sec   768 KBytes  6.29 Mbits/sec    0    218 KBytes       
[  5]  19.00-20.00  sec   768 KBytes  6.29 Mbits/sec    0    225 KBytes       
[  5]  20.00-21.00  sec  1.38 MBytes  11.5 Mbits/sec    0    232 KBytes       
[  5]  21.00-22.00  sec   768 KBytes  6.29 Mbits/sec    0    238 KBytes       
[  5]  22.00-23.00  sec  1.50 MBytes  12.6 Mbits/sec    0    245 KBytes       
[  5]  23.00-24.00  sec  1.50 MBytes  12.6 Mbits/sec    0    252 KBytes       
[  5]  24.00-25.00  sec   768 KBytes  6.29 Mbits/sec    0    259 KBytes       
[  5]  25.00-26.00  sec  1.50 MBytes  12.6 Mbits/sec    0    266 KBytes       
[  5]  26.00-27.00  sec  1.50 MBytes  12.6 Mbits/sec    0    273 KBytes       
[  5]  27.00-28.00  sec   768 KBytes  6.29 Mbits/sec    0    280 KBytes       
[  5]  28.00-29.00  sec  1.38 MBytes  11.5 Mbits/sec    0    287 KBytes       
[  5]  29.00-30.00  sec  1.50 MBytes  12.6 Mbits/sec    0    294 KBytes       
- - - - - - - - - - - - - - - - - - - - - - - - -
[ ID] Interval           Transfer     Bitrate         Retr
[  5]   0.00-30.00  sec  28.5 MBytes  7.97 Mbits/sec    0             sender
[  5]   0.00-30.21  sec  27.2 MBytes  7.57 Mbits/sec                  receiver

iperf Done.
