Listen on port 5359 to receive RTCP from decoder 
Scream sender started! 
 summary   2.0  Transmit rate =  3473kbps, PLR =  0.00%( 0.00%), CE =  0.00%( 0.20%)[ 0.0%,  0.0%, 99.7%,  0.3%], RTT = 0.047s, Queue delay = 0.000s, MTU = 1200
 summary   4.0  Transmit rate =  7889kbps, PLR =  0.00%( 0.00%), CE =  1.17%( 2.29%)[ 0.0%,  0.0%, 97.7%,  2.3%], RTT = 0.044s, Queue delay = 0.001s, MTU = 1200
 summary   6.0  Transmit rate =  9943kbps, PLR =  0.00%( 0.00%), CE =  2.43%( 2.62%)[ 0.0%,  0.0%, 97.4%,  2.6%], RTT = 0.043s, Queue delay = 0.001s, MTU = 1200
 summary   8.0  Transmit rate = 10839kbps, PLR =  0.00%( 0.00%), CE =  3.43%( 2.60%)[ 0.0%,  0.0%, 97.4%,  2.6%], RTT = 0.042s, Queue delay = 0.001s, MTU = 1200
 summary  10.0  Transmit rate = 11281kbps, PLR =  0.00%( 0.00%), CE =  2.95%( 2.56%)[ 0.0%,  0.0%, 97.5%,  2.5%], RTT = 0.042s, Queue delay = 0.001s, MTU = 1200
 summary  12.0  Transmit rate = 11470kbps, PLR =  0.00%( 0.00%), CE =  3.14%( 2.72%)[ 0.0%,  0.0%, 97.3%,  2.7%], RTT = 0.042s, Queue delay = 0.001s, MTU = 1200
 summary  14.0  Transmit rate = 11550kbps, PLR =  0.00%( 0.00%), CE =  3.26%( 2.74%)[ 0.0%,  0.0%, 97.3%,  2.7%], RTT = 0.042s, Queue delay = 0.001s, MTU = 1200
 summary  16.0  Transmit rate = 11548kbps, PLR =  0.00%( 0.00%), CE =  3.46%( 2.75%)[ 0.0%,  0.0%, 97.3%,  2.7%], RTT = 0.042s, Queue delay = 0.001s, MTU = 1200
 summary  18.0  Transmit rate = 11603kbps, PLR =  0.00%( 0.00%), CE =  3.19%( 2.76%)[ 0.0%,  0.0%, 97.3%,  2.7%], RTT = 0.042s, Queue delay = 0.001s, MTU = 1200
 summary  20.0  Transmit rate = 11541kbps, PLR =  0.00%( 0.00%), CE =  3.08%( 2.73%)[ 0.0%,  0.0%, 97.3%,  2.7%], RTT = 0.042s, Queue delay = 0.001s, MTU = 1200
 summary  22.0  Transmit rate = 11601kbps, PLR =  0.00%( 0.00%), CE =  2.94%( 2.75%)[ 0.0%,  0.0%, 97.3%,  2.7%], RTT = 0.042s, Queue delay = 0.001s, MTU = 1200
 summary  24.0  Transmit rate = 11558kbps, PLR =  0.00%( 0.00%), CE =  3.16%( 2.73%)[ 0.0%,  0.0%, 97.3%,  2.7%], RTT = 0.042s, Queue delay = 0.001s, MTU = 1200
 summary  26.0  Transmit rate = 11554kbps, PLR =  0.00%( 0.00%), CE =  2.95%( 2.73%)[ 0.0%,  0.0%, 97.3%,  2.7%], RTT = 0.042s, Queue delay = 0.001s, MTU = 1200
 summary  28.0  Transmit rate = 11571kbps, PLR =  0.00%( 0.00%), CE =  2.47%( 2.68%)[ 0.0%,  0.0%, 97.4%,  2.6%], RTT = 0.042s, Queue delay = 0.001s, MTU = 1200
 summary  30.0  Transmit rate = 11582kbps, PLR =  0.00%( 0.00%), CE =  2.67%( 2.65%)[ 0.0%,  0.0%, 97.4%,  2.6%], RTT = 0.042s, Queue delay = 0.001s, MTU = 1200
 summary  32.0  Transmit rate = 11584kbps, PLR =  0.00%( 0.00%), CE =  2.94%( 2.66%)[ 0.0%,  0.0%, 97.4%,  2.6%], RTT = 0.042s, Queue delay = 0.001s, MTU = 1200
 summary  34.0  Transmit rate = 11632kbps, PLR =  0.00%( 0.00%), CE =  3.18%( 2.71%)[ 0.0%,  0.0%, 97.3%,  2.7%], RTT = 0.042s, Queue delay = 0.001s, MTU = 1200

======================== Summary ==========================
 Bitrate min/max/avg [kbps]          :  9465/13619/11167
 RTT     min/max/avg [s]             : 0.042/0.050/0.042
 Queue delay max/avg [s]             : 0.002/0.001
 Packet loss avg [%]                 : 0.000
 ECN/L4S NotECT/ECT(0)/ECT(1)/CE [%] :  0.0/ 0.0/97.3/ 2.7
===========================================================
