Listen on port 5325 to receive RTCP from decoder 
Scream sender started! 
 summary   2.0  Transmit rate =  3450kbps, PLR =  0.00%( 0.00%), CE =  0.00%( 0.20%)[ 0.0%,  0.0%, 99.7%,  0.3%], RTT = 0.047s, Queue delay = 0.001s, MTU = 1200
 summary   4.0  Transmit rate =  7839kbps, PLR =  0.00%( 0.00%), CE =  0.56%( 1.32%)[ 0.0%,  0.0%, 98.6%,  1.4%], RTT = 0.044s, Queue delay = 0.001s, MTU = 1200
 summary   6.0  Transmit rate =  9931kbps, PLR =  0.00%( 0.00%), CE =  1.57%( 1.84%)[ 0.0%,  0.0%, 98.2%,  1.8%], RTT = 0.043s, Queue delay = 0.001s, MTU = 1200
 summary   8.0  Transmit rate = 10810kbps, PLR =  0.00%( 0.00%), CE =  2.11%( 1.68%)[ 0.0%,  0.0%, 98.3%,  1.7%], RTT = 0.042s, Queue delay = 0.001s, MTU = 1200
 summary  10.0  Transmit rate = 11160kbps, PLR =  0.00%( 0.00%), CE =  1.96%( 1.58%)[ 0.0%,  0.0%, 98.4%,  1.6%], RTT = 0.042s, Queue delay = 0.001s, MTU = 1200
 summary  12.0  Transmit rate = 11343kbps, PLR =  0.00%( 0.00%), CE =  1.72%( 1.59%)[ 0.0%,  0.0%, 98.4%,  1.6%], RTT = 0.042s, Queue delay = 0.001s, MTU = 1200
 summary  14.0  Transmit rate = 11358kbps, PLR =  0.00%( 0.00%), CE =  1.46%( 1.49%)[ 0.0%,  0.0%, 98.5%,  1.5%], RTT = 0.042s, Queue delay = 0.001s, MTU = 1200
 summary  16.0  Transmit rate = 11404kbps, PLR =  0.00%( 0.00%), CE =  1.58%( 1.53%)[ 0.0%,  0.0%, 98.5%,  1.5%], RTT = 0.042s, Queue delay = 0.001s, MTU = 1200
 summary  18.0  Transmit rate = 11502kbps, PLR =  0.00%( 0.00%), CE =  1.46%( 1.49%)[ 0.0%,  0.0%, 98.5%,  1.5%], RTT = 0.042s, Queue delay = 0.001s, MTU = 1200
 summary  20.0  Transmit rate = 11490kbps, PLR =  0.00%( 0.00%), CE =  1.45%( 1.51%)[ 0.0%,  0.0%, 98.5%,  1.5%], RTT = 0.042s, Queue delay = 0.001s, MTU = 1200
 summary  22.0  Transmit rate = 11494kbps, PLR =  0.00%( 0.00%), CE =  1.71%( 1.51%)[ 0.0%,  0.0%, 98.5%,  1.5%], RTT = 0.042s, Queue delay = 0.001s, MTU = 1200
 summary  24.0  Transmit rate = 11507kbps, PLR =  0.00%( 0.00%), CE =  1.89%( 1.52%)[ 0.0%,  0.0%, 98.5%,  1.5%], RTT = 0.042s, Queue delay = 0.001s, MTU = 1200
 summary  26.0  Transmit rate = 11488kbps, PLR =  0.00%( 0.00%), CE =  1.79%( 1.51%)[ 0.0%,  0.0%, 98.5%,  1.5%], RTT = 0.042s, Queue delay = 0.001s, MTU = 1200
 summary  28.0  Transmit rate = 11455kbps, PLR =  0.00%( 0.00%), CE =  1.79%( 1.50%)[ 0.0%,  0.0%, 98.5%,  1.5%], RTT = 0.042s, Queue delay = 0.001s, MTU = 1200
 summary  30.0  Transmit rate = 11546kbps, PLR =  0.00%( 0.00%), CE =  1.67%( 1.50%)[ 0.0%,  0.0%, 98.5%,  1.5%], RTT = 0.042s, Queue delay = 0.001s, MTU = 1200
 summary  32.0  Transmit rate = 11520kbps, PLR =  0.00%( 0.00%), CE =  1.61%( 1.51%)[ 0.0%,  0.0%, 98.5%,  1.5%], RTT = 0.042s, Queue delay = 0.001s, MTU = 1200
 summary  34.0  Transmit rate = 11544kbps, PLR =  0.00%( 0.00%), CE =  1.92%( 1.51%)[ 0.0%,  0.0%, 98.5%,  1.5%], RTT = 0.042s, Queue delay = 0.001s, MTU = 1200

======================== Summary ==========================
 Bitrate min/max/avg [kbps]          :  9268/13631/11090
 RTT     min/max/avg [s]             : 0.042/0.050/0.042
 Queue delay max/avg [s]             : 0.002/0.001
 Packet loss avg [%]                 : 0.000
 ECN/L4S NotECT/ECT(0)/ECT(1)/CE [%] :  0.0/ 0.0/98.5/ 1.5
===========================================================
