Listen on port 5327 to receive RTCP from decoder 
Scream sender started! 
 summary   2.0  Transmit rate =  3443kbps, PLR =  0.00%( 0.00%), CE =  0.00%( 0.31%)[ 0.0%,  0.0%, 99.6%,  0.4%], RTT = 0.047s, Queue delay = 0.000s, MTU = 1200
 summary   4.0  Transmit rate =  7783kbps, PLR =  0.00%( 0.00%), CE =  0.89%( 2.42%)[ 0.0%,  0.0%, 97.6%,  2.4%], RTT = 0.044s, Queue delay = 0.001s, MTU = 1200
 summary   6.0  Transmit rate =  9955kbps, PLR =  0.00%( 0.00%), CE =  2.49%( 2.60%)[ 0.0%,  0.0%, 97.4%,  2.6%], RTT = 0.043s, Queue delay = 0.001s, MTU = 1200
 summary   8.0  Transmit rate = 10867kbps, PLR =  0.00%( 0.00%), CE =  3.97%( 3.12%)[ 0.0%,  0.0%, 96.9%,  3.1%], RTT = 0.042s, Queue delay = 0.001s, MTU = 1200
 summary  10.0  Transmit rate = 11299kbps, PLR =  0.00%( 0.00%), CE =  3.86%( 3.14%)[ 0.0%,  0.0%, 96.9%,  3.1%], RTT = 0.042s, Queue delay = 0.001s, MTU = 1200
 summary  12.0  Transmit rate = 11502kbps, PLR =  0.00%( 0.00%), CE =  4.01%( 3.22%)[ 0.0%,  0.0%, 96.9%,  3.1%], RTT = 0.042s, Queue delay = 0.001s, MTU = 1200
 summary  14.0  Transmit rate = 11573kbps, PLR =  0.00%( 0.00%), CE =  4.11%( 3.28%)[ 0.0%,  0.0%, 96.8%,  3.2%], RTT = 0.042s, Queue delay = 0.001s, MTU = 1200
 summary  16.0  Transmit rate = 11601kbps, PLR =  0.00%( 0.00%), CE =  3.66%( 3.30%)[ 0.0%,  0.0%, 96.8%,  3.2%], RTT = 0.042s, Queue delay = 0.001s, MTU = 1200
 summary  18.0  Transmit rate = 11634kbps, PLR =  0.00%( 0.00%), CE =  3.55%( 3.26%)[ 0.0%,  0.0%, 96.8%,  3.2%], RTT = 0.042s, Queue delay = 0.001s, MTU = 1200
 summary  20.0  Transmit rate = 11631kbps, PLR =  0.00%( 0.00%), CE =  3.81%( 3.28%)[ 0.0%,  0.0%, 96.8%,  3.2%], RTT = 0.042s, Queue delay = 0.001s, MTU = 1200
 summary  22.0  Transmit rate = 11668kbps, PLR =  0.00%( 0.00%), CE =  3.80%( 3.27%)[ 0.0%,  0.0%, 96.8%,  3.2%], RTT = 0.042s, Queue delay = 0.001s, MTU = 1200
 summary  24.0  Transmit rate = 11647kbps, PLR =  0.00%( 0.00%), CE =  3.52%( 3.32%)[ 0.0%,  0.0%, 96.7%,  3.3%], RTT = 0.042s, Queue delay = 0.001s, MTU = 1200
 summary  26.0  Transmit rate = 11666kbps, PLR =  0.00%( 0.00%), CE =  3.87%( 3.33%)[ 0.0%,  0.0%, 96.7%,  3.3%], RTT = 0.042s, Queue delay = 0.001s, MTU = 1200
 summary  28.0  Transmit rate = 11661kbps, PLR =  0.00%( 0.00%), CE =  3.88%( 3.37%)[ 0.0%,  0.0%, 96.7%,  3.3%], RTT = 0.042s, Queue delay = 0.001s, MTU = 1200
 summary  30.0  Transmit rate = 11648kbps, PLR =  0.00%( 0.00%), CE =  4.29%( 3.36%)[ 0.0%,  0.0%, 96.7%,  3.3%], RTT = 0.042s, Queue delay = 0.001s, MTU = 1200
 summary  32.0  Transmit rate = 11665kbps, PLR =  0.00%( 0.00%), CE =  3.87%( 3.34%)[ 0.0%,  0.0%, 96.7%,  3.3%], RTT = 0.042s, Queue delay = 0.001s, MTU = 1200
 summary  34.0  Transmit rate = 11682kbps, PLR =  0.00%( 0.00%), CE =  3.63%( 3.35%)[ 0.0%,  0.0%, 96.7%,  3.3%], RTT = 0.042s, Queue delay = 0.001s, MTU = 1200

======================== Summary ==========================
 Bitrate min/max/avg [kbps]          :  9580/13662/11208
 RTT     min/max/avg [s]             : 0.042/0.050/0.042
 Queue delay max/avg [s]             : 0.002/0.001
 Packet loss avg [%]                 : 0.000
 ECN/L4S NotECT/ECT(0)/ECT(1)/CE [%] :  0.0/ 0.0/96.7/ 3.3
===========================================================
