Listen on port 5321 to receive RTCP from decoder 
Scream sender started! 
 summary   2.0  Transmit rate =  3445kbps, PLR =  0.00%( 0.00%), CE =  0.00%( 0.21%)[ 0.0%,  0.0%, 99.7%,  0.3%], RTT = 0.047s, Queue delay = 0.000s, MTU = 1200
 summary   4.0  Transmit rate =  7888kbps, PLR =  0.00%( 0.00%), CE =  1.20%( 2.78%)[ 0.0%,  0.0%, 97.2%,  2.8%], RTT = 0.044s, Queue delay = 0.001s, MTU = 1200
 summary   6.0  Transmit rate =  9974kbps, PLR =  0.00%( 0.00%), CE =  2.74%( 2.99%)[ 0.0%,  0.0%, 97.0%,  3.0%], RTT = 0.043s, Queue delay = 0.001s, MTU = 1200
 summary   8.0  Transmit rate = 10885kbps, PLR =  0.00%( 0.00%), CE =  3.85%( 3.03%)[ 0.0%,  0.0%, 97.0%,  3.0%], RTT = 0.042s, Queue delay = 0.001s, MTU = 1200
 summary  10.0  Transmit rate = 11309kbps, PLR =  0.00%( 0.00%), CE =  3.67%( 3.07%)[ 0.0%,  0.0%, 97.0%,  3.0%], RTT = 0.042s, Queue delay = 0.001s, MTU = 1200
 summary  12.0  Transmit rate = 11492kbps, PLR =  0.00%( 0.00%), CE =  3.86%( 3.18%)[ 0.0%,  0.0%, 96.9%,  3.1%], RTT = 0.042s, Queue delay = 0.001s, MTU = 1200
 summary  14.0  Transmit rate = 11565kbps, PLR =  0.00%( 0.00%), CE =  3.70%( 3.09%)[ 0.0%,  0.0%, 97.0%,  3.0%], RTT = 0.042s, Queue delay = 0.001s, MTU = 1200
 summary  16.0  Transmit rate = 11613kbps, PLR =  0.00%( 0.00%), CE =  3.56%( 3.17%)[ 0.0%,  0.0%, 96.9%,  3.1%], RTT = 0.042s, Queue delay = 0.001s, MTU = 1200
 summary  18.0  Transmit rate = 11628kbps, PLR =  0.00%( 0.00%), CE =  3.75%( 3.21%)[ 0.0%,  0.0%, 96.9%,  3.1%], RTT = 0.042s, Queue delay = 0.001s, MTU = 1200
 summary  20.0  Transmit rate = 11620kbps, PLR =  0.00%( 0.00%), CE =  3.72%( 3.15%)[ 0.0%,  0.0%, 96.9%,  3.1%], RTT = 0.042s, Queue delay = 0.001s, MTU = 1200
 summary  22.0  Transmit rate = 11657kbps, PLR =  0.00%( 0.00%), CE =  3.63%( 3.19%)[ 0.0%,  0.0%, 96.9%,  3.1%], RTT = 0.042s, Queue delay = 0.001s, MTU = 1200
 summary  24.0  Transmit rate = 11624kbps, PLR =  0.00%( 0.00%), CE =  3.66%( 3.18%)[ 0.0%,  0.0%, 96.9%,  3.1%], RTT = 0.042s, Queue delay = 0.001s, MTU = 1200
 summary  26.0  Transmit rate = 11637kbps, PLR =  0.00%( 0.00%), CE =  3.95%( 3.21%)[ 0.0%,  0.0%, 96.9%,  3.1%], RTT = 0.042s, Queue delay = 0.001s, MTU = 1200
 summary  28.0  Transmit rate = 11605kbps, PLR =  0.00%( 0.00%), CE =  3.61%( 3.16%)[ 0.0%,  0.0%, 96.9%,  3.1%], RTT = 0.042s, Queue delay = 0.001s, MTU = 1200
 summary  30.0  Transmit rate = 11620kbps, PLR =  0.00%( 0.00%), CE =  3.25%( 3.15%)[ 0.0%,  0.0%, 96.9%,  3.1%], RTT = 0.042s, Queue delay = 0.001s, MTU = 1200
 summary  32.0  Transmit rate = 11624kbps, PLR =  0.00%( 0.00%), CE =  2.99%( 3.15%)[ 0.0%,  0.0%, 96.9%,  3.1%], RTT = 0.042s, Queue delay = 0.001s, MTU = 1200
 summary  34.1  Transmit rate = 11625kbps, PLR =  0.00%( 0.00%), CE =  3.48%( 3.17%)[ 0.0%,  0.0%, 96.9%,  3.1%], RTT = 0.042s, Queue delay = 0.001s, MTU = 1200

======================== Summary ==========================
 Bitrate min/max/avg [kbps]          :  9594/13664/11207
 RTT     min/max/avg [s]             : 0.042/0.050/0.042
 Queue delay max/avg [s]             : 0.002/0.001
 Packet loss avg [%]                 : 0.000
 ECN/L4S NotECT/ECT(0)/ECT(1)/CE [%] :  0.0/ 0.0/96.9/ 3.1
===========================================================
