Listen on port 5377 to receive RTCP from decoder 
Scream sender started! 
 summary   2.0  Transmit rate =  3410kbps, PLR =  0.00%( 0.00%), CE =  0.03%( 0.43%)[ 0.0%,  0.0%, 99.5%,  0.5%], RTT = 0.047s, Queue delay = 0.000s, MTU = 1200
 summary   4.0  Transmit rate =  7231kbps, PLR =  0.00%( 0.00%), CE =  0.18%( 0.94%)[ 0.0%,  0.0%, 99.0%,  1.0%], RTT = 0.044s, Queue delay = 0.001s, MTU = 1200
 summary   6.0  Transmit rate =  9746kbps, PLR =  0.00%( 0.00%), CE =  2.27%( 2.53%)[ 0.0%,  0.0%, 97.5%,  2.5%], RTT = 0.043s, Queue delay = 0.001s, MTU = 1200
 summary   8.0  Transmit rate = 10789kbps, PLR =  0.00%( 0.00%), CE =  3.49%( 2.45%)[ 0.0%,  0.0%, 97.6%,  2.4%], RTT = 0.042s, Queue delay = 0.001s, MTU = 1200
 summary  10.0  Transmit rate = 11262kbps, PLR =  0.00%( 0.00%), CE =  3.45%( 2.50%)[ 0.0%,  0.0%, 97.6%,  2.4%], RTT = 0.042s, Queue delay = 0.001s, MTU = 1200
 summary  12.0  Transmit rate = 11514kbps, PLR =  0.00%( 0.00%), CE =  2.86%( 2.61%)[ 0.0%,  0.0%, 97.5%,  2.5%], RTT = 0.042s, Queue delay = 0.001s, MTU = 1200
 summary  14.0  Transmit rate = 11619kbps, PLR =  0.00%( 0.00%), CE =  3.44%( 2.68%)[ 0.0%,  0.0%, 97.4%,  2.6%], RTT = 0.042s, Queue delay = 0.001s, MTU = 1200
 summary  16.0  Transmit rate = 11681kbps, PLR =  0.00%( 0.00%), CE =  3.63%( 2.80%)[ 0.0%,  0.0%, 97.3%,  2.7%], RTT = 0.042s, Queue delay = 0.001s, MTU = 1200
 summary  18.0  Transmit rate = 11668kbps, PLR =  0.00%( 0.00%), CE =  3.60%( 2.79%)[ 0.0%,  0.0%, 97.3%,  2.7%], RTT = 0.042s, Queue delay = 0.001s, MTU = 1200
 summary  20.0  Transmit rate = 11720kbps, PLR =  0.00%( 0.00%), CE =  3.30%( 2.82%)[ 0.0%,  0.0%, 97.2%,  2.8%], RTT = 0.042s, Queue delay = 0.001s, MTU = 1200
 summary  22.0  Transmit rate = 11706kbps, PLR =  0.00%( 0.00%), CE =  3.71%( 2.93%)[ 0.0%,  0.0%, 97.1%,  2.9%], RTT = 0.042s, Queue delay = 0.001s, MTU = 1200
 summary  24.0  Transmit rate = 11723kbps, PLR =  0.00%( 0.00%), CE =  4.17%( 3.02%)[ 0.0%,  0.0%, 97.1%,  2.9%], RTT = 0.042s, Queue delay = 0.001s, MTU = 1200
 summary  26.0  Transmit rate = 11714kbps, PLR =  0.00%( 0.00%), CE =  4.28%( 3.08%)[ 0.0%,  0.0%, 97.0%,  3.0%], RTT = 0.042s, Queue delay = 0.001s, MTU = 1200
 summary  28.0  Transmit rate = 11720kbps, PLR =  0.00%( 0.00%), CE =  4.09%( 3.10%)[ 0.0%,  0.0%, 97.0%,  3.0%], RTT = 0.042s, Queue delay = 0.001s, MTU = 1200
 summary  30.0  Transmit rate = 11697kbps, PLR =  0.00%( 0.00%), CE =  3.95%( 3.12%)[ 0.0%,  0.0%, 97.0%,  3.0%], RTT = 0.042s, Queue delay = 0.001s, MTU = 1200
 summary  32.0  Transmit rate = 11727kbps, PLR =  0.00%( 0.00%), CE =  4.11%( 3.18%)[ 0.0%,  0.0%, 96.9%,  3.1%], RTT = 0.042s, Queue delay = 0.001s, MTU = 1200
 summary  34.1  Transmit rate = 11688kbps, PLR =  0.00%( 0.00%), CE =  3.70%( 3.15%)[ 0.0%,  0.0%, 96.9%,  3.1%], RTT = 0.042s, Queue delay = 0.001s, MTU = 1200

======================== Summary ==========================
 Bitrate min/max/avg [kbps]          :  9692/13620/11189
 RTT     min/max/avg [s]             : 0.042/0.050/0.042
 Queue delay max/avg [s]             : 0.002/0.001
 Packet loss avg [%]                 : 0.000
 ECN/L4S NotECT/ECT(0)/ECT(1)/CE [%] :  0.0/ 0.0/97.0/ 3.0
===========================================================
