Listen on port 5311 to receive RTCP from decoder 
Scream sender started! 
 summary   2.0  Transmit rate =  3381kbps, PLR =  0.00%( 0.00%), CE =  0.03%( 0.32%)[ 0.0%,  0.0%, 99.6%,  0.4%], RTT = 0.047s, Queue delay = 0.000s, MTU = 1200
 summary   4.0  Transmit rate =  7770kbps, PLR =  0.00%( 0.00%), CE =  0.72%( 1.75%)[ 0.0%,  0.0%, 98.3%,  1.7%], RTT = 0.044s, Queue delay = 0.001s, MTU = 1200
 summary   6.0  Transmit rate =  9929kbps, PLR =  0.00%( 0.00%), CE =  2.28%( 2.26%)[ 0.0%,  0.0%, 97.8%,  2.2%], RTT = 0.043s, Queue delay = 0.001s, MTU = 1200
 summary   8.0  Transmit rate = 10879kbps, PLR =  0.00%( 0.00%), CE =  3.18%( 2.49%)[ 0.0%,  0.0%, 97.6%,  2.4%], RTT = 0.042s, Queue delay = 0.001s, MTU = 1200
 summary  10.0  Transmit rate = 11341kbps, PLR =  0.00%( 0.00%), CE =  3.14%( 2.57%)[ 0.0%,  0.0%, 97.5%,  2.5%], RTT = 0.042s, Queue delay = 0.001s, MTU = 1200
 summary  12.0  Transmit rate = 11530kbps, PLR =  0.00%( 0.00%), CE =  3.11%( 2.60%)[ 0.0%,  0.0%, 97.5%,  2.5%], RTT = 0.042s, Queue delay = 0.001s, MTU = 1200
 summary  14.0  Transmit rate = 11579kbps, PLR =  0.00%( 0.00%), CE =  3.16%( 2.69%)[ 0.0%,  0.0%, 97.4%,  2.6%], RTT = 0.042s, Queue delay = 0.001s, MTU = 1200
 summary  16.0  Transmit rate = 11663kbps, PLR =  0.00%( 0.00%), CE =  3.17%( 2.67%)[ 0.0%,  0.0%, 97.4%,  2.6%], RTT = 0.042s, Queue delay = 0.001s, MTU = 1200
 summary  18.0  Transmit rate = 11689kbps, PLR =  0.00%( 0.00%), CE =  3.22%( 2.70%)[ 0.0%,  0.0%, 97.4%,  2.6%], RTT = 0.042s, Queue delay = 0.001s, MTU = 1200
 summary  20.0  Transmit rate = 11707kbps, PLR =  0.00%( 0.00%), CE =  3.55%( 2.78%)[ 0.0%,  0.0%, 97.3%,  2.7%], RTT = 0.042s, Queue delay = 0.001s, MTU = 1200
 summary  22.0  Transmit rate = 11716kbps, PLR =  0.00%( 0.00%), CE =  3.70%( 2.84%)[ 0.0%,  0.0%, 97.2%,  2.8%], RTT = 0.042s, Queue delay = 0.001s, MTU = 1200
 summary  24.0  Transmit rate = 11718kbps, PLR =  0.00%( 0.00%), CE =  3.93%( 2.90%)[ 0.0%,  0.0%, 97.2%,  2.8%], RTT = 0.042s, Queue delay = 0.001s, MTU = 1200
 summary  26.0  Transmit rate = 11745kbps, PLR =  0.00%( 0.00%), CE =  3.96%( 2.96%)[ 0.0%,  0.0%, 97.1%,  2.9%], RTT = 0.042s, Queue delay = 0.001s, MTU = 1200
 summary  28.0  Transmit rate = 11732kbps, PLR =  0.00%( 0.00%), CE =  4.51%( 3.03%)[ 0.0%,  0.0%, 97.0%,  3.0%], RTT = 0.042s, Queue delay = 0.001s, MTU = 1200
 summary  30.0  Transmit rate = 11700kbps, PLR =  0.00%( 0.00%), CE =  3.95%( 3.05%)[ 0.0%,  0.0%, 97.0%,  3.0%], RTT = 0.042s, Queue delay = 0.001s, MTU = 1200
 summary  32.0  Transmit rate = 11738kbps, PLR =  0.00%( 0.00%), CE =  4.26%( 3.12%)[ 0.0%,  0.0%, 97.0%,  3.0%], RTT = 0.042s, Queue delay = 0.001s, MTU = 1200
 summary  34.0  Transmit rate = 11708kbps, PLR =  0.00%( 0.00%), CE =  3.98%( 3.12%)[ 0.0%,  0.0%, 97.0%,  3.0%], RTT = 0.042s, Queue delay = 0.001s, MTU = 1200

======================== Summary ==========================
 Bitrate min/max/avg [kbps]          :     0/13676/11096
 RTT     min/max/avg [s]             : 0.042/0.050/0.042
 Queue delay max/avg [s]             : 0.002/0.001
 Packet loss avg [%]                 : 0.000
 ECN/L4S NotECT/ECT(0)/ECT(1)/CE [%] :  0.0/ 0.0/97.0/ 3.0
===========================================================
