Listen on port 5381 to receive RTCP from decoder 
Scream sender started! 
 summary   2.0  Transmit rate =  3436kbps, PLR =  0.00%( 0.00%), CE =  0.00%( 0.22%)[ 0.0%,  0.0%, 99.6%,  0.4%], RTT = 0.047s, Queue delay = 0.001s, MTU = 1200
 summary   4.0  Transmit rate =  7681kbps, PLR =  0.00%( 0.00%), CE =  0.81%( 2.18%)[ 0.0%,  0.0%, 97.8%,  2.2%], RTT = 0.044s, Queue delay = 0.001s, MTU = 1200
 summary   6.0  Transmit rate =  9896kbps, PLR =  0.00%( 0.00%), CE =  2.53%( 2.69%)[ 0.0%,  0.0%, 97.3%,  2.7%], RTT = 0.043s, Queue delay = 0.001s, MTU = 1200
 summary   8.0  Transmit rate = 10826kbps, PLR =  0.00%( 0.00%), CE =  4.09%( 2.91%)[ 0.0%,  0.0%, 97.1%,  2.9%], RTT = 0.043s, Queue delay = 0.001s, MTU = 1200
 summary  10.0  Transmit rate = 11291kbps, PLR =  0.00%( 0.00%), CE =  3.83%( 3.01%)[ 0.0%,  0.0%, 97.0%,  3.0%], RTT = 0.042s, Queue delay = 0.001s, MTU = 1200
 summary  12.0  Transmit rate = 11483kbps, PLR =  0.00%( 0.00%), CE =  3.77%( 3.13%)[ 0.0%,  0.0%, 96.9%,  3.1%], RTT = 0.042s, Queue delay = 0.001s, MTU = 1200
 summary  14.0  Transmit rate = 11575kbps, PLR =  0.00%( 0.00%), CE =  3.52%( 3.00%)[ 0.0%,  0.0%, 97.0%,  3.0%], RTT = 0.042s, Queue delay = 0.001s, MTU = 1200
 summary  16.0  Transmit rate = 11597kbps, PLR =  0.00%( 0.00%), CE =  3.64%( 3.03%)[ 0.0%,  0.0%, 97.0%,  3.0%], RTT = 0.042s, Queue delay = 0.001s, MTU = 1200
 summary  18.0  Transmit rate = 11634kbps, PLR =  0.00%( 0.00%), CE =  3.67%( 3.10%)[ 0.0%,  0.0%, 97.0%,  3.0%], RTT = 0.042s, Queue delay = 0.001s, MTU = 1200
 summary  20.0  Transmit rate = 11601kbps, PLR =  0.00%( 0.00%), CE =  3.85%( 3.09%)[ 0.0%,  0.0%, 97.0%,  3.0%], RTT = 0.042s, Queue delay = 0.001s, MTU = 1200
 summary  22.0  Transmit rate = 11637kbps, PLR =  0.00%( 0.00%), CE =  3.33%( 3.07%)[ 0.0%,  0.0%, 97.0%,  3.0%], RTT = 0.042s, Queue delay = 0.001s, MTU = 1200
 summary  24.0  Transmit rate = 11618kbps, PLR =  0.00%( 0.00%), CE =  3.76%( 3.07%)[ 0.0%,  0.0%, 97.0%,  3.0%], RTT = 0.042s, Queue delay = 0.001s, MTU = 1200
 summary  26.0  Transmit rate = 11664kbps, PLR =  0.00%( 0.00%), CE =  3.41%( 3.13%)[ 0.0%,  0.0%, 96.9%,  3.1%], RTT = 0.042s, Queue delay = 0.001s, MTU = 1200
 summary  28.0  Transmit rate = 11631kbps, PLR =  0.00%( 0.00%), CE =  3.52%( 3.12%)[ 0.0%,  0.0%, 96.9%,  3.1%], RTT = 0.042s, Queue delay = 0.001s, MTU = 1200
 summary  30.0  Transmit rate = 11629kbps, PLR =  0.00%( 0.00%), CE =  3.62%( 3.13%)[ 0.0%,  0.0%, 96.9%,  3.1%], RTT = 0.042s, Queue delay = 0.001s, MTU = 1200
 summary  32.0  Transmit rate = 11629kbps, PLR =  0.00%( 0.00%), CE =  3.47%( 3.10%)[ 0.0%,  0.0%, 97.0%,  3.0%], RTT = 0.042s, Queue delay = 0.001s, MTU = 1200
 summary  34.1  Transmit rate = 11633kbps, PLR =  0.00%( 0.00%), CE =  3.26%( 3.12%)[ 0.0%,  0.0%, 96.9%,  3.1%], RTT = 0.042s, Queue delay = 0.001s, MTU = 1200

======================== Summary ==========================
 Bitrate min/max/avg [kbps]          :  9555/13676/11186
 RTT     min/max/avg [s]             : 0.042/0.050/0.042
 Queue delay max/avg [s]             : 0.002/0.001
 Packet loss avg [%]                 : 0.000
 ECN/L4S NotECT/ECT(0)/ECT(1)/CE [%] :  0.0/ 0.0/96.9/ 3.1
===========================================================
