Listen on port 5399 to receive RTCP from decoder 
Scream sender started! 
 summary   2.0  Transmit rate =  3457kbps, PLR =  0.00%( 0.00%), CE =  0.00%( 0.20%)[ 0.0%,  0.0%, 99.7%,  0.3%], RTT = 0.047s, Queue delay = 0.000s, MTU = 1200
 summary   4.0  Transmit rate =  7877kbps, PLR =  0.00%( 0.00%), CE =  0.86%( 1.83%)[ 0.0%,  0.0%, 98.2%,  1.8%], RTT = 0.044s, Queue delay = 0.001s, MTU = 1200
 summary   6.0  Transmit rate =  9948kbps, PLR =  0.00%( 0.00%), CE =  1.67%( 1.90%)[ 0.0%,  0.0%, 98.1%,  1.9%], RTT = 0.043s, Queue delay = 0.001s, MTU = 1200
 summary   8.0  Transmit rate = 10847kbps, PLR =  0.00%( 0.00%), CE =  2.58%( 1.92%)[ 0.0%,  0.0%, 98.1%,  1.9%], RTT = 0.043s, Queue delay = 0.001s, MTU = 1200
 summary  10.0  Transmit rate = 11264kbps, PLR =  0.00%( 0.00%), CE =  2.58%( 2.04%)[ 0.0%,  0.0%, 98.0%,  2.0%], RTT = 0.042s, Queue delay = 0.001s, MTU = 1200
 summary  12.0  Transmit rate = 11472kbps, PLR =  0.00%( 0.00%), CE =  2.36%( 2.05%)[ 0.0%,  0.0%, 98.0%,  2.0%], RTT = 0.042s, Queue delay = 0.001s, MTU = 1200
 summary  14.0  Transmit rate = 11531kbps, PLR =  0.00%( 0.00%), CE =  2.60%( 2.13%)[ 0.0%,  0.0%, 97.9%,  2.1%], RTT = 0.042s, Queue delay = 0.001s, MTU = 1200
 summary  16.0  Transmit rate = 11506kbps, PLR =  0.00%( 0.00%), CE =  2.68%( 2.14%)[ 0.0%,  0.0%, 97.9%,  2.1%], RTT = 0.042s, Queue delay = 0.001s, MTU = 1200
 summary  18.0  Transmit rate = 11541kbps, PLR =  0.00%( 0.00%), CE =  2.39%( 2.13%)[ 0.0%,  0.0%, 97.9%,  2.1%], RTT = 0.042s, Queue delay = 0.001s, MTU = 1200
 summary  20.0  Transmit rate = 11496kbps, PLR =  0.00%( 0.00%), CE =  2.26%( 2.15%)[ 0.0%,  0.0%, 97.9%,  2.1%], RTT = 0.042s, Queue delay = 0.001s, MTU = 1200
 summary  22.0  Transmit rate = 11547kbps, PLR =  0.00%( 0.00%), CE =  2.41%( 2.18%)[ 0.0%,  0.0%, 97.9%,  2.1%], RTT = 0.042s, Queue delay = 0.001s, MTU = 1200
 summary  24.0  Transmit rate = 11582kbps, PLR =  0.00%( 0.00%), CE =  2.70%( 2.20%)[ 0.0%,  0.0%, 97.8%,  2.2%], RTT = 0.042s, Queue delay = 0.001s, MTU = 1200
 summary  26.0  Transmit rate = 11580kbps, PLR =  0.00%( 0.00%), CE =  2.54%( 2.22%)[ 0.0%,  0.0%, 97.8%,  2.2%], RTT = 0.042s, Queue delay = 0.001s, MTU = 1200
 summary  28.0  Transmit rate = 11575kbps, PLR =  0.00%( 0.00%), CE =  2.48%( 2.19%)[ 0.0%,  0.0%, 97.8%,  2.2%], RTT = 0.042s, Queue delay = 0.001s, MTU = 1200
 summary  30.0  Transmit rate = 11538kbps, PLR =  0.00%( 0.00%), CE =  2.37%( 2.21%)[ 0.0%,  0.0%, 97.8%,  2.2%], RTT = 0.042s, Queue delay = 0.001s, MTU = 1200
 summary  32.0  Transmit rate = 11564kbps, PLR =  0.00%( 0.00%), CE =  2.55%( 2.19%)[ 0.0%,  0.0%, 97.9%,  2.1%], RTT = 0.042s, Queue delay = 0.001s, MTU = 1200
 summary  34.0  Transmit rate = 11610kbps, PLR =  0.00%( 0.00%), CE =  2.18%( 2.17%)[ 0.0%,  0.0%, 97.9%,  2.1%], RTT = 0.042s, Queue delay = 0.001s, MTU = 1200

======================== Summary ==========================
 Bitrate min/max/avg [kbps]          :  9425/13724/11153
 RTT     min/max/avg [s]             : 0.042/0.050/0.042
 Queue delay max/avg [s]             : 0.002/0.001
 Packet loss avg [%]                 : 0.000
 ECN/L4S NotECT/ECT(0)/ECT(1)/CE [%] :  0.0/ 0.0/97.9/ 2.1
===========================================================
