Listen on port 5347 to receive RTCP from decoder 
Scream sender started! 
 summary   2.0  Transmit rate =  3470kbps, PLR =  0.00%( 0.00%), CE =  0.00%( 0.20%)[ 0.0%,  0.0%, 99.7%,  0.3%], RTT = 0.047s, Queue delay = 0.001s, MTU = 1200
 summary   4.0  Transmit rate =  7870kbps, PLR =  0.00%( 0.00%), CE =  0.78%( 2.36%)[ 0.0%,  0.0%, 97.7%,  2.3%], RTT = 0.044s, Queue delay = 0.001s, MTU = 1200
 summary   6.0  Transmit rate =  9979kbps, PLR =  0.00%( 0.00%), CE =  2.26%( 2.67%)[ 0.0%,  0.0%, 97.3%,  2.7%], RTT = 0.043s, Queue delay = 0.001s, MTU = 1200
 summary   8.0  Transmit rate = 10858kbps, PLR =  0.00%( 0.00%), CE =  3.81%( 2.81%)[ 0.0%,  0.0%, 97.2%,  2.8%], RTT = 0.042s, Queue delay = 0.001s, MTU = 1200
 summary  10.0  Transmit rate = 11302kbps, PLR =  0.00%( 0.00%), CE =  3.54%( 2.86%)[ 0.0%,  0.0%, 97.2%,  2.8%], RTT = 0.042s, Queue delay = 0.001s, MTU = 1200
 summary  12.0  Transmit rate = 11495kbps, PLR =  0.00%( 0.00%), CE =  3.63%( 2.95%)[ 0.0%,  0.0%, 97.1%,  2.9%], RTT = 0.042s, Queue delay = 0.001s, MTU = 1200
 summary  14.0  Transmit rate = 11571kbps, PLR =  0.00%( 0.00%), CE =  4.10%( 3.07%)[ 0.0%,  0.0%, 97.0%,  3.0%], RTT = 0.042s, Queue delay = 0.001s, MTU = 1200
 summary  16.0  Transmit rate = 11588kbps, PLR =  0.00%( 0.00%), CE =  4.24%( 3.17%)[ 0.0%,  0.0%, 96.9%,  3.1%], RTT = 0.042s, Queue delay = 0.001s, MTU = 1200
 summary  18.0  Transmit rate = 11627kbps, PLR =  0.00%( 0.00%), CE =  3.75%( 3.19%)[ 0.0%,  0.0%, 96.9%,  3.1%], RTT = 0.042s, Queue delay = 0.001s, MTU = 1200
 summary  20.0  Transmit rate = 11627kbps, PLR =  0.00%( 0.00%), CE =  3.89%( 3.16%)[ 0.0%,  0.0%, 96.9%,  3.1%], RTT = 0.042s, Queue delay = 0.001s, MTU = 1200
 summary  22.0  Transmit rate = 11648kbps, PLR =  0.00%( 0.00%), CE =  3.54%( 3.21%)[ 0.0%,  0.0%, 96.8%,  3.2%], RTT = 0.042s, Queue delay = 0.001s, MTU = 1200
 summary  24.0  Transmit rate = 11611kbps, PLR =  0.00%( 0.00%), CE =  3.63%( 3.23%)[ 0.0%,  0.0%, 96.8%,  3.2%], RTT = 0.042s, Queue delay = 0.001s, MTU = 1200
 summary  26.0  Transmit rate = 11637kbps, PLR =  0.00%( 0.00%), CE =  3.84%( 3.24%)[ 0.0%,  0.0%, 96.8%,  3.2%], RTT = 0.042s, Queue delay = 0.001s, MTU = 1200
 summary  28.0  Transmit rate = 11651kbps, PLR =  0.00%( 0.00%), CE =  3.67%( 3.20%)[ 0.0%,  0.0%, 96.8%,  3.2%], RTT = 0.042s, Queue delay = 0.001s, MTU = 1200
 summary  30.0  Transmit rate = 11635kbps, PLR =  0.00%( 0.00%), CE =  3.78%( 3.21%)[ 0.0%,  0.0%, 96.9%,  3.1%], RTT = 0.042s, Queue delay = 0.001s, MTU = 1200
 summary  32.0  Transmit rate = 11637kbps, PLR =  0.00%( 0.00%), CE =  3.76%( 3.22%)[ 0.0%,  0.0%, 96.8%,  3.2%], RTT = 0.042s, Queue delay = 0.001s, MTU = 1200
 summary  34.0  Transmit rate = 11631kbps, PLR =  0.00%( 0.00%), CE =  3.77%( 3.25%)[ 0.0%,  0.0%, 96.8%,  3.2%], RTT = 0.042s, Queue delay = 0.001s, MTU = 1200

======================== Summary ==========================
 Bitrate min/max/avg [kbps]          :  9617/13740/11201
 RTT     min/max/avg [s]             : 0.042/0.050/0.042
 Queue delay max/avg [s]             : 0.002/0.001
 Packet loss avg [%]                 : 0.000
 ECN/L4S NotECT/ECT(0)/ECT(1)/CE [%] :  0.0/ 0.0/96.8/ 3.2
===========================================================
