Listen on port 5365 to receive RTCP from decoder 
Scream sender started! 
 summary   2.0  Transmit rate =  3442kbps, PLR =  0.00%( 0.00%), CE =  0.00%( 0.42%)[ 0.0%,  0.0%, 99.5%,  0.5%], RTT = 0.047s, Queue delay = 0.000s, MTU = 1200
 summary   4.0  Transmit rate =  7779kbps, PLR =  0.00%( 0.00%), CE =  0.75%( 1.74%)[ 0.0%,  0.0%, 98.2%,  1.8%], RTT = 0.044s, Queue delay = 0.001s, MTU = 1200
 summary   6.0  Transmit rate =  9948kbps, PLR =  0.00%( 0.00%), CE =  2.71%( 2.61%)[ 0.0%,  0.0%, 97.4%,  2.6%], RTT = 0.043s, Queue delay = 0.001s, MTU = 1200
 summary   8.0  Transmit rate = 10898kbps, PLR =  0.00%( 0.00%), CE =  3.66%( 2.83%)[ 0.0%,  0.0%, 97.2%,  2.8%], RTT = 0.042s, Queue delay = 0.001s, MTU = 1200
 summary  10.0  Transmit rate = 11367kbps, PLR =  0.00%( 0.00%), CE =  3.62%( 2.75%)[ 0.0%,  0.0%, 97.3%,  2.7%], RTT = 0.042s, Queue delay = 0.001s, MTU = 1200
 summary  12.0  Transmit rate = 11552kbps, PLR =  0.00%( 0.00%), CE =  3.35%( 2.83%)[ 0.0%,  0.0%, 97.2%,  2.8%], RTT = 0.042s, Queue delay = 0.001s, MTU = 1200
 summary  14.0  Transmit rate = 11605kbps, PLR =  0.00%( 0.00%), CE =  3.23%( 2.80%)[ 0.0%,  0.0%, 97.3%,  2.7%], RTT = 0.042s, Queue delay = 0.001s, MTU = 1200
 summary  16.0  Transmit rate = 11669kbps, PLR =  0.00%( 0.00%), CE =  3.63%( 2.88%)[ 0.0%,  0.0%, 97.2%,  2.8%], RTT = 0.042s, Queue delay = 0.001s, MTU = 1200
 summary  18.0  Transmit rate = 11662kbps, PLR =  0.00%( 0.00%), CE =  3.33%( 2.94%)[ 0.0%,  0.0%, 97.1%,  2.9%], RTT = 0.042s, Queue delay = 0.001s, MTU = 1200
 summary  20.0  Transmit rate = 11631kbps, PLR =  0.00%( 0.00%), CE =  3.57%( 2.87%)[ 0.0%,  0.0%, 97.2%,  2.8%], RTT = 0.042s, Queue delay = 0.001s, MTU = 1200
 summary  22.0  Transmit rate = 11683kbps, PLR =  0.00%( 0.00%), CE =  3.47%( 2.97%)[ 0.0%,  0.0%, 97.1%,  2.9%], RTT = 0.042s, Queue delay = 0.001s, MTU = 1200
 summary  24.0  Transmit rate = 11622kbps, PLR =  0.00%( 0.00%), CE =  3.16%( 2.87%)[ 0.0%,  0.0%, 97.2%,  2.8%], RTT = 0.042s, Queue delay = 0.001s, MTU = 1200
 summary  26.0  Transmit rate = 11648kbps, PLR =  0.00%( 0.00%), CE =  3.13%( 2.90%)[ 0.0%,  0.0%, 97.2%,  2.8%], RTT = 0.042s, Queue delay = 0.001s, MTU = 1200
 summary  28.0  Transmit rate = 11647kbps, PLR =  0.00%( 0.00%), CE =  3.09%( 2.87%)[ 0.0%,  0.0%, 97.2%,  2.8%], RTT = 0.042s, Queue delay = 0.001s, MTU = 1200
 summary  30.0  Transmit rate = 11682kbps, PLR =  0.00%( 0.00%), CE =  3.32%( 2.89%)[ 0.0%,  0.0%, 97.2%,  2.8%], RTT = 0.042s, Queue delay = 0.001s, MTU = 1200
 summary  32.0  Transmit rate = 11665kbps, PLR =  0.00%( 0.00%), CE =  3.20%( 2.90%)[ 0.0%,  0.0%, 97.2%,  2.8%], RTT = 0.042s, Queue delay = 0.001s, MTU = 1200
 summary  34.1  Transmit rate = 11697kbps, PLR =  0.00%( 0.00%), CE =  3.51%( 2.90%)[ 0.0%,  0.0%, 97.2%,  2.8%], RTT = 0.042s, Queue delay = 0.001s, MTU = 1200

======================== Summary ==========================
 Bitrate min/max/avg [kbps]          :  9548/13614/11223
 RTT     min/max/avg [s]             : 0.042/0.050/0.042
 Queue delay max/avg [s]             : 0.002/0.001
 Packet loss avg [%]                 : 0.000
 ECN/L4S NotECT/ECT(0)/ECT(1)/CE [%] :  0.0/ 0.0/97.2/ 2.8
===========================================================
