Listen on port 5305 to receive RTCP from decoder 
Scream sender started! 
 summary   2.0  Transmit rate =  3473kbps, PLR =  0.00%( 0.00%), CE =  0.00%( 0.20%)[ 0.0%,  0.0%, 99.7%,  0.3%], RTT = 0.047s, Queue delay = 0.000s, MTU = 1200
 summary   4.0  Transmit rate =  7913kbps, PLR =  0.00%( 0.00%), CE =  1.02%( 2.67%)[ 0.0%,  0.0%, 97.3%,  2.7%], RTT = 0.044s, Queue delay = 0.001s, MTU = 1200
 summary   6.0  Transmit rate =  9993kbps, PLR =  0.00%( 0.00%), CE =  2.60%( 2.95%)[ 0.0%,  0.0%, 97.1%,  2.9%], RTT = 0.043s, Queue delay = 0.001s, MTU = 1200
 summary   8.0  Transmit rate = 10882kbps, PLR =  0.00%( 0.00%), CE =  3.95%( 3.17%)[ 0.0%,  0.0%, 96.9%,  3.1%], RTT = 0.043s, Queue delay = 0.001s, MTU = 1200
 summary  10.0  Transmit rate = 11317kbps, PLR =  0.00%( 0.00%), CE =  3.68%( 3.16%)[ 0.0%,  0.0%, 96.9%,  3.1%], RTT = 0.042s, Queue delay = 0.001s, MTU = 1200
 summary  12.0  Transmit rate = 11495kbps, PLR =  0.00%( 0.00%), CE =  3.59%( 3.06%)[ 0.0%,  0.0%, 97.0%,  3.0%], RTT = 0.042s, Queue delay = 0.001s, MTU = 1200
 summary  14.0  Transmit rate = 11558kbps, PLR =  0.00%( 0.00%), CE =  3.71%( 3.15%)[ 0.0%,  0.0%, 96.9%,  3.1%], RTT = 0.042s, Queue delay = 0.001s, MTU = 1200
 summary  16.0  Transmit rate = 11586kbps, PLR =  0.00%( 0.00%), CE =  3.62%( 3.18%)[ 0.0%,  0.0%, 96.9%,  3.1%], RTT = 0.042s, Queue delay = 0.001s, MTU = 1200
 summary  18.0  Transmit rate = 11605kbps, PLR =  0.00%( 0.00%), CE =  3.58%( 3.12%)[ 0.0%,  0.0%, 96.9%,  3.1%], RTT = 0.042s, Queue delay = 0.001s, MTU = 1200
 summary  20.0  Transmit rate = 11597kbps, PLR =  0.00%( 0.00%), CE =  3.20%( 3.08%)[ 0.0%,  0.0%, 97.0%,  3.0%], RTT = 0.042s, Queue delay = 0.001s, MTU = 1200
 summary  22.0  Transmit rate = 11650kbps, PLR =  0.00%( 0.00%), CE =  3.46%( 3.16%)[ 0.0%,  0.0%, 96.9%,  3.1%], RTT = 0.042s, Queue delay = 0.001s, MTU = 1200
 summary  24.0  Transmit rate = 11630kbps, PLR =  0.00%( 0.00%), CE =  3.84%( 3.15%)[ 0.0%,  0.0%, 96.9%,  3.1%], RTT = 0.042s, Queue delay = 0.001s, MTU = 1200
 summary  26.0  Transmit rate = 11627kbps, PLR =  0.00%( 0.00%), CE =  3.52%( 3.17%)[ 0.0%,  0.0%, 96.9%,  3.1%], RTT = 0.042s, Queue delay = 0.001s, MTU = 1200
 summary  28.0  Transmit rate = 11627kbps, PLR =  0.00%( 0.00%), CE =  3.72%( 3.16%)[ 0.0%,  0.0%, 96.9%,  3.1%], RTT = 0.042s, Queue delay = 0.001s, MTU = 1200
 summary  30.0  Transmit rate = 11626kbps, PLR =  0.00%( 0.00%), CE =  3.54%( 3.14%)[ 0.0%,  0.0%, 96.9%,  3.1%], RTT = 0.042s, Queue delay = 0.001s, MTU = 1200
 summary  32.0  Transmit rate = 11610kbps, PLR =  0.00%( 0.00%), CE =  3.24%( 3.15%)[ 0.0%,  0.0%, 96.9%,  3.1%], RTT = 0.042s, Queue delay = 0.001s, MTU = 1200
 summary  34.0  Transmit rate = 11630kbps, PLR =  0.00%( 0.00%), CE =  3.40%( 3.13%)[ 0.0%,  0.0%, 96.9%,  3.1%], RTT = 0.042s, Queue delay = 0.001s, MTU = 1200

======================== Summary ==========================
 Bitrate min/max/avg [kbps]          :     0/13650/11054
 RTT     min/max/avg [s]             : 0.042/0.050/0.042
 Queue delay max/avg [s]             : 0.002/0.001
 Packet loss avg [%]                 : 0.000
 ECN/L4S NotECT/ECT(0)/ECT(1)/CE [%] :  0.0/ 0.0/96.9/ 3.1
===========================================================
