Listen on port 5389 to receive RTCP from decoder 
Scream sender started! 
 summary   2.0  Transmit rate =  3270kbps, PLR =  0.00%( 0.00%), CE =  0.05%( 0.34%)[ 0.0%,  0.0%, 99.6%,  0.4%], RTT = 0.047s, Queue delay = 0.000s, MTU = 1200
 summary   4.0  Transmit rate =  7684kbps, PLR =  0.00%( 0.00%), CE =  0.97%( 2.18%)[ 0.0%,  0.0%, 97.8%,  2.2%], RTT = 0.044s, Queue delay = 0.001s, MTU = 1200
 summary   6.0  Transmit rate =  9905kbps, PLR =  0.00%( 0.00%), CE =  2.47%( 2.85%)[ 0.0%,  0.0%, 97.2%,  2.8%], RTT = 0.043s, Queue delay = 0.001s, MTU = 1200
 summary   8.0  Transmit rate = 10840kbps, PLR =  0.00%( 0.00%), CE =  3.90%( 3.02%)[ 0.0%,  0.0%, 97.0%,  3.0%], RTT = 0.043s, Queue delay = 0.001s, MTU = 1200
 summary  10.0  Transmit rate = 11283kbps, PLR =  0.00%( 0.00%), CE =  3.45%( 2.91%)[ 0.0%,  0.0%, 97.1%,  2.9%], RTT = 0.042s, Queue delay = 0.001s, MTU = 1200
 summary  12.0  Transmit rate = 11446kbps, PLR =  0.00%( 0.00%), CE =  3.49%( 2.95%)[ 0.0%,  0.0%, 97.1%,  2.9%], RTT = 0.042s, Queue delay = 0.001s, MTU = 1200
 summary  14.0  Transmit rate = 11543kbps, PLR =  0.00%( 0.00%), CE =  3.41%( 2.98%)[ 0.0%,  0.0%, 97.1%,  2.9%], RTT = 0.042s, Queue delay = 0.001s, MTU = 1200
 summary  16.0  Transmit rate = 11573kbps, PLR =  0.00%( 0.00%), CE =  3.20%( 2.98%)[ 0.0%,  0.0%, 97.1%,  2.9%], RTT = 0.042s, Queue delay = 0.001s, MTU = 1200
 summary  18.0  Transmit rate = 11618kbps, PLR =  0.00%( 0.00%), CE =  3.38%( 3.02%)[ 0.0%,  0.0%, 97.0%,  3.0%], RTT = 0.042s, Queue delay = 0.001s, MTU = 1200
 summary  20.0  Transmit rate = 11625kbps, PLR =  0.00%( 0.00%), CE =  3.49%( 3.02%)[ 0.0%,  0.0%, 97.0%,  3.0%], RTT = 0.042s, Queue delay = 0.001s, MTU = 1200
 summary  22.0  Transmit rate = 11660kbps, PLR =  0.00%( 0.00%), CE =  3.58%( 3.06%)[ 0.0%,  0.0%, 97.0%,  3.0%], RTT = 0.042s, Queue delay = 0.001s, MTU = 1200
 summary  24.0  Transmit rate = 11641kbps, PLR =  0.00%( 0.00%), CE =  3.76%( 3.06%)[ 0.0%,  0.0%, 97.0%,  3.0%], RTT = 0.042s, Queue delay = 0.001s, MTU = 1200
 summary  26.0  Transmit rate = 11665kbps, PLR =  0.00%( 0.00%), CE =  3.37%( 3.09%)[ 0.0%,  0.0%, 97.0%,  3.0%], RTT = 0.042s, Queue delay = 0.001s, MTU = 1200
 summary  28.0  Transmit rate = 11619kbps, PLR =  0.00%( 0.00%), CE =  3.72%( 3.10%)[ 0.0%,  0.0%, 97.0%,  3.0%], RTT = 0.042s, Queue delay = 0.001s, MTU = 1200
 summary  30.0  Transmit rate = 11638kbps, PLR =  0.00%( 0.00%), CE =  3.64%( 3.14%)[ 0.0%,  0.0%, 96.9%,  3.1%], RTT = 0.042s, Queue delay = 0.001s, MTU = 1200
 summary  32.1  Transmit rate = 11670kbps, PLR =  0.00%( 0.00%), CE =  3.51%( 3.13%)[ 0.0%,  0.0%, 96.9%,  3.1%], RTT = 0.042s, Queue delay = 0.001s, MTU = 1200
 summary  34.1  Transmit rate = 11646kbps, PLR =  0.00%( 0.00%), CE =  3.78%( 3.14%)[ 0.0%,  0.0%, 96.9%,  3.1%], RTT = 0.042s, Queue delay = 0.001s, MTU = 1200

======================== Summary ==========================
 Bitrate min/max/avg [kbps]          :  9510/13670/11176
 RTT     min/max/avg [s]             : 0.042/0.050/0.042
 Queue delay max/avg [s]             : 0.002/0.001
 Packet loss avg [%]                 : 0.000
 ECN/L4S NotECT/ECT(0)/ECT(1)/CE [%] :  0.0/ 0.0/96.9/ 3.1
===========================================================
