Listen on port 5375 to receive RTCP from decoder 
Scream sender started! 
 summary   2.0  Transmit rate =  3448kbps, PLR =  0.00%( 0.00%), CE =  0.00%( 0.21%)[ 0.0%,  0.0%, 99.7%,  0.3%], RTT = 0.047s, Queue delay = 0.001s, MTU = 1200
 summary   4.0  Transmit rate =  7894kbps, PLR =  0.00%( 0.00%), CE =  0.99%( 2.38%)[ 0.0%,  0.0%, 97.6%,  2.4%], RTT = 0.044s, Queue delay = 0.001s, MTU = 1200
 summary   6.0  Transmit rate =  9977kbps, PLR =  0.00%( 0.00%), CE =  2.30%( 2.60%)[ 0.0%,  0.0%, 97.4%,  2.6%], RTT = 0.043s, Queue delay = 0.001s, MTU = 1200
 summary   8.0  Transmit rate = 10875kbps, PLR =  0.00%( 0.00%), CE =  3.54%( 3.02%)[ 0.0%,  0.0%, 97.0%,  3.0%], RTT = 0.042s, Queue delay = 0.001s, MTU = 1200
 summary  10.0  Transmit rate = 11321kbps, PLR =  0.00%( 0.00%), CE =  3.41%( 2.91%)[ 0.0%,  0.0%, 97.1%,  2.9%], RTT = 0.042s, Queue delay = 0.001s, MTU = 1200
 summary  12.0  Transmit rate = 11488kbps, PLR =  0.00%( 0.00%), CE =  3.53%( 2.93%)[ 0.0%,  0.0%, 97.1%,  2.9%], RTT = 0.042s, Queue delay = 0.001s, MTU = 1200
 summary  14.0  Transmit rate = 11542kbps, PLR =  0.00%( 0.00%), CE =  3.45%( 2.90%)[ 0.0%,  0.0%, 97.1%,  2.9%], RTT = 0.042s, Queue delay = 0.001s, MTU = 1200
 summary  16.0  Transmit rate = 11585kbps, PLR =  0.00%( 0.00%), CE =  3.65%( 3.02%)[ 0.0%,  0.0%, 97.0%,  3.0%], RTT = 0.042s, Queue delay = 0.001s, MTU = 1200
 summary  18.0  Transmit rate = 11618kbps, PLR =  0.00%( 0.00%), CE =  3.75%( 3.05%)[ 0.0%,  0.0%, 97.0%,  3.0%], RTT = 0.042s, Queue delay = 0.001s, MTU = 1200
 summary  20.0  Transmit rate = 11596kbps, PLR =  0.00%( 0.00%), CE =  3.40%( 3.05%)[ 0.0%,  0.0%, 97.0%,  3.0%], RTT = 0.042s, Queue delay = 0.001s, MTU = 1200
 summary  22.0  Transmit rate = 11607kbps, PLR =  0.00%( 0.00%), CE =  3.68%( 3.10%)[ 0.0%,  0.0%, 97.0%,  3.0%], RTT = 0.042s, Queue delay = 0.001s, MTU = 1200
 summary  24.0  Transmit rate = 11603kbps, PLR =  0.00%( 0.00%), CE =  3.79%( 3.08%)[ 0.0%,  0.0%, 97.0%,  3.0%], RTT = 0.042s, Queue delay = 0.001s, MTU = 1200
 summary  26.0  Transmit rate = 11623kbps, PLR =  0.00%( 0.00%), CE =  3.70%( 3.12%)[ 0.0%,  0.0%, 96.9%,  3.1%], RTT = 0.042s, Queue delay = 0.001s, MTU = 1200
 summary  28.0  Transmit rate = 11625kbps, PLR =  0.00%( 0.00%), CE =  3.60%( 3.09%)[ 0.0%,  0.0%, 97.0%,  3.0%], RTT = 0.042s, Queue delay = 0.001s, MTU = 1200
 summary  30.0  Transmit rate = 11643kbps, PLR =  0.00%( 0.00%), CE =  3.70%( 3.15%)[ 0.0%,  0.0%, 96.9%,  3.1%], RTT = 0.042s, Queue delay = 0.001s, MTU = 1200
 summary  32.0  Transmit rate = 11617kbps, PLR =  0.00%( 0.00%), CE =  3.61%( 3.18%)[ 0.0%,  0.0%, 96.9%,  3.1%], RTT = 0.042s, Queue delay = 0.001s, MTU = 1200
 summary  34.0  Transmit rate = 11629kbps, PLR =  0.00%( 0.00%), CE =  4.04%( 3.19%)[ 0.0%,  0.0%, 96.9%,  3.1%], RTT = 0.042s, Queue delay = 0.001s, MTU = 1200

======================== Summary ==========================
 Bitrate min/max/avg [kbps]          :  9594/13617/11195
 RTT     min/max/avg [s]             : 0.042/0.050/0.042
 Queue delay max/avg [s]             : 0.002/0.001
 Packet loss avg [%]                 : 0.000
 ECN/L4S NotECT/ECT(0)/ECT(1)/CE [%] :  0.0/ 0.0/96.9/ 3.1
===========================================================
