Listen on port 5313 to receive RTCP from decoder 
Scream sender started! 
 summary   2.0  Transmit rate =  3321kbps, PLR =  0.00%( 0.00%), CE =  0.05%( 0.33%)[ 0.0%,  0.0%, 99.6%,  0.4%], RTT = 0.047s, Queue delay = 0.000s, MTU = 1200
 summary   4.0  Transmit rate =  7725kbps, PLR =  0.00%( 0.00%), CE =  1.06%( 2.70%)[ 0.0%,  0.0%, 97.3%,  2.7%], RTT = 0.044s, Queue delay = 0.001s, MTU = 1200
 summary   6.0  Transmit rate =  9908kbps, PLR =  0.00%( 0.00%), CE =  2.49%( 2.82%)[ 0.0%,  0.0%, 97.2%,  2.8%], RTT = 0.043s, Queue delay = 0.001s, MTU = 1200
 summary   8.0  Transmit rate = 10842kbps, PLR =  0.00%( 0.00%), CE =  3.79%( 2.85%)[ 0.0%,  0.0%, 97.2%,  2.8%], RTT = 0.042s, Queue delay = 0.001s, MTU = 1200
 summary  10.0  Transmit rate = 11291kbps, PLR =  0.00%( 0.00%), CE =  3.53%( 2.81%)[ 0.0%,  0.0%, 97.2%,  2.8%], RTT = 0.042s, Queue delay = 0.001s, MTU = 1200
 summary  12.0  Transmit rate = 11450kbps, PLR =  0.00%( 0.00%), CE =  3.39%( 2.89%)[ 0.0%,  0.0%, 97.2%,  2.8%], RTT = 0.042s, Queue delay = 0.001s, MTU = 1200
 summary  14.0  Transmit rate = 11536kbps, PLR =  0.00%( 0.00%), CE =  3.34%( 2.90%)[ 0.0%,  0.0%, 97.2%,  2.8%], RTT = 0.042s, Queue delay = 0.001s, MTU = 1200
 summary  16.0  Transmit rate = 11574kbps, PLR =  0.00%( 0.00%), CE =  3.57%( 2.97%)[ 0.0%,  0.0%, 97.1%,  2.9%], RTT = 0.042s, Queue delay = 0.001s, MTU = 1200
 summary  18.0  Transmit rate = 11596kbps, PLR =  0.00%( 0.00%), CE =  3.79%( 3.03%)[ 0.0%,  0.0%, 97.0%,  3.0%], RTT = 0.042s, Queue delay = 0.001s, MTU = 1200
 summary  20.0  Transmit rate = 11591kbps, PLR =  0.00%( 0.00%), CE =  3.55%( 3.04%)[ 0.0%,  0.0%, 97.0%,  3.0%], RTT = 0.042s, Queue delay = 0.001s, MTU = 1200
 summary  22.0  Transmit rate = 11625kbps, PLR =  0.00%( 0.00%), CE =  3.43%( 2.99%)[ 0.0%,  0.0%, 97.1%,  2.9%], RTT = 0.042s, Queue delay = 0.001s, MTU = 1200
 summary  24.0  Transmit rate = 11570kbps, PLR =  0.00%( 0.00%), CE =  3.99%( 3.03%)[ 0.0%,  0.0%, 97.0%,  3.0%], RTT = 0.042s, Queue delay = 0.001s, MTU = 1200
 summary  26.0  Transmit rate = 11600kbps, PLR =  0.00%( 0.00%), CE =  3.47%( 3.03%)[ 0.0%,  0.0%, 97.0%,  3.0%], RTT = 0.042s, Queue delay = 0.001s, MTU = 1200
 summary  28.0  Transmit rate = 11615kbps, PLR =  0.00%( 0.00%), CE =  3.72%( 3.05%)[ 0.0%,  0.0%, 97.0%,  3.0%], RTT = 0.042s, Queue delay = 0.001s, MTU = 1200
 summary  30.0  Transmit rate = 11626kbps, PLR =  0.00%( 0.00%), CE =  3.53%( 3.09%)[ 0.0%,  0.0%, 97.0%,  3.0%], RTT = 0.042s, Queue delay = 0.001s, MTU = 1200
 summary  32.0  Transmit rate = 11624kbps, PLR =  0.00%( 0.00%), CE =  3.55%( 3.12%)[ 0.0%,  0.0%, 96.9%,  3.1%], RTT = 0.042s, Queue delay = 0.001s, MTU = 1200
 summary  34.0  Transmit rate = 11631kbps, PLR =  0.00%( 0.00%), CE =  3.66%( 3.13%)[ 0.0%,  0.0%, 96.9%,  3.1%], RTT = 0.042s, Queue delay = 0.001s, MTU = 1200

======================== Summary ==========================
 Bitrate min/max/avg [kbps]          :  9556/13669/11163
 RTT     min/max/avg [s]             : 0.042/0.050/0.042
 Queue delay max/avg [s]             : 0.002/0.001
 Packet loss avg [%]                 : 0.000
 ECN/L4S NotECT/ECT(0)/ECT(1)/CE [%] :  0.0/ 0.0/96.9/ 3.1
===========================================================
