Listen on port 5391 to receive RTCP from decoder 
Scream sender started! 
 summary   2.0  Transmit rate =  3448kbps, PLR =  0.00%( 0.00%), CE =  0.00%( 0.20%)[ 0.0%,  0.0%, 99.7%,  0.3%], RTT = 0.047s, Queue delay = 0.001s, MTU = 1200
 summary   4.0  Transmit rate =  7868kbps, PLR =  0.00%( 0.00%), CE =  1.25%( 2.57%)[ 0.0%,  0.0%, 97.4%,  2.6%], RTT = 0.044s, Queue delay = 0.001s, MTU = 1200
 summary   6.0  Transmit rate =  9986kbps, PLR =  0.00%( 0.00%), CE =  2.82%( 2.99%)[ 0.0%,  0.0%, 97.1%,  2.9%], RTT = 0.043s, Queue delay = 0.001s, MTU = 1200
 summary   8.0  Transmit rate = 10871kbps, PLR =  0.00%( 0.00%), CE =  4.35%( 3.26%)[ 0.0%,  0.0%, 96.8%,  3.2%], RTT = 0.043s, Queue delay = 0.001s, MTU = 1200
 summary  10.0  Transmit rate = 11306kbps, PLR =  0.00%( 0.00%), CE =  4.25%( 3.28%)[ 0.0%,  0.0%, 96.8%,  3.2%], RTT = 0.042s, Queue delay = 0.001s, MTU = 1200
 summary  12.0  Transmit rate = 11493kbps, PLR =  0.00%( 0.00%), CE =  4.03%( 3.29%)[ 0.0%,  0.0%, 96.8%,  3.2%], RTT = 0.042s, Queue delay = 0.001s, MTU = 1200
 summary  14.0  Transmit rate = 11571kbps, PLR =  0.00%( 0.00%), CE =  3.85%( 3.36%)[ 0.0%,  0.0%, 96.7%,  3.3%], RTT = 0.042s, Queue delay = 0.001s, MTU = 1200
 summary  16.0  Transmit rate = 11614kbps, PLR =  0.00%( 0.00%), CE =  4.17%( 3.38%)[ 0.0%,  0.0%, 96.7%,  3.3%], RTT = 0.042s, Queue delay = 0.001s, MTU = 1200
 summary  18.0  Transmit rate = 11622kbps, PLR =  0.00%( 0.00%), CE =  4.31%( 3.43%)[ 0.0%,  0.0%, 96.6%,  3.4%], RTT = 0.042s, Queue delay = 0.001s, MTU = 1200
 summary  20.0  Transmit rate = 11622kbps, PLR =  0.00%( 0.00%), CE =  3.92%( 3.45%)[ 0.0%,  0.0%, 96.6%,  3.4%], RTT = 0.042s, Queue delay = 0.001s, MTU = 1200
 summary  22.0  Transmit rate = 11647kbps, PLR =  0.00%( 0.00%), CE =  3.80%( 3.45%)[ 0.0%,  0.0%, 96.6%,  3.4%], RTT = 0.042s, Queue delay = 0.001s, MTU = 1200
 summary  24.0  Transmit rate = 11619kbps, PLR =  0.00%( 0.00%), CE =  4.06%( 3.45%)[ 0.0%,  0.0%, 96.6%,  3.4%], RTT = 0.042s, Queue delay = 0.001s, MTU = 1200
 summary  26.0  Transmit rate = 11647kbps, PLR =  0.00%( 0.00%), CE =  3.79%( 3.47%)[ 0.0%,  0.0%, 96.6%,  3.4%], RTT = 0.042s, Queue delay = 0.001s, MTU = 1200
 summary  28.0  Transmit rate = 11641kbps, PLR =  0.00%( 0.00%), CE =  3.87%( 3.45%)[ 0.0%,  0.0%, 96.6%,  3.4%], RTT = 0.042s, Queue delay = 0.001s, MTU = 1200
 summary  30.0  Transmit rate = 11619kbps, PLR =  0.00%( 0.00%), CE =  4.05%( 3.45%)[ 0.0%,  0.0%, 96.6%,  3.4%], RTT = 0.042s, Queue delay = 0.001s, MTU = 1200
 summary  32.0  Transmit rate = 11628kbps, PLR =  0.00%( 0.00%), CE =  3.97%( 3.46%)[ 0.0%,  0.0%, 96.6%,  3.4%], RTT = 0.042s, Queue delay = 0.001s, MTU = 1200
 summary  34.0  Transmit rate = 11624kbps, PLR =  0.00%( 0.00%), CE =  4.06%( 3.45%)[ 0.0%,  0.0%, 96.6%,  3.4%], RTT = 0.042s, Queue delay = 0.001s, MTU = 1200

======================== Summary ==========================
 Bitrate min/max/avg [kbps]          :  9624/13667/11203
 RTT     min/max/avg [s]             : 0.042/0.050/0.042
 Queue delay max/avg [s]             : 0.002/0.001
 Packet loss avg [%]                 : 0.000
 ECN/L4S NotECT/ECT(0)/ECT(1)/CE [%] :  0.0/ 0.0/96.6/ 3.4
===========================================================
