Listen on port 5395 to receive RTCP from decoder 
Scream sender started! 
 summary   2.0  Transmit rate =  3447kbps, PLR =  0.00%( 0.00%), CE =  0.00%( 0.22%)[ 0.0%,  0.0%, 99.7%,  0.3%], RTT = 0.047s, Queue delay = 0.001s, MTU = 1200
 summary   4.0  Transmit rate =  7886kbps, PLR =  0.00%( 0.00%), CE =  1.25%( 3.26%)[ 0.0%,  0.0%, 96.8%,  3.2%], RTT = 0.044s, Queue delay = 0.001s, MTU = 1200
 summary   6.0  Transmit rate =  9983kbps, PLR =  0.00%( 0.00%), CE =  3.01%( 3.10%)[ 0.0%,  0.0%, 96.9%,  3.1%], RTT = 0.043s, Queue delay = 0.001s, MTU = 1200
 summary   8.0  Transmit rate = 10884kbps, PLR =  0.00%( 0.00%), CE =  4.12%( 3.10%)[ 0.0%,  0.0%, 97.0%,  3.0%], RTT = 0.042s, Queue delay = 0.001s, MTU = 1200
 summary  10.0  Transmit rate = 11321kbps, PLR =  0.00%( 0.00%), CE =  3.70%( 3.11%)[ 0.0%,  0.0%, 96.9%,  3.1%], RTT = 0.042s, Queue delay = 0.001s, MTU = 1200
 summary  12.0  Transmit rate = 11511kbps, PLR =  0.00%( 0.00%), CE =  3.74%( 3.25%)[ 0.0%,  0.0%, 96.8%,  3.2%], RTT = 0.042s, Queue delay = 0.001s, MTU = 1200
 summary  14.0  Transmit rate = 11566kbps, PLR =  0.00%( 0.00%), CE =  3.80%( 3.32%)[ 0.0%,  0.0%, 96.8%,  3.2%], RTT = 0.042s, Queue delay = 0.001s, MTU = 1200
 summary  16.0  Transmit rate = 11615kbps, PLR =  0.00%( 0.00%), CE =  4.21%( 3.38%)[ 0.0%,  0.0%, 96.7%,  3.3%], RTT = 0.042s, Queue delay = 0.001s, MTU = 1200
 summary  18.0  Transmit rate = 11645kbps, PLR =  0.00%( 0.00%), CE =  3.94%( 3.32%)[ 0.0%,  0.0%, 96.7%,  3.3%], RTT = 0.042s, Queue delay = 0.001s, MTU = 1200
 summary  20.0  Transmit rate = 11629kbps, PLR =  0.00%( 0.00%), CE =  4.14%( 3.45%)[ 0.0%,  0.0%, 96.6%,  3.4%], RTT = 0.042s, Queue delay = 0.001s, MTU = 1200
 summary  22.0  Transmit rate = 11655kbps, PLR =  0.00%( 0.00%), CE =  4.19%( 3.44%)[ 0.0%,  0.0%, 96.6%,  3.4%], RTT = 0.042s, Queue delay = 0.001s, MTU = 1200
 summary  24.0  Transmit rate = 11645kbps, PLR =  0.00%( 0.00%), CE =  4.32%( 3.45%)[ 0.0%,  0.0%, 96.6%,  3.4%], RTT = 0.042s, Queue delay = 0.001s, MTU = 1200
 summary  26.0  Transmit rate = 11648kbps, PLR =  0.00%( 0.00%), CE =  3.75%( 3.47%)[ 0.0%,  0.0%, 96.6%,  3.4%], RTT = 0.042s, Queue delay = 0.001s, MTU = 1200
 summary  28.0  Transmit rate = 11653kbps, PLR =  0.00%( 0.00%), CE =  3.89%( 3.44%)[ 0.0%,  0.0%, 96.6%,  3.4%], RTT = 0.042s, Queue delay = 0.001s, MTU = 1200
 summary  30.0  Transmit rate = 11646kbps, PLR =  0.00%( 0.00%), CE =  4.10%( 3.46%)[ 0.0%,  0.0%, 96.6%,  3.4%], RTT = 0.042s, Queue delay = 0.001s, MTU = 1200
 summary  32.0  Transmit rate = 11630kbps, PLR =  0.00%( 0.00%), CE =  3.84%( 3.48%)[ 0.0%,  0.0%, 96.6%,  3.4%], RTT = 0.042s, Queue delay = 0.001s, MTU = 1200
 summary  34.0  Transmit rate = 11625kbps, PLR =  0.00%( 0.00%), CE =  4.22%( 3.47%)[ 0.0%,  0.0%, 96.6%,  3.4%], RTT = 0.042s, Queue delay = 0.001s, MTU = 1200

======================== Summary ==========================
 Bitrate min/max/avg [kbps]          :  9635/13615/11218
 RTT     min/max/avg [s]             : 0.042/0.050/0.042
 Queue delay max/avg [s]             : 0.002/0.001
 Packet loss avg [%]                 : 0.000
 ECN/L4S NotECT/ECT(0)/ECT(1)/CE [%] :  0.0/ 0.0/96.6/ 3.4
===========================================================
