Connecting to host 10.0.0.1, port 5564
[  5] local 10.0.0.4 port 32874 connected to 10.0.0.1 port 5564
[ ID] Interval           Transfer     Bitrate         Retr  Cwnd
[  5]   0.00-1.00   sec  3.25 MBytes  27.2 Mbits/sec    0    211 KBytes       
[  5]   1.00-2.00   sec  2.88 MBytes  24.1 Mbits/sec    0    339 KBytes       
[  5]   2.00-3.00   sec  3.12 MBytes  26.2 Mbits/sec    0    297 KBytes       
[  5]   3.00-4.00   sec  1.50 MBytes  12.6 Mbits/sec    0    342 KBytes       
[  5]   4.00-5.00   sec  2.50 MBytes  21.0 Mbits/sec    0    373 KBytes       
[  5]   5.00-6.00   sec  1.50 MBytes  12.6 Mbits/sec    0    392 KBytes       
[  5]   6.00-7.00   sec  1.62 MBytes  13.6 Mbits/sec    0    296 KBytes       
[  5]   7.00-8.00   sec  2.38 MBytes  19.9 Mbits/sec    0    317 KBytes       
[  5]   8.00-9.00   sec  3.25 MBytes  27.3 Mbits/sec    0    173 KBytes       
[  5]   9.00-10.00  sec  2.38 MBytes  19.9 Mbits/sec    0    127 KBytes       
[  5]  10.00-11.00  sec  3.25 MBytes  27.3 Mbits/sec    0    144 KBytes       
[  5]  11.00-12.00  sec  3.25 MBytes  27.3 Mbits/sec    0    120 KBytes       
[  5]  12.00-13.00  sec  3.12 MBytes  26.2 Mbits/sec    0    140 KBytes       
[  5]  13.00-14.00  sec  3.25 MBytes  27.3 Mbits/sec    0    148 KBytes       
[  5]  14.00-15.00  sec  2.38 MBytes  19.9 Mbits/sec    0    126 KBytes       
[  5]  15.00-16.00  sec  3.25 MBytes  27.3 Mbits/sec    0    144 KBytes       
[  5]  16.00-17.00  sec  3.12 MBytes  26.2 Mbits/sec    0    151 KBytes       
[  5]  17.00-18.00  sec  2.50 MBytes  21.0 Mbits/sec    0    164 KBytes       
[  5]  18.00-19.00  sec  3.12 MBytes  26.2 Mbits/sec    0    140 KBytes       
[  5]  19.00-20.00  sec  2.38 MBytes  19.9 Mbits/sec    0    113 KBytes       
[  5]  20.00-21.00  sec  2.50 MBytes  21.0 Mbits/sec    0    130 KBytes       
[  5]  21.00-22.00  sec  2.38 MBytes  19.9 Mbits/sec    0    144 KBytes       
[  5]  22.00-23.00  sec  2.38 MBytes  19.9 Mbits/sec    0    154 KBytes       
[  5]  23.00-24.00  sec  1.62 MBytes  13.6 Mbits/sec    0    126 KBytes       
[  5]  24.00-25.00  sec  1.62 MBytes  13.6 Mbits/sec    0    100 KBytes       
[  5]  25.00-26.00  sec  2.38 MBytes  19.9 Mbits/sec    0    113 KBytes       
[  5]  26.00-27.00  sec  1.62 MBytes  13.6 Mbits/sec    0    124 KBytes       
[  5]  27.00-28.00  sec  1.62 MBytes  13.6 Mbits/sec    0    134 KBytes       
[  5]  28.00-29.00  sec  1.50 MBytes  12.6 Mbits/sec    0    141 KBytes       
[  5]  29.00-30.00  sec   896 KBytes  7.34 Mbits/sec    0    150 KBytes       
- - - - - - - - - - - - - - - - - - - - - - - - -
[ ID] Interval           Transfer     Bitrate         Retr
[  5]   0.00-30.00  sec  72.5 MBytes  20.3 Mbits/sec    0             sender
[  5]   0.00-30.04  sec  70.9 MBytes  19.8 Mbits/sec                  receiver

iperf Done.
