Connecting to host 10.0.0.1, port 5562
[  5] local 10.0.0.4 port 54994 connected to 10.0.0.1 port 5562
[ ID] Interval           Transfer     Bitrate         Retr  Cwnd
[  5]   0.00-1.00   sec  2.88 MBytes  24.1 Mbits/sec    0    211 KBytes       
[  5]   1.00-2.00   sec  3.25 MBytes  27.3 Mbits/sec    0    349 KBytes       
[  5]   2.00-3.00   sec  3.38 MBytes  28.3 Mbits/sec    0    485 KBytes       
[  5]   3.00-4.00   sec  3.12 MBytes  26.2 Mbits/sec    0    392 KBytes       
[  5]   4.00-5.00   sec  2.00 MBytes  16.8 Mbits/sec    0    445 KBytes       
[  5]   5.00-6.00   sec  2.12 MBytes  17.8 Mbits/sec    0    484 KBytes       
[  5]   6.00-7.00   sec  2.12 MBytes  17.8 Mbits/sec    0    358 KBytes       
[  5]   7.00-8.00   sec  3.12 MBytes  26.2 Mbits/sec    0    392 KBytes       
[  5]   8.00-9.00   sec  4.25 MBytes  35.6 Mbits/sec    0    411 KBytes       
[  5]   9.00-10.00  sec  3.12 MBytes  26.2 Mbits/sec    0    421 KBytes       
[  5]  10.00-11.00  sec  4.12 MBytes  34.6 Mbits/sec    0    424 KBytes       
[  5]  11.00-12.00  sec  3.12 MBytes  26.2 Mbits/sec    0    320 KBytes       
[  5]  12.00-13.00  sec  4.25 MBytes  35.6 Mbits/sec    0    178 KBytes       
[  5]  13.00-14.00  sec  3.12 MBytes  26.2 Mbits/sec    0    102 KBytes       
[  5]  14.00-15.00  sec  2.12 MBytes  17.8 Mbits/sec    0    117 KBytes       
[  5]  15.00-16.00  sec  3.12 MBytes  26.2 Mbits/sec    0    134 KBytes       
[  5]  16.00-17.00  sec  3.12 MBytes  26.2 Mbits/sec    0    151 KBytes       
[  5]  17.00-18.00  sec  3.12 MBytes  26.2 Mbits/sec    0    130 KBytes       
[  5]  18.00-19.00  sec  3.12 MBytes  26.2 Mbits/sec    0    147 KBytes       
[  5]  19.00-20.00  sec  3.25 MBytes  27.3 Mbits/sec    0    156 KBytes       
[  5]  20.00-21.00  sec  4.12 MBytes  34.6 Mbits/sec    0    120 KBytes       
[  5]  21.00-22.00  sec  3.12 MBytes  26.2 Mbits/sec    0    148 KBytes       
[  5]  22.00-23.00  sec  3.12 MBytes  26.2 Mbits/sec    0    164 KBytes       
[  5]  23.00-24.00  sec  3.25 MBytes  27.3 Mbits/sec    0    132 KBytes       
[  5]  24.00-25.00  sec  3.12 MBytes  26.2 Mbits/sec    0    147 KBytes       
[  5]  25.00-26.00  sec  3.12 MBytes  26.2 Mbits/sec    0    164 KBytes       
[  5]  26.00-27.00  sec  3.12 MBytes  26.2 Mbits/sec    0    178 KBytes       
[  5]  27.00-28.00  sec  3.12 MBytes  26.2 Mbits/sec    0    143 KBytes       
[  5]  28.00-29.00  sec  3.12 MBytes  26.2 Mbits/sec    0    167 KBytes       
[  5]  29.00-30.00  sec  2.12 MBytes  17.8 Mbits/sec    0    180 KBytes       
- - - - - - - - - - - - - - - - - - - - - - - - -
[ ID] Interval           Transfer     Bitrate         Retr
[  5]   0.00-30.00  sec  93.2 MBytes  26.1 Mbits/sec    0             sender
[  5]   0.00-30.04  sec  91.4 MBytes  25.5 Mbits/sec                  receiver

iperf Done.
