Connecting to host 10.0.0.1, port 5698
[  5] local 10.0.0.4 port 36874 connected to 10.0.0.1 port 5698
[ ID] Interval           Transfer     Bitrate         Retr  Cwnd
[  5]   0.00-1.00   sec  2.88 MBytes  24.1 Mbits/sec    0    211 KBytes       
[  5]   1.00-2.00   sec  3.25 MBytes  27.3 Mbits/sec    0    351 KBytes       
[  5]   2.00-3.00   sec  3.38 MBytes  28.3 Mbits/sec    0    484 KBytes       
[  5]   3.00-4.00   sec  3.25 MBytes  27.3 Mbits/sec    0    513 KBytes       
[  5]   4.00-5.00   sec  1.12 MBytes  9.44 Mbits/sec    0    457 KBytes       
[  5]   5.00-6.00   sec  2.38 MBytes  19.9 Mbits/sec    0    510 KBytes       
[  5]   6.00-7.00   sec  2.38 MBytes  19.9 Mbits/sec    0    479 KBytes       
[  5]   7.00-8.00   sec  3.50 MBytes  29.4 Mbits/sec    0    140 KBytes       
[  5]   8.00-9.00   sec  2.38 MBytes  19.9 Mbits/sec    0   82.0 KBytes       
[  5]   9.00-10.00  sec  2.38 MBytes  19.9 Mbits/sec    0   99.0 KBytes       
[  5]  10.00-11.00  sec  2.25 MBytes  18.9 Mbits/sec    0    116 KBytes       
[  5]  11.00-12.00  sec  2.38 MBytes  19.9 Mbits/sec    0   99.0 KBytes       
[  5]  12.00-13.00  sec  2.38 MBytes  19.9 Mbits/sec    0    116 KBytes       
[  5]  13.00-14.00  sec  2.25 MBytes  18.9 Mbits/sec    0    129 KBytes       
[  5]  14.00-15.00  sec  3.62 MBytes  30.4 Mbits/sec    0    147 KBytes       
[  5]  15.00-16.00  sec  3.50 MBytes  29.4 Mbits/sec    0    164 KBytes       
[  5]  16.00-17.00  sec  3.50 MBytes  29.4 Mbits/sec    0    180 KBytes       
[  5]  17.00-18.00  sec  3.50 MBytes  29.4 Mbits/sec    0    150 KBytes       
[  5]  18.00-19.00  sec  3.50 MBytes  29.4 Mbits/sec    0    171 KBytes       
[  5]  19.00-20.00  sec  2.38 MBytes  19.9 Mbits/sec    0    136 KBytes       
[  5]  20.00-21.00  sec  3.50 MBytes  29.4 Mbits/sec    0    150 KBytes       
[  5]  21.00-22.00  sec  3.50 MBytes  29.4 Mbits/sec    0    120 KBytes       
[  5]  22.00-23.00  sec  2.38 MBytes  19.9 Mbits/sec    0    100 KBytes       
[  5]  23.00-24.00  sec  2.25 MBytes  18.9 Mbits/sec    0    117 KBytes       
[  5]  24.00-25.00  sec  2.38 MBytes  19.9 Mbits/sec    0    134 KBytes       
[  5]  25.00-26.00  sec  2.38 MBytes  19.9 Mbits/sec    0    147 KBytes       
[  5]  26.00-27.00  sec  2.38 MBytes  19.9 Mbits/sec    0    158 KBytes       
[  5]  27.00-28.00  sec  2.25 MBytes  18.9 Mbits/sec    0    168 KBytes       
[  5]  28.00-29.00  sec  1.25 MBytes  10.5 Mbits/sec    0    175 KBytes       
[  5]  29.00-30.00  sec  2.25 MBytes  18.9 Mbits/sec    0    182 KBytes       
- - - - - - - - - - - - - - - - - - - - - - - - -
[ ID] Interval           Transfer     Bitrate         Retr
[  5]   0.00-30.00  sec  80.6 MBytes  22.5 Mbits/sec    0             sender
[  5]   0.00-30.04  sec  77.8 MBytes  21.7 Mbits/sec                  receiver

iperf Done.
