Connecting to host 10.0.0.1, port 5598
[  5] local 10.0.0.4 port 59048 connected to 10.0.0.1 port 5598
[ ID] Interval           Transfer     Bitrate         Retr  Cwnd
[  5]   0.00-1.00   sec  3.38 MBytes  28.3 Mbits/sec    0    303 KBytes       
[  5]   1.00-2.00   sec  4.62 MBytes  38.8 Mbits/sec    0    510 KBytes       
[  5]   2.00-3.00   sec  4.75 MBytes  39.8 Mbits/sec    0    708 KBytes       
[  5]   3.00-4.00   sec  4.00 MBytes  33.6 Mbits/sec    0    881 KBytes       
[  5]   4.00-5.00   sec  2.75 MBytes  23.1 Mbits/sec    0   1.01 MBytes       
[  5]   5.00-6.00   sec  2.75 MBytes  23.1 Mbits/sec    0    782 KBytes       
[  5]   6.00-7.00   sec  4.00 MBytes  33.6 Mbits/sec    0    587 KBytes       
[  5]   7.00-8.00   sec  4.12 MBytes  34.6 Mbits/sec    0    154 KBytes       
[  5]   8.00-9.00   sec  2.75 MBytes  23.1 Mbits/sec    0    167 KBytes       
[  5]   9.00-10.00  sec  2.62 MBytes  22.0 Mbits/sec    0    133 KBytes       
[  5]  10.00-11.00  sec  2.75 MBytes  23.1 Mbits/sec    0    106 KBytes       
[  5]  11.00-12.00  sec  2.75 MBytes  23.1 Mbits/sec    0   86.3 KBytes       
[  5]  12.00-13.00  sec  1.38 MBytes  11.5 Mbits/sec    0   73.5 KBytes       
[  5]  13.00-14.00  sec  2.62 MBytes  22.0 Mbits/sec    0   91.9 KBytes       
[  5]  14.00-15.00  sec  1.38 MBytes  11.5 Mbits/sec    0    109 KBytes       
[  5]  15.00-16.00  sec  2.75 MBytes  23.1 Mbits/sec    0   89.1 KBytes       
[  5]  16.00-17.00  sec  2.62 MBytes  22.0 Mbits/sec    0    110 KBytes       
[  5]  17.00-18.00  sec  2.75 MBytes  23.1 Mbits/sec    0    122 KBytes       
[  5]  18.00-19.00  sec  2.75 MBytes  23.1 Mbits/sec    0    139 KBytes       
[  5]  19.00-20.00  sec  2.75 MBytes  23.1 Mbits/sec    0   84.8 KBytes       
[  5]  20.00-21.00  sec  1.25 MBytes  10.5 Mbits/sec    0    100 KBytes       
[  5]  21.00-22.00  sec  2.75 MBytes  23.1 Mbits/sec    0    117 KBytes       
[  5]  22.00-23.00  sec  2.75 MBytes  23.1 Mbits/sec    0    136 KBytes       
[  5]  23.00-24.00  sec  4.00 MBytes  33.6 Mbits/sec    0    153 KBytes       
[  5]  24.00-25.00  sec  2.75 MBytes  23.1 Mbits/sec    0    170 KBytes       
[  5]  25.00-26.00  sec  2.75 MBytes  23.1 Mbits/sec    0    141 KBytes       
[  5]  26.00-27.00  sec  2.62 MBytes  22.0 Mbits/sec    0    161 KBytes       
[  5]  27.00-28.00  sec  2.75 MBytes  23.1 Mbits/sec    0    171 KBytes       
[  5]  28.00-29.00  sec  2.75 MBytes  23.1 Mbits/sec    0    174 KBytes       
[  5]  29.00-30.00  sec  2.62 MBytes  22.0 Mbits/sec    0    181 KBytes       
- - - - - - - - - - - - - - - - - - - - - - - - -
[ ID] Interval           Transfer     Bitrate         Retr
[  5]   0.00-30.00  sec  87.2 MBytes  24.4 Mbits/sec    0             sender
[  5]   0.00-30.04  sec  84.5 MBytes  23.6 Mbits/sec                  receiver

iperf Done.
