Listen on port 5370 to receive RTCP from decoder 
Scream sender started! 
 summary   2.0  Transmit rate =  4000kbps, PLR =  0.00%( 0.00%), CE =  0.00%( 0.00%)[100.0%,  0.0%,  0.0%,  0.0%], RTT = 0.047s, Queue delay = 0.000s, MTU = 1200
 summary   4.0  Transmit rate = 12483kbps, PLR =  0.00%( 0.00%), CE =  0.00%( 0.00%)[100.0%,  0.0%,  0.0%,  0.0%], RTT = 0.044s, Queue delay = 0.001s, MTU = 1200
 summary   6.0  Transmit rate = 28842kbps, PLR =  0.00%( 0.01%), CE =  0.00%( 0.00%)[100.0%,  0.0%,  0.0%,  0.0%], RTT = 0.045s, Queue delay = 0.004s, MTU = 1200
 summary   8.0  Transmit rate = 33802kbps, PLR =  0.01%( 0.01%), CE =  0.00%( 0.00%)[100.0%,  0.0%,  0.0%,  0.0%], RTT = 0.045s, Queue delay = 0.004s, MTU = 1200
 summary  10.0  Transmit rate = 36752kbps, PLR =  0.01%( 0.01%), CE =  0.00%( 0.00%)[100.0%,  0.0%,  0.0%,  0.0%], RTT = 0.045s, Queue delay = 0.004s, MTU = 1200
 summary  12.0  Transmit rate = 38752kbps, PLR =  0.01%( 0.01%), CE =  0.00%( 0.00%)[100.0%,  0.0%,  0.0%,  0.0%], RTT = 0.045s, Queue delay = 0.004s, MTU = 1200
 summary  14.0  Transmit rate = 41263kbps, PLR =  0.01%( 0.01%), CE =  0.00%( 0.00%)[100.0%,  0.0%,  0.0%,  0.0%], RTT = 0.045s, Queue delay = 0.004s, MTU = 1200
 summary  16.0  Transmit rate = 43888kbps, PLR =  0.01%( 0.01%), CE =  0.00%( 0.00%)[100.0%,  0.0%,  0.0%,  0.0%], RTT = 0.046s, Queue delay = 0.005s, MTU = 1200
 summary  18.0  Transmit rate = 40978kbps, PLR =  0.01%( 0.01%), CE =  0.00%( 0.00%)[100.0%,  0.0%,  0.0%,  0.0%], RTT = 0.046s, Queue delay = 0.004s, MTU = 1200
 summary  20.0  Transmit rate = 42031kbps, PLR =  0.01%( 0.01%), CE =  0.00%( 0.00%)[100.0%,  0.0%,  0.0%,  0.0%], RTT = 0.045s, Queue delay = 0.005s, MTU = 1200
 summary  22.0  Transmit rate = 43842kbps, PLR =  0.00%( 0.00%), CE =  0.00%( 0.00%)[100.0%,  0.0%,  0.0%,  0.0%], RTT = 0.046s, Queue delay = 0.005s, MTU = 1200
 summary  24.0  Transmit rate = 45036kbps, PLR =  0.00%( 0.00%), CE =  0.00%( 0.00%)[100.0%,  0.0%,  0.0%,  0.0%], RTT = 0.046s, Queue delay = 0.005s, MTU = 1200
 summary  26.0  Transmit rate = 43123kbps, PLR =  0.00%( 0.00%), CE =  0.00%( 0.00%)[100.0%,  0.0%,  0.0%,  0.0%], RTT = 0.046s, Queue delay = 0.005s, MTU = 1200
 summary  28.0  Transmit rate = 41753kbps, PLR =  0.01%( 0.00%), CE =  0.00%( 0.00%)[100.0%,  0.0%,  0.0%,  0.0%], RTT = 0.045s, Queue delay = 0.004s, MTU = 1200
 summary  30.0  Transmit rate = 43499kbps, PLR =  0.01%( 0.00%), CE =  0.00%( 0.00%)[100.0%,  0.0%,  0.0%,  0.0%], RTT = 0.046s, Queue delay = 0.005s, MTU = 1200
 summary  32.0  Transmit rate = 44897kbps, PLR =  0.00%( 0.00%), CE =  0.00%( 0.00%)[100.0%,  0.0%,  0.0%,  0.0%], RTT = 0.046s, Queue delay = 0.005s, MTU = 1200
 summary  34.0  Transmit rate = 45754kbps, PLR =  0.00%( 0.00%), CE =  0.00%( 0.00%)[100.0%,  0.0%,  0.0%,  0.0%], RTT = 0.046s, Queue delay = 0.005s, MTU = 1200

======================== Summary ==========================
 Bitrate min/max/avg [kbps]          : 21410/55284/39052
 RTT     min/max/avg [s]             : 0.042/0.053/0.045
 Queue delay max/avg [s]             : 0.019/0.004
 Packet loss avg [%]                 : 0.004
 ECN/L4S NotECT/ECT(0)/ECT(1)/CE [%] : 100.0/ 0.0/ 0.0/ 0.0
===========================================================
