socket set to IP_RECVTOS
socket SO_RCVBUF set to 20971520
Listen on port 5312 to receive RTP from sender 
.
.
Packet(s) lost or reordered : 11955 was received, previous rcvd is 11953 
Packet(s) lost or reordered : 12472 was received, previous rcvd is 12470 
Packet(s) lost or reordered : 24232 was received, previous rcvd is 24230 
Packet(s) lost or reordered : 24984 was received, previous rcvd is 24982 
Packet(s) lost or reordered : 31077 was received, previous rcvd is 31075 
Packet(s) lost or reordered : 38522 was received, previous rcvd is 38520 
Packet(s) lost or reordered :  4363 was received, previous rcvd is  4361 
Packet(s) lost or reordered : 13131 was received, previous rcvd is 13129 
Packet(s) lost or reordered : 47566 was received, previous rcvd is 47564 
Packet(s) lost or reordered : 47759 was received, previous rcvd is 47757 
Packet(s) lost or reordered : 47918 was received, previous rcvd is 47916 
Packet(s) lost or reordered : 48095 was received, previous rcvd is 48093 
Packet(s) lost or reordered : 48376 was received, previous rcvd is 48374 
Packet(s) lost or reordered : 48387 was received, previous rcvd is 48385 
Packet(s) lost or reordered : 48448 was received, previous rcvd is 48446 
Packet(s) lost or reordered : 48494 was received, previous rcvd is 48492 
.
