socket set to IP_RECVTOS
socket SO_RCVBUF set to 20971520
Listen on port 5324 to receive RTP from sender 
.
.
Packet(s) lost or reordered : 11551 was received, previous rcvd is 11549 
Packet(s) lost or reordered : 11677 was received, previous rcvd is 11675 
Packet(s) lost or reordered : 12376 was received, previous rcvd is 12374 
Packet(s) lost or reordered : 31409 was received, previous rcvd is 31407 
Packet(s) lost or reordered : 32136 was received, previous rcvd is 32134 
Packet(s) lost or reordered : 32142 was received, previous rcvd is 32140 
Packet(s) lost or reordered : 54672 was received, previous rcvd is 54670 
Packet(s) lost or reordered : 57903 was received, previous rcvd is 57901 
Packet(s) lost or reordered : 59889 was received, previous rcvd is 59887 
Packet(s) lost or reordered : 60278 was received, previous rcvd is 60276 
Packet(s) lost or reordered :  7383 was received, previous rcvd is  7381 
Packet(s) lost or reordered : 31086 was received, previous rcvd is 31084 
Packet(s) lost or reordered : 44706 was received, previous rcvd is 44704 
Packet(s) lost or reordered : 47747 was received, previous rcvd is 47745 
Packet(s) lost or reordered : 50796 was received, previous rcvd is 50794 
.
