socket set to IP_RECVTOS
socket SO_RCVBUF set to 20971520
Listen on port 5380 to receive RTP from sender 
.
.
Packet(s) lost or reordered : 11704 was received, previous rcvd is 11702 
Packet(s) lost or reordered : 12154 was received, previous rcvd is 12152 
Packet(s) lost or reordered : 12190 was received, previous rcvd is 12188 
Packet(s) lost or reordered : 12447 was received, previous rcvd is 12445 
Packet(s) lost or reordered : 27765 was received, previous rcvd is 27763 
Packet(s) lost or reordered : 41919 was received, previous rcvd is 41917 
Packet(s) lost or reordered : 43008 was received, previous rcvd is 43006 
Packet(s) lost or reordered : 56087 was received, previous rcvd is 56085 
Packet(s) lost or reordered :  3983 was received, previous rcvd is  3981 
Packet(s) lost or reordered :  8457 was received, previous rcvd is  8455 
Packet(s) lost or reordered :  8841 was received, previous rcvd is  8839 
Packet(s) lost or reordered : 14791 was received, previous rcvd is 14789 
Packet(s) lost or reordered : 19654 was received, previous rcvd is 19652 
Packet(s) lost or reordered : 34707 was received, previous rcvd is 34705 
Packet(s) lost or reordered : 39366 was received, previous rcvd is 39364 
Packet(s) lost or reordered : 57569 was received, previous rcvd is 57567 
.
