Connecting to host 10.0.0.1, port 5307
[  5] local 10.0.0.4 port 32816 connected to 10.0.0.1 port 5307
[ ID] Interval           Transfer     Bitrate         Retr  Cwnd
[  5]   0.00-1.00   sec  7.00 MBytes  58.7 Mbits/sec    0   2.64 MBytes       
[  5]   1.00-2.00   sec  0.00 Bytes  0.00 bits/sec    2   1.41 KBytes       
[  5]   2.00-3.00   sec  1.88 MBytes  15.7 Mbits/sec  222    313 KBytes       
[  5]   3.00-4.00   sec  0.00 Bytes  0.00 bits/sec  330    904 KBytes       
[  5]   4.00-5.00   sec  0.00 Bytes  0.00 bits/sec  444   1.21 MBytes       
[  5]   5.00-6.00   sec  1.38 MBytes  11.5 Mbits/sec    0   1.57 MBytes       
[  5]   6.00-7.00   sec  0.00 Bytes  0.00 bits/sec   19   1.35 MBytes       
[  5]   7.00-8.00   sec  0.00 Bytes  0.00 bits/sec   40   1.35 MBytes       
[  5]   8.00-9.00   sec  0.00 Bytes  0.00 bits/sec  186   1.29 MBytes       
[  5]   9.00-10.00  sec  1.38 MBytes  11.5 Mbits/sec    0   1.04 MBytes       
[  5]  10.00-11.00  sec  0.00 Bytes  0.00 bits/sec    0    564 KBytes       
[  5]  11.00-12.00  sec  1.50 MBytes  12.6 Mbits/sec  142    221 KBytes       
[  5]  12.00-13.00  sec  0.00 Bytes  0.00 bits/sec    0   19.8 KBytes       
[  5]  13.00-14.00  sec  1.38 MBytes  11.5 Mbits/sec    0   18.4 KBytes       
[  5]  14.00-15.00  sec  0.00 Bytes  0.00 bits/sec    0   21.2 KBytes       
[  5]  15.00-16.00  sec  0.00 Bytes  0.00 bits/sec    0   25.5 KBytes       
[  5]  16.00-17.00  sec  0.00 Bytes  0.00 bits/sec    0   35.4 KBytes       
[  5]  17.00-18.00  sec  0.00 Bytes  0.00 bits/sec    0   43.8 KBytes       
[  5]  18.00-19.00  sec  1.38 MBytes  11.5 Mbits/sec    0   52.3 KBytes       
[  5]  19.00-20.00  sec  0.00 Bytes  0.00 bits/sec    0   58.0 KBytes       
[  5]  20.00-21.00  sec  0.00 Bytes  0.00 bits/sec    0   65.0 KBytes       
[  5]  21.00-22.00  sec  1.25 MBytes  10.5 Mbits/sec    0   73.5 KBytes       
[  5]  22.00-23.00  sec  0.00 Bytes  0.00 bits/sec    0   82.0 KBytes       
[  5]  23.00-24.00  sec  1.38 MBytes  11.5 Mbits/sec    0   87.7 KBytes       
[  5]  24.00-25.00  sec  1.38 MBytes  11.5 Mbits/sec    0   96.2 KBytes       
[  5]  25.00-26.00  sec  0.00 Bytes  0.00 bits/sec    0    102 KBytes       
[  5]  26.00-27.00  sec  1.38 MBytes  11.5 Mbits/sec    0    107 KBytes       
[  5]  27.00-28.00  sec  1.38 MBytes  11.5 Mbits/sec    0    113 KBytes       
[  5]  28.00-29.00  sec  1.38 MBytes  11.5 Mbits/sec    0    117 KBytes       
[  5]  29.00-30.00  sec  0.00 Bytes  0.00 bits/sec    0    123 KBytes       
- - - - - - - - - - - - - - - - - - - - - - - - -
[ ID] Interval           Transfer     Bitrate         Retr
[  5]   0.00-30.00  sec  24.0 MBytes  6.71 Mbits/sec  1385             sender
[  5]   0.00-30.10  sec  21.4 MBytes  5.96 Mbits/sec                  receiver

iperf Done.
