Connecting to host 10.0.0.1, port 5303
[  5] local 10.0.0.4 port 52438 connected to 10.0.0.1 port 5303
[ ID] Interval           Transfer     Bitrate         Retr  Cwnd
[  5]   0.00-1.00   sec  8.38 MBytes  70.2 Mbits/sec    0   2.61 MBytes       
[  5]   1.00-2.00   sec  0.00 Bytes  0.00 bits/sec    1   1.41 KBytes       
[  5]   2.00-3.00   sec  0.00 Bytes  0.00 bits/sec    1    407 KBytes       
[  5]   3.00-4.00   sec  1.38 MBytes  11.5 Mbits/sec  467    520 KBytes       
[  5]   4.00-5.00   sec  0.00 Bytes  0.00 bits/sec  292    389 KBytes       
[  5]   5.00-6.00   sec  1.50 MBytes  12.6 Mbits/sec    0    120 KBytes       
[  5]   6.00-7.00   sec  0.00 Bytes  0.00 bits/sec    0   59.4 KBytes       
[  5]   7.00-8.00   sec  1.38 MBytes  11.5 Mbits/sec    0   39.6 KBytes       
[  5]   8.00-9.00   sec  0.00 Bytes  0.00 bits/sec    0   41.0 KBytes       
[  5]   9.00-10.00  sec  0.00 Bytes  0.00 bits/sec    0   42.4 KBytes       
[  5]  10.00-11.00  sec  0.00 Bytes  0.00 bits/sec    0   50.9 KBytes       
[  5]  11.00-12.00  sec  1.25 MBytes  10.5 Mbits/sec    0   62.2 KBytes       
[  5]  12.00-13.00  sec  0.00 Bytes  0.00 bits/sec    0   73.5 KBytes       
[  5]  13.00-14.00  sec  1.38 MBytes  11.5 Mbits/sec    0   86.3 KBytes       
[  5]  14.00-15.00  sec  0.00 Bytes  0.00 bits/sec    0   96.2 KBytes       
[  5]  15.00-16.00  sec  1.38 MBytes  11.5 Mbits/sec    0    109 KBytes       
[  5]  16.00-17.00  sec  1.38 MBytes  11.5 Mbits/sec    0    119 KBytes       
[  5]  17.00-18.00  sec  1.38 MBytes  11.5 Mbits/sec    0    133 KBytes       
[  5]  18.00-19.00  sec  0.00 Bytes  0.00 bits/sec    0    140 KBytes       
[  5]  19.00-20.00  sec  1.38 MBytes  11.5 Mbits/sec    0    147 KBytes       
[  5]  20.00-21.00  sec  0.00 Bytes  0.00 bits/sec    0    156 KBytes       
[  5]  21.00-22.00  sec  1.25 MBytes  10.5 Mbits/sec    0    165 KBytes       
[  5]  22.00-23.00  sec  1.38 MBytes  11.5 Mbits/sec    0    173 KBytes       
[  5]  23.00-24.00  sec  1.38 MBytes  11.5 Mbits/sec    0    181 KBytes       
[  5]  24.00-25.00  sec  1.38 MBytes  11.5 Mbits/sec    0    195 KBytes       
[  5]  25.00-26.00  sec  1.38 MBytes  11.5 Mbits/sec    0    208 KBytes       
[  5]  26.00-27.00  sec  2.75 MBytes  23.1 Mbits/sec    0    222 KBytes       
[  5]  27.00-28.00  sec  1.25 MBytes  10.5 Mbits/sec    0    236 KBytes       
[  5]  28.00-29.00  sec  2.75 MBytes  23.1 Mbits/sec    0    249 KBytes       
[  5]  29.00-30.00  sec  2.75 MBytes  23.1 Mbits/sec    0    263 KBytes       
- - - - - - - - - - - - - - - - - - - - - - - - -
[ ID] Interval           Transfer     Bitrate         Retr
[  5]   0.00-30.00  sec  37.0 MBytes  10.3 Mbits/sec  761             sender
[  5]   0.00-30.10  sec  33.9 MBytes  9.44 Mbits/sec                  receiver

iperf Done.
