Connecting to host 10.0.0.1, port 5305
[  5] local 10.0.0.4 port 40722 connected to 10.0.0.1 port 5305
[ ID] Interval           Transfer     Bitrate         Retr  Cwnd
[  5]   0.00-1.00   sec  7.00 MBytes  58.7 Mbits/sec    0   2.62 MBytes       
[  5]   1.00-2.00   sec  0.00 Bytes  0.00 bits/sec    2   1.41 KBytes       
[  5]   2.00-3.00   sec  1.50 MBytes  12.6 Mbits/sec  279    392 KBytes       
[  5]   3.00-4.00   sec  0.00 Bytes  0.00 bits/sec  348   1.02 MBytes       
[  5]   4.00-5.00   sec  1.25 MBytes  10.5 Mbits/sec  338   1.44 MBytes       
[  5]   5.00-6.00   sec  0.00 Bytes  0.00 bits/sec   52   1.42 MBytes       
[  5]   6.00-7.00   sec  0.00 Bytes  0.00 bits/sec    0   1.40 MBytes       
[  5]   7.00-8.00   sec  0.00 Bytes  0.00 bits/sec  115   1.31 MBytes       
[  5]   8.00-9.00   sec  0.00 Bytes  0.00 bits/sec    2   1.31 MBytes       
[  5]   9.00-10.00  sec  1.38 MBytes  11.5 Mbits/sec  101   1.16 MBytes       
[  5]  10.00-11.00  sec  1.88 MBytes  15.7 Mbits/sec    0    980 KBytes       
[  5]  11.00-12.00  sec  0.00 Bytes  0.00 bits/sec   18    441 KBytes       
[  5]  12.00-13.00  sec  1.38 MBytes  11.5 Mbits/sec    0    130 KBytes       
[  5]  13.00-14.00  sec  0.00 Bytes  0.00 bits/sec    0   21.2 KBytes       
[  5]  14.00-15.00  sec  0.00 Bytes  0.00 bits/sec    0   17.0 KBytes       
[  5]  15.00-16.00  sec  0.00 Bytes  0.00 bits/sec    0   21.2 KBytes       
[  5]  16.00-17.00  sec  0.00 Bytes  0.00 bits/sec    0   26.9 KBytes       
[  5]  17.00-18.00  sec  1.38 MBytes  11.5 Mbits/sec    0   33.9 KBytes       
[  5]  18.00-19.00  sec  0.00 Bytes  0.00 bits/sec    0   41.0 KBytes       
[  5]  19.00-20.00  sec  0.00 Bytes  0.00 bits/sec    0   46.7 KBytes       
[  5]  20.00-21.00  sec  0.00 Bytes  0.00 bits/sec    0   55.1 KBytes       
[  5]  21.00-22.00  sec  1.38 MBytes  11.5 Mbits/sec    0   62.2 KBytes       
[  5]  22.00-23.00  sec  0.00 Bytes  0.00 bits/sec    0   65.0 KBytes       
[  5]  23.00-24.00  sec  1.25 MBytes  10.5 Mbits/sec    0   66.5 KBytes       
[  5]  24.00-25.00  sec  0.00 Bytes  0.00 bits/sec    0   73.5 KBytes       
[  5]  25.00-26.00  sec  1.38 MBytes  11.5 Mbits/sec    0   82.0 KBytes       
[  5]  26.00-27.00  sec  0.00 Bytes  0.00 bits/sec    0   86.3 KBytes       
[  5]  27.00-28.00  sec  1.38 MBytes  11.5 Mbits/sec    0   91.9 KBytes       
[  5]  28.00-29.00  sec  1.38 MBytes  11.5 Mbits/sec    0   96.2 KBytes       
[  5]  29.00-30.00  sec  0.00 Bytes  0.00 bits/sec    0   97.6 KBytes       
- - - - - - - - - - - - - - - - - - - - - - - - -
[ ID] Interval           Transfer     Bitrate         Retr
[  5]   0.00-30.00  sec  22.5 MBytes  6.29 Mbits/sec  1255             sender
[  5]   0.00-30.10  sec  19.9 MBytes  5.54 Mbits/sec                  receiver

iperf Done.
