Listen on port 5393 to receive RTCP from decoder 
Scream sender started! 
 summary   2.0  Transmit rate =  1274kbps, PLR =  0.00%( 0.00%), CE =  0.84%( 1.85%)[ 0.0%,  0.0%, 98.4%,  1.6%], RTT = 0.067s, Queue delay = 0.000s, MTU = 1200
 summary   4.0  Transmit rate =  2209kbps, PLR =  0.00%( 0.00%), CE =  0.84%( 0.64%)[ 0.0%,  0.0%, 99.4%,  0.6%], RTT = 0.086s, Queue delay = 0.001s, MTU = 1200
 summary   6.0  Transmit rate =  3617kbps, PLR =  0.00%( 0.00%), CE =  0.08%( 0.31%)[ 0.0%,  0.0%, 99.7%,  0.3%], RTT = 0.095s, Queue delay = 0.001s, MTU = 1200
 summary   8.0  Transmit rate =  5357kbps, PLR =  0.00%( 0.00%), CE =  0.16%( 0.37%)[ 0.0%,  0.0%, 99.6%,  0.4%], RTT = 0.099s, Queue delay = 0.001s, MTU = 1200
 summary  10.0  Transmit rate =  6400kbps, PLR =  0.00%( 0.00%), CE =  0.25%( 0.38%)[ 0.0%,  0.0%, 99.6%,  0.4%], RTT = 0.101s, Queue delay = 0.001s, MTU = 1200
 summary  12.0  Transmit rate =  6938kbps, PLR =  0.00%( 0.00%), CE =  0.90%( 0.61%)[ 0.0%,  0.0%, 99.4%,  0.6%], RTT = 0.102s, Queue delay = 0.001s, MTU = 1200
 summary  14.0  Transmit rate =  7303kbps, PLR =  0.00%( 0.00%), CE =  1.09%( 0.70%)[ 0.0%,  0.0%, 99.3%,  0.7%], RTT = 0.102s, Queue delay = 0.001s, MTU = 1200
 summary  16.0  Transmit rate =  7487kbps, PLR =  0.00%( 0.00%), CE =  1.67%( 0.91%)[ 0.0%,  0.0%, 99.1%,  0.9%], RTT = 0.102s, Queue delay = 0.001s, MTU = 1200
 summary  18.0  Transmit rate =  7587kbps, PLR =  0.00%( 0.00%), CE =  2.18%( 1.07%)[ 0.0%,  0.0%, 99.0%,  1.0%], RTT = 0.102s, Queue delay = 0.001s, MTU = 1200
 summary  20.0  Transmit rate =  7610kbps, PLR =  0.00%( 0.00%), CE =  2.53%( 1.28%)[ 0.0%,  0.0%, 98.8%,  1.2%], RTT = 0.102s, Queue delay = 0.001s, MTU = 1200
 summary  22.0  Transmit rate =  7636kbps, PLR =  0.00%( 0.00%), CE =  2.46%( 1.40%)[ 0.0%,  0.0%, 98.6%,  1.4%], RTT = 0.103s, Queue delay = 0.001s, MTU = 1200
 summary  24.0  Transmit rate =  7628kbps, PLR =  0.00%( 0.00%), CE =  2.57%( 1.48%)[ 0.0%,  0.0%, 98.6%,  1.4%], RTT = 0.103s, Queue delay = 0.001s, MTU = 1200
 summary  26.0  Transmit rate =  7627kbps, PLR =  0.00%( 0.00%), CE =  2.49%( 1.50%)[ 0.0%,  0.0%, 98.5%,  1.5%], RTT = 0.102s, Queue delay = 0.001s, MTU = 1200
 summary  28.0  Transmit rate =  7635kbps, PLR =  0.00%( 0.00%), CE =  2.15%( 1.55%)[ 0.0%,  0.0%, 98.5%,  1.5%], RTT = 0.102s, Queue delay = 0.001s, MTU = 1200
 summary  30.0  Transmit rate =  7643kbps, PLR =  0.00%( 0.00%), CE =  2.22%( 1.58%)[ 0.0%,  0.0%, 98.5%,  1.5%], RTT = 0.102s, Queue delay = 0.001s, MTU = 1200
 summary  32.0  Transmit rate =  7663kbps, PLR =  0.00%( 0.00%), CE =  2.21%( 1.60%)[ 0.0%,  0.0%, 98.4%,  1.6%], RTT = 0.103s, Queue delay = 0.001s, MTU = 1200
 summary  34.0  Transmit rate =  7647kbps, PLR =  0.00%( 0.00%), CE =  2.44%( 1.66%)[ 0.0%,  0.0%, 98.4%,  1.6%], RTT = 0.103s, Queue delay = 0.001s, MTU = 1200

======================== Summary ==========================
 Bitrate min/max/avg [kbps]          :     0/ 8851/ 6665
 RTT     min/max/avg [s]             : 0.050/0.103/0.101
 Queue delay max/avg [s]             : 0.002/0.001
 Packet loss avg [%]                 : 0.000
 ECN/L4S NotECT/ECT(0)/ECT(1)/CE [%] :  0.0/ 0.0/98.4/ 1.6
===========================================================
