Listen on port 5389 to receive RTCP from decoder 
Scream sender started! 
 summary   2.0  Transmit rate =  1272kbps, PLR =  0.00%( 0.00%), CE =  0.84%( 1.85%)[ 0.0%,  0.0%, 98.4%,  1.6%], RTT = 0.067s, Queue delay = 0.001s, MTU = 1200
 summary   4.0  Transmit rate =  2203kbps, PLR =  0.00%( 0.00%), CE =  0.84%( 0.64%)[ 0.0%,  0.0%, 99.4%,  0.6%], RTT = 0.086s, Queue delay = 0.001s, MTU = 1200
 summary   6.0  Transmit rate =  3608kbps, PLR =  0.00%( 0.00%), CE =  0.08%( 0.32%)[ 0.0%,  0.0%, 99.7%,  0.3%], RTT = 0.095s, Queue delay = 0.001s, MTU = 1200
 summary   8.0  Transmit rate =  5248kbps, PLR =  0.00%( 0.00%), CE =  0.26%( 0.46%)[ 0.0%,  0.0%, 99.6%,  0.4%], RTT = 0.099s, Queue delay = 0.001s, MTU = 1200
 summary  10.0  Transmit rate =  6154kbps, PLR =  0.00%( 0.00%), CE =  0.94%( 0.90%)[ 0.0%,  0.0%, 99.1%,  0.9%], RTT = 0.101s, Queue delay = 0.001s, MTU = 1200
 summary  12.0  Transmit rate =  6564kbps, PLR =  0.00%( 0.00%), CE =  2.14%( 1.34%)[ 0.0%,  0.0%, 98.7%,  1.3%], RTT = 0.102s, Queue delay = 0.001s, MTU = 1200
 summary  14.0  Transmit rate =  6749kbps, PLR =  0.00%( 0.00%), CE =  2.73%( 1.45%)[ 0.0%,  0.0%, 98.6%,  1.4%], RTT = 0.102s, Queue delay = 0.001s, MTU = 1200
 summary  16.0  Transmit rate =  6829kbps, PLR =  0.00%( 0.00%), CE =  3.11%( 1.76%)[ 0.0%,  0.0%, 98.3%,  1.7%], RTT = 0.102s, Queue delay = 0.001s, MTU = 1200
 summary  18.0  Transmit rate =  6882kbps, PLR =  0.00%( 0.00%), CE =  3.26%( 1.91%)[ 0.0%,  0.0%, 98.2%,  1.8%], RTT = 0.102s, Queue delay = 0.001s, MTU = 1200
 summary  20.0  Transmit rate =  6895kbps, PLR =  0.00%( 0.00%), CE =  3.11%( 1.98%)[ 0.0%,  0.0%, 98.1%,  1.9%], RTT = 0.102s, Queue delay = 0.001s, MTU = 1200
 summary  22.0  Transmit rate =  6890kbps, PLR =  0.00%( 0.00%), CE =  2.89%( 2.07%)[ 0.0%,  0.0%, 98.0%,  2.0%], RTT = 0.102s, Queue delay = 0.001s, MTU = 1200
 summary  24.0  Transmit rate =  6909kbps, PLR =  0.00%( 0.00%), CE =  2.96%( 2.09%)[ 0.0%,  0.0%, 98.0%,  2.0%], RTT = 0.102s, Queue delay = 0.001s, MTU = 1200
 summary  26.0  Transmit rate =  6913kbps, PLR =  0.00%( 0.00%), CE =  2.99%( 2.17%)[ 0.0%,  0.0%, 97.9%,  2.1%], RTT = 0.102s, Queue delay = 0.001s, MTU = 1200
 summary  28.0  Transmit rate =  6904kbps, PLR =  0.00%( 0.00%), CE =  2.64%( 2.14%)[ 0.0%,  0.0%, 98.0%,  2.0%], RTT = 0.102s, Queue delay = 0.001s, MTU = 1200
 summary  30.0  Transmit rate =  6918kbps, PLR =  0.00%( 0.00%), CE =  2.59%( 2.14%)[ 0.0%,  0.0%, 98.0%,  2.0%], RTT = 0.102s, Queue delay = 0.001s, MTU = 1200
 summary  32.0  Transmit rate =  6917kbps, PLR =  0.00%( 0.00%), CE =  2.81%( 2.23%)[ 0.0%,  0.0%, 97.9%,  2.1%], RTT = 0.102s, Queue delay = 0.001s, MTU = 1200
 summary  34.0  Transmit rate =  6909kbps, PLR =  0.00%( 0.00%), CE =  2.78%( 2.20%)[ 0.0%,  0.0%, 97.9%,  2.1%], RTT = 0.102s, Queue delay = 0.001s, MTU = 1200

======================== Summary ==========================
 Bitrate min/max/avg [kbps]          :  4366/ 8007/ 6222
 RTT     min/max/avg [s]             : 0.050/0.103/0.101
 Queue delay max/avg [s]             : 0.003/0.001
 Packet loss avg [%]                 : 0.000
 ECN/L4S NotECT/ECT(0)/ECT(1)/CE [%] :  0.0/ 0.0/97.9/ 2.1
===========================================================
