Listen on port 5321 to receive RTCP from decoder 
Scream sender started! 
 summary   2.0  Transmit rate =  1474kbps, PLR =  0.00%( 0.00%), CE =  0.84%( 1.79%)[ 0.0%,  0.0%, 98.4%,  1.6%], RTT = 0.068s, Queue delay = 0.001s, MTU = 1200
 summary   4.0  Transmit rate =  2278kbps, PLR =  0.00%( 0.00%), CE =  0.84%( 0.75%)[ 0.0%,  0.0%, 99.3%,  0.7%], RTT = 0.086s, Queue delay = 0.001s, MTU = 1200
 summary   6.0  Transmit rate =  3410kbps, PLR =  0.00%( 0.00%), CE =  0.14%( 0.39%)[ 0.0%,  0.0%, 99.6%,  0.4%], RTT = 0.095s, Queue delay = 0.001s, MTU = 1200
 summary   8.0  Transmit rate =  4896kbps, PLR =  0.00%( 0.00%), CE =  0.12%( 0.29%)[ 0.0%,  0.0%, 99.7%,  0.3%], RTT = 0.099s, Queue delay = 0.001s, MTU = 1200
 summary  10.0  Transmit rate =  6040kbps, PLR =  0.00%( 0.00%), CE =  1.15%( 1.05%)[ 0.0%,  0.0%, 99.0%,  1.0%], RTT = 0.101s, Queue delay = 0.001s, MTU = 1200
 summary  12.0  Transmit rate =  6518kbps, PLR =  0.00%( 0.00%), CE =  2.23%( 1.48%)[ 0.0%,  0.0%, 98.6%,  1.4%], RTT = 0.102s, Queue delay = 0.001s, MTU = 1200
 summary  14.0  Transmit rate =  6734kbps, PLR =  0.00%( 0.00%), CE =  2.92%( 1.71%)[ 0.0%,  0.0%, 98.4%,  1.6%], RTT = 0.102s, Queue delay = 0.001s, MTU = 1200
 summary  16.0  Transmit rate =  6819kbps, PLR =  0.00%( 0.00%), CE =  2.70%( 1.78%)[ 0.0%,  0.0%, 98.3%,  1.7%], RTT = 0.102s, Queue delay = 0.001s, MTU = 1200
 summary  18.0  Transmit rate =  6857kbps, PLR =  0.00%( 0.00%), CE =  2.69%( 1.88%)[ 0.0%,  0.0%, 98.2%,  1.8%], RTT = 0.102s, Queue delay = 0.001s, MTU = 1200
 summary  20.0  Transmit rate =  6880kbps, PLR =  0.00%( 0.00%), CE =  3.01%( 2.01%)[ 0.0%,  0.0%, 98.1%,  1.9%], RTT = 0.102s, Queue delay = 0.001s, MTU = 1200
 summary  22.0  Transmit rate =  6887kbps, PLR =  0.00%( 0.00%), CE =  2.74%( 2.00%)[ 0.0%,  0.0%, 98.1%,  1.9%], RTT = 0.102s, Queue delay = 0.001s, MTU = 1200
 summary  24.0  Transmit rate =  6886kbps, PLR =  0.00%( 0.00%), CE =  2.72%( 2.06%)[ 0.0%,  0.0%, 98.0%,  2.0%], RTT = 0.102s, Queue delay = 0.001s, MTU = 1200
 summary  26.0  Transmit rate =  6890kbps, PLR =  0.00%( 0.00%), CE =  2.84%( 2.13%)[ 0.0%,  0.0%, 98.0%,  2.0%], RTT = 0.102s, Queue delay = 0.001s, MTU = 1200
 summary  28.0  Transmit rate =  6904kbps, PLR =  0.00%( 0.00%), CE =  2.70%( 2.11%)[ 0.0%,  0.0%, 98.0%,  2.0%], RTT = 0.102s, Queue delay = 0.001s, MTU = 1200
 summary  30.0  Transmit rate =  6994kbps, PLR =  0.00%( 0.00%), CE =  2.24%( 2.07%)[ 0.0%,  0.0%, 98.0%,  2.0%], RTT = 0.102s, Queue delay = 0.001s, MTU = 1200
 summary  32.0  Transmit rate =  7049kbps, PLR =  0.00%( 0.00%), CE =  2.11%( 2.09%)[ 0.0%,  0.0%, 98.0%,  2.0%], RTT = 0.102s, Queue delay = 0.001s, MTU = 1200
 summary  34.1  Transmit rate =  7074kbps, PLR =  0.00%( 0.00%), CE =  2.88%( 2.14%)[ 0.0%,  0.0%, 98.0%,  2.0%], RTT = 0.102s, Queue delay = 0.001s, MTU = 1200

======================== Summary ==========================
 Bitrate min/max/avg [kbps]          :  3824/ 8189/ 6199
 RTT     min/max/avg [s]             : 0.050/0.103/0.101
 Queue delay max/avg [s]             : 0.002/0.001
 Packet loss avg [%]                 : 0.000
 ECN/L4S NotECT/ECT(0)/ECT(1)/CE [%] :  0.0/ 0.0/97.9/ 2.1
===========================================================
