Listen on port 5371 to receive RTCP from decoder 
Scream sender started! 
 refresh 0.101151 RTP queue 1 packets discarded for SSRC 100
 summary   2.0  Transmit rate =  1268kbps, PLR =  0.00%( 0.00%), CE =  0.70%( 1.55%)[ 0.0%,  0.0%, 98.6%,  1.4%], RTT = 0.067s, Queue delay = 0.000s, MTU = 1200
 summary   4.0  Transmit rate =  2178kbps, PLR =  0.00%( 0.00%), CE =  0.76%( 0.65%)[ 0.0%,  0.0%, 99.4%,  0.6%], RTT = 0.086s, Queue delay = 0.001s, MTU = 1200
 summary   6.0  Transmit rate =  3265kbps, PLR =  0.00%( 0.00%), CE =  0.23%( 0.45%)[ 0.0%,  0.0%, 99.6%,  0.4%], RTT = 0.095s, Queue delay = 0.001s, MTU = 1200
 summary   8.0  Transmit rate =  4603kbps, PLR =  0.00%( 0.00%), CE =  0.16%( 0.37%)[ 0.0%,  0.0%, 99.6%,  0.4%], RTT = 0.099s, Queue delay = 0.001s, MTU = 1200
 summary  10.0  Transmit rate =  5790kbps, PLR =  0.00%( 0.00%), CE =  0.23%( 0.32%)[ 0.0%,  0.0%, 99.7%,  0.3%], RTT = 0.101s, Queue delay = 0.001s, MTU = 1200
 summary  12.0  Transmit rate =  6442kbps, PLR =  0.00%( 0.00%), CE =  0.81%( 0.70%)[ 0.0%,  0.0%, 99.3%,  0.7%], RTT = 0.102s, Queue delay = 0.001s, MTU = 1200
 summary  14.0  Transmit rate =  6763kbps, PLR =  0.00%( 0.00%), CE =  2.07%( 1.20%)[ 0.0%,  0.0%, 98.9%,  1.1%], RTT = 0.102s, Queue delay = 0.001s, MTU = 1200
 summary  16.0  Transmit rate =  6902kbps, PLR =  0.00%( 0.00%), CE =  3.18%( 1.38%)[ 0.0%,  0.0%, 98.7%,  1.3%], RTT = 0.102s, Queue delay = 0.001s, MTU = 1200
 summary  18.0  Transmit rate =  6947kbps, PLR =  0.00%( 0.00%), CE =  2.80%( 1.54%)[ 0.0%,  0.0%, 98.5%,  1.5%], RTT = 0.102s, Queue delay = 0.001s, MTU = 1200
 summary  20.0  Transmit rate =  6985kbps, PLR =  0.00%( 0.00%), CE =  2.85%( 1.71%)[ 0.0%,  0.0%, 98.3%,  1.7%], RTT = 0.102s, Queue delay = 0.001s, MTU = 1200
 summary  22.0  Transmit rate =  7002kbps, PLR =  0.00%( 0.00%), CE =  2.81%( 1.70%)[ 0.0%,  0.0%, 98.4%,  1.6%], RTT = 0.102s, Queue delay = 0.001s, MTU = 1200
 summary  24.0  Transmit rate =  7010kbps, PLR =  0.00%( 0.00%), CE =  2.47%( 1.77%)[ 0.0%,  0.0%, 98.3%,  1.7%], RTT = 0.102s, Queue delay = 0.001s, MTU = 1200
 summary  26.0  Transmit rate =  7024kbps, PLR =  0.00%( 0.00%), CE =  2.47%( 1.82%)[ 0.0%,  0.0%, 98.2%,  1.8%], RTT = 0.102s, Queue delay = 0.001s, MTU = 1200
 summary  28.0  Transmit rate =  7015kbps, PLR =  0.00%( 0.00%), CE =  2.76%( 1.90%)[ 0.0%,  0.0%, 98.2%,  1.8%], RTT = 0.102s, Queue delay = 0.001s, MTU = 1200
 summary  30.0  Transmit rate =  7014kbps, PLR =  0.00%( 0.00%), CE =  2.90%( 1.96%)[ 0.0%,  0.0%, 98.1%,  1.9%], RTT = 0.102s, Queue delay = 0.001s, MTU = 1200
 summary  32.0  Transmit rate =  7005kbps, PLR =  0.00%( 0.00%), CE =  2.84%( 1.98%)[ 0.0%,  0.0%, 98.1%,  1.9%], RTT = 0.102s, Queue delay = 0.001s, MTU = 1200
 summary  34.1  Transmit rate =  7016kbps, PLR =  0.00%( 0.00%), CE =  2.67%( 2.03%)[ 0.0%,  0.0%, 98.0%,  2.0%], RTT = 0.102s, Queue delay = 0.001s, MTU = 1200

======================== Summary ==========================
 Bitrate min/max/avg [kbps]          :  3673/ 8112/ 6195
 RTT     min/max/avg [s]             : 0.050/0.103/0.101
 Queue delay max/avg [s]             : 0.002/0.001
 Packet loss avg [%]                 : 0.000
 ECN/L4S NotECT/ECT(0)/ECT(1)/CE [%] :  0.0/ 0.0/98.0/ 2.0
===========================================================
