Listen on port 5397 to receive RTCP from decoder 
Scream sender started! 
 summary   2.0  Transmit rate =  1274kbps, PLR =  0.00%( 0.00%), CE =  0.84%( 1.85%)[ 0.0%,  0.0%, 98.4%,  1.6%], RTT = 0.067s, Queue delay = 0.000s, MTU = 1200
 summary   4.0  Transmit rate =  2208kbps, PLR =  0.00%( 0.00%), CE =  0.84%( 0.64%)[ 0.0%,  0.0%, 99.4%,  0.6%], RTT = 0.086s, Queue delay = 0.001s, MTU = 1200
 summary   6.0  Transmit rate =  3605kbps, PLR =  0.00%( 0.00%), CE =  0.08%( 0.32%)[ 0.0%,  0.0%, 99.7%,  0.3%], RTT = 0.095s, Queue delay = 0.001s, MTU = 1200
 summary   8.0  Transmit rate =  5281kbps, PLR =  0.00%( 0.00%), CE =  0.17%( 0.40%)[ 0.0%,  0.0%, 99.6%,  0.4%], RTT = 0.099s, Queue delay = 0.001s, MTU = 1200
 summary  10.0  Transmit rate =  6204kbps, PLR =  0.00%( 0.00%), CE =  1.15%( 0.96%)[ 0.0%,  0.0%, 99.1%,  0.9%], RTT = 0.101s, Queue delay = 0.001s, MTU = 1200
 summary  12.0  Transmit rate =  6619kbps, PLR =  0.00%( 0.00%), CE =  2.66%( 1.56%)[ 0.0%,  0.0%, 98.5%,  1.5%], RTT = 0.102s, Queue delay = 0.001s, MTU = 1200
 summary  14.0  Transmit rate =  6798kbps, PLR =  0.00%( 0.00%), CE =  3.59%( 1.81%)[ 0.0%,  0.0%, 98.3%,  1.7%], RTT = 0.102s, Queue delay = 0.001s, MTU = 1200
 summary  16.0  Transmit rate =  6877kbps, PLR =  0.00%( 0.00%), CE =  3.11%( 1.94%)[ 0.0%,  0.0%, 98.1%,  1.9%], RTT = 0.102s, Queue delay = 0.001s, MTU = 1200
 summary  18.0  Transmit rate =  6908kbps, PLR =  0.00%( 0.00%), CE =  3.10%( 2.06%)[ 0.0%,  0.0%, 98.0%,  2.0%], RTT = 0.102s, Queue delay = 0.001s, MTU = 1200
 summary  20.0  Transmit rate =  6920kbps, PLR =  0.00%( 0.00%), CE =  3.18%( 2.14%)[ 0.0%,  0.0%, 98.0%,  2.0%], RTT = 0.102s, Queue delay = 0.001s, MTU = 1200
 summary  22.0  Transmit rate =  6931kbps, PLR =  0.00%( 0.00%), CE =  2.95%( 2.18%)[ 0.0%,  0.0%, 97.9%,  2.1%], RTT = 0.102s, Queue delay = 0.001s, MTU = 1200
 summary  24.0  Transmit rate =  6927kbps, PLR =  0.00%( 0.00%), CE =  2.79%( 2.20%)[ 0.0%,  0.0%, 97.9%,  2.1%], RTT = 0.102s, Queue delay = 0.001s, MTU = 1200
 summary  26.0  Transmit rate =  6940kbps, PLR =  0.00%( 0.00%), CE =  2.91%( 2.26%)[ 0.0%,  0.0%, 97.8%,  2.2%], RTT = 0.102s, Queue delay = 0.001s, MTU = 1200
 summary  28.0  Transmit rate =  6939kbps, PLR =  0.00%( 0.00%), CE =  2.78%( 2.26%)[ 0.0%,  0.0%, 97.8%,  2.2%], RTT = 0.102s, Queue delay = 0.001s, MTU = 1200
 summary  30.0  Transmit rate =  6937kbps, PLR =  0.00%( 0.00%), CE =  3.01%( 2.31%)[ 0.0%,  0.0%, 97.8%,  2.2%], RTT = 0.102s, Queue delay = 0.001s, MTU = 1200
 summary  32.0  Transmit rate =  6940kbps, PLR =  0.00%( 0.00%), CE =  3.12%( 2.34%)[ 0.0%,  0.0%, 97.8%,  2.2%], RTT = 0.102s, Queue delay = 0.001s, MTU = 1200
 summary  34.1  Transmit rate =  6935kbps, PLR =  0.00%( 0.00%), CE =  2.81%( 2.36%)[ 0.0%,  0.0%, 97.8%,  2.2%], RTT = 0.102s, Queue delay = 0.001s, MTU = 1200

======================== Summary ==========================
 Bitrate min/max/avg [kbps]          :  4347/ 8047/ 6252
 RTT     min/max/avg [s]             : 0.050/0.103/0.101
 Queue delay max/avg [s]             : 0.002/0.001
 Packet loss avg [%]                 : 0.000
 ECN/L4S NotECT/ECT(0)/ECT(1)/CE [%] :  0.0/ 0.0/97.8/ 2.2
===========================================================
