Listen on port 5319 to receive RTCP from decoder 
Scream sender started! 
 summary   2.0  Transmit rate =  1369kbps, PLR =  0.00%( 0.00%), CE =  0.70%( 1.54%)[ 0.0%,  0.0%, 98.6%,  1.4%], RTT = 0.067s, Queue delay = 0.000s, MTU = 1200
 summary   4.0  Transmit rate =  2180kbps, PLR =  0.00%( 0.00%), CE =  0.76%( 0.64%)[ 0.0%,  0.0%, 99.4%,  0.6%], RTT = 0.086s, Queue delay = 0.001s, MTU = 1200
 summary   6.0  Transmit rate =  3343kbps, PLR =  0.00%( 0.00%), CE =  0.13%( 0.33%)[ 0.0%,  0.0%, 99.7%,  0.3%], RTT = 0.095s, Queue delay = 0.001s, MTU = 1200
 summary   8.0  Transmit rate =  4941kbps, PLR =  0.00%( 0.00%), CE =  0.07%( 0.29%)[ 0.0%,  0.0%, 99.7%,  0.3%], RTT = 0.099s, Queue delay = 0.001s, MTU = 1200
 summary  10.0  Transmit rate =  6046kbps, PLR =  0.00%( 0.00%), CE =  1.08%( 0.95%)[ 0.0%,  0.0%, 99.1%,  0.9%], RTT = 0.101s, Queue delay = 0.001s, MTU = 1200
 summary  12.0  Transmit rate =  6556kbps, PLR =  0.00%( 0.00%), CE =  2.04%( 1.26%)[ 0.0%,  0.0%, 98.8%,  1.2%], RTT = 0.102s, Queue delay = 0.001s, MTU = 1200
 summary  14.0  Transmit rate =  6795kbps, PLR =  0.00%( 0.00%), CE =  2.99%( 1.63%)[ 0.0%,  0.0%, 98.4%,  1.6%], RTT = 0.102s, Queue delay = 0.001s, MTU = 1200
 summary  16.0  Transmit rate =  6903kbps, PLR =  0.00%( 0.00%), CE =  2.87%( 1.73%)[ 0.0%,  0.0%, 98.3%,  1.7%], RTT = 0.102s, Queue delay = 0.001s, MTU = 1200
 summary  18.0  Transmit rate =  6939kbps, PLR =  0.00%( 0.00%), CE =  2.84%( 1.90%)[ 0.0%,  0.0%, 98.2%,  1.8%], RTT = 0.102s, Queue delay = 0.001s, MTU = 1200
 summary  20.0  Transmit rate =  6967kbps, PLR =  0.00%( 0.00%), CE =  2.99%( 1.97%)[ 0.0%,  0.0%, 98.1%,  1.9%], RTT = 0.102s, Queue delay = 0.001s, MTU = 1200
 summary  22.0  Transmit rate =  6978kbps, PLR =  0.00%( 0.00%), CE =  2.99%( 2.02%)[ 0.0%,  0.0%, 98.0%,  2.0%], RTT = 0.102s, Queue delay = 0.001s, MTU = 1200
 summary  24.0  Transmit rate =  6974kbps, PLR =  0.00%( 0.00%), CE =  2.91%( 2.08%)[ 0.0%,  0.0%, 98.0%,  2.0%], RTT = 0.102s, Queue delay = 0.001s, MTU = 1200
 summary  26.0  Transmit rate =  6985kbps, PLR =  0.00%( 0.00%), CE =  2.82%( 2.14%)[ 0.0%,  0.0%, 97.9%,  2.1%], RTT = 0.102s, Queue delay = 0.001s, MTU = 1200
 summary  28.0  Transmit rate =  6993kbps, PLR =  0.00%( 0.00%), CE =  2.88%( 2.15%)[ 0.0%,  0.0%, 97.9%,  2.1%], RTT = 0.102s, Queue delay = 0.001s, MTU = 1200
 summary  30.0  Transmit rate =  6988kbps, PLR =  0.00%( 0.00%), CE =  2.64%( 2.14%)[ 0.0%,  0.0%, 97.9%,  2.1%], RTT = 0.102s, Queue delay = 0.001s, MTU = 1200
 summary  32.0  Transmit rate =  6988kbps, PLR =  0.00%( 0.00%), CE =  2.78%( 2.19%)[ 0.0%,  0.0%, 97.9%,  2.1%], RTT = 0.102s, Queue delay = 0.001s, MTU = 1200
 summary  34.1  Transmit rate =  6995kbps, PLR =  0.00%( 0.00%), CE =  2.70%( 2.19%)[ 0.0%,  0.0%, 97.9%,  2.1%], RTT = 0.102s, Queue delay = 0.001s, MTU = 1200

======================== Summary ==========================
 Bitrate min/max/avg [kbps]          :  3839/ 8097/ 6225
 RTT     min/max/avg [s]             : 0.050/0.103/0.101
 Queue delay max/avg [s]             : 0.003/0.001
 Packet loss avg [%]                 : 0.000
 ECN/L4S NotECT/ECT(0)/ECT(1)/CE [%] :  0.0/ 0.0/97.9/ 2.1
===========================================================
