Listen on port 5379 to receive RTCP from decoder 
Scream sender started! 
 summary   2.0  Transmit rate =  1474kbps, PLR =  0.00%( 0.00%), CE =  0.84%( 1.79%)[ 0.0%,  0.0%, 98.4%,  1.6%], RTT = 0.068s, Queue delay = 0.000s, MTU = 1200
 summary   4.0  Transmit rate =  2270kbps, PLR =  0.00%( 0.00%), CE =  0.84%( 0.65%)[ 0.0%,  0.0%, 99.4%,  0.6%], RTT = 0.086s, Queue delay = 0.001s, MTU = 1200
 summary   6.0  Transmit rate =  3552kbps, PLR =  0.00%( 0.00%), CE =  0.12%( 0.38%)[ 0.0%,  0.0%, 99.6%,  0.4%], RTT = 0.095s, Queue delay = 0.001s, MTU = 1200
 summary   8.0  Transmit rate =  4721kbps, PLR =  0.00%( 0.00%), CE =  0.12%( 0.30%)[ 0.0%,  0.0%, 99.7%,  0.3%], RTT = 0.099s, Queue delay = 0.001s, MTU = 1200
 summary  10.0  Transmit rate =  5675kbps, PLR =  0.00%( 0.00%), CE =  0.33%( 0.37%)[ 0.0%,  0.0%, 99.6%,  0.4%], RTT = 0.101s, Queue delay = 0.001s, MTU = 1200
 summary  12.0  Transmit rate =  6333kbps, PLR =  0.00%( 0.00%), CE =  0.64%( 0.66%)[ 0.0%,  0.0%, 99.3%,  0.7%], RTT = 0.102s, Queue delay = 0.001s, MTU = 1200
 summary  14.0  Transmit rate =  6650kbps, PLR =  0.00%( 0.00%), CE =  1.75%( 0.95%)[ 0.0%,  0.0%, 99.1%,  0.9%], RTT = 0.102s, Queue delay = 0.001s, MTU = 1200
 summary  16.0  Transmit rate =  6785kbps, PLR =  0.00%( 0.00%), CE =  2.73%( 1.26%)[ 0.0%,  0.0%, 98.8%,  1.2%], RTT = 0.102s, Queue delay = 0.001s, MTU = 1200
 summary  18.0  Transmit rate =  6840kbps, PLR =  0.00%( 0.00%), CE =  2.57%( 1.36%)[ 0.0%,  0.0%, 98.7%,  1.3%], RTT = 0.102s, Queue delay = 0.001s, MTU = 1200
 summary  20.0  Transmit rate =  6877kbps, PLR =  0.00%( 0.00%), CE =  2.40%( 1.47%)[ 0.0%,  0.0%, 98.6%,  1.4%], RTT = 0.102s, Queue delay = 0.001s, MTU = 1200
 summary  22.0  Transmit rate =  6889kbps, PLR =  0.00%( 0.00%), CE =  2.32%( 1.56%)[ 0.0%,  0.0%, 98.5%,  1.5%], RTT = 0.102s, Queue delay = 0.001s, MTU = 1200
 summary  24.0  Transmit rate =  6897kbps, PLR =  0.00%( 0.00%), CE =  2.16%( 1.58%)[ 0.0%,  0.0%, 98.5%,  1.5%], RTT = 0.102s, Queue delay = 0.001s, MTU = 1200
 summary  26.0  Transmit rate =  6905kbps, PLR =  0.00%( 0.00%), CE =  2.40%( 1.64%)[ 0.0%,  0.0%, 98.4%,  1.6%], RTT = 0.102s, Queue delay = 0.001s, MTU = 1200
 summary  28.0  Transmit rate =  6909kbps, PLR =  0.00%( 0.00%), CE =  2.77%( 1.76%)[ 0.0%,  0.0%, 98.3%,  1.7%], RTT = 0.102s, Queue delay = 0.001s, MTU = 1200
 summary  30.0  Transmit rate =  6895kbps, PLR =  0.00%( 0.00%), CE =  2.44%( 1.76%)[ 0.0%,  0.0%, 98.3%,  1.7%], RTT = 0.102s, Queue delay = 0.001s, MTU = 1200
 summary  32.0  Transmit rate =  6890kbps, PLR =  0.00%( 0.00%), CE =  2.44%( 1.78%)[ 0.0%,  0.0%, 98.3%,  1.7%], RTT = 0.102s, Queue delay = 0.001s, MTU = 1200
 summary  34.1  Transmit rate =  6919kbps, PLR =  0.00%( 0.00%), CE =  2.20%( 1.78%)[ 0.0%,  0.0%, 98.3%,  1.7%], RTT = 0.102s, Queue delay = 0.001s, MTU = 1200

======================== Summary ==========================
 Bitrate min/max/avg [kbps]          :  4264/ 8067/ 6126
 RTT     min/max/avg [s]             : 0.050/0.103/0.101
 Queue delay max/avg [s]             : 0.002/0.001
 Packet loss avg [%]                 : 0.000
 ECN/L4S NotECT/ECT(0)/ECT(1)/CE [%] :  0.0/ 0.0/98.3/ 1.7
===========================================================
