Listen on port 5329 to receive RTCP from decoder 
Scream sender started! 
 summary   2.0  Transmit rate =  1270kbps, PLR =  0.00%( 0.00%), CE =  0.84%( 1.85%)[ 0.0%,  0.0%, 98.4%,  1.6%], RTT = 0.067s, Queue delay = 0.000s, MTU = 1200
 summary   4.0  Transmit rate =  2111kbps, PLR =  0.00%( 0.00%), CE =  0.93%( 0.78%)[ 0.0%,  0.0%, 99.3%,  0.7%], RTT = 0.086s, Queue delay = 0.001s, MTU = 1200
 summary   6.0  Transmit rate =  3316kbps, PLR =  0.00%( 0.00%), CE =  0.18%( 0.39%)[ 0.0%,  0.0%, 99.6%,  0.4%], RTT = 0.095s, Queue delay = 0.001s, MTU = 1200
 summary   8.0  Transmit rate =  4878kbps, PLR =  0.00%( 0.00%), CE =  0.07%( 0.30%)[ 0.0%,  0.0%, 99.7%,  0.3%], RTT = 0.099s, Queue delay = 0.001s, MTU = 1200
 summary  10.0  Transmit rate =  5843kbps, PLR =  0.00%( 0.00%), CE =  1.04%( 0.94%)[ 0.0%,  0.0%, 99.1%,  0.9%], RTT = 0.101s, Queue delay = 0.001s, MTU = 1200
 summary  12.0  Transmit rate =  6299kbps, PLR =  0.00%( 0.00%), CE =  2.15%( 1.29%)[ 0.0%,  0.0%, 98.8%,  1.2%], RTT = 0.102s, Queue delay = 0.001s, MTU = 1200
 summary  14.0  Transmit rate =  6505kbps, PLR =  0.00%( 0.00%), CE =  3.14%( 1.63%)[ 0.0%,  0.0%, 98.4%,  1.6%], RTT = 0.102s, Queue delay = 0.001s, MTU = 1200
 summary  16.0  Transmit rate =  6606kbps, PLR =  0.00%( 0.00%), CE =  2.87%( 1.72%)[ 0.0%,  0.0%, 98.3%,  1.7%], RTT = 0.102s, Queue delay = 0.001s, MTU = 1200
 summary  18.0  Transmit rate =  6627kbps, PLR =  0.00%( 0.00%), CE =  2.66%( 1.83%)[ 0.0%,  0.0%, 98.2%,  1.8%], RTT = 0.102s, Queue delay = 0.001s, MTU = 1200
 summary  20.0  Transmit rate =  6659kbps, PLR =  0.00%( 0.00%), CE =  2.64%( 1.90%)[ 0.0%,  0.0%, 98.1%,  1.9%], RTT = 0.102s, Queue delay = 0.001s, MTU = 1200
 summary  22.0  Transmit rate =  6690kbps, PLR =  0.00%( 0.00%), CE =  2.56%( 1.90%)[ 0.0%,  0.0%, 98.1%,  1.9%], RTT = 0.103s, Queue delay = 0.001s, MTU = 1200
 summary  24.0  Transmit rate =  6815kbps, PLR =  0.00%( 0.00%), CE =  1.51%( 1.77%)[ 0.0%,  0.0%, 98.3%,  1.7%], RTT = 0.102s, Queue delay = 0.001s, MTU = 1200
 summary  26.0  Transmit rate =  6924kbps, PLR =  0.00%( 0.00%), CE =  1.87%( 1.90%)[ 0.0%,  0.0%, 98.2%,  1.8%], RTT = 0.102s, Queue delay = 0.001s, MTU = 1200
 summary  28.0  Transmit rate =  6980kbps, PLR =  0.00%( 0.00%), CE =  2.63%( 1.94%)[ 0.0%,  0.0%, 98.1%,  1.9%], RTT = 0.102s, Queue delay = 0.001s, MTU = 1200
 summary  30.0  Transmit rate =  6989kbps, PLR =  0.00%( 0.00%), CE =  2.82%( 2.00%)[ 0.0%,  0.0%, 98.1%,  1.9%], RTT = 0.102s, Queue delay = 0.001s, MTU = 1200
 summary  32.0  Transmit rate =  7000kbps, PLR =  0.00%( 0.00%), CE =  2.78%( 2.00%)[ 0.0%,  0.0%, 98.1%,  1.9%], RTT = 0.102s, Queue delay = 0.001s, MTU = 1200
 summary  34.0  Transmit rate =  7000kbps, PLR =  0.00%( 0.00%), CE =  2.46%( 2.02%)[ 0.0%,  0.0%, 98.0%,  2.0%], RTT = 0.102s, Queue delay = 0.001s, MTU = 1200

======================== Summary ==========================
 Bitrate min/max/avg [kbps]          :  3852/ 8117/ 6099
 RTT     min/max/avg [s]             : 0.050/0.103/0.101
 Queue delay max/avg [s]             : 0.002/0.001
 Packet loss avg [%]                 : 0.000
 ECN/L4S NotECT/ECT(0)/ECT(1)/CE [%] :  0.0/ 0.0/98.0/ 2.0
===========================================================
