Listen on port 5327 to receive RTCP from decoder 
Scream sender started! 
 summary   2.0  Transmit rate =  1463kbps, PLR =  0.00%( 0.00%), CE =  0.84%( 1.85%)[ 0.0%,  0.0%, 98.4%,  1.6%], RTT = 0.067s, Queue delay = 0.000s, MTU = 1200
 summary   4.0  Transmit rate =  2276kbps, PLR =  0.00%( 0.00%), CE =  0.84%( 0.65%)[ 0.0%,  0.0%, 99.4%,  0.6%], RTT = 0.086s, Queue delay = 0.001s, MTU = 1200
 summary   6.0  Transmit rate =  3601kbps, PLR =  0.00%( 0.00%), CE =  0.08%( 0.32%)[ 0.0%,  0.0%, 99.7%,  0.3%], RTT = 0.095s, Queue delay = 0.001s, MTU = 1200
 summary   8.0  Transmit rate =  5339kbps, PLR =  0.00%( 0.00%), CE =  0.06%( 0.24%)[ 0.0%,  0.0%, 99.8%,  0.2%], RTT = 0.099s, Queue delay = 0.001s, MTU = 1200
 summary  10.0  Transmit rate =  6456kbps, PLR =  0.00%( 0.00%), CE =  0.64%( 0.67%)[ 0.0%,  0.0%, 99.4%,  0.6%], RTT = 0.101s, Queue delay = 0.001s, MTU = 1200
 summary  12.0  Transmit rate =  6965kbps, PLR =  0.00%( 0.00%), CE =  1.61%( 1.09%)[ 0.0%,  0.0%, 98.9%,  1.1%], RTT = 0.102s, Queue delay = 0.001s, MTU = 1200
 summary  14.0  Transmit rate =  7197kbps, PLR =  0.00%( 0.00%), CE =  2.42%( 1.30%)[ 0.0%,  0.0%, 98.8%,  1.2%], RTT = 0.102s, Queue delay = 0.001s, MTU = 1200
 summary  16.0  Transmit rate =  7284kbps, PLR =  0.00%( 0.00%), CE =  2.44%( 1.42%)[ 0.0%,  0.0%, 98.6%,  1.4%], RTT = 0.102s, Queue delay = 0.001s, MTU = 1200
 summary  18.0  Transmit rate =  7333kbps, PLR =  0.00%( 0.00%), CE =  2.43%( 1.54%)[ 0.0%,  0.0%, 98.5%,  1.5%], RTT = 0.102s, Queue delay = 0.001s, MTU = 1200
 summary  20.0  Transmit rate =  7356kbps, PLR =  0.00%( 0.00%), CE =  2.58%( 1.64%)[ 0.0%,  0.0%, 98.4%,  1.6%], RTT = 0.103s, Queue delay = 0.001s, MTU = 1200
 summary  22.0  Transmit rate =  7365kbps, PLR =  0.00%( 0.00%), CE =  2.37%( 1.69%)[ 0.0%,  0.0%, 98.4%,  1.6%], RTT = 0.103s, Queue delay = 0.001s, MTU = 1200
 summary  24.0  Transmit rate =  7363kbps, PLR =  0.00%( 0.00%), CE =  2.18%( 1.70%)[ 0.0%,  0.0%, 98.4%,  1.6%], RTT = 0.103s, Queue delay = 0.001s, MTU = 1200
 summary  26.0  Transmit rate =  7362kbps, PLR =  0.00%( 0.00%), CE =  2.39%( 1.76%)[ 0.0%,  0.0%, 98.3%,  1.7%], RTT = 0.103s, Queue delay = 0.001s, MTU = 1200
 summary  28.0  Transmit rate =  7346kbps, PLR =  0.00%( 0.00%), CE =  2.66%( 1.83%)[ 0.0%,  0.0%, 98.3%,  1.7%], RTT = 0.103s, Queue delay = 0.001s, MTU = 1200
 summary  30.0  Transmit rate =  7338kbps, PLR =  0.00%( 0.00%), CE =  2.67%( 1.84%)[ 0.0%,  0.0%, 98.2%,  1.8%], RTT = 0.103s, Queue delay = 0.001s, MTU = 1200
 summary  32.0  Transmit rate =  7325kbps, PLR =  0.00%( 0.00%), CE =  2.42%( 1.88%)[ 0.0%,  0.0%, 98.2%,  1.8%], RTT = 0.102s, Queue delay = 0.001s, MTU = 1200
 summary  34.0  Transmit rate =  7332kbps, PLR =  0.00%( 0.00%), CE =  2.53%( 1.91%)[ 0.0%,  0.0%, 98.2%,  1.8%], RTT = 0.102s, Queue delay = 0.001s, MTU = 1200

======================== Summary ==========================
 Bitrate min/max/avg [kbps]          :     0/ 8532/ 6486
 RTT     min/max/avg [s]             : 0.050/0.103/0.101
 Queue delay max/avg [s]             : 0.002/0.001
 Packet loss avg [%]                 : 0.000
 ECN/L4S NotECT/ECT(0)/ECT(1)/CE [%] :  0.0/ 0.0/98.2/ 1.8
===========================================================
