Listen on port 5373 to receive RTCP from decoder 
Scream sender started! 
 summary   2.0  Transmit rate =  1272kbps, PLR =  0.00%( 0.00%), CE =  0.84%( 1.85%)[ 0.0%,  0.0%, 98.4%,  1.6%], RTT = 0.067s, Queue delay = 0.001s, MTU = 1200
 summary   4.0  Transmit rate =  2145kbps, PLR =  0.00%( 0.00%), CE =  0.91%( 0.77%)[ 0.0%,  0.0%, 99.3%,  0.7%], RTT = 0.086s, Queue delay = 0.001s, MTU = 1200
 summary   6.0  Transmit rate =  3314kbps, PLR =  0.00%( 0.00%), CE =  0.16%( 0.39%)[ 0.0%,  0.0%, 99.6%,  0.4%], RTT = 0.095s, Queue delay = 0.001s, MTU = 1200
 summary   8.0  Transmit rate =  4899kbps, PLR =  0.00%( 0.00%), CE =  0.14%( 0.36%)[ 0.0%,  0.0%, 99.7%,  0.3%], RTT = 0.099s, Queue delay = 0.001s, MTU = 1200
 summary  10.0  Transmit rate =  6038kbps, PLR =  0.00%( 0.00%), CE =  0.89%( 0.85%)[ 0.0%,  0.0%, 99.2%,  0.8%], RTT = 0.101s, Queue delay = 0.001s, MTU = 1200
 summary  12.0  Transmit rate =  6542kbps, PLR =  0.00%( 0.00%), CE =  1.94%( 1.30%)[ 0.0%,  0.0%, 98.8%,  1.2%], RTT = 0.102s, Queue delay = 0.001s, MTU = 1200
 summary  14.0  Transmit rate =  6792kbps, PLR =  0.00%( 0.00%), CE =  2.85%( 1.52%)[ 0.0%,  0.0%, 98.5%,  1.5%], RTT = 0.102s, Queue delay = 0.001s, MTU = 1200
 summary  16.0  Transmit rate =  6890kbps, PLR =  0.00%( 0.00%), CE =  2.78%( 1.69%)[ 0.0%,  0.0%, 98.4%,  1.6%], RTT = 0.102s, Queue delay = 0.001s, MTU = 1200
 summary  18.0  Transmit rate =  6925kbps, PLR =  0.00%( 0.00%), CE =  2.67%( 1.72%)[ 0.0%,  0.0%, 98.3%,  1.7%], RTT = 0.102s, Queue delay = 0.001s, MTU = 1200
 summary  20.0  Transmit rate =  6959kbps, PLR =  0.00%( 0.00%), CE =  3.00%( 1.87%)[ 0.0%,  0.0%, 98.2%,  1.8%], RTT = 0.102s, Queue delay = 0.001s, MTU = 1200
 summary  22.0  Transmit rate =  6960kbps, PLR =  0.00%( 0.00%), CE =  3.02%( 1.95%)[ 0.0%,  0.0%, 98.1%,  1.9%], RTT = 0.102s, Queue delay = 0.001s, MTU = 1200
 summary  24.0  Transmit rate =  6962kbps, PLR =  0.00%( 0.00%), CE =  3.07%( 2.02%)[ 0.0%,  0.0%, 98.1%,  1.9%], RTT = 0.102s, Queue delay = 0.001s, MTU = 1200
 summary  26.0  Transmit rate =  6972kbps, PLR =  0.00%( 0.00%), CE =  2.88%( 2.07%)[ 0.0%,  0.0%, 98.0%,  2.0%], RTT = 0.102s, Queue delay = 0.001s, MTU = 1200
 summary  28.0  Transmit rate =  6969kbps, PLR =  0.00%( 0.00%), CE =  2.93%( 2.10%)[ 0.0%,  0.0%, 98.0%,  2.0%], RTT = 0.102s, Queue delay = 0.001s, MTU = 1200
 summary  30.0  Transmit rate =  6975kbps, PLR =  0.00%( 0.00%), CE =  2.39%( 2.10%)[ 0.0%,  0.0%, 98.0%,  2.0%], RTT = 0.102s, Queue delay = 0.001s, MTU = 1200
 summary  32.0  Transmit rate =  6987kbps, PLR =  0.00%( 0.00%), CE =  2.69%( 2.15%)[ 0.0%,  0.0%, 97.9%,  2.1%], RTT = 0.102s, Queue delay = 0.001s, MTU = 1200
 summary  34.0  Transmit rate =  6982kbps, PLR =  0.00%( 0.00%), CE =  2.71%( 2.17%)[ 0.0%,  0.0%, 97.9%,  2.1%], RTT = 0.102s, Queue delay = 0.001s, MTU = 1200

======================== Summary ==========================
 Bitrate min/max/avg [kbps]          :  3738/ 8080/ 6216
 RTT     min/max/avg [s]             : 0.050/0.103/0.101
 Queue delay max/avg [s]             : 0.002/0.001
 Packet loss avg [%]                 : 0.000
 ECN/L4S NotECT/ECT(0)/ECT(1)/CE [%] :  0.0/ 0.0/97.9/ 2.1
===========================================================
