Listen on port 5345 to receive RTCP from decoder 
Scream sender started! 
 summary   2.0  Transmit rate =  1474kbps, PLR =  0.00%( 0.00%), CE =  0.84%( 1.79%)[ 0.0%,  0.0%, 98.4%,  1.6%], RTT = 0.068s, Queue delay = 0.000s, MTU = 1200
 summary   4.0  Transmit rate =  2271kbps, PLR =  0.00%( 0.00%), CE =  0.89%( 0.76%)[ 0.0%,  0.0%, 99.3%,  0.7%], RTT = 0.086s, Queue delay = 0.001s, MTU = 1200
 summary   6.0  Transmit rate =  3363kbps, PLR =  0.00%( 0.00%), CE =  0.19%( 0.45%)[ 0.0%,  0.0%, 99.6%,  0.4%], RTT = 0.095s, Queue delay = 0.001s, MTU = 1200
 summary   8.0  Transmit rate =  4634kbps, PLR =  0.00%( 0.00%), CE =  0.18%( 0.34%)[ 0.0%,  0.0%, 99.7%,  0.3%], RTT = 0.099s, Queue delay = 0.001s, MTU = 1200
 summary  10.0  Transmit rate =  5871kbps, PLR =  0.00%( 0.00%), CE =  0.27%( 0.37%)[ 0.0%,  0.0%, 99.6%,  0.4%], RTT = 0.101s, Queue delay = 0.001s, MTU = 1200
 summary  12.0  Transmit rate =  6615kbps, PLR =  0.00%( 0.00%), CE =  0.87%( 0.69%)[ 0.0%,  0.0%, 99.3%,  0.7%], RTT = 0.102s, Queue delay = 0.001s, MTU = 1200
 summary  14.0  Transmit rate =  6999kbps, PLR =  0.00%( 0.00%), CE =  1.74%( 0.97%)[ 0.0%,  0.0%, 99.1%,  0.9%], RTT = 0.102s, Queue delay = 0.001s, MTU = 1200
 summary  16.0  Transmit rate =  7232kbps, PLR =  0.00%( 0.00%), CE =  1.96%( 0.94%)[ 0.0%,  0.0%, 99.1%,  0.9%], RTT = 0.102s, Queue delay = 0.001s, MTU = 1200
 summary  18.0  Transmit rate =  7483kbps, PLR =  0.00%( 0.00%), CE =  1.18%( 0.96%)[ 0.0%,  0.0%, 99.1%,  0.9%], RTT = 0.103s, Queue delay = 0.001s, MTU = 1200
 summary  20.0  Transmit rate =  7624kbps, PLR =  0.00%( 0.00%), CE =  1.54%( 1.10%)[ 0.0%,  0.0%, 98.9%,  1.1%], RTT = 0.103s, Queue delay = 0.001s, MTU = 1200
 summary  22.0  Transmit rate =  7649kbps, PLR =  0.00%( 0.00%), CE =  2.54%( 1.29%)[ 0.0%,  0.0%, 98.7%,  1.3%], RTT = 0.103s, Queue delay = 0.001s, MTU = 1200
 summary  24.0  Transmit rate =  7670kbps, PLR =  0.00%( 0.00%), CE =  2.60%( 1.40%)[ 0.0%,  0.0%, 98.6%,  1.4%], RTT = 0.103s, Queue delay = 0.001s, MTU = 1200
 summary  26.0  Transmit rate =  7691kbps, PLR =  0.00%( 0.00%), CE =  2.35%( 1.45%)[ 0.0%,  0.0%, 98.6%,  1.4%], RTT = 0.103s, Queue delay = 0.001s, MTU = 1200
 summary  28.0  Transmit rate =  7677kbps, PLR =  0.00%( 0.00%), CE =  2.58%( 1.55%)[ 0.0%,  0.0%, 98.5%,  1.5%], RTT = 0.103s, Queue delay = 0.001s, MTU = 1200
 summary  30.0  Transmit rate =  7692kbps, PLR =  0.00%( 0.00%), CE =  2.59%( 1.60%)[ 0.0%,  0.0%, 98.4%,  1.6%], RTT = 0.103s, Queue delay = 0.001s, MTU = 1200
 summary  32.1  Transmit rate =  7682kbps, PLR =  0.00%( 0.00%), CE =  2.55%( 1.62%)[ 0.0%,  0.0%, 98.4%,  1.6%], RTT = 0.102s, Queue delay = 0.001s, MTU = 1200
 summary  34.1  Transmit rate =  7674kbps, PLR =  0.00%( 0.00%), CE =  2.46%( 1.68%)[ 0.0%,  0.0%, 98.4%,  1.6%], RTT = 0.103s, Queue delay = 0.001s, MTU = 1200

======================== Summary ==========================
 Bitrate min/max/avg [kbps]          :  3776/ 8954/ 6626
 RTT     min/max/avg [s]             : 0.050/0.103/0.101
 Queue delay max/avg [s]             : 0.002/0.001
 Packet loss avg [%]                 : 0.000
 ECN/L4S NotECT/ECT(0)/ECT(1)/CE [%] :  0.0/ 0.0/98.4/ 1.6
===========================================================
