Listen on port 5315 to receive RTCP from decoder 
Scream sender started! 
 summary   2.0  Transmit rate =  1462kbps, PLR =  0.00%( 0.00%), CE =  0.84%( 1.85%)[ 0.0%,  0.0%, 98.4%,  1.6%], RTT = 0.067s, Queue delay = 0.000s, MTU = 1200
 summary   4.0  Transmit rate =  2272kbps, PLR =  0.00%( 0.00%), CE =  0.84%( 0.67%)[ 0.0%,  0.0%, 99.3%,  0.7%], RTT = 0.086s, Queue delay = 0.001s, MTU = 1200
 summary   6.0  Transmit rate =  3412kbps, PLR =  0.00%( 0.00%), CE =  0.09%( 0.34%)[ 0.0%,  0.0%, 99.6%,  0.4%], RTT = 0.095s, Queue delay = 0.001s, MTU = 1200
 summary   8.0  Transmit rate =  4874kbps, PLR =  0.00%( 0.00%), CE =  0.06%( 0.25%)[ 0.0%,  0.0%, 99.7%,  0.3%], RTT = 0.099s, Queue delay = 0.001s, MTU = 1200
 summary  10.0  Transmit rate =  6093kbps, PLR =  0.00%( 0.00%), CE =  0.44%( 0.48%)[ 0.0%,  0.0%, 99.5%,  0.5%], RTT = 0.101s, Queue delay = 0.001s, MTU = 1200
 summary  12.0  Transmit rate =  6734kbps, PLR =  0.00%( 0.00%), CE =  1.16%( 0.90%)[ 0.0%,  0.0%, 99.1%,  0.9%], RTT = 0.102s, Queue delay = 0.001s, MTU = 1200
 summary  14.0  Transmit rate =  7048kbps, PLR =  0.00%( 0.00%), CE =  1.87%( 1.19%)[ 0.0%,  0.0%, 98.8%,  1.2%], RTT = 0.102s, Queue delay = 0.001s, MTU = 1200
 summary  16.0  Transmit rate =  7177kbps, PLR =  0.00%( 0.00%), CE =  2.82%( 1.41%)[ 0.0%,  0.0%, 98.6%,  1.4%], RTT = 0.102s, Queue delay = 0.001s, MTU = 1200
 summary  18.0  Transmit rate =  7232kbps, PLR =  0.00%( 0.00%), CE =  2.66%( 1.51%)[ 0.0%,  0.0%, 98.5%,  1.5%], RTT = 0.102s, Queue delay = 0.001s, MTU = 1200
 summary  20.0  Transmit rate =  7272kbps, PLR =  0.00%( 0.00%), CE =  2.66%( 1.68%)[ 0.0%,  0.0%, 98.4%,  1.6%], RTT = 0.102s, Queue delay = 0.001s, MTU = 1200
 summary  22.0  Transmit rate =  7271kbps, PLR =  0.00%( 0.00%), CE =  2.82%( 1.73%)[ 0.0%,  0.0%, 98.3%,  1.7%], RTT = 0.102s, Queue delay = 0.001s, MTU = 1200
 summary  24.0  Transmit rate =  7272kbps, PLR =  0.00%( 0.00%), CE =  2.70%( 1.81%)[ 0.0%,  0.0%, 98.3%,  1.7%], RTT = 0.102s, Queue delay = 0.001s, MTU = 1200
 summary  26.0  Transmit rate =  7286kbps, PLR =  0.00%( 0.00%), CE =  2.68%( 1.85%)[ 0.0%,  0.0%, 98.2%,  1.8%], RTT = 0.102s, Queue delay = 0.001s, MTU = 1200
 summary  28.0  Transmit rate =  7278kbps, PLR =  0.00%( 0.00%), CE =  2.70%( 1.91%)[ 0.0%,  0.0%, 98.2%,  1.8%], RTT = 0.102s, Queue delay = 0.001s, MTU = 1200
 summary  30.0  Transmit rate =  7270kbps, PLR =  0.00%( 0.00%), CE =  2.66%( 1.93%)[ 0.0%,  0.0%, 98.1%,  1.9%], RTT = 0.102s, Queue delay = 0.001s, MTU = 1200
 summary  32.0  Transmit rate =  7273kbps, PLR =  0.00%( 0.00%), CE =  2.66%( 1.97%)[ 0.0%,  0.0%, 98.1%,  1.9%], RTT = 0.102s, Queue delay = 0.001s, MTU = 1200
 summary  34.0  Transmit rate =  7278kbps, PLR =  0.00%( 0.00%), CE =  2.63%( 2.00%)[ 0.0%,  0.0%, 98.1%,  1.9%], RTT = 0.102s, Queue delay = 0.001s, MTU = 1200

======================== Summary ==========================
 Bitrate min/max/avg [kbps]          :  3837/ 8446/ 6440
 RTT     min/max/avg [s]             : 0.050/0.103/0.101
 Queue delay max/avg [s]             : 0.002/0.001
 Packet loss avg [%]                 : 0.000
 ECN/L4S NotECT/ECT(0)/ECT(1)/CE [%] :  0.0/ 0.0/98.1/ 1.9
===========================================================
