Listen on port 5317 to receive RTCP from decoder 
Scream sender started! 
 summary   2.0  Transmit rate =  1465kbps, PLR =  0.00%( 0.00%), CE =  0.84%( 1.85%)[ 0.0%,  0.0%, 98.4%,  1.6%], RTT = 0.067s, Queue delay = 0.000s, MTU = 1200
 summary   4.0  Transmit rate =  2284kbps, PLR =  0.00%( 0.00%), CE =  0.84%( 0.75%)[ 0.0%,  0.0%, 99.3%,  0.7%], RTT = 0.086s, Queue delay = 0.001s, MTU = 1200
 summary   6.0  Transmit rate =  3428kbps, PLR =  0.00%( 0.00%), CE =  0.16%( 0.41%)[ 0.0%,  0.0%, 99.6%,  0.4%], RTT = 0.095s, Queue delay = 0.001s, MTU = 1200
 summary   8.0  Transmit rate =  4523kbps, PLR =  0.00%( 0.00%), CE =  0.16%( 0.36%)[ 0.0%,  0.0%, 99.6%,  0.4%], RTT = 0.099s, Queue delay = 0.001s, MTU = 1200
 summary  10.0  Transmit rate =  5307kbps, PLR =  0.00%( 0.00%), CE =  0.21%( 0.32%)[ 0.0%,  0.0%, 99.7%,  0.3%], RTT = 0.101s, Queue delay = 0.001s, MTU = 1200
 summary  12.0  Transmit rate =  5823kbps, PLR =  0.00%( 0.00%), CE =  0.18%( 0.27%)[ 0.0%,  0.0%, 99.7%,  0.3%], RTT = 0.102s, Queue delay = 0.001s, MTU = 1200
 summary  14.0  Transmit rate =  6182kbps, PLR =  0.00%( 0.00%), CE =  0.75%( 0.50%)[ 0.0%,  0.0%, 99.5%,  0.5%], RTT = 0.102s, Queue delay = 0.001s, MTU = 1200
 summary  16.0  Transmit rate =  6519kbps, PLR =  0.00%( 0.00%), CE =  0.73%( 0.47%)[ 0.0%,  0.0%, 99.5%,  0.5%], RTT = 0.102s, Queue delay = 0.001s, MTU = 1200
 summary  18.0  Transmit rate =  6731kbps, PLR =  0.00%( 0.00%), CE =  1.43%( 0.81%)[ 0.0%,  0.0%, 99.2%,  0.8%], RTT = 0.102s, Queue delay = 0.001s, MTU = 1200
 summary  20.0  Transmit rate =  6823kbps, PLR =  0.00%( 0.00%), CE =  2.65%( 1.12%)[ 0.0%,  0.0%, 98.9%,  1.1%], RTT = 0.102s, Queue delay = 0.001s, MTU = 1200
 summary  22.0  Transmit rate =  6858kbps, PLR =  0.00%( 0.00%), CE =  3.02%( 1.26%)[ 0.0%,  0.0%, 98.8%,  1.2%], RTT = 0.102s, Queue delay = 0.001s, MTU = 1200
 summary  24.0  Transmit rate =  6888kbps, PLR =  0.00%( 0.00%), CE =  3.20%( 1.45%)[ 0.0%,  0.0%, 98.6%,  1.4%], RTT = 0.102s, Queue delay = 0.001s, MTU = 1200
 summary  26.0  Transmit rate =  6882kbps, PLR =  0.00%( 0.00%), CE =  3.14%( 1.56%)[ 0.0%,  0.0%, 98.5%,  1.5%], RTT = 0.102s, Queue delay = 0.001s, MTU = 1200
 summary  28.0  Transmit rate =  6891kbps, PLR =  0.00%( 0.00%), CE =  2.91%( 1.62%)[ 0.0%,  0.0%, 98.5%,  1.5%], RTT = 0.102s, Queue delay = 0.001s, MTU = 1200
 summary  30.0  Transmit rate =  6905kbps, PLR =  0.00%( 0.00%), CE =  2.78%( 1.70%)[ 0.0%,  0.0%, 98.4%,  1.6%], RTT = 0.102s, Queue delay = 0.001s, MTU = 1200
 summary  32.0  Transmit rate =  6908kbps, PLR =  0.00%( 0.00%), CE =  2.93%( 1.77%)[ 0.0%,  0.0%, 98.3%,  1.7%], RTT = 0.102s, Queue delay = 0.001s, MTU = 1200
 summary  34.0  Transmit rate =  6905kbps, PLR =  0.00%( 0.00%), CE =  3.00%( 1.85%)[ 0.0%,  0.0%, 98.2%,  1.8%], RTT = 0.102s, Queue delay = 0.001s, MTU = 1200

======================== Summary ==========================
 Bitrate min/max/avg [kbps]          :  3933/ 8008/ 6005
 RTT     min/max/avg [s]             : 0.050/0.103/0.101
 Queue delay max/avg [s]             : 0.002/0.001
 Packet loss avg [%]                 : 0.000
 ECN/L4S NotECT/ECT(0)/ECT(1)/CE [%] :  0.0/ 0.0/98.2/ 1.8
===========================================================
