Listen on port 5301 to receive RTCP from decoder 
Scream sender started! 
 summary   2.0  Transmit rate =  1471kbps, PLR =  0.00%( 0.00%), CE =  0.84%( 1.80%)[ 0.0%,  0.0%, 98.4%,  1.6%], RTT = 0.068s, Queue delay = 0.000s, MTU = 1200
 summary   4.0  Transmit rate =  2279kbps, PLR =  0.00%( 0.00%), CE =  0.84%( 0.65%)[ 0.0%,  0.0%, 99.4%,  0.6%], RTT = 0.086s, Queue delay = 0.001s, MTU = 1200
 summary   6.0  Transmit rate =  3621kbps, PLR =  0.00%( 0.00%), CE =  0.08%( 0.32%)[ 0.0%,  0.0%, 99.7%,  0.3%], RTT = 0.095s, Queue delay = 0.001s, MTU = 1200
 summary   8.0  Transmit rate =  5277kbps, PLR =  0.00%( 0.00%), CE =  0.15%( 0.34%)[ 0.0%,  0.0%, 99.7%,  0.3%], RTT = 0.099s, Queue delay = 0.001s, MTU = 1200
 summary  10.0  Transmit rate =  6199kbps, PLR =  0.00%( 0.00%), CE =  1.52%( 1.29%)[ 0.0%,  0.0%, 98.7%,  1.3%], RTT = 0.101s, Queue delay = 0.001s, MTU = 1200
 summary  12.0  Transmit rate =  6619kbps, PLR =  0.00%( 0.00%), CE =  2.50%( 1.48%)[ 0.0%,  0.0%, 98.6%,  1.4%], RTT = 0.102s, Queue delay = 0.001s, MTU = 1200
 summary  14.0  Transmit rate =  6805kbps, PLR =  0.00%( 0.00%), CE =  2.87%( 1.69%)[ 0.0%,  0.0%, 98.4%,  1.6%], RTT = 0.102s, Queue delay = 0.001s, MTU = 1200
 summary  16.0  Transmit rate =  6887kbps, PLR =  0.00%( 0.00%), CE =  2.68%( 1.80%)[ 0.0%,  0.0%, 98.3%,  1.7%], RTT = 0.102s, Queue delay = 0.001s, MTU = 1200
 summary  18.0  Transmit rate =  6913kbps, PLR =  0.00%( 0.00%), CE =  2.87%( 1.92%)[ 0.0%,  0.0%, 98.2%,  1.8%], RTT = 0.102s, Queue delay = 0.001s, MTU = 1200
 summary  20.0  Transmit rate =  6944kbps, PLR =  0.00%( 0.00%), CE =  3.08%( 2.03%)[ 0.0%,  0.0%, 98.1%,  1.9%], RTT = 0.102s, Queue delay = 0.001s, MTU = 1200
 summary  22.0  Transmit rate =  6945kbps, PLR =  0.00%( 0.00%), CE =  2.71%( 2.03%)[ 0.0%,  0.0%, 98.1%,  1.9%], RTT = 0.102s, Queue delay = 0.001s, MTU = 1200
 summary  24.0  Transmit rate =  6950kbps, PLR =  0.00%( 0.00%), CE =  2.90%( 2.13%)[ 0.0%,  0.0%, 98.0%,  2.0%], RTT = 0.102s, Queue delay = 0.001s, MTU = 1200
 summary  26.0  Transmit rate =  6961kbps, PLR =  0.00%( 0.00%), CE =  3.14%( 2.22%)[ 0.0%,  0.0%, 97.9%,  2.1%], RTT = 0.102s, Queue delay = 0.001s, MTU = 1200
 summary  28.0  Transmit rate =  6946kbps, PLR =  0.00%( 0.00%), CE =  2.89%( 2.22%)[ 0.0%,  0.0%, 97.9%,  2.1%], RTT = 0.102s, Queue delay = 0.001s, MTU = 1200
 summary  30.0  Transmit rate =  6954kbps, PLR =  0.00%( 0.00%), CE =  2.66%( 2.25%)[ 0.0%,  0.0%, 97.8%,  2.2%], RTT = 0.102s, Queue delay = 0.001s, MTU = 1200
 summary  32.0  Transmit rate =  6962kbps, PLR =  0.00%( 0.00%), CE =  2.54%( 2.26%)[ 0.0%,  0.0%, 97.8%,  2.2%], RTT = 0.102s, Queue delay = 0.001s, MTU = 1200
 summary  34.1  Transmit rate =  6939kbps, PLR =  0.00%( 0.00%), CE =  2.99%( 2.30%)[ 0.0%,  0.0%, 97.8%,  2.2%], RTT = 0.102s, Queue delay = 0.001s, MTU = 1200

======================== Summary ==========================
 Bitrate min/max/avg [kbps]          :  4308/ 8054/ 6257
 RTT     min/max/avg [s]             : 0.050/0.103/0.101
 Queue delay max/avg [s]             : 0.002/0.001
 Packet loss avg [%]                 : 0.000
 ECN/L4S NotECT/ECT(0)/ECT(1)/CE [%] :  0.0/ 0.0/97.8/ 2.2
===========================================================
