Listen on port 5325 to receive RTCP from decoder 
Scream sender started! 
 summary   2.0  Transmit rate =  1287kbps, PLR =  0.00%( 0.00%), CE =  0.84%( 1.79%)[ 0.0%,  0.0%, 98.4%,  1.6%], RTT = 0.068s, Queue delay = 0.000s, MTU = 1200
 summary   4.0  Transmit rate =  2203kbps, PLR =  0.00%( 0.00%), CE =  0.84%( 0.64%)[ 0.0%,  0.0%, 99.4%,  0.6%], RTT = 0.086s, Queue delay = 0.001s, MTU = 1200
 summary   6.0  Transmit rate =  3362kbps, PLR =  0.00%( 0.00%), CE =  0.18%( 0.44%)[ 0.0%,  0.0%, 99.6%,  0.4%], RTT = 0.095s, Queue delay = 0.001s, MTU = 1200
 summary   8.0  Transmit rate =  4362kbps, PLR =  0.00%( 0.00%), CE =  0.10%( 0.28%)[ 0.0%,  0.0%, 99.7%,  0.3%], RTT = 0.099s, Queue delay = 0.001s, MTU = 1200
 summary  10.0  Transmit rate =  5701kbps, PLR =  0.00%( 0.00%), CE =  0.41%( 0.47%)[ 0.0%,  0.0%, 99.5%,  0.5%], RTT = 0.101s, Queue delay = 0.001s, MTU = 1200
 summary  12.0  Transmit rate =  6419kbps, PLR =  0.00%( 0.00%), CE =  1.44%( 1.06%)[ 0.0%,  0.0%, 99.0%,  1.0%], RTT = 0.102s, Queue delay = 0.001s, MTU = 1200
 summary  14.0  Transmit rate =  6769kbps, PLR =  0.00%( 0.00%), CE =  2.34%( 1.33%)[ 0.0%,  0.0%, 98.7%,  1.3%], RTT = 0.102s, Queue delay = 0.001s, MTU = 1200
 summary  16.0  Transmit rate =  6923kbps, PLR =  0.00%( 0.00%), CE =  2.71%( 1.46%)[ 0.0%,  0.0%, 98.6%,  1.4%], RTT = 0.102s, Queue delay = 0.001s, MTU = 1200
 summary  18.0  Transmit rate =  6978kbps, PLR =  0.00%( 0.00%), CE =  3.01%( 1.68%)[ 0.0%,  0.0%, 98.4%,  1.6%], RTT = 0.102s, Queue delay = 0.001s, MTU = 1200
 summary  20.0  Transmit rate =  7025kbps, PLR =  0.00%( 0.00%), CE =  2.79%( 1.75%)[ 0.0%,  0.0%, 98.3%,  1.7%], RTT = 0.102s, Queue delay = 0.001s, MTU = 1200
 summary  22.0  Transmit rate =  7110kbps, PLR =  0.00%( 0.00%), CE =  2.14%( 1.65%)[ 0.0%,  0.0%, 98.4%,  1.6%], RTT = 0.102s, Queue delay = 0.001s, MTU = 1200
 summary  24.0  Transmit rate =  7247kbps, PLR =  0.00%( 0.00%), CE =  1.77%( 1.67%)[ 0.0%,  0.0%, 98.4%,  1.6%], RTT = 0.102s, Queue delay = 0.001s, MTU = 1200
 summary  26.0  Transmit rate =  7321kbps, PLR =  0.00%( 0.00%), CE =  1.90%( 1.74%)[ 0.0%,  0.0%, 98.3%,  1.7%], RTT = 0.102s, Queue delay = 0.001s, MTU = 1200
 summary  28.0  Transmit rate =  7345kbps, PLR =  0.00%( 0.00%), CE =  2.48%( 1.76%)[ 0.0%,  0.0%, 98.3%,  1.7%], RTT = 0.102s, Queue delay = 0.001s, MTU = 1200
 summary  30.0  Transmit rate =  7352kbps, PLR =  0.00%( 0.00%), CE =  2.23%( 1.76%)[ 0.0%,  0.0%, 98.3%,  1.7%], RTT = 0.102s, Queue delay = 0.001s, MTU = 1200
 summary  32.0  Transmit rate =  7366kbps, PLR =  0.00%( 0.00%), CE =  2.31%( 1.84%)[ 0.0%,  0.0%, 98.2%,  1.8%], RTT = 0.102s, Queue delay = 0.001s, MTU = 1200
 summary  34.1  Transmit rate =  7377kbps, PLR =  0.00%( 0.00%), CE =  2.36%( 1.83%)[ 0.0%,  0.0%, 98.2%,  1.8%], RTT = 0.102s, Queue delay = 0.001s, MTU = 1200

======================== Summary ==========================
 Bitrate min/max/avg [kbps]          :  3867/ 8533/ 6326
 RTT     min/max/avg [s]             : 0.050/0.103/0.101
 Queue delay max/avg [s]             : 0.002/0.001
 Packet loss avg [%]                 : 0.000
 ECN/L4S NotECT/ECT(0)/ECT(1)/CE [%] :  0.0/ 0.0/98.2/ 1.8
===========================================================
