Listen on port 5397 to receive RTCP from decoder 
Scream sender started! 
 summary   2.0  Transmit rate =  4887kbps, PLR =  0.00%( 0.00%), CE =  1.39%( 6.07%)[ 0.0%,  0.0%, 93.9%,  6.1%], RTT = 0.036s, Queue delay = 0.001s, MTU = 1200
 summary   4.0  Transmit rate =  6364kbps, PLR =  0.00%( 0.00%), CE =  5.47%( 7.57%)[ 0.0%,  0.0%, 92.7%,  7.3%], RTT = 0.029s, Queue delay = 0.002s, MTU = 1200
 summary   6.0  Transmit rate =  7171kbps, PLR =  0.00%( 0.00%), CE =  8.34%( 7.38%)[ 0.0%,  0.0%, 92.8%,  7.2%], RTT = 0.026s, Queue delay = 0.002s, MTU = 1200
 summary   8.0  Transmit rate =  7447kbps, PLR =  0.00%( 0.00%), CE =  8.69%( 7.52%)[ 0.0%,  0.0%, 92.7%,  7.3%], RTT = 0.024s, Queue delay = 0.002s, MTU = 1200
 summary  10.0  Transmit rate =  7489kbps, PLR =  0.00%( 0.00%), CE =  9.53%( 7.56%)[ 0.0%,  0.0%, 92.7%,  7.3%], RTT = 0.024s, Queue delay = 0.002s, MTU = 1200
 summary  12.0  Transmit rate =  7505kbps, PLR =  0.00%( 0.00%), CE =  9.09%( 7.71%)[ 0.0%,  0.0%, 92.5%,  7.5%], RTT = 0.024s, Queue delay = 0.002s, MTU = 1200
 summary  14.0  Transmit rate =  7644kbps, PLR =  0.00%( 0.00%), CE =  8.78%( 7.61%)[ 0.0%,  0.0%, 92.5%,  7.5%], RTT = 0.023s, Queue delay = 0.002s, MTU = 1200
 summary  16.0  Transmit rate =  7581kbps, PLR =  0.00%( 0.00%), CE =  8.95%( 7.73%)[ 0.0%,  0.0%, 92.5%,  7.5%], RTT = 0.023s, Queue delay = 0.002s, MTU = 1200
 summary  18.0  Transmit rate =  7666kbps, PLR =  0.00%( 0.00%), CE =  8.57%( 7.74%)[ 0.0%,  0.0%, 92.5%,  7.5%], RTT = 0.023s, Queue delay = 0.002s, MTU = 1200
 summary  20.0  Transmit rate =  7675kbps, PLR =  0.00%( 0.00%), CE =  9.50%( 7.85%)[ 0.0%,  0.0%, 92.4%,  7.6%], RTT = 0.023s, Queue delay = 0.002s, MTU = 1200
 summary  22.0  Transmit rate =  7769kbps, PLR =  0.00%( 0.00%), CE =  8.92%( 7.84%)[ 0.0%,  0.0%, 92.4%,  7.6%], RTT = 0.023s, Queue delay = 0.002s, MTU = 1200
 summary  24.0  Transmit rate =  7709kbps, PLR =  0.00%( 0.00%), CE =  9.37%( 7.93%)[ 0.0%,  0.0%, 92.3%,  7.7%], RTT = 0.023s, Queue delay = 0.002s, MTU = 1200
 summary  26.0  Transmit rate =  7656kbps, PLR =  0.00%( 0.00%), CE =  9.23%( 7.81%)[ 0.0%,  0.0%, 92.4%,  7.6%], RTT = 0.023s, Queue delay = 0.002s, MTU = 1200
 summary  28.0  Transmit rate =  7612kbps, PLR =  0.00%( 0.00%), CE =  8.23%( 7.82%)[ 0.0%,  0.0%, 92.4%,  7.6%], RTT = 0.023s, Queue delay = 0.002s, MTU = 1200
 summary  30.0  Transmit rate =  7562kbps, PLR =  0.00%( 0.00%), CE =  8.30%( 7.82%)[ 0.0%,  0.0%, 92.4%,  7.6%], RTT = 0.023s, Queue delay = 0.002s, MTU = 1200
 summary  32.0  Transmit rate =  7678kbps, PLR =  0.00%( 0.00%), CE =  8.61%( 7.84%)[ 0.0%,  0.0%, 92.4%,  7.6%], RTT = 0.023s, Queue delay = 0.002s, MTU = 1200
 summary  34.0  Transmit rate =  7726kbps, PLR =  0.00%( 0.00%), CE =  8.02%( 7.74%)[ 0.0%,  0.0%, 92.5%,  7.5%], RTT = 0.023s, Queue delay = 0.002s, MTU = 1200

======================== Summary ==========================
 Bitrate min/max/avg [kbps]          :     0/ 9203/ 7506
 RTT     min/max/avg [s]             : 0.023/0.049/0.024
 Queue delay max/avg [s]             : 0.003/0.002
 Packet loss avg [%]                 : 0.000
 ECN/L4S NotECT/ECT(0)/ECT(1)/CE [%] :  0.0/ 0.0/92.5/ 7.5
===========================================================
