Listen on port 5355 to receive RTCP from decoder 
Scream sender started! 
 summary   2.0  Transmit rate =  4689kbps, PLR =  0.00%( 0.00%), CE =  1.07%( 4.18%)[ 0.0%,  0.0%, 95.8%,  4.2%], RTT = 0.036s, Queue delay = 0.001s, MTU = 1200
 summary   4.0  Transmit rate =  6263kbps, PLR =  0.00%( 0.00%), CE =  4.37%( 5.27%)[ 0.0%,  0.0%, 94.8%,  5.2%], RTT = 0.029s, Queue delay = 0.001s, MTU = 1200
 summary   6.0  Transmit rate =  6900kbps, PLR =  0.00%( 0.00%), CE =  7.09%( 6.43%)[ 0.0%,  0.0%, 93.8%,  6.2%], RTT = 0.026s, Queue delay = 0.002s, MTU = 1200
 summary   8.0  Transmit rate =  7272kbps, PLR =  0.00%( 0.00%), CE =  7.48%( 6.13%)[ 0.0%,  0.0%, 94.1%,  5.9%], RTT = 0.025s, Queue delay = 0.002s, MTU = 1200
 summary  10.0  Transmit rate =  7474kbps, PLR =  0.00%( 0.00%), CE =  7.92%( 6.42%)[ 0.0%,  0.0%, 93.8%,  6.2%], RTT = 0.024s, Queue delay = 0.002s, MTU = 1200
 summary  12.0  Transmit rate =  7508kbps, PLR =  0.00%( 0.00%), CE =  7.69%( 6.67%)[ 0.0%,  0.0%, 93.6%,  6.4%], RTT = 0.024s, Queue delay = 0.002s, MTU = 1200
 summary  14.0  Transmit rate =  7577kbps, PLR =  0.00%( 0.00%), CE =  7.70%( 6.63%)[ 0.0%,  0.0%, 93.6%,  6.4%], RTT = 0.024s, Queue delay = 0.002s, MTU = 1200
 summary  16.0  Transmit rate =  7591kbps, PLR =  0.00%( 0.00%), CE =  6.67%( 6.41%)[ 0.0%,  0.0%, 93.8%,  6.2%], RTT = 0.024s, Queue delay = 0.002s, MTU = 1200
 summary  18.0  Transmit rate =  7532kbps, PLR =  0.00%( 0.00%), CE =  7.09%( 6.49%)[ 0.0%,  0.0%, 93.7%,  6.3%], RTT = 0.024s, Queue delay = 0.002s, MTU = 1200
 summary  20.0  Transmit rate =  7581kbps, PLR =  0.00%( 0.00%), CE =  7.21%( 6.61%)[ 0.0%,  0.0%, 93.6%,  6.4%], RTT = 0.024s, Queue delay = 0.002s, MTU = 1200
 summary  22.0  Transmit rate =  7583kbps, PLR =  0.00%( 0.00%), CE =  7.57%( 6.59%)[ 0.0%,  0.0%, 93.6%,  6.4%], RTT = 0.024s, Queue delay = 0.002s, MTU = 1200
 summary  24.0  Transmit rate =  7659kbps, PLR =  0.00%( 0.00%), CE =  7.42%( 6.57%)[ 0.0%,  0.0%, 93.6%,  6.4%], RTT = 0.024s, Queue delay = 0.002s, MTU = 1200
 summary  26.0  Transmit rate =  7693kbps, PLR =  0.00%( 0.00%), CE =  8.22%( 6.60%)[ 0.0%,  0.0%, 93.6%,  6.4%], RTT = 0.024s, Queue delay = 0.002s, MTU = 1200
 summary  28.0  Transmit rate =  7747kbps, PLR =  0.00%( 0.00%), CE =  8.67%( 6.72%)[ 0.0%,  0.0%, 93.5%,  6.5%], RTT = 0.024s, Queue delay = 0.002s, MTU = 1200
 summary  30.0  Transmit rate =  7602kbps, PLR =  0.00%( 0.00%), CE =  8.60%( 6.72%)[ 0.0%,  0.0%, 93.5%,  6.5%], RTT = 0.024s, Queue delay = 0.002s, MTU = 1200
 summary  32.0  Transmit rate =  7686kbps, PLR =  0.00%( 0.00%), CE =  7.97%( 6.79%)[ 0.0%,  0.0%, 93.4%,  6.6%], RTT = 0.024s, Queue delay = 0.002s, MTU = 1200
 summary  34.0  Transmit rate =  7719kbps, PLR =  0.00%( 0.00%), CE =  7.94%( 6.83%)[ 0.0%,  0.0%, 93.4%,  6.6%], RTT = 0.024s, Queue delay = 0.002s, MTU = 1200

======================== Summary ==========================
 Bitrate min/max/avg [kbps]          :     0/ 9415/ 7455
 RTT     min/max/avg [s]             : 0.023/0.049/0.024
 Queue delay max/avg [s]             : 0.003/0.002
 Packet loss avg [%]                 : 0.000
 ECN/L4S NotECT/ECT(0)/ECT(1)/CE [%] :  0.0/ 0.0/93.3/ 6.7
===========================================================
