Listen on port 5349 to receive RTCP from decoder 
Scream sender started! 
 summary   2.0  Transmit rate =  4819kbps, PLR =  0.00%( 0.00%), CE =  1.51%( 6.04%)[ 0.0%,  0.0%, 93.5%,  6.5%], RTT = 0.036s, Queue delay = 0.001s, MTU = 1200
 summary   4.0  Transmit rate =  6436kbps, PLR =  0.00%( 0.00%), CE =  5.32%( 6.76%)[ 0.0%,  0.0%, 93.4%,  6.6%], RTT = 0.029s, Queue delay = 0.002s, MTU = 1200
 summary   6.0  Transmit rate =  6999kbps, PLR =  0.00%( 0.00%), CE =  7.97%( 6.56%)[ 0.0%,  0.0%, 93.6%,  6.4%], RTT = 0.026s, Queue delay = 0.002s, MTU = 1200
 summary   8.0  Transmit rate =  7392kbps, PLR =  0.00%( 0.00%), CE =  7.02%( 6.52%)[ 0.0%,  0.0%, 93.6%,  6.4%], RTT = 0.024s, Queue delay = 0.002s, MTU = 1200
 summary  10.0  Transmit rate =  7514kbps, PLR =  0.00%( 0.00%), CE =  8.03%( 6.84%)[ 0.0%,  0.0%, 93.3%,  6.7%], RTT = 0.024s, Queue delay = 0.002s, MTU = 1200
 summary  12.0  Transmit rate =  7520kbps, PLR =  0.00%( 0.00%), CE =  7.14%( 6.58%)[ 0.0%,  0.0%, 93.6%,  6.4%], RTT = 0.024s, Queue delay = 0.002s, MTU = 1200
 summary  14.0  Transmit rate =  7707kbps, PLR =  0.00%( 0.00%), CE =  7.76%( 6.94%)[ 0.0%,  0.0%, 93.2%,  6.8%], RTT = 0.023s, Queue delay = 0.002s, MTU = 1200
 summary  16.0  Transmit rate =  7702kbps, PLR =  0.00%( 0.00%), CE =  7.92%( 7.10%)[ 0.0%,  0.0%, 93.1%,  6.9%], RTT = 0.023s, Queue delay = 0.002s, MTU = 1200
 summary  18.0  Transmit rate =  7371kbps, PLR =  0.00%( 0.00%), CE =  7.59%( 6.60%)[ 0.0%,  0.0%, 93.6%,  6.4%], RTT = 0.023s, Queue delay = 0.002s, MTU = 1200
 summary  20.0  Transmit rate =  7574kbps, PLR =  0.00%( 0.00%), CE =  8.06%( 6.78%)[ 0.0%,  0.0%, 93.4%,  6.6%], RTT = 0.023s, Queue delay = 0.002s, MTU = 1200
 summary  22.0  Transmit rate =  7571kbps, PLR =  0.00%( 0.00%), CE =  7.72%( 6.89%)[ 0.0%,  0.0%, 93.3%,  6.7%], RTT = 0.023s, Queue delay = 0.002s, MTU = 1200
 summary  24.0  Transmit rate =  7623kbps, PLR =  0.00%( 0.00%), CE =  8.43%( 6.88%)[ 0.0%,  0.0%, 93.3%,  6.7%], RTT = 0.023s, Queue delay = 0.002s, MTU = 1200
 summary  26.0  Transmit rate =  7702kbps, PLR =  0.00%( 0.00%), CE =  7.25%( 6.89%)[ 0.0%,  0.0%, 93.3%,  6.7%], RTT = 0.023s, Queue delay = 0.002s, MTU = 1200
 summary  28.0  Transmit rate =  7572kbps, PLR =  0.00%( 0.00%), CE =  7.77%( 6.92%)[ 0.0%,  0.0%, 93.3%,  6.7%], RTT = 0.023s, Queue delay = 0.002s, MTU = 1200
 summary  30.0  Transmit rate =  7763kbps, PLR =  0.00%( 0.00%), CE =  7.56%( 6.98%)[ 0.0%,  0.0%, 93.2%,  6.8%], RTT = 0.023s, Queue delay = 0.002s, MTU = 1200
 summary  32.0  Transmit rate =  7680kbps, PLR =  0.00%( 0.00%), CE =  7.89%( 6.92%)[ 0.0%,  0.0%, 93.3%,  6.7%], RTT = 0.023s, Queue delay = 0.002s, MTU = 1200
 summary  34.1  Transmit rate =  7607kbps, PLR =  0.00%( 0.00%), CE =  8.66%( 6.91%)[ 0.0%,  0.0%, 93.3%,  6.7%], RTT = 0.023s, Queue delay = 0.002s, MTU = 1200

======================== Summary ==========================
 Bitrate min/max/avg [kbps]          :  5830/ 9434/ 7581
 RTT     min/max/avg [s]             : 0.023/0.049/0.024
 Queue delay max/avg [s]             : 0.004/0.002
 Packet loss avg [%]                 : 0.000
 ECN/L4S NotECT/ECT(0)/ECT(1)/CE [%] :  0.0/ 0.0/93.2/ 6.8
===========================================================
