Listen on port 5323 to receive RTCP from decoder 
Scream sender started! 
 summary   2.0  Transmit rate =  4687kbps, PLR =  0.00%( 0.00%), CE =  1.95%( 6.95%)[ 0.0%,  0.0%, 93.0%,  7.0%], RTT = 0.036s, Queue delay = 0.001s, MTU = 1200
 summary   4.0  Transmit rate =  6188kbps, PLR =  0.00%( 0.00%), CE =  5.86%( 8.02%)[ 0.0%,  0.0%, 92.2%,  7.8%], RTT = 0.029s, Queue delay = 0.001s, MTU = 1200
 summary   6.0  Transmit rate =  6909kbps, PLR =  0.00%( 0.00%), CE =  9.29%( 8.09%)[ 0.0%,  0.0%, 92.1%,  7.9%], RTT = 0.026s, Queue delay = 0.001s, MTU = 1200
 summary   8.0  Transmit rate =  7182kbps, PLR =  0.00%( 0.00%), CE =  9.75%( 8.38%)[ 0.0%,  0.0%, 91.9%,  8.1%], RTT = 0.024s, Queue delay = 0.001s, MTU = 1200
 summary  10.0  Transmit rate =  7430kbps, PLR =  0.00%( 0.00%), CE =  9.29%( 8.06%)[ 0.0%,  0.0%, 92.2%,  7.8%], RTT = 0.024s, Queue delay = 0.002s, MTU = 1200
 summary  12.0  Transmit rate =  7572kbps, PLR =  0.00%( 0.00%), CE =  9.11%( 8.19%)[ 0.0%,  0.0%, 92.0%,  8.0%], RTT = 0.024s, Queue delay = 0.002s, MTU = 1200
 summary  14.0  Transmit rate =  7534kbps, PLR =  0.00%( 0.00%), CE =  9.10%( 8.09%)[ 0.0%,  0.0%, 92.2%,  7.8%], RTT = 0.023s, Queue delay = 0.002s, MTU = 1200
 summary  16.0  Transmit rate =  7678kbps, PLR =  0.00%( 0.00%), CE =  8.91%( 8.08%)[ 0.0%,  0.0%, 92.2%,  7.8%], RTT = 0.023s, Queue delay = 0.002s, MTU = 1200
 summary  18.0  Transmit rate =  7588kbps, PLR =  0.00%( 0.00%), CE =  9.01%( 8.17%)[ 0.0%,  0.0%, 92.1%,  7.9%], RTT = 0.023s, Queue delay = 0.002s, MTU = 1200
 summary  20.0  Transmit rate =  7564kbps, PLR =  0.00%( 0.00%), CE =  9.65%( 8.20%)[ 0.0%,  0.0%, 92.0%,  8.0%], RTT = 0.023s, Queue delay = 0.002s, MTU = 1200
 summary  22.0  Transmit rate =  7500kbps, PLR =  0.00%( 0.00%), CE =  9.59%( 8.23%)[ 0.0%,  0.0%, 92.0%,  8.0%], RTT = 0.023s, Queue delay = 0.002s, MTU = 1200
 summary  24.0  Transmit rate =  7601kbps, PLR =  0.00%( 0.00%), CE =  9.74%( 8.16%)[ 0.0%,  0.0%, 92.1%,  7.9%], RTT = 0.023s, Queue delay = 0.002s, MTU = 1200
 summary  26.0  Transmit rate =  7745kbps, PLR =  0.00%( 0.00%), CE =  9.11%( 8.23%)[ 0.0%,  0.0%, 92.0%,  8.0%], RTT = 0.023s, Queue delay = 0.002s, MTU = 1200
 summary  28.0  Transmit rate =  7511kbps, PLR =  0.00%( 0.00%), CE =  9.16%( 8.21%)[ 0.0%,  0.0%, 92.1%,  7.9%], RTT = 0.023s, Queue delay = 0.001s, MTU = 1200
 summary  30.0  Transmit rate =  7500kbps, PLR =  0.00%( 0.00%), CE =  9.60%( 8.17%)[ 0.0%,  0.0%, 92.1%,  7.9%], RTT = 0.023s, Queue delay = 0.001s, MTU = 1200
 summary  32.0  Transmit rate =  7503kbps, PLR =  0.00%( 0.00%), CE =  8.70%( 8.16%)[ 0.0%,  0.0%, 92.1%,  7.9%], RTT = 0.023s, Queue delay = 0.002s, MTU = 1200
 summary  34.0  Transmit rate =  7611kbps, PLR =  0.00%( 0.00%), CE =  9.06%( 8.15%)[ 0.0%,  0.0%, 92.1%,  7.9%], RTT = 0.023s, Queue delay = 0.002s, MTU = 1200

======================== Summary ==========================
 Bitrate min/max/avg [kbps]          :     0/ 9177/ 7410
 RTT     min/max/avg [s]             : 0.023/0.049/0.024
 Queue delay max/avg [s]             : 0.003/0.002
 Packet loss avg [%]                 : 0.000
 ECN/L4S NotECT/ECT(0)/ECT(1)/CE [%] :  0.0/ 0.0/92.1/ 7.9
===========================================================
