Listen on port 5335 to receive RTCP from decoder 
Scream sender started! 
 summary   2.0  Transmit rate =  4808kbps, PLR =  0.00%( 0.00%), CE =  1.64%( 6.39%)[ 0.0%,  0.0%, 93.8%,  6.2%], RTT = 0.036s, Queue delay = 0.001s, MTU = 1200
 summary   4.0  Transmit rate =  6374kbps, PLR =  0.00%( 0.00%), CE =  4.90%( 6.76%)[ 0.0%,  0.0%, 93.4%,  6.6%], RTT = 0.029s, Queue delay = 0.001s, MTU = 1200
 summary   6.0  Transmit rate =  7159kbps, PLR =  0.00%( 0.00%), CE =  7.65%( 6.84%)[ 0.0%,  0.0%, 93.4%,  6.6%], RTT = 0.026s, Queue delay = 0.002s, MTU = 1200
 summary   8.0  Transmit rate =  7345kbps, PLR =  0.00%( 0.00%), CE =  8.94%( 7.41%)[ 0.0%,  0.0%, 92.8%,  7.2%], RTT = 0.024s, Queue delay = 0.002s, MTU = 1200
 summary  10.0  Transmit rate =  7503kbps, PLR =  0.00%( 0.00%), CE =  8.64%( 7.48%)[ 0.0%,  0.0%, 92.7%,  7.3%], RTT = 0.024s, Queue delay = 0.002s, MTU = 1200
 summary  12.0  Transmit rate =  7621kbps, PLR =  0.00%( 0.00%), CE =  8.33%( 7.52%)[ 0.0%,  0.0%, 92.7%,  7.3%], RTT = 0.024s, Queue delay = 0.002s, MTU = 1200
 summary  14.0  Transmit rate =  7671kbps, PLR =  0.00%( 0.00%), CE =  9.03%( 7.74%)[ 0.0%,  0.0%, 92.5%,  7.5%], RTT = 0.024s, Queue delay = 0.002s, MTU = 1200
 summary  16.0  Transmit rate =  7637kbps, PLR =  0.00%( 0.00%), CE =  9.26%( 7.68%)[ 0.0%,  0.0%, 92.5%,  7.5%], RTT = 0.023s, Queue delay = 0.002s, MTU = 1200
 summary  18.0  Transmit rate =  7552kbps, PLR =  0.00%( 0.00%), CE =  9.88%( 7.63%)[ 0.0%,  0.0%, 92.6%,  7.4%], RTT = 0.023s, Queue delay = 0.002s, MTU = 1200
 summary  20.0  Transmit rate =  7555kbps, PLR =  0.00%( 0.00%), CE =  8.22%( 7.61%)[ 0.0%,  0.0%, 92.6%,  7.4%], RTT = 0.023s, Queue delay = 0.002s, MTU = 1200
 summary  22.0  Transmit rate =  7613kbps, PLR =  0.00%( 0.00%), CE =  8.68%( 7.73%)[ 0.0%,  0.0%, 92.5%,  7.5%], RTT = 0.023s, Queue delay = 0.002s, MTU = 1200
 summary  24.0  Transmit rate =  7526kbps, PLR =  0.00%( 0.00%), CE =  8.80%( 7.71%)[ 0.0%,  0.0%, 92.5%,  7.5%], RTT = 0.023s, Queue delay = 0.002s, MTU = 1200
 summary  26.0  Transmit rate =  7636kbps, PLR =  0.00%( 0.00%), CE =  8.61%( 7.69%)[ 0.0%,  0.0%, 92.5%,  7.5%], RTT = 0.023s, Queue delay = 0.002s, MTU = 1200
 summary  28.0  Transmit rate =  7624kbps, PLR =  0.00%( 0.00%), CE =  9.07%( 7.71%)[ 0.0%,  0.0%, 92.5%,  7.5%], RTT = 0.023s, Queue delay = 0.002s, MTU = 1200
 summary  30.0  Transmit rate =  7617kbps, PLR =  0.00%( 0.00%), CE =  9.11%( 7.74%)[ 0.0%,  0.0%, 92.5%,  7.5%], RTT = 0.023s, Queue delay = 0.002s, MTU = 1200
 summary  32.0  Transmit rate =  7604kbps, PLR =  0.00%( 0.00%), CE =  7.93%( 7.66%)[ 0.0%,  0.0%, 92.6%,  7.4%], RTT = 0.023s, Queue delay = 0.002s, MTU = 1200
 summary  34.0  Transmit rate =  7549kbps, PLR =  0.00%( 0.00%), CE =  8.76%( 7.68%)[ 0.0%,  0.0%, 92.5%,  7.5%], RTT = 0.023s, Queue delay = 0.002s, MTU = 1200

======================== Summary ==========================
 Bitrate min/max/avg [kbps]          :     0/ 9180/ 7462
 RTT     min/max/avg [s]             : 0.023/0.049/0.024
 Queue delay max/avg [s]             : 0.003/0.002
 Packet loss avg [%]                 : 0.000
 ECN/L4S NotECT/ECT(0)/ECT(1)/CE [%] :  0.0/ 0.0/92.6/ 7.4
===========================================================
