Listen on port 5377 to receive RTCP from decoder 
Scream sender started! 
 summary   2.0  Transmit rate =  4629kbps, PLR =  0.00%( 0.00%), CE =  2.05%( 7.94%)[ 0.0%,  0.0%, 92.3%,  7.7%], RTT = 0.037s, Queue delay = 0.002s, MTU = 1200
 summary   4.0  Transmit rate =  6202kbps, PLR =  0.00%( 0.00%), CE =  5.45%( 6.82%)[ 0.0%,  0.0%, 93.4%,  6.6%], RTT = 0.029s, Queue delay = 0.002s, MTU = 1200
 summary   6.0  Transmit rate =  6955kbps, PLR =  0.00%( 0.00%), CE =  7.86%( 6.65%)[ 0.0%,  0.0%, 93.5%,  6.5%], RTT = 0.026s, Queue delay = 0.002s, MTU = 1200
 summary   8.0  Transmit rate =  7361kbps, PLR =  0.00%( 0.00%), CE =  7.67%( 7.14%)[ 0.0%,  0.0%, 93.0%,  7.0%], RTT = 0.025s, Queue delay = 0.002s, MTU = 1200
 summary  10.0  Transmit rate =  7421kbps, PLR =  0.00%( 0.00%), CE =  7.60%( 6.80%)[ 0.0%,  0.0%, 93.4%,  6.6%], RTT = 0.024s, Queue delay = 0.002s, MTU = 1200
 summary  12.0  Transmit rate =  7577kbps, PLR =  0.00%( 0.00%), CE =  7.59%( 6.93%)[ 0.0%,  0.0%, 93.3%,  6.7%], RTT = 0.024s, Queue delay = 0.002s, MTU = 1200
 summary  14.0  Transmit rate =  7557kbps, PLR =  0.00%( 0.00%), CE =  7.39%( 6.77%)[ 0.0%,  0.0%, 93.3%,  6.7%], RTT = 0.023s, Queue delay = 0.002s, MTU = 1200
 summary  16.0  Transmit rate =  7497kbps, PLR =  0.00%( 0.00%), CE =  8.68%( 6.98%)[ 0.0%,  0.0%, 93.2%,  6.8%], RTT = 0.023s, Queue delay = 0.002s, MTU = 1200
 summary  18.0  Transmit rate =  7455kbps, PLR =  0.00%( 0.00%), CE =  6.85%( 6.76%)[ 0.0%,  0.0%, 93.4%,  6.6%], RTT = 0.023s, Queue delay = 0.002s, MTU = 1200
 summary  20.0  Transmit rate =  7528kbps, PLR =  0.00%( 0.00%), CE =  8.03%( 6.77%)[ 0.0%,  0.0%, 93.4%,  6.6%], RTT = 0.023s, Queue delay = 0.002s, MTU = 1200
 summary  22.0  Transmit rate =  7534kbps, PLR =  0.00%( 0.00%), CE =  8.18%( 6.88%)[ 0.0%,  0.0%, 93.3%,  6.7%], RTT = 0.023s, Queue delay = 0.002s, MTU = 1200
 summary  24.0  Transmit rate =  7524kbps, PLR =  0.00%( 0.00%), CE =  7.79%( 6.88%)[ 0.0%,  0.0%, 93.3%,  6.7%], RTT = 0.023s, Queue delay = 0.002s, MTU = 1200
 summary  26.0  Transmit rate =  7611kbps, PLR =  0.00%( 0.00%), CE =  9.09%( 6.94%)[ 0.0%,  0.0%, 93.2%,  6.8%], RTT = 0.023s, Queue delay = 0.002s, MTU = 1200
 summary  28.0  Transmit rate =  7574kbps, PLR =  0.00%( 0.00%), CE =  8.72%( 6.97%)[ 0.0%,  0.0%, 93.2%,  6.8%], RTT = 0.023s, Queue delay = 0.002s, MTU = 1200
 summary  30.0  Transmit rate =  7563kbps, PLR =  0.00%( 0.00%), CE =  8.73%( 7.04%)[ 0.0%,  0.0%, 93.2%,  6.8%], RTT = 0.023s, Queue delay = 0.002s, MTU = 1200
 summary  32.1  Transmit rate =  7621kbps, PLR =  0.00%( 0.00%), CE =  8.58%( 7.13%)[ 0.0%,  0.0%, 93.1%,  6.9%], RTT = 0.023s, Queue delay = 0.002s, MTU = 1200
 summary  34.1  Transmit rate =  7536kbps, PLR =  0.00%( 0.00%), CE =  9.13%( 7.19%)[ 0.0%,  0.0%, 93.0%,  7.0%], RTT = 0.023s, Queue delay = 0.002s, MTU = 1200

======================== Summary ==========================
 Bitrate min/max/avg [kbps]          :  5889/ 9032/ 7495
 RTT     min/max/avg [s]             : 0.023/0.050/0.024
 Queue delay max/avg [s]             : 0.004/0.002
 Packet loss avg [%]                 : 0.000
 ECN/L4S NotECT/ECT(0)/ECT(1)/CE [%] :  0.0/ 0.0/93.0/ 7.0
===========================================================
