Listen on port 5391 to receive RTCP from decoder 
Scream sender started! 
 summary   2.0  Transmit rate =  4723kbps, PLR =  0.00%( 0.00%), CE =  0.71%( 3.44%)[ 0.0%,  0.0%, 96.4%,  3.6%], RTT = 0.036s, Queue delay = 0.001s, MTU = 1200
 summary   4.0  Transmit rate =  6228kbps, PLR =  0.00%( 0.00%), CE =  4.88%( 6.06%)[ 0.0%,  0.0%, 94.1%,  5.9%], RTT = 0.029s, Queue delay = 0.001s, MTU = 1200
 summary   6.0  Transmit rate =  6990kbps, PLR =  0.00%( 0.00%), CE =  7.28%( 6.50%)[ 0.0%,  0.0%, 93.6%,  6.4%], RTT = 0.026s, Queue delay = 0.002s, MTU = 1200
 summary   8.0  Transmit rate =  7247kbps, PLR =  0.00%( 0.00%), CE =  8.52%( 6.61%)[ 0.0%,  0.0%, 93.6%,  6.4%], RTT = 0.025s, Queue delay = 0.002s, MTU = 1200
 summary  10.0  Transmit rate =  7428kbps, PLR =  0.00%( 0.00%), CE =  8.30%( 6.60%)[ 0.0%,  0.0%, 93.6%,  6.4%], RTT = 0.024s, Queue delay = 0.002s, MTU = 1200
 summary  12.0  Transmit rate =  7448kbps, PLR =  0.00%( 0.00%), CE =  6.92%( 6.39%)[ 0.0%,  0.0%, 93.8%,  6.2%], RTT = 0.024s, Queue delay = 0.002s, MTU = 1200
 summary  14.0  Transmit rate =  7737kbps, PLR =  0.00%( 0.00%), CE =  6.61%( 6.56%)[ 0.0%,  0.0%, 93.7%,  6.3%], RTT = 0.024s, Queue delay = 0.002s, MTU = 1200
 summary  16.0  Transmit rate =  7674kbps, PLR =  0.00%( 0.00%), CE =  7.36%( 6.61%)[ 0.0%,  0.0%, 93.6%,  6.4%], RTT = 0.024s, Queue delay = 0.002s, MTU = 1200
 summary  18.0  Transmit rate =  7672kbps, PLR =  0.00%( 0.00%), CE =  8.14%( 6.62%)[ 0.0%,  0.0%, 93.6%,  6.4%], RTT = 0.024s, Queue delay = 0.002s, MTU = 1200
 summary  20.0  Transmit rate =  7605kbps, PLR =  0.00%( 0.00%), CE =  8.02%( 6.72%)[ 0.0%,  0.0%, 93.5%,  6.5%], RTT = 0.024s, Queue delay = 0.002s, MTU = 1200
 summary  22.0  Transmit rate =  7667kbps, PLR =  0.00%( 0.00%), CE =  7.30%( 6.53%)[ 0.0%,  0.0%, 93.7%,  6.3%], RTT = 0.024s, Queue delay = 0.002s, MTU = 1200
 summary  24.0  Transmit rate =  7592kbps, PLR =  0.00%( 0.00%), CE =  7.78%( 6.57%)[ 0.0%,  0.0%, 93.6%,  6.4%], RTT = 0.024s, Queue delay = 0.002s, MTU = 1200
 summary  26.0  Transmit rate =  7517kbps, PLR =  0.00%( 0.00%), CE =  6.99%( 6.55%)[ 0.0%,  0.0%, 93.6%,  6.4%], RTT = 0.024s, Queue delay = 0.002s, MTU = 1200
 summary  28.0  Transmit rate =  7604kbps, PLR =  0.00%( 0.00%), CE =  7.31%( 6.60%)[ 0.0%,  0.0%, 93.6%,  6.4%], RTT = 0.024s, Queue delay = 0.002s, MTU = 1200
 summary  30.0  Transmit rate =  7558kbps, PLR =  0.00%( 0.00%), CE =  7.51%( 6.57%)[ 0.0%,  0.0%, 93.6%,  6.4%], RTT = 0.024s, Queue delay = 0.002s, MTU = 1200
 summary  32.0  Transmit rate =  7621kbps, PLR =  0.00%( 0.00%), CE =  7.33%( 6.56%)[ 0.0%,  0.0%, 93.6%,  6.4%], RTT = 0.024s, Queue delay = 0.002s, MTU = 1200
 summary  34.0  Transmit rate =  7605kbps, PLR =  0.00%( 0.00%), CE =  8.08%( 6.69%)[ 0.0%,  0.0%, 93.5%,  6.5%], RTT = 0.024s, Queue delay = 0.002s, MTU = 1200

======================== Summary ==========================
 Bitrate min/max/avg [kbps]          :  6142/ 9358/ 7532
 RTT     min/max/avg [s]             : 0.023/0.049/0.024
 Queue delay max/avg [s]             : 0.004/0.002
 Packet loss avg [%]                 : 0.000
 ECN/L4S NotECT/ECT(0)/ECT(1)/CE [%] :  0.0/ 0.0/93.6/ 6.4
===========================================================
