Listen on port 5311 to receive RTCP from decoder 
Scream sender started! 
 summary   2.0  Transmit rate =  4700kbps, PLR =  0.00%( 0.00%), CE =  1.56%( 5.76%)[ 0.0%,  0.0%, 94.3%,  5.7%], RTT = 0.036s, Queue delay = 0.001s, MTU = 1200
 summary   4.0  Transmit rate =  6202kbps, PLR =  0.00%( 0.00%), CE =  4.81%( 6.39%)[ 0.0%,  0.0%, 93.5%,  6.5%], RTT = 0.029s, Queue delay = 0.002s, MTU = 1200
 summary   6.0  Transmit rate =  6890kbps, PLR =  0.00%( 0.00%), CE =  7.58%( 6.36%)[ 0.0%,  0.0%, 93.7%,  6.3%], RTT = 0.026s, Queue delay = 0.002s, MTU = 1200
 summary   8.0  Transmit rate =  7147kbps, PLR =  0.00%( 0.00%), CE =  7.14%( 6.47%)[ 0.0%,  0.0%, 93.6%,  6.4%], RTT = 0.025s, Queue delay = 0.002s, MTU = 1200
 summary  10.0  Transmit rate =  7315kbps, PLR =  0.00%( 0.00%), CE =  7.67%( 6.32%)[ 0.0%,  0.0%, 93.8%,  6.2%], RTT = 0.024s, Queue delay = 0.002s, MTU = 1200
 summary  12.0  Transmit rate =  7446kbps, PLR =  0.00%( 0.00%), CE =  5.51%( 6.11%)[ 0.0%,  0.0%, 94.0%,  6.0%], RTT = 0.024s, Queue delay = 0.002s, MTU = 1200
 summary  14.0  Transmit rate =  7440kbps, PLR =  0.00%( 0.00%), CE =  7.59%( 6.16%)[ 0.0%,  0.0%, 94.0%,  6.0%], RTT = 0.024s, Queue delay = 0.002s, MTU = 1200
 summary  16.0  Transmit rate =  7566kbps, PLR =  0.00%( 0.00%), CE =  8.14%( 6.40%)[ 0.0%,  0.0%, 93.7%,  6.3%], RTT = 0.023s, Queue delay = 0.002s, MTU = 1200
 summary  18.0  Transmit rate =  7496kbps, PLR =  0.00%( 0.00%), CE =  7.31%( 6.31%)[ 0.0%,  0.0%, 93.9%,  6.1%], RTT = 0.023s, Queue delay = 0.002s, MTU = 1200
 summary  20.0  Transmit rate =  7457kbps, PLR =  0.00%( 0.00%), CE =  8.68%( 6.45%)[ 0.0%,  0.0%, 93.7%,  6.3%], RTT = 0.023s, Queue delay = 0.002s, MTU = 1200
 summary  22.0  Transmit rate =  7684kbps, PLR =  0.00%( 0.00%), CE =  8.11%( 6.53%)[ 0.0%,  0.0%, 93.6%,  6.4%], RTT = 0.023s, Queue delay = 0.002s, MTU = 1200
 summary  24.0  Transmit rate =  7492kbps, PLR =  0.00%( 0.00%), CE =  7.44%( 6.46%)[ 0.0%,  0.0%, 93.7%,  6.3%], RTT = 0.023s, Queue delay = 0.002s, MTU = 1200
 summary  26.0  Transmit rate =  7636kbps, PLR =  0.00%( 0.00%), CE =  8.84%( 6.60%)[ 0.0%,  0.0%, 93.6%,  6.4%], RTT = 0.023s, Queue delay = 0.002s, MTU = 1200
 summary  28.0  Transmit rate =  7796kbps, PLR =  0.00%( 0.00%), CE =  7.58%( 6.55%)[ 0.0%,  0.0%, 93.6%,  6.4%], RTT = 0.023s, Queue delay = 0.002s, MTU = 1200
 summary  30.0  Transmit rate =  7717kbps, PLR =  0.00%( 0.00%), CE =  7.31%( 6.47%)[ 0.0%,  0.0%, 93.6%,  6.4%], RTT = 0.023s, Queue delay = 0.002s, MTU = 1200
 summary  32.0  Transmit rate =  7632kbps, PLR =  0.00%( 0.00%), CE =  6.85%( 6.58%)[ 0.0%,  0.0%, 93.6%,  6.4%], RTT = 0.023s, Queue delay = 0.002s, MTU = 1200
 summary  34.0  Transmit rate =  7646kbps, PLR =  0.00%( 0.00%), CE =  6.86%( 6.54%)[ 0.0%,  0.0%, 93.6%,  6.4%], RTT = 0.023s, Queue delay = 0.002s, MTU = 1200

======================== Summary ==========================
 Bitrate min/max/avg [kbps]          :  5640/ 9370/ 7501
 RTT     min/max/avg [s]             : 0.023/0.049/0.024
 Queue delay max/avg [s]             : 0.004/0.002
 Packet loss avg [%]                 : 0.000
 ECN/L4S NotECT/ECT(0)/ECT(1)/CE [%] :  0.0/ 0.0/93.7/ 6.3
===========================================================
