Listen on port 5309 to receive RTCP from decoder 
Scream sender started! 
 summary   2.0  Transmit rate =  4766kbps, PLR =  0.00%( 0.00%), CE =  1.91%( 6.44%)[ 0.0%,  0.0%, 93.7%,  6.3%], RTT = 0.036s, Queue delay = 0.001s, MTU = 1200
 summary   4.0  Transmit rate =  6311kbps, PLR =  0.00%( 0.00%), CE =  5.06%( 6.32%)[ 0.0%,  0.0%, 93.8%,  6.2%], RTT = 0.029s, Queue delay = 0.001s, MTU = 1200
 summary   6.0  Transmit rate =  6947kbps, PLR =  0.00%( 0.00%), CE =  7.20%( 6.10%)[ 0.0%,  0.0%, 94.0%,  6.0%], RTT = 0.026s, Queue delay = 0.002s, MTU = 1200
 summary   8.0  Transmit rate =  7353kbps, PLR =  0.00%( 0.00%), CE =  7.02%( 6.37%)[ 0.0%,  0.0%, 93.8%,  6.2%], RTT = 0.025s, Queue delay = 0.002s, MTU = 1200
 summary  10.0  Transmit rate =  7479kbps, PLR =  0.00%( 0.00%), CE =  7.31%( 6.32%)[ 0.0%,  0.0%, 93.8%,  6.2%], RTT = 0.024s, Queue delay = 0.002s, MTU = 1200
 summary  12.0  Transmit rate =  7474kbps, PLR =  0.00%( 0.00%), CE =  8.03%( 6.46%)[ 0.0%,  0.0%, 93.7%,  6.3%], RTT = 0.024s, Queue delay = 0.002s, MTU = 1200
 summary  14.0  Transmit rate =  7565kbps, PLR =  0.00%( 0.00%), CE =  7.93%( 6.68%)[ 0.0%,  0.0%, 93.5%,  6.5%], RTT = 0.024s, Queue delay = 0.002s, MTU = 1200
 summary  16.0  Transmit rate =  7542kbps, PLR =  0.00%( 0.00%), CE =  7.80%( 6.67%)[ 0.0%,  0.0%, 93.5%,  6.5%], RTT = 0.024s, Queue delay = 0.002s, MTU = 1200
 summary  18.0  Transmit rate =  7505kbps, PLR =  0.00%( 0.00%), CE =  7.69%( 6.56%)[ 0.0%,  0.0%, 93.6%,  6.4%], RTT = 0.024s, Queue delay = 0.002s, MTU = 1200
 summary  20.0  Transmit rate =  7492kbps, PLR =  0.00%( 0.00%), CE =  7.37%( 6.50%)[ 0.0%,  0.0%, 93.7%,  6.3%], RTT = 0.023s, Queue delay = 0.002s, MTU = 1200
 summary  22.0  Transmit rate =  7510kbps, PLR =  0.00%( 0.00%), CE =  8.13%( 6.71%)[ 0.0%,  0.0%, 93.5%,  6.5%], RTT = 0.024s, Queue delay = 0.002s, MTU = 1200
 summary  24.0  Transmit rate =  7510kbps, PLR =  0.00%( 0.00%), CE =  7.09%( 6.61%)[ 0.0%,  0.0%, 93.6%,  6.4%], RTT = 0.023s, Queue delay = 0.002s, MTU = 1200
 summary  26.0  Transmit rate =  7493kbps, PLR =  0.00%( 0.00%), CE =  7.71%( 6.56%)[ 0.0%,  0.0%, 93.6%,  6.4%], RTT = 0.023s, Queue delay = 0.002s, MTU = 1200
 summary  28.0  Transmit rate =  7649kbps, PLR =  0.00%( 0.00%), CE =  7.87%( 6.65%)[ 0.0%,  0.0%, 93.5%,  6.5%], RTT = 0.024s, Queue delay = 0.002s, MTU = 1200
 summary  30.0  Transmit rate =  7695kbps, PLR =  0.00%( 0.00%), CE =  7.58%( 6.73%)[ 0.0%,  0.0%, 93.5%,  6.5%], RTT = 0.024s, Queue delay = 0.002s, MTU = 1200
 summary  32.0  Transmit rate =  7739kbps, PLR =  0.00%( 0.00%), CE =  8.97%( 6.84%)[ 0.0%,  0.0%, 93.4%,  6.6%], RTT = 0.024s, Queue delay = 0.002s, MTU = 1200
 summary  34.0  Transmit rate =  7730kbps, PLR =  0.00%( 0.00%), CE =  8.13%( 6.81%)[ 0.0%,  0.0%, 93.4%,  6.6%], RTT = 0.024s, Queue delay = 0.002s, MTU = 1200

======================== Summary ==========================
 Bitrate min/max/avg [kbps]          :     0/ 9078/ 7443
 RTT     min/max/avg [s]             : 0.023/0.049/0.024
 Queue delay max/avg [s]             : 0.004/0.002
 Packet loss avg [%]                 : 0.000
 ECN/L4S NotECT/ECT(0)/ECT(1)/CE [%] :  0.0/ 0.0/93.4/ 6.6
===========================================================
