Listen on port 5373 to receive RTCP from decoder 
Scream sender started! 
 summary   2.0  Transmit rate =  4685kbps, PLR =  0.00%( 0.00%), CE =  1.37%( 5.40%)[ 0.0%,  0.0%, 94.7%,  5.3%], RTT = 0.036s, Queue delay = 0.001s, MTU = 1200
 summary   4.0  Transmit rate =  6208kbps, PLR =  0.00%( 0.00%), CE =  4.45%( 5.89%)[ 0.0%,  0.0%, 94.2%,  5.8%], RTT = 0.029s, Queue delay = 0.002s, MTU = 1200
 summary   6.0  Transmit rate =  7011kbps, PLR =  0.00%( 0.00%), CE =  7.94%( 6.40%)[ 0.0%,  0.0%, 93.7%,  6.3%], RTT = 0.026s, Queue delay = 0.002s, MTU = 1200
 summary   8.0  Transmit rate =  7414kbps, PLR =  0.00%( 0.00%), CE =  7.45%( 6.07%)[ 0.0%,  0.0%, 94.1%,  5.9%], RTT = 0.025s, Queue delay = 0.002s, MTU = 1200
 summary  10.0  Transmit rate =  7494kbps, PLR =  0.00%( 0.00%), CE =  8.05%( 6.23%)[ 0.0%,  0.0%, 93.9%,  6.1%], RTT = 0.024s, Queue delay = 0.002s, MTU = 1200
 summary  12.0  Transmit rate =  7680kbps, PLR =  0.00%( 0.00%), CE =  8.05%( 6.48%)[ 0.0%,  0.0%, 93.7%,  6.3%], RTT = 0.024s, Queue delay = 0.002s, MTU = 1200
 summary  14.0  Transmit rate =  7673kbps, PLR =  0.00%( 0.00%), CE =  6.31%( 6.09%)[ 0.0%,  0.0%, 94.1%,  5.9%], RTT = 0.024s, Queue delay = 0.002s, MTU = 1200
 summary  16.0  Transmit rate =  7646kbps, PLR =  0.00%( 0.00%), CE =  7.96%( 6.22%)[ 0.0%,  0.0%, 93.9%,  6.1%], RTT = 0.024s, Queue delay = 0.002s, MTU = 1200
 summary  18.0  Transmit rate =  7549kbps, PLR =  0.00%( 0.00%), CE =  6.91%( 6.25%)[ 0.0%,  0.0%, 93.9%,  6.1%], RTT = 0.024s, Queue delay = 0.002s, MTU = 1200
 summary  20.0  Transmit rate =  7702kbps, PLR =  0.00%( 0.00%), CE =  7.53%( 6.39%)[ 0.0%,  0.0%, 93.8%,  6.2%], RTT = 0.024s, Queue delay = 0.002s, MTU = 1200
 summary  22.0  Transmit rate =  7701kbps, PLR =  0.00%( 0.00%), CE =  7.09%( 6.35%)[ 0.0%,  0.0%, 93.8%,  6.2%], RTT = 0.024s, Queue delay = 0.002s, MTU = 1200
 summary  24.0  Transmit rate =  7767kbps, PLR =  0.00%( 0.00%), CE =  7.08%( 6.22%)[ 0.0%,  0.0%, 94.0%,  6.0%], RTT = 0.024s, Queue delay = 0.002s, MTU = 1200
 summary  26.0  Transmit rate =  7658kbps, PLR =  0.00%( 0.00%), CE =  7.29%( 6.33%)[ 0.0%,  0.0%, 93.8%,  6.2%], RTT = 0.024s, Queue delay = 0.002s, MTU = 1200
 summary  28.0  Transmit rate =  7552kbps, PLR =  0.00%( 0.00%), CE =  7.66%( 6.40%)[ 0.0%,  0.0%, 93.8%,  6.2%], RTT = 0.024s, Queue delay = 0.002s, MTU = 1200
 summary  30.0  Transmit rate =  7697kbps, PLR =  0.00%( 0.00%), CE =  7.60%( 6.46%)[ 0.0%,  0.0%, 93.7%,  6.3%], RTT = 0.024s, Queue delay = 0.002s, MTU = 1200
 summary  32.0  Transmit rate =  7633kbps, PLR =  0.00%( 0.00%), CE =  7.94%( 6.42%)[ 0.0%,  0.0%, 93.8%,  6.2%], RTT = 0.024s, Queue delay = 0.002s, MTU = 1200
 summary  34.0  Transmit rate =  7643kbps, PLR =  0.00%( 0.00%), CE =  7.42%( 6.34%)[ 0.0%,  0.0%, 93.8%,  6.2%], RTT = 0.024s, Queue delay = 0.002s, MTU = 1200

======================== Summary ==========================
 Bitrate min/max/avg [kbps]          :     0/ 9460/ 7491
 RTT     min/max/avg [s]             : 0.023/0.049/0.024
 Queue delay max/avg [s]             : 0.003/0.002
 Packet loss avg [%]                 : 0.000
 ECN/L4S NotECT/ECT(0)/ECT(1)/CE [%] :  0.0/ 0.0/93.7/ 6.3
===========================================================
