Listen on port 5343 to receive RTCP from decoder 
Scream sender started! 
 summary   2.0  Transmit rate =  4657kbps, PLR =  0.00%( 0.00%), CE =  2.00%( 7.37%)[ 0.0%,  0.0%, 92.8%,  7.2%], RTT = 0.036s, Queue delay = 0.001s, MTU = 1200
 summary   4.0  Transmit rate =  6328kbps, PLR =  0.00%( 0.00%), CE =  6.27%( 8.21%)[ 0.0%,  0.0%, 92.0%,  8.0%], RTT = 0.029s, Queue delay = 0.001s, MTU = 1200
 summary   6.0  Transmit rate =  6990kbps, PLR =  0.00%( 0.00%), CE =  9.24%( 7.68%)[ 0.0%,  0.0%, 92.5%,  7.5%], RTT = 0.026s, Queue delay = 0.001s, MTU = 1200
 summary   8.0  Transmit rate =  7392kbps, PLR =  0.00%( 0.00%), CE =  8.82%( 7.79%)[ 0.0%,  0.0%, 92.4%,  7.6%], RTT = 0.024s, Queue delay = 0.002s, MTU = 1200
 summary  10.0  Transmit rate =  7485kbps, PLR =  0.00%( 0.00%), CE =  8.61%( 7.72%)[ 0.0%,  0.0%, 92.5%,  7.5%], RTT = 0.024s, Queue delay = 0.002s, MTU = 1200
 summary  12.0  Transmit rate =  7540kbps, PLR =  0.00%( 0.00%), CE =  8.08%( 7.59%)[ 0.0%,  0.0%, 92.6%,  7.4%], RTT = 0.023s, Queue delay = 0.002s, MTU = 1200
 summary  14.0  Transmit rate =  7565kbps, PLR =  0.00%( 0.00%), CE =  9.04%( 7.82%)[ 0.0%,  0.0%, 92.4%,  7.6%], RTT = 0.023s, Queue delay = 0.002s, MTU = 1200
 summary  16.0  Transmit rate =  7522kbps, PLR =  0.00%( 0.00%), CE =  8.69%( 7.67%)[ 0.0%,  0.0%, 92.5%,  7.5%], RTT = 0.023s, Queue delay = 0.002s, MTU = 1200
 summary  18.0  Transmit rate =  7532kbps, PLR =  0.00%( 0.00%), CE =  8.69%( 7.69%)[ 0.0%,  0.0%, 92.5%,  7.5%], RTT = 0.023s, Queue delay = 0.002s, MTU = 1200
 summary  20.0  Transmit rate =  7628kbps, PLR =  0.00%( 0.00%), CE =  8.99%( 7.79%)[ 0.0%,  0.0%, 92.4%,  7.6%], RTT = 0.023s, Queue delay = 0.002s, MTU = 1200
 summary  22.0  Transmit rate =  7443kbps, PLR =  0.00%( 0.00%), CE =  9.66%( 7.80%)[ 0.0%,  0.0%, 92.4%,  7.6%], RTT = 0.023s, Queue delay = 0.002s, MTU = 1200
 summary  24.0  Transmit rate =  7550kbps, PLR =  0.00%( 0.00%), CE =  7.78%( 7.68%)[ 0.0%,  0.0%, 92.5%,  7.5%], RTT = 0.023s, Queue delay = 0.002s, MTU = 1200
 summary  26.0  Transmit rate =  7591kbps, PLR =  0.00%( 0.00%), CE =  7.52%( 7.70%)[ 0.0%,  0.0%, 92.5%,  7.5%], RTT = 0.023s, Queue delay = 0.002s, MTU = 1200
 summary  28.0  Transmit rate =  7564kbps, PLR =  0.00%( 0.00%), CE =  8.14%( 7.56%)[ 0.0%,  0.0%, 92.6%,  7.4%], RTT = 0.023s, Queue delay = 0.002s, MTU = 1200
 summary  30.0  Transmit rate =  7656kbps, PLR =  0.00%( 0.00%), CE =  7.56%( 7.58%)[ 0.0%,  0.0%, 92.6%,  7.4%], RTT = 0.023s, Queue delay = 0.002s, MTU = 1200
 summary  32.0  Transmit rate =  7510kbps, PLR =  0.00%( 0.00%), CE =  8.01%( 7.59%)[ 0.0%,  0.0%, 92.6%,  7.4%], RTT = 0.023s, Queue delay = 0.002s, MTU = 1200
 summary  34.1  Transmit rate =  7480kbps, PLR =  0.00%( 0.00%), CE =  8.53%( 7.60%)[ 0.0%,  0.0%, 92.6%,  7.4%], RTT = 0.023s, Queue delay = 0.002s, MTU = 1200

======================== Summary ==========================
 Bitrate min/max/avg [kbps]          :  5662/ 9271/ 7497
 RTT     min/max/avg [s]             : 0.023/0.049/0.023
 Queue delay max/avg [s]             : 0.004/0.002
 Packet loss avg [%]                 : 0.000
 ECN/L4S NotECT/ECT(0)/ECT(1)/CE [%] :  0.0/ 0.0/92.6/ 7.4
===========================================================
