Listen on port 5305 to receive RTCP from decoder 
Scream sender started! 
 summary   2.0  Transmit rate =  4834kbps, PLR =  0.00%( 0.00%), CE =  1.83%( 7.10%)[ 0.0%,  0.0%, 92.9%,  7.1%], RTT = 0.036s, Queue delay = 0.001s, MTU = 1200
 summary   4.0  Transmit rate =  6447kbps, PLR =  0.00%( 0.00%), CE =  5.64%( 7.54%)[ 0.0%,  0.0%, 92.7%,  7.3%], RTT = 0.029s, Queue delay = 0.002s, MTU = 1200
 summary   6.0  Transmit rate =  7093kbps, PLR =  0.00%( 0.00%), CE =  9.44%( 7.64%)[ 0.0%,  0.0%, 92.5%,  7.5%], RTT = 0.026s, Queue delay = 0.002s, MTU = 1200
 summary   8.0  Transmit rate =  7383kbps, PLR =  0.00%( 0.00%), CE =  8.08%( 7.20%)[ 0.0%,  0.0%, 93.0%,  7.0%], RTT = 0.025s, Queue delay = 0.002s, MTU = 1200
 summary  10.0  Transmit rate =  7391kbps, PLR =  0.00%( 0.00%), CE =  7.79%( 6.88%)[ 0.0%,  0.0%, 93.3%,  6.7%], RTT = 0.024s, Queue delay = 0.002s, MTU = 1200
 summary  12.0  Transmit rate =  7581kbps, PLR =  0.00%( 0.00%), CE =  7.30%( 6.88%)[ 0.0%,  0.0%, 93.3%,  6.7%], RTT = 0.024s, Queue delay = 0.002s, MTU = 1200
 summary  14.0  Transmit rate =  7650kbps, PLR =  0.00%( 0.00%), CE =  6.11%( 6.64%)[ 0.0%,  0.0%, 93.6%,  6.4%], RTT = 0.024s, Queue delay = 0.002s, MTU = 1200
 summary  16.0  Transmit rate =  7715kbps, PLR =  0.00%( 0.00%), CE =  7.69%( 6.78%)[ 0.0%,  0.0%, 93.4%,  6.6%], RTT = 0.024s, Queue delay = 0.002s, MTU = 1200
 summary  18.0  Transmit rate =  7667kbps, PLR =  0.00%( 0.00%), CE =  7.49%( 6.71%)[ 0.0%,  0.0%, 93.5%,  6.5%], RTT = 0.024s, Queue delay = 0.002s, MTU = 1200
 summary  20.0  Transmit rate =  7579kbps, PLR =  0.00%( 0.00%), CE =  7.79%( 6.74%)[ 0.0%,  0.0%, 93.5%,  6.5%], RTT = 0.024s, Queue delay = 0.002s, MTU = 1200
 summary  22.0  Transmit rate =  7685kbps, PLR =  0.00%( 0.00%), CE =  7.40%( 6.76%)[ 0.0%,  0.0%, 93.4%,  6.6%], RTT = 0.024s, Queue delay = 0.002s, MTU = 1200
 summary  24.0  Transmit rate =  7731kbps, PLR =  0.00%( 0.00%), CE =  7.88%( 6.81%)[ 0.0%,  0.0%, 93.4%,  6.6%], RTT = 0.024s, Queue delay = 0.002s, MTU = 1200
 summary  26.0  Transmit rate =  7613kbps, PLR =  0.00%( 0.00%), CE =  7.89%( 6.79%)[ 0.0%,  0.0%, 93.4%,  6.6%], RTT = 0.024s, Queue delay = 0.002s, MTU = 1200
 summary  28.0  Transmit rate =  7644kbps, PLR =  0.00%( 0.00%), CE =  7.92%( 6.77%)[ 0.0%,  0.0%, 93.5%,  6.5%], RTT = 0.024s, Queue delay = 0.002s, MTU = 1200
 summary  30.0  Transmit rate =  7675kbps, PLR =  0.00%( 0.00%), CE =  7.62%( 6.76%)[ 0.0%,  0.0%, 93.4%,  6.6%], RTT = 0.024s, Queue delay = 0.002s, MTU = 1200
 summary  32.0  Transmit rate =  7711kbps, PLR =  0.00%( 0.00%), CE =  7.98%( 6.85%)[ 0.0%,  0.0%, 93.4%,  6.6%], RTT = 0.024s, Queue delay = 0.002s, MTU = 1200
 summary  34.1  Transmit rate =  7580kbps, PLR =  0.00%( 0.00%), CE =  8.61%( 6.83%)[ 0.0%,  0.0%, 93.4%,  6.6%], RTT = 0.024s, Queue delay = 0.002s, MTU = 1200

======================== Summary ==========================
 Bitrate min/max/avg [kbps]          :  6153/ 9359/ 7594
 RTT     min/max/avg [s]             : 0.023/0.049/0.024
 Queue delay max/avg [s]             : 0.003/0.002
 Packet loss avg [%]                 : 0.000
 ECN/L4S NotECT/ECT(0)/ECT(1)/CE [%] :  0.0/ 0.0/93.5/ 6.5
===========================================================
