Listen on port 5399 to receive RTCP from decoder 
Scream sender started! 
 summary   2.0  Transmit rate =  4692kbps, PLR =  0.00%( 0.00%), CE =  1.46%( 5.74%)[ 0.0%,  0.0%, 94.1%,  5.9%], RTT = 0.036s, Queue delay = 0.001s, MTU = 1200
 summary   4.0  Transmit rate =  6248kbps, PLR =  0.00%( 0.00%), CE =  4.96%( 6.77%)[ 0.0%,  0.0%, 93.4%,  6.6%], RTT = 0.029s, Queue delay = 0.001s, MTU = 1200
 summary   6.0  Transmit rate =  6977kbps, PLR =  0.00%( 0.00%), CE =  8.00%( 6.74%)[ 0.0%,  0.0%, 93.4%,  6.6%], RTT = 0.026s, Queue delay = 0.001s, MTU = 1200
 summary   8.0  Transmit rate =  7051kbps, PLR =  0.00%( 0.00%), CE =  9.03%( 6.98%)[ 0.0%,  0.0%, 93.2%,  6.8%], RTT = 0.024s, Queue delay = 0.001s, MTU = 1200
 summary  10.0  Transmit rate =  7407kbps, PLR =  0.00%( 0.00%), CE =  7.82%( 7.04%)[ 0.0%,  0.0%, 93.1%,  6.9%], RTT = 0.024s, Queue delay = 0.002s, MTU = 1200
 summary  12.0  Transmit rate =  7460kbps, PLR =  0.00%( 0.00%), CE =  7.97%( 6.90%)[ 0.0%,  0.0%, 93.3%,  6.7%], RTT = 0.023s, Queue delay = 0.002s, MTU = 1200
 summary  14.0  Transmit rate =  7653kbps, PLR =  0.00%( 0.00%), CE =  9.63%( 7.26%)[ 0.0%,  0.0%, 93.0%,  7.0%], RTT = 0.023s, Queue delay = 0.002s, MTU = 1200
 summary  16.0  Transmit rate =  7619kbps, PLR =  0.00%( 0.00%), CE =  8.95%( 7.30%)[ 0.0%,  0.0%, 92.9%,  7.1%], RTT = 0.023s, Queue delay = 0.002s, MTU = 1200
 summary  18.0  Transmit rate =  7493kbps, PLR =  0.00%( 0.00%), CE =  8.96%( 7.21%)[ 0.0%,  0.0%, 93.0%,  7.0%], RTT = 0.023s, Queue delay = 0.002s, MTU = 1200
 summary  20.0  Transmit rate =  7469kbps, PLR =  0.00%( 0.00%), CE =  7.76%( 7.19%)[ 0.0%,  0.0%, 93.0%,  7.0%], RTT = 0.023s, Queue delay = 0.002s, MTU = 1200
 summary  22.0  Transmit rate =  7464kbps, PLR =  0.00%( 0.00%), CE =  7.57%( 7.14%)[ 0.0%,  0.0%, 93.1%,  6.9%], RTT = 0.023s, Queue delay = 0.002s, MTU = 1200
 summary  24.0  Transmit rate =  7647kbps, PLR =  0.00%( 0.00%), CE =  9.22%( 7.29%)[ 0.0%,  0.0%, 92.9%,  7.1%], RTT = 0.023s, Queue delay = 0.002s, MTU = 1200
 summary  26.0  Transmit rate =  7630kbps, PLR =  0.00%( 0.00%), CE =  8.53%( 7.26%)[ 0.0%,  0.0%, 92.9%,  7.1%], RTT = 0.023s, Queue delay = 0.002s, MTU = 1200
 summary  28.0  Transmit rate =  7660kbps, PLR =  0.00%( 0.00%), CE =  9.07%( 7.30%)[ 0.0%,  0.0%, 92.9%,  7.1%], RTT = 0.023s, Queue delay = 0.002s, MTU = 1200
 summary  30.0  Transmit rate =  7615kbps, PLR =  0.00%( 0.00%), CE =  7.95%( 7.23%)[ 0.0%,  0.0%, 93.0%,  7.0%], RTT = 0.023s, Queue delay = 0.002s, MTU = 1200
 summary  32.1  Transmit rate =  7528kbps, PLR =  0.00%( 0.00%), CE =  8.22%( 7.22%)[ 0.0%,  0.0%, 93.0%,  7.0%], RTT = 0.023s, Queue delay = 0.002s, MTU = 1200
 summary  34.1  Transmit rate =  7584kbps, PLR =  0.00%( 0.00%), CE =  8.64%( 7.21%)[ 0.0%,  0.0%, 93.0%,  7.0%], RTT = 0.023s, Queue delay = 0.002s, MTU = 1200

======================== Summary ==========================
 Bitrate min/max/avg [kbps]          :  5719/ 9323/ 7498
 RTT     min/max/avg [s]             : 0.023/0.049/0.023
 Queue delay max/avg [s]             : 0.004/0.002
 Packet loss avg [%]                 : 0.000
 ECN/L4S NotECT/ECT(0)/ECT(1)/CE [%] :  0.0/ 0.0/92.9/ 7.1
===========================================================
