Listen on port 5393 to receive RTCP from decoder 
Scream sender started! 
 summary   2.0  Transmit rate =  4705kbps, PLR =  0.00%( 0.00%), CE =  2.23%( 7.11%)[ 0.0%,  0.0%, 93.0%,  7.0%], RTT = 0.037s, Queue delay = 0.001s, MTU = 1200
 summary   4.0  Transmit rate =  6434kbps, PLR =  0.00%( 0.00%), CE =  5.69%( 7.74%)[ 0.0%,  0.0%, 92.5%,  7.5%], RTT = 0.029s, Queue delay = 0.001s, MTU = 1200
 summary   6.0  Transmit rate =  7086kbps, PLR =  0.00%( 0.00%), CE =  8.65%( 8.15%)[ 0.0%,  0.0%, 92.0%,  8.0%], RTT = 0.026s, Queue delay = 0.002s, MTU = 1200
 summary   8.0  Transmit rate =  7180kbps, PLR =  0.00%( 0.00%), CE =  8.58%( 7.27%)[ 0.0%,  0.0%, 92.9%,  7.1%], RTT = 0.024s, Queue delay = 0.001s, MTU = 1200
 summary  10.0  Transmit rate =  7461kbps, PLR =  0.00%( 0.00%), CE =  7.86%( 7.20%)[ 0.0%,  0.0%, 93.0%,  7.0%], RTT = 0.024s, Queue delay = 0.002s, MTU = 1200
 summary  12.0  Transmit rate =  7571kbps, PLR =  0.00%( 0.00%), CE =  7.42%( 7.29%)[ 0.0%,  0.0%, 92.9%,  7.1%], RTT = 0.024s, Queue delay = 0.002s, MTU = 1200
 summary  14.0  Transmit rate =  7640kbps, PLR =  0.00%( 0.00%), CE =  9.52%( 7.50%)[ 0.0%,  0.0%, 92.7%,  7.3%], RTT = 0.023s, Queue delay = 0.002s, MTU = 1200
 summary  16.0  Transmit rate =  7692kbps, PLR =  0.00%( 0.00%), CE =  8.76%( 7.51%)[ 0.0%,  0.0%, 92.7%,  7.3%], RTT = 0.023s, Queue delay = 0.002s, MTU = 1200
 summary  18.0  Transmit rate =  7677kbps, PLR =  0.00%( 0.00%), CE =  8.78%( 7.57%)[ 0.0%,  0.0%, 92.6%,  7.4%], RTT = 0.023s, Queue delay = 0.002s, MTU = 1200
 summary  20.0  Transmit rate =  7616kbps, PLR =  0.00%( 0.00%), CE =  8.91%( 7.56%)[ 0.0%,  0.0%, 92.6%,  7.4%], RTT = 0.023s, Queue delay = 0.002s, MTU = 1200
 summary  22.0  Transmit rate =  7610kbps, PLR =  0.00%( 0.00%), CE =  9.03%( 7.60%)[ 0.0%,  0.0%, 92.6%,  7.4%], RTT = 0.023s, Queue delay = 0.002s, MTU = 1200
 summary  24.0  Transmit rate =  7538kbps, PLR =  0.00%( 0.00%), CE =  9.26%( 7.69%)[ 0.0%,  0.0%, 92.5%,  7.5%], RTT = 0.023s, Queue delay = 0.002s, MTU = 1200
 summary  26.0  Transmit rate =  7466kbps, PLR =  0.00%( 0.00%), CE =  9.62%( 7.69%)[ 0.0%,  0.0%, 92.5%,  7.5%], RTT = 0.023s, Queue delay = 0.002s, MTU = 1200
 summary  28.0  Transmit rate =  7607kbps, PLR =  0.00%( 0.00%), CE =  8.57%( 7.64%)[ 0.0%,  0.0%, 92.6%,  7.4%], RTT = 0.023s, Queue delay = 0.002s, MTU = 1200
 summary  30.0  Transmit rate =  7644kbps, PLR =  0.00%( 0.00%), CE =  8.40%( 7.65%)[ 0.0%,  0.0%, 92.6%,  7.4%], RTT = 0.023s, Queue delay = 0.002s, MTU = 1200
 summary  32.0  Transmit rate =  7580kbps, PLR =  0.00%( 0.00%), CE =  8.61%( 7.65%)[ 0.0%,  0.0%, 92.6%,  7.4%], RTT = 0.023s, Queue delay = 0.002s, MTU = 1200
 summary  34.0  Transmit rate =  7690kbps, PLR =  0.00%( 0.00%), CE =  8.43%( 7.61%)[ 0.0%,  0.0%, 92.6%,  7.4%], RTT = 0.023s, Queue delay = 0.002s, MTU = 1200

======================== Summary ==========================
 Bitrate min/max/avg [kbps]          :  6023/ 9196/ 7559
 RTT     min/max/avg [s]             : 0.023/0.050/0.024
 Queue delay max/avg [s]             : 0.003/0.002
 Packet loss avg [%]                 : 0.000
 ECN/L4S NotECT/ECT(0)/ECT(1)/CE [%] :  0.0/ 0.0/92.6/ 7.4
===========================================================
