Listen on port 5369 to receive RTCP from decoder 
Scream sender started! 
 summary   2.0  Transmit rate =  4663kbps, PLR =  0.00%( 0.00%), CE =  1.09%( 4.14%)[ 0.0%,  0.0%, 95.9%,  4.1%], RTT = 0.036s, Queue delay = 0.001s, MTU = 1200
 summary   4.0  Transmit rate =  6350kbps, PLR =  0.00%( 0.00%), CE =  4.81%( 6.12%)[ 0.0%,  0.0%, 94.0%,  6.0%], RTT = 0.029s, Queue delay = 0.002s, MTU = 1200
 summary   6.0  Transmit rate =  6956kbps, PLR =  0.00%( 0.00%), CE =  7.39%( 6.12%)[ 0.0%,  0.0%, 94.0%,  6.0%], RTT = 0.026s, Queue delay = 0.002s, MTU = 1200
 summary   8.0  Transmit rate =  7384kbps, PLR =  0.00%( 0.00%), CE =  8.14%( 6.30%)[ 0.0%,  0.0%, 93.9%,  6.1%], RTT = 0.025s, Queue delay = 0.002s, MTU = 1200
 summary  10.0  Transmit rate =  7507kbps, PLR =  0.00%( 0.00%), CE =  7.65%( 6.65%)[ 0.0%,  0.0%, 93.5%,  6.5%], RTT = 0.024s, Queue delay = 0.002s, MTU = 1200
 summary  12.0  Transmit rate =  7512kbps, PLR =  0.00%( 0.00%), CE =  7.72%( 6.57%)[ 0.0%,  0.0%, 93.6%,  6.4%], RTT = 0.024s, Queue delay = 0.002s, MTU = 1200
 summary  14.0  Transmit rate =  7568kbps, PLR =  0.00%( 0.00%), CE =  7.68%( 6.51%)[ 0.0%,  0.0%, 93.7%,  6.3%], RTT = 0.024s, Queue delay = 0.002s, MTU = 1200
 summary  16.0  Transmit rate =  7509kbps, PLR =  0.00%( 0.00%), CE =  7.74%( 6.72%)[ 0.0%,  0.0%, 93.5%,  6.5%], RTT = 0.024s, Queue delay = 0.002s, MTU = 1200
 summary  18.0  Transmit rate =  7617kbps, PLR =  0.00%( 0.00%), CE =  6.98%( 6.62%)[ 0.0%,  0.0%, 93.6%,  6.4%], RTT = 0.024s, Queue delay = 0.002s, MTU = 1200
 summary  20.0  Transmit rate =  7631kbps, PLR =  0.00%( 0.00%), CE =  7.09%( 6.70%)[ 0.0%,  0.0%, 93.5%,  6.5%], RTT = 0.024s, Queue delay = 0.002s, MTU = 1200
 summary  22.0  Transmit rate =  7665kbps, PLR =  0.00%( 0.00%), CE =  7.43%( 6.77%)[ 0.0%,  0.0%, 93.4%,  6.6%], RTT = 0.024s, Queue delay = 0.002s, MTU = 1200
 summary  24.0  Transmit rate =  7501kbps, PLR =  0.00%( 0.00%), CE =  7.57%( 6.71%)[ 0.0%,  0.0%, 93.5%,  6.5%], RTT = 0.024s, Queue delay = 0.002s, MTU = 1200
 summary  26.0  Transmit rate =  7651kbps, PLR =  0.00%( 0.00%), CE =  7.45%( 6.65%)[ 0.0%,  0.0%, 93.5%,  6.5%], RTT = 0.024s, Queue delay = 0.002s, MTU = 1200
 summary  28.0  Transmit rate =  7588kbps, PLR =  0.00%( 0.00%), CE =  7.02%( 6.62%)[ 0.0%,  0.0%, 93.6%,  6.4%], RTT = 0.024s, Queue delay = 0.002s, MTU = 1200
 summary  30.0  Transmit rate =  7619kbps, PLR =  0.00%( 0.00%), CE =  7.39%( 6.60%)[ 0.0%,  0.0%, 93.6%,  6.4%], RTT = 0.024s, Queue delay = 0.002s, MTU = 1200
 summary  32.1  Transmit rate =  7631kbps, PLR =  0.00%( 0.00%), CE =  7.28%( 6.57%)[ 0.0%,  0.0%, 93.6%,  6.4%], RTT = 0.024s, Queue delay = 0.002s, MTU = 1200
 summary  34.1  Transmit rate =  7519kbps, PLR =  0.00%( 0.00%), CE =  7.46%( 6.53%)[ 0.0%,  0.0%, 93.7%,  6.3%], RTT = 0.024s, Queue delay = 0.002s, MTU = 1200

======================== Summary ==========================
 Bitrate min/max/avg [kbps]          :  6032/ 9358/ 7543
 RTT     min/max/avg [s]             : 0.023/0.049/0.024
 Queue delay max/avg [s]             : 0.003/0.002
 Packet loss avg [%]                 : 0.000
 ECN/L4S NotECT/ECT(0)/ECT(1)/CE [%] :  0.0/ 0.0/93.6/ 6.4
===========================================================
