Listen on port 5319 to receive RTCP from decoder 
Scream sender started! 
 summary   2.0  Transmit rate =  4709kbps, PLR =  0.00%( 0.00%), CE =  1.93%( 6.88%)[ 0.0%,  0.0%, 93.3%,  6.7%], RTT = 0.036s, Queue delay = 0.001s, MTU = 1200
 summary   4.0  Transmit rate =  6326kbps, PLR =  0.00%( 0.00%), CE =  4.94%( 6.83%)[ 0.0%,  0.0%, 93.4%,  6.6%], RTT = 0.029s, Queue delay = 0.002s, MTU = 1200
 summary   6.0  Transmit rate =  7058kbps, PLR =  0.00%( 0.00%), CE =  8.43%( 7.22%)[ 0.0%,  0.0%, 93.0%,  7.0%], RTT = 0.026s, Queue delay = 0.002s, MTU = 1200
 summary   8.0  Transmit rate =  7351kbps, PLR =  0.00%( 0.00%), CE =  8.01%( 7.22%)[ 0.0%,  0.0%, 93.0%,  7.0%], RTT = 0.025s, Queue delay = 0.002s, MTU = 1200
 summary  10.0  Transmit rate =  7563kbps, PLR =  0.00%( 0.00%), CE =  8.31%( 7.27%)[ 0.0%,  0.0%, 93.0%,  7.0%], RTT = 0.024s, Queue delay = 0.002s, MTU = 1200
 summary  12.0  Transmit rate =  7581kbps, PLR =  0.00%( 0.00%), CE =  8.10%( 7.15%)[ 0.0%,  0.0%, 93.1%,  6.9%], RTT = 0.024s, Queue delay = 0.002s, MTU = 1200
 summary  14.0  Transmit rate =  7596kbps, PLR =  0.00%( 0.00%), CE =  8.20%( 7.21%)[ 0.0%,  0.0%, 93.0%,  7.0%], RTT = 0.024s, Queue delay = 0.002s, MTU = 1200
 summary  16.0  Transmit rate =  7683kbps, PLR =  0.00%( 0.00%), CE =  8.64%( 7.43%)[ 0.0%,  0.0%, 92.8%,  7.2%], RTT = 0.024s, Queue delay = 0.002s, MTU = 1200
 summary  18.0  Transmit rate =  7718kbps, PLR =  0.00%( 0.00%), CE =  9.23%( 7.45%)[ 0.0%,  0.0%, 92.7%,  7.3%], RTT = 0.024s, Queue delay = 0.002s, MTU = 1200
 summary  20.0  Transmit rate =  7646kbps, PLR =  0.00%( 0.00%), CE =  8.43%( 7.48%)[ 0.0%,  0.0%, 92.7%,  7.3%], RTT = 0.023s, Queue delay = 0.002s, MTU = 1200
 summary  22.0  Transmit rate =  7653kbps, PLR =  0.00%( 0.00%), CE =  8.93%( 7.56%)[ 0.0%,  0.0%, 92.7%,  7.3%], RTT = 0.023s, Queue delay = 0.002s, MTU = 1200
 summary  24.0  Transmit rate =  7561kbps, PLR =  0.00%( 0.00%), CE =  8.88%( 7.53%)[ 0.0%,  0.0%, 92.7%,  7.3%], RTT = 0.023s, Queue delay = 0.002s, MTU = 1200
 summary  26.0  Transmit rate =  7500kbps, PLR =  0.00%( 0.00%), CE =  8.19%( 7.51%)[ 0.0%,  0.0%, 92.7%,  7.3%], RTT = 0.023s, Queue delay = 0.002s, MTU = 1200
 summary  28.0  Transmit rate =  7587kbps, PLR =  0.00%( 0.00%), CE =  7.58%( 7.38%)[ 0.0%,  0.0%, 92.8%,  7.2%], RTT = 0.023s, Queue delay = 0.002s, MTU = 1200
 summary  30.0  Transmit rate =  7570kbps, PLR =  0.00%( 0.00%), CE =  8.45%( 7.42%)[ 0.0%,  0.0%, 92.8%,  7.2%], RTT = 0.023s, Queue delay = 0.002s, MTU = 1200
 summary  32.0  Transmit rate =  7575kbps, PLR =  0.00%( 0.00%), CE =  8.45%( 7.46%)[ 0.0%,  0.0%, 92.8%,  7.2%], RTT = 0.023s, Queue delay = 0.002s, MTU = 1200
 summary  34.0  Transmit rate =  7625kbps, PLR =  0.00%( 0.00%), CE =  9.01%( 7.51%)[ 0.0%,  0.0%, 92.7%,  7.3%], RTT = 0.023s, Queue delay = 0.002s, MTU = 1200

======================== Summary ==========================
 Bitrate min/max/avg [kbps]          :     0/ 9111/ 7443
 RTT     min/max/avg [s]             : 0.023/0.049/0.024
 Queue delay max/avg [s]             : 0.004/0.002
 Packet loss avg [%]                 : 0.000
 ECN/L4S NotECT/ECT(0)/ECT(1)/CE [%] :  0.0/ 0.0/92.7/ 7.3
===========================================================
