Listen on port 5333 to receive RTCP from decoder 
Scream sender started! 
 summary   2.0  Transmit rate =  4729kbps, PLR =  0.00%( 0.00%), CE =  2.15%( 7.81%)[ 0.0%,  0.0%, 92.4%,  7.6%], RTT = 0.036s, Queue delay = 0.001s, MTU = 1200
 summary   4.0  Transmit rate =  6398kbps, PLR =  0.00%( 0.00%), CE =  5.91%( 7.85%)[ 0.0%,  0.0%, 92.2%,  7.8%], RTT = 0.029s, Queue delay = 0.001s, MTU = 1200
 summary   6.0  Transmit rate =  7045kbps, PLR =  0.00%( 0.00%), CE =  9.13%( 8.04%)[ 0.0%,  0.0%, 92.2%,  7.8%], RTT = 0.026s, Queue delay = 0.001s, MTU = 1200
 summary   8.0  Transmit rate =  7286kbps, PLR =  0.00%( 0.00%), CE =  8.84%( 7.85%)[ 0.0%,  0.0%, 92.4%,  7.6%], RTT = 0.024s, Queue delay = 0.001s, MTU = 1200
 summary  10.0  Transmit rate =  7526kbps, PLR =  0.00%( 0.00%), CE =  8.43%( 7.91%)[ 0.0%,  0.0%, 92.3%,  7.7%], RTT = 0.024s, Queue delay = 0.002s, MTU = 1200
 summary  12.0  Transmit rate =  7532kbps, PLR =  0.00%( 0.00%), CE =  8.72%( 7.74%)[ 0.0%,  0.0%, 92.3%,  7.7%], RTT = 0.023s, Queue delay = 0.002s, MTU = 1200
 summary  14.0  Transmit rate =  7512kbps, PLR =  0.00%( 0.00%), CE =  8.18%( 7.72%)[ 0.0%,  0.0%, 92.5%,  7.5%], RTT = 0.023s, Queue delay = 0.002s, MTU = 1200
 summary  16.0  Transmit rate =  7573kbps, PLR =  0.00%( 0.00%), CE =  8.47%( 7.88%)[ 0.0%,  0.0%, 92.3%,  7.7%], RTT = 0.023s, Queue delay = 0.002s, MTU = 1200
 summary  18.0  Transmit rate =  7540kbps, PLR =  0.00%( 0.00%), CE =  7.74%( 7.81%)[ 0.0%,  0.0%, 92.4%,  7.6%], RTT = 0.023s, Queue delay = 0.002s, MTU = 1200
 summary  20.0  Transmit rate =  7583kbps, PLR =  0.00%( 0.00%), CE =  8.19%( 7.67%)[ 0.0%,  0.0%, 92.5%,  7.5%], RTT = 0.023s, Queue delay = 0.002s, MTU = 1200
 summary  22.0  Transmit rate =  7650kbps, PLR =  0.00%( 0.00%), CE =  8.66%( 7.64%)[ 0.0%,  0.0%, 92.6%,  7.4%], RTT = 0.023s, Queue delay = 0.002s, MTU = 1200
 summary  24.0  Transmit rate =  7626kbps, PLR =  0.00%( 0.00%), CE =  8.70%( 7.66%)[ 0.0%,  0.0%, 92.6%,  7.4%], RTT = 0.023s, Queue delay = 0.002s, MTU = 1200
 summary  26.0  Transmit rate =  7586kbps, PLR =  0.00%( 0.00%), CE =  8.66%( 7.68%)[ 0.0%,  0.0%, 92.5%,  7.5%], RTT = 0.023s, Queue delay = 0.002s, MTU = 1200
 summary  28.0  Transmit rate =  7668kbps, PLR =  0.00%( 0.00%), CE =  8.31%( 7.62%)[ 0.0%,  0.0%, 92.6%,  7.4%], RTT = 0.023s, Queue delay = 0.002s, MTU = 1200
 summary  30.0  Transmit rate =  7511kbps, PLR =  0.00%( 0.00%), CE =  7.27%( 7.57%)[ 0.0%,  0.0%, 92.6%,  7.4%], RTT = 0.023s, Queue delay = 0.002s, MTU = 1200
 summary  32.0  Transmit rate =  7707kbps, PLR =  0.00%( 0.00%), CE =  8.47%( 7.61%)[ 0.0%,  0.0%, 92.6%,  7.4%], RTT = 0.023s, Queue delay = 0.002s, MTU = 1200
 summary  34.0  Transmit rate =  7561kbps, PLR =  0.00%( 0.00%), CE =  7.92%( 7.59%)[ 0.0%,  0.0%, 92.6%,  7.4%], RTT = 0.023s, Queue delay = 0.002s, MTU = 1200

======================== Summary ==========================
 Bitrate min/max/avg [kbps]          :  5788/ 9290/ 7538
 RTT     min/max/avg [s]             : 0.023/0.049/0.023
 Queue delay max/avg [s]             : 0.003/0.002
 Packet loss avg [%]                 : 0.000
 ECN/L4S NotECT/ECT(0)/ECT(1)/CE [%] :  0.0/ 0.0/92.6/ 7.4
===========================================================
