Listen on port 5347 to receive RTCP from decoder 
Scream sender started! 
 summary   2.0  Transmit rate =  4713kbps, PLR =  0.00%( 0.00%), CE =  1.86%( 6.18%)[ 0.0%,  0.0%, 93.9%,  6.1%], RTT = 0.036s, Queue delay = 0.001s, MTU = 1200
 summary   4.0  Transmit rate =  6444kbps, PLR =  0.00%( 0.00%), CE =  5.11%( 6.46%)[ 0.0%,  0.0%, 93.4%,  6.6%], RTT = 0.029s, Queue delay = 0.002s, MTU = 1200
 summary   6.0  Transmit rate =  6996kbps, PLR =  0.00%( 0.00%), CE =  8.20%( 6.98%)[ 0.0%,  0.0%, 93.2%,  6.8%], RTT = 0.026s, Queue delay = 0.002s, MTU = 1200
 summary   8.0  Transmit rate =  7420kbps, PLR =  0.00%( 0.00%), CE =  7.78%( 6.90%)[ 0.0%,  0.0%, 93.3%,  6.7%], RTT = 0.025s, Queue delay = 0.002s, MTU = 1200
 summary  10.0  Transmit rate =  7384kbps, PLR =  0.00%( 0.00%), CE =  6.58%( 6.21%)[ 0.0%,  0.0%, 94.0%,  6.0%], RTT = 0.024s, Queue delay = 0.002s, MTU = 1200
 summary  12.0  Transmit rate =  7600kbps, PLR =  0.00%( 0.00%), CE =  6.03%( 6.38%)[ 0.0%,  0.0%, 93.7%,  6.3%], RTT = 0.024s, Queue delay = 0.002s, MTU = 1200
 summary  14.0  Transmit rate =  7605kbps, PLR =  0.00%( 0.00%), CE =  6.67%( 6.47%)[ 0.0%,  0.0%, 93.7%,  6.3%], RTT = 0.024s, Queue delay = 0.002s, MTU = 1200
 summary  16.0  Transmit rate =  7474kbps, PLR =  0.00%( 0.00%), CE =  7.22%( 6.34%)[ 0.0%,  0.0%, 93.8%,  6.2%], RTT = 0.024s, Queue delay = 0.002s, MTU = 1200
 summary  18.0  Transmit rate =  7534kbps, PLR =  0.00%( 0.00%), CE =  6.46%( 6.17%)[ 0.0%,  0.0%, 94.0%,  6.0%], RTT = 0.024s, Queue delay = 0.002s, MTU = 1200
 summary  20.0  Transmit rate =  7599kbps, PLR =  0.00%( 0.00%), CE =  6.36%( 6.29%)[ 0.0%,  0.0%, 93.9%,  6.1%], RTT = 0.024s, Queue delay = 0.002s, MTU = 1200
 summary  22.0  Transmit rate =  7519kbps, PLR =  0.00%( 0.00%), CE =  7.66%( 6.34%)[ 0.0%,  0.0%, 93.8%,  6.2%], RTT = 0.024s, Queue delay = 0.002s, MTU = 1200
 summary  24.0  Transmit rate =  7585kbps, PLR =  0.00%( 0.00%), CE =  7.54%( 6.28%)[ 0.0%,  0.0%, 93.9%,  6.1%], RTT = 0.024s, Queue delay = 0.002s, MTU = 1200
 summary  26.0  Transmit rate =  7661kbps, PLR =  0.00%( 0.00%), CE =  7.62%( 6.40%)[ 0.0%,  0.0%, 93.8%,  6.2%], RTT = 0.024s, Queue delay = 0.002s, MTU = 1200
 summary  28.0  Transmit rate =  7619kbps, PLR =  0.00%( 0.00%), CE =  7.39%( 6.40%)[ 0.0%,  0.0%, 93.8%,  6.2%], RTT = 0.024s, Queue delay = 0.002s, MTU = 1200
 summary  30.0  Transmit rate =  7592kbps, PLR =  0.00%( 0.00%), CE =  7.15%( 6.44%)[ 0.0%,  0.0%, 93.7%,  6.3%], RTT = 0.024s, Queue delay = 0.002s, MTU = 1200
 summary  32.0  Transmit rate =  7644kbps, PLR =  0.00%( 0.00%), CE =  7.21%( 6.42%)[ 0.0%,  0.0%, 93.7%,  6.3%], RTT = 0.024s, Queue delay = 0.002s, MTU = 1200
 summary  34.0  Transmit rate =  7642kbps, PLR =  0.00%( 0.00%), CE =  7.49%( 6.42%)[ 0.0%,  0.0%, 93.8%,  6.2%], RTT = 0.024s, Queue delay = 0.002s, MTU = 1200

======================== Summary ==========================
 Bitrate min/max/avg [kbps]          :  6073/ 9260/ 7556
 RTT     min/max/avg [s]             : 0.023/0.049/0.024
 Queue delay max/avg [s]             : 0.004/0.002
 Packet loss avg [%]                 : 0.000
 ECN/L4S NotECT/ECT(0)/ECT(1)/CE [%] :  0.0/ 0.0/93.8/ 6.2
===========================================================
