Listen on port 5307 to receive RTCP from decoder 
Scream sender started! 
 summary   2.0  Transmit rate =  4730kbps, PLR =  0.00%( 0.00%), CE =  2.41%( 7.71%)[ 0.0%,  0.0%, 92.5%,  7.5%], RTT = 0.036s, Queue delay = 0.001s, MTU = 1200
 summary   4.0  Transmit rate =  6290kbps, PLR =  0.00%( 0.00%), CE =  5.54%( 7.12%)[ 0.0%,  0.0%, 93.0%,  7.0%], RTT = 0.029s, Queue delay = 0.002s, MTU = 1200
 summary   6.0  Transmit rate =  7008kbps, PLR =  0.00%( 0.00%), CE =  8.51%( 7.49%)[ 0.0%,  0.0%, 92.7%,  7.3%], RTT = 0.026s, Queue delay = 0.002s, MTU = 1200
 summary   8.0  Transmit rate =  7311kbps, PLR =  0.00%( 0.00%), CE =  9.14%( 7.65%)[ 0.0%,  0.0%, 92.5%,  7.5%], RTT = 0.025s, Queue delay = 0.002s, MTU = 1200
 summary  10.0  Transmit rate =  7518kbps, PLR =  0.00%( 0.00%), CE =  8.84%( 7.45%)[ 0.0%,  0.0%, 92.7%,  7.3%], RTT = 0.024s, Queue delay = 0.002s, MTU = 1200
 summary  12.0  Transmit rate =  7568kbps, PLR =  0.00%( 0.00%), CE =  7.66%( 7.24%)[ 0.0%,  0.0%, 92.9%,  7.1%], RTT = 0.024s, Queue delay = 0.002s, MTU = 1200
 summary  14.0  Transmit rate =  7488kbps, PLR =  0.00%( 0.00%), CE =  8.35%( 7.16%)[ 0.0%,  0.0%, 93.0%,  7.0%], RTT = 0.024s, Queue delay = 0.002s, MTU = 1200
 summary  16.0  Transmit rate =  7560kbps, PLR =  0.00%( 0.00%), CE =  7.53%( 7.25%)[ 0.0%,  0.0%, 92.9%,  7.1%], RTT = 0.024s, Queue delay = 0.002s, MTU = 1200
 summary  18.0  Transmit rate =  7602kbps, PLR =  0.00%( 0.00%), CE =  8.91%( 7.38%)[ 0.0%,  0.0%, 92.7%,  7.3%], RTT = 0.024s, Queue delay = 0.002s, MTU = 1200
 summary  20.0  Transmit rate =  7578kbps, PLR =  0.00%( 0.00%), CE =  9.62%( 7.51%)[ 0.0%,  0.0%, 92.7%,  7.3%], RTT = 0.024s, Queue delay = 0.002s, MTU = 1200
 summary  22.0  Transmit rate =  7643kbps, PLR =  0.00%( 0.00%), CE =  8.67%( 7.41%)[ 0.0%,  0.0%, 92.7%,  7.3%], RTT = 0.024s, Queue delay = 0.002s, MTU = 1200
 summary  24.0  Transmit rate =  7565kbps, PLR =  0.00%( 0.00%), CE =  8.39%( 7.50%)[ 0.0%,  0.0%, 92.7%,  7.3%], RTT = 0.024s, Queue delay = 0.002s, MTU = 1200
 summary  26.0  Transmit rate =  7502kbps, PLR =  0.00%( 0.00%), CE =  7.69%( 7.43%)[ 0.0%,  0.0%, 92.7%,  7.3%], RTT = 0.024s, Queue delay = 0.002s, MTU = 1200
 summary  28.0  Transmit rate =  7482kbps, PLR =  0.00%( 0.00%), CE =  7.57%( 7.47%)[ 0.0%,  0.0%, 92.7%,  7.3%], RTT = 0.024s, Queue delay = 0.002s, MTU = 1200
 summary  30.0  Transmit rate =  7434kbps, PLR =  0.00%( 0.00%), CE =  6.87%( 7.23%)[ 0.0%,  0.0%, 92.9%,  7.1%], RTT = 0.024s, Queue delay = 0.002s, MTU = 1200
 summary  32.0  Transmit rate =  7509kbps, PLR =  0.00%( 0.00%), CE =  6.62%( 7.28%)[ 0.0%,  0.0%, 92.9%,  7.1%], RTT = 0.024s, Queue delay = 0.002s, MTU = 1200
 summary  34.1  Transmit rate =  7505kbps, PLR =  0.00%( 0.00%), CE =  8.06%( 7.28%)[ 0.0%,  0.0%, 92.9%,  7.1%], RTT = 0.024s, Queue delay = 0.002s, MTU = 1200

======================== Summary ==========================
 Bitrate min/max/avg [kbps]          :  5968/ 9090/ 7495
 RTT     min/max/avg [s]             : 0.023/0.049/0.024
 Queue delay max/avg [s]             : 0.004/0.002
 Packet loss avg [%]                 : 0.000
 ECN/L4S NotECT/ECT(0)/ECT(1)/CE [%] :  0.0/ 0.0/93.0/ 7.0
===========================================================
