Listen on port 5363 to receive RTCP from decoder 
Scream sender started! 
 summary   2.0  Transmit rate =  4492kbps, PLR =  0.00%( 0.00%), CE =  1.53%( 5.43%)[ 0.0%,  0.0%, 94.7%,  5.3%], RTT = 0.036s, Queue delay = 0.001s, MTU = 1200
 summary   4.0  Transmit rate =  6164kbps, PLR =  0.00%( 0.00%), CE =  3.71%( 5.04%)[ 0.0%,  0.0%, 95.0%,  5.0%], RTT = 0.029s, Queue delay = 0.002s, MTU = 1200
 summary   6.0  Transmit rate =  7152kbps, PLR =  0.00%( 0.00%), CE =  5.97%( 5.44%)[ 0.0%,  0.0%, 94.5%,  5.5%], RTT = 0.026s, Queue delay = 0.002s, MTU = 1200
 summary   8.0  Transmit rate =  7359kbps, PLR =  0.00%( 0.00%), CE =  6.93%( 5.77%)[ 0.0%,  0.0%, 94.4%,  5.6%], RTT = 0.025s, Queue delay = 0.002s, MTU = 1200
 summary  10.0  Transmit rate =  7545kbps, PLR =  0.00%( 0.00%), CE =  7.47%( 5.84%)[ 0.0%,  0.0%, 94.3%,  5.7%], RTT = 0.024s, Queue delay = 0.002s, MTU = 1200
 summary  12.0  Transmit rate =  7611kbps, PLR =  0.00%( 0.00%), CE =  6.97%( 5.97%)[ 0.0%,  0.0%, 94.2%,  5.8%], RTT = 0.024s, Queue delay = 0.002s, MTU = 1200
 summary  14.0  Transmit rate =  7580kbps, PLR =  0.00%( 0.00%), CE =  7.25%( 6.07%)[ 0.0%,  0.0%, 94.0%,  6.0%], RTT = 0.024s, Queue delay = 0.002s, MTU = 1200
 summary  16.0  Transmit rate =  7607kbps, PLR =  0.00%( 0.00%), CE =  7.44%( 6.15%)[ 0.0%,  0.0%, 94.0%,  6.0%], RTT = 0.024s, Queue delay = 0.002s, MTU = 1200
 summary  18.0  Transmit rate =  7639kbps, PLR =  0.00%( 0.00%), CE =  7.11%( 6.23%)[ 0.0%,  0.0%, 93.9%,  6.1%], RTT = 0.024s, Queue delay = 0.002s, MTU = 1200
 summary  20.0  Transmit rate =  7673kbps, PLR =  0.00%( 0.00%), CE =  7.48%( 6.23%)[ 0.0%,  0.0%, 93.9%,  6.1%], RTT = 0.024s, Queue delay = 0.002s, MTU = 1200
 summary  22.0  Transmit rate =  7590kbps, PLR =  0.00%( 0.00%), CE =  7.02%( 6.18%)[ 0.0%,  0.0%, 94.0%,  6.0%], RTT = 0.024s, Queue delay = 0.002s, MTU = 1200
 summary  24.0  Transmit rate =  7531kbps, PLR =  0.00%( 0.00%), CE =  7.15%( 6.25%)[ 0.0%,  0.0%, 93.9%,  6.1%], RTT = 0.024s, Queue delay = 0.002s, MTU = 1200
 summary  26.0  Transmit rate =  7564kbps, PLR =  0.00%( 0.00%), CE =  6.74%( 6.27%)[ 0.0%,  0.0%, 93.9%,  6.1%], RTT = 0.024s, Queue delay = 0.002s, MTU = 1200
 summary  28.0  Transmit rate =  7708kbps, PLR =  0.00%( 0.00%), CE =  7.54%( 6.27%)[ 0.0%,  0.0%, 93.9%,  6.1%], RTT = 0.024s, Queue delay = 0.002s, MTU = 1200
 summary  30.0  Transmit rate =  7640kbps, PLR =  0.00%( 0.00%), CE =  7.10%( 6.27%)[ 0.0%,  0.0%, 93.9%,  6.1%], RTT = 0.024s, Queue delay = 0.002s, MTU = 1200
 summary  32.0  Transmit rate =  7656kbps, PLR =  0.00%( 0.00%), CE =  7.81%( 6.28%)[ 0.0%,  0.0%, 93.9%,  6.1%], RTT = 0.024s, Queue delay = 0.002s, MTU = 1200
 summary  34.0  Transmit rate =  7515kbps, PLR =  0.00%( 0.00%), CE =  7.76%( 6.36%)[ 0.0%,  0.0%, 93.8%,  6.2%], RTT = 0.024s, Queue delay = 0.002s, MTU = 1200

======================== Summary ==========================
 Bitrate min/max/avg [kbps]          :  6197/ 9420/ 7543
 RTT     min/max/avg [s]             : 0.023/0.049/0.024
 Queue delay max/avg [s]             : 0.004/0.002
 Packet loss avg [%]                 : 0.000
 ECN/L4S NotECT/ECT(0)/ECT(1)/CE [%] :  0.0/ 0.0/93.9/ 6.1
===========================================================
