Listen on port 5317 to receive RTCP from decoder 
Scream sender started! 
 summary   2.0  Transmit rate =  4731kbps, PLR =  0.00%( 0.00%), CE =  1.43%( 5.83%)[ 0.0%,  0.0%, 94.3%,  5.7%], RTT = 0.036s, Queue delay = 0.001s, MTU = 1200
 summary   4.0  Transmit rate =  6390kbps, PLR =  0.00%( 0.00%), CE =  5.00%( 6.44%)[ 0.0%,  0.0%, 93.6%,  6.4%], RTT = 0.029s, Queue delay = 0.001s, MTU = 1200
 summary   6.0  Transmit rate =  7140kbps, PLR =  0.00%( 0.00%), CE =  8.35%( 7.10%)[ 0.0%,  0.0%, 93.1%,  6.9%], RTT = 0.026s, Queue delay = 0.001s, MTU = 1200
 summary   8.0  Transmit rate =  7376kbps, PLR =  0.00%( 0.00%), CE =  8.73%( 7.40%)[ 0.0%,  0.0%, 92.8%,  7.2%], RTT = 0.025s, Queue delay = 0.002s, MTU = 1200
 summary  10.0  Transmit rate =  7560kbps, PLR =  0.00%( 0.00%), CE =  8.58%( 7.23%)[ 0.0%,  0.0%, 93.0%,  7.0%], RTT = 0.024s, Queue delay = 0.002s, MTU = 1200
 summary  12.0  Transmit rate =  7578kbps, PLR =  0.00%( 0.00%), CE =  7.56%( 7.14%)[ 0.0%,  0.0%, 93.0%,  7.0%], RTT = 0.024s, Queue delay = 0.002s, MTU = 1200
 summary  14.0  Transmit rate =  7615kbps, PLR =  0.00%( 0.00%), CE =  8.71%( 7.22%)[ 0.0%,  0.0%, 93.0%,  7.0%], RTT = 0.024s, Queue delay = 0.002s, MTU = 1200
 summary  16.0  Transmit rate =  7561kbps, PLR =  0.00%( 0.00%), CE =  8.27%( 7.32%)[ 0.0%,  0.0%, 92.9%,  7.1%], RTT = 0.024s, Queue delay = 0.002s, MTU = 1200
 summary  18.0  Transmit rate =  7562kbps, PLR =  0.00%( 0.00%), CE =  7.59%( 7.32%)[ 0.0%,  0.0%, 92.9%,  7.1%], RTT = 0.023s, Queue delay = 0.002s, MTU = 1200
 summary  20.0  Transmit rate =  7542kbps, PLR =  0.00%( 0.00%), CE =  8.78%( 7.45%)[ 0.0%,  0.0%, 92.8%,  7.2%], RTT = 0.024s, Queue delay = 0.002s, MTU = 1200
 summary  22.0  Transmit rate =  7638kbps, PLR =  0.00%( 0.00%), CE =  8.45%( 7.36%)[ 0.0%,  0.0%, 92.9%,  7.1%], RTT = 0.023s, Queue delay = 0.002s, MTU = 1200
 summary  24.0  Transmit rate =  7749kbps, PLR =  0.00%( 0.00%), CE =  8.25%( 7.42%)[ 0.0%,  0.0%, 92.8%,  7.2%], RTT = 0.023s, Queue delay = 0.002s, MTU = 1200
 summary  26.0  Transmit rate =  7764kbps, PLR =  0.00%( 0.00%), CE =  8.29%( 7.48%)[ 0.0%,  0.0%, 92.7%,  7.3%], RTT = 0.023s, Queue delay = 0.002s, MTU = 1200
 summary  28.0  Transmit rate =  7791kbps, PLR =  0.00%( 0.00%), CE =  7.72%( 7.30%)[ 0.0%,  0.0%, 92.9%,  7.1%], RTT = 0.023s, Queue delay = 0.002s, MTU = 1200
 summary  30.0  Transmit rate =  7852kbps, PLR =  0.00%( 0.00%), CE =  7.90%( 7.27%)[ 0.0%,  0.0%, 92.9%,  7.1%], RTT = 0.023s, Queue delay = 0.002s, MTU = 1200
 summary  32.0  Transmit rate =  7753kbps, PLR =  0.00%( 0.00%), CE =  7.43%( 7.29%)[ 0.0%,  0.0%, 92.9%,  7.1%], RTT = 0.023s, Queue delay = 0.002s, MTU = 1200
 summary  34.1  Transmit rate =  7812kbps, PLR =  0.00%( 0.00%), CE =  8.24%( 7.35%)[ 0.0%,  0.0%, 92.9%,  7.1%], RTT = 0.023s, Queue delay = 0.002s, MTU = 1200

======================== Summary ==========================
 Bitrate min/max/avg [kbps]          :  5999/ 9231/ 7629
 RTT     min/max/avg [s]             : 0.023/0.049/0.024
 Queue delay max/avg [s]             : 0.003/0.002
 Packet loss avg [%]                 : 0.000
 ECN/L4S NotECT/ECT(0)/ECT(1)/CE [%] :  0.0/ 0.0/92.9/ 7.1
===========================================================
