Listen on port 5387 to receive RTCP from decoder 
Scream sender started! 
 summary   2.0  Transmit rate =  4661kbps, PLR =  0.00%( 0.00%), CE =  1.90%( 7.45%)[ 0.0%,  0.0%, 92.6%,  7.4%], RTT = 0.036s, Queue delay = 0.001s, MTU = 1200
 summary   4.0  Transmit rate =  6224kbps, PLR =  0.00%( 0.00%), CE =  5.87%( 7.87%)[ 0.0%,  0.0%, 92.2%,  7.8%], RTT = 0.029s, Queue delay = 0.001s, MTU = 1200
 summary   6.0  Transmit rate =  7101kbps, PLR =  0.00%( 0.00%), CE =  8.83%( 7.54%)[ 0.0%,  0.0%, 92.5%,  7.5%], RTT = 0.026s, Queue delay = 0.001s, MTU = 1200
 summary   8.0  Transmit rate =  7308kbps, PLR =  0.00%( 0.00%), CE =  8.62%( 7.88%)[ 0.0%,  0.0%, 92.3%,  7.7%], RTT = 0.025s, Queue delay = 0.002s, MTU = 1200
 summary  10.0  Transmit rate =  7497kbps, PLR =  0.00%( 0.00%), CE =  9.25%( 7.79%)[ 0.0%,  0.0%, 92.5%,  7.5%], RTT = 0.024s, Queue delay = 0.002s, MTU = 1200
 summary  12.0  Transmit rate =  7543kbps, PLR =  0.00%( 0.00%), CE =  8.93%( 7.88%)[ 0.0%,  0.0%, 92.4%,  7.6%], RTT = 0.024s, Queue delay = 0.002s, MTU = 1200
 summary  14.0  Transmit rate =  7648kbps, PLR =  0.00%( 0.00%), CE =  9.02%( 7.89%)[ 0.0%,  0.0%, 92.2%,  7.8%], RTT = 0.023s, Queue delay = 0.002s, MTU = 1200
 summary  16.0  Transmit rate =  7545kbps, PLR =  0.00%( 0.00%), CE =  9.70%( 8.05%)[ 0.0%,  0.0%, 92.2%,  7.8%], RTT = 0.023s, Queue delay = 0.002s, MTU = 1200
 summary  18.0  Transmit rate =  7546kbps, PLR =  0.00%( 0.00%), CE =  8.81%( 8.02%)[ 0.0%,  0.0%, 92.2%,  7.8%], RTT = 0.023s, Queue delay = 0.002s, MTU = 1200
 summary  20.0  Transmit rate =  7618kbps, PLR =  0.00%( 0.00%), CE =  8.48%( 7.93%)[ 0.0%,  0.0%, 92.3%,  7.7%], RTT = 0.023s, Queue delay = 0.002s, MTU = 1200
 summary  22.0  Transmit rate =  7566kbps, PLR =  0.00%( 0.00%), CE =  8.40%( 7.99%)[ 0.0%,  0.0%, 92.3%,  7.7%], RTT = 0.023s, Queue delay = 0.002s, MTU = 1200
 summary  24.0  Transmit rate =  7571kbps, PLR =  0.00%( 0.00%), CE =  9.50%( 7.96%)[ 0.0%,  0.0%, 92.3%,  7.7%], RTT = 0.023s, Queue delay = 0.002s, MTU = 1200
 summary  26.0  Transmit rate =  7624kbps, PLR =  0.00%( 0.00%), CE =  9.73%( 8.08%)[ 0.0%,  0.0%, 92.2%,  7.8%], RTT = 0.024s, Queue delay = 0.002s, MTU = 1200
 summary  28.0  Transmit rate =  7616kbps, PLR =  0.00%( 0.00%), CE =  8.60%( 7.92%)[ 0.0%,  0.0%, 92.3%,  7.7%], RTT = 0.023s, Queue delay = 0.002s, MTU = 1200
 summary  30.0  Transmit rate =  7627kbps, PLR =  0.00%( 0.00%), CE =  9.31%( 8.00%)[ 0.0%,  0.0%, 92.2%,  7.8%], RTT = 0.023s, Queue delay = 0.002s, MTU = 1200
 summary  32.0  Transmit rate =  7575kbps, PLR =  0.00%( 0.00%), CE =  9.33%( 8.01%)[ 0.0%,  0.0%, 92.2%,  7.8%], RTT = 0.023s, Queue delay = 0.002s, MTU = 1200
 summary  34.0  Transmit rate =  7574kbps, PLR =  0.00%( 0.00%), CE =  9.56%( 8.05%)[ 0.0%,  0.0%, 92.2%,  7.8%], RTT = 0.023s, Queue delay = 0.002s, MTU = 1200

======================== Summary ==========================
 Bitrate min/max/avg [kbps]          :  6167/ 9202/ 7532
 RTT     min/max/avg [s]             : 0.023/0.049/0.024
 Queue delay max/avg [s]             : 0.003/0.002
 Packet loss avg [%]                 : 0.000
 ECN/L4S NotECT/ECT(0)/ECT(1)/CE [%] :  0.0/ 0.0/92.2/ 7.8
===========================================================
