Listen on port 5351 to receive RTCP from decoder 
Scream sender started! 
 summary   2.0  Transmit rate =  4677kbps, PLR =  0.00%( 0.00%), CE =  1.96%( 6.30%)[ 0.0%,  0.0%, 93.9%,  6.1%], RTT = 0.036s, Queue delay = 0.001s, MTU = 1200
 summary   4.0  Transmit rate =  6331kbps, PLR =  0.00%( 0.00%), CE =  4.64%( 6.09%)[ 0.0%,  0.0%, 94.1%,  5.9%], RTT = 0.029s, Queue delay = 0.001s, MTU = 1200
 summary   6.0  Transmit rate =  7192kbps, PLR =  0.00%( 0.00%), CE =  7.06%( 5.97%)[ 0.0%,  0.0%, 94.1%,  5.9%], RTT = 0.026s, Queue delay = 0.002s, MTU = 1200
 summary   8.0  Transmit rate =  7457kbps, PLR =  0.00%( 0.00%), CE =  8.05%( 6.53%)[ 0.0%,  0.0%, 93.6%,  6.4%], RTT = 0.025s, Queue delay = 0.002s, MTU = 1200
 summary  10.0  Transmit rate =  7503kbps, PLR =  0.00%( 0.00%), CE =  7.98%( 6.50%)[ 0.0%,  0.0%, 93.7%,  6.3%], RTT = 0.024s, Queue delay = 0.002s, MTU = 1200
 summary  12.0  Transmit rate =  7623kbps, PLR =  0.00%( 0.00%), CE =  6.84%( 6.61%)[ 0.0%,  0.0%, 93.6%,  6.4%], RTT = 0.024s, Queue delay = 0.002s, MTU = 1200
 summary  14.0  Transmit rate =  7576kbps, PLR =  0.00%( 0.00%), CE =  6.91%( 6.64%)[ 0.0%,  0.0%, 93.5%,  6.5%], RTT = 0.024s, Queue delay = 0.002s, MTU = 1200
 summary  16.0  Transmit rate =  7546kbps, PLR =  0.00%( 0.00%), CE =  7.43%( 6.44%)[ 0.0%,  0.0%, 93.7%,  6.3%], RTT = 0.024s, Queue delay = 0.002s, MTU = 1200
 summary  18.0  Transmit rate =  7483kbps, PLR =  0.00%( 0.00%), CE =  6.69%( 6.59%)[ 0.0%,  0.0%, 93.6%,  6.4%], RTT = 0.024s, Queue delay = 0.002s, MTU = 1200
 summary  20.0  Transmit rate =  7525kbps, PLR =  0.00%( 0.00%), CE =  7.01%( 6.52%)[ 0.0%,  0.0%, 93.7%,  6.3%], RTT = 0.024s, Queue delay = 0.002s, MTU = 1200
 summary  22.0  Transmit rate =  7621kbps, PLR =  0.00%( 0.00%), CE =  7.50%( 6.49%)[ 0.0%,  0.0%, 93.7%,  6.3%], RTT = 0.024s, Queue delay = 0.002s, MTU = 1200
 summary  24.0  Transmit rate =  7656kbps, PLR =  0.00%( 0.00%), CE =  6.92%( 6.40%)[ 0.0%,  0.0%, 93.8%,  6.2%], RTT = 0.024s, Queue delay = 0.002s, MTU = 1200
 summary  26.0  Transmit rate =  7586kbps, PLR =  0.00%( 0.00%), CE =  7.03%( 6.52%)[ 0.0%,  0.0%, 93.7%,  6.3%], RTT = 0.024s, Queue delay = 0.002s, MTU = 1200
 summary  28.0  Transmit rate =  7559kbps, PLR =  0.00%( 0.00%), CE =  7.81%( 6.48%)[ 0.0%,  0.0%, 93.7%,  6.3%], RTT = 0.024s, Queue delay = 0.002s, MTU = 1200
 summary  30.0  Transmit rate =  7588kbps, PLR =  0.00%( 0.00%), CE =  6.34%( 6.36%)[ 0.0%,  0.0%, 93.8%,  6.2%], RTT = 0.024s, Queue delay = 0.002s, MTU = 1200
 summary  32.0  Transmit rate =  7617kbps, PLR =  0.00%( 0.00%), CE =  7.11%( 6.36%)[ 0.0%,  0.0%, 93.8%,  6.2%], RTT = 0.024s, Queue delay = 0.002s, MTU = 1200
 summary  34.0  Transmit rate =  7555kbps, PLR =  0.00%( 0.00%), CE =  6.54%( 6.31%)[ 0.0%,  0.0%, 93.9%,  6.1%], RTT = 0.024s, Queue delay = 0.002s, MTU = 1200

======================== Summary ==========================
 Bitrate min/max/avg [kbps]          :     0/ 9452/ 7448
 RTT     min/max/avg [s]             : 0.023/0.049/0.024
 Queue delay max/avg [s]             : 0.003/0.002
 Packet loss avg [%]                 : 0.000
 ECN/L4S NotECT/ECT(0)/ECT(1)/CE [%] :  0.0/ 0.0/93.8/ 6.2
===========================================================
