Listen on port 5341 to receive RTCP from decoder 
Scream sender started! 
 summary   2.0  Transmit rate =  4717kbps, PLR =  0.00%( 0.00%), CE =  1.97%( 6.74%)[ 0.0%,  0.0%, 93.3%,  6.7%], RTT = 0.036s, Queue delay = 0.001s, MTU = 1200
 summary   4.0  Transmit rate =  6296kbps, PLR =  0.00%( 0.00%), CE =  5.44%( 7.57%)[ 0.0%,  0.0%, 92.6%,  7.4%], RTT = 0.029s, Queue delay = 0.001s, MTU = 1200
 summary   6.0  Transmit rate =  7170kbps, PLR =  0.00%( 0.00%), CE =  9.05%( 7.71%)[ 0.0%,  0.0%, 92.5%,  7.5%], RTT = 0.026s, Queue delay = 0.002s, MTU = 1200
 summary   8.0  Transmit rate =  7337kbps, PLR =  0.00%( 0.00%), CE =  8.89%( 7.80%)[ 0.0%,  0.0%, 92.4%,  7.6%], RTT = 0.024s, Queue delay = 0.002s, MTU = 1200
 summary  10.0  Transmit rate =  7423kbps, PLR =  0.00%( 0.00%), CE =  9.37%( 7.95%)[ 0.0%,  0.0%, 92.3%,  7.7%], RTT = 0.024s, Queue delay = 0.002s, MTU = 1200
 summary  12.0  Transmit rate =  7542kbps, PLR =  0.00%( 0.00%), CE =  8.96%( 8.03%)[ 0.0%,  0.0%, 92.2%,  7.8%], RTT = 0.024s, Queue delay = 0.002s, MTU = 1200
 summary  14.0  Transmit rate =  7549kbps, PLR =  0.00%( 0.00%), CE =  9.55%( 8.14%)[ 0.0%,  0.0%, 92.1%,  7.9%], RTT = 0.023s, Queue delay = 0.002s, MTU = 1200
 summary  16.0  Transmit rate =  7602kbps, PLR =  0.00%( 0.00%), CE =  9.92%( 8.14%)[ 0.0%,  0.0%, 92.1%,  7.9%], RTT = 0.023s, Queue delay = 0.002s, MTU = 1200
 summary  18.0  Transmit rate =  7544kbps, PLR =  0.00%( 0.00%), CE =  8.95%( 8.08%)[ 0.0%,  0.0%, 92.2%,  7.8%], RTT = 0.023s, Queue delay = 0.002s, MTU = 1200
 summary  20.0  Transmit rate =  7587kbps, PLR =  0.00%( 0.00%), CE =  9.30%( 8.04%)[ 0.0%,  0.0%, 92.2%,  7.8%], RTT = 0.023s, Queue delay = 0.002s, MTU = 1200
 summary  22.0  Transmit rate =  7670kbps, PLR =  0.00%( 0.00%), CE =  8.75%( 8.00%)[ 0.0%,  0.0%, 92.2%,  7.8%], RTT = 0.023s, Queue delay = 0.002s, MTU = 1200
 summary  24.0  Transmit rate =  7591kbps, PLR =  0.00%( 0.00%), CE =  9.03%( 8.05%)[ 0.0%,  0.0%, 92.2%,  7.8%], RTT = 0.023s, Queue delay = 0.002s, MTU = 1200
 summary  26.0  Transmit rate =  7611kbps, PLR =  0.00%( 0.00%), CE =  9.86%( 8.13%)[ 0.0%,  0.0%, 92.1%,  7.9%], RTT = 0.023s, Queue delay = 0.002s, MTU = 1200
 summary  28.0  Transmit rate =  7587kbps, PLR =  0.00%( 0.00%), CE =  8.59%( 8.06%)[ 0.0%,  0.0%, 92.2%,  7.8%], RTT = 0.023s, Queue delay = 0.002s, MTU = 1200
 summary  30.0  Transmit rate =  7692kbps, PLR =  0.00%( 0.00%), CE =  8.51%( 7.99%)[ 0.0%,  0.0%, 92.2%,  7.8%], RTT = 0.023s, Queue delay = 0.002s, MTU = 1200
 summary  32.0  Transmit rate =  7613kbps, PLR =  0.00%( 0.00%), CE =  9.24%( 8.04%)[ 0.0%,  0.0%, 92.2%,  7.8%], RTT = 0.023s, Queue delay = 0.002s, MTU = 1200
 summary  34.0  Transmit rate =  7535kbps, PLR =  0.00%( 0.00%), CE =  8.63%( 8.01%)[ 0.0%,  0.0%, 92.2%,  7.8%], RTT = 0.023s, Queue delay = 0.002s, MTU = 1200

======================== Summary ==========================
 Bitrate min/max/avg [kbps]          :     0/ 9061/ 7440
 RTT     min/max/avg [s]             : 0.023/0.049/0.024
 Queue delay max/avg [s]             : 0.003/0.002
 Packet loss avg [%]                 : 0.000
 ECN/L4S NotECT/ECT(0)/ECT(1)/CE [%] :  0.0/ 0.0/92.3/ 7.7
===========================================================
