Listen on port 5365 to receive RTCP from decoder 
Scream sender started! 
 summary   2.0  Transmit rate =  4683kbps, PLR =  0.00%( 0.00%), CE =  1.73%( 5.40%)[ 0.0%,  0.0%, 94.6%,  5.4%], RTT = 0.036s, Queue delay = 0.001s, MTU = 1200
 summary   4.0  Transmit rate =  6488kbps, PLR =  0.00%( 0.00%), CE =  3.74%( 5.08%)[ 0.0%,  0.0%, 95.0%,  5.0%], RTT = 0.029s, Queue delay = 0.002s, MTU = 1200
 summary   6.0  Transmit rate =  7008kbps, PLR =  0.00%( 0.00%), CE =  6.75%( 5.92%)[ 0.0%,  0.0%, 94.2%,  5.8%], RTT = 0.026s, Queue delay = 0.002s, MTU = 1200
 summary   8.0  Transmit rate =  7473kbps, PLR =  0.00%( 0.00%), CE =  7.22%( 6.23%)[ 0.0%,  0.0%, 93.9%,  6.1%], RTT = 0.025s, Queue delay = 0.002s, MTU = 1200
 summary  10.0  Transmit rate =  7658kbps, PLR =  0.00%( 0.00%), CE =  7.20%( 6.16%)[ 0.0%,  0.0%, 94.0%,  6.0%], RTT = 0.024s, Queue delay = 0.002s, MTU = 1200
 summary  12.0  Transmit rate =  7679kbps, PLR =  0.00%( 0.00%), CE =  7.27%( 6.30%)[ 0.0%,  0.0%, 93.9%,  6.1%], RTT = 0.024s, Queue delay = 0.002s, MTU = 1200
 summary  14.0  Transmit rate =  7738kbps, PLR =  0.00%( 0.00%), CE =  7.56%( 6.42%)[ 0.0%,  0.0%, 93.7%,  6.3%], RTT = 0.024s, Queue delay = 0.002s, MTU = 1200
 summary  16.0  Transmit rate =  7530kbps, PLR =  0.00%( 0.00%), CE =  8.51%( 6.47%)[ 0.0%,  0.0%, 93.7%,  6.3%], RTT = 0.024s, Queue delay = 0.002s, MTU = 1200
 summary  18.0  Transmit rate =  7527kbps, PLR =  0.00%( 0.00%), CE =  7.11%( 6.31%)[ 0.0%,  0.0%, 93.9%,  6.1%], RTT = 0.024s, Queue delay = 0.002s, MTU = 1200
 summary  20.0  Transmit rate =  7564kbps, PLR =  0.00%( 0.00%), CE =  7.10%( 6.30%)[ 0.0%,  0.0%, 93.9%,  6.1%], RTT = 0.024s, Queue delay = 0.002s, MTU = 1200
 summary  22.0  Transmit rate =  7492kbps, PLR =  0.00%( 0.00%), CE =  6.79%( 6.29%)[ 0.0%,  0.0%, 93.9%,  6.1%], RTT = 0.023s, Queue delay = 0.002s, MTU = 1200
 summary  24.0  Transmit rate =  7658kbps, PLR =  0.00%( 0.00%), CE =  7.41%( 6.39%)[ 0.0%,  0.0%, 93.8%,  6.2%], RTT = 0.024s, Queue delay = 0.002s, MTU = 1200
 summary  26.0  Transmit rate =  7598kbps, PLR =  0.00%( 0.00%), CE =  6.29%( 6.22%)[ 0.0%,  0.0%, 94.0%,  6.0%], RTT = 0.024s, Queue delay = 0.002s, MTU = 1200
 summary  28.0  Transmit rate =  7657kbps, PLR =  0.00%( 0.00%), CE =  7.91%( 6.32%)[ 0.0%,  0.0%, 93.9%,  6.1%], RTT = 0.024s, Queue delay = 0.002s, MTU = 1200
 summary  30.0  Transmit rate =  7570kbps, PLR =  0.00%( 0.00%), CE =  7.04%( 6.35%)[ 0.0%,  0.0%, 93.8%,  6.2%], RTT = 0.024s, Queue delay = 0.002s, MTU = 1200
 summary  32.1  Transmit rate =  7575kbps, PLR =  0.00%( 0.00%), CE =  6.89%( 6.29%)[ 0.0%,  0.0%, 93.9%,  6.1%], RTT = 0.024s, Queue delay = 0.002s, MTU = 1200
 summary  34.1  Transmit rate =  7452kbps, PLR =  0.00%( 0.00%), CE =  7.19%( 6.32%)[ 0.0%,  0.0%, 93.9%,  6.1%], RTT = 0.023s, Queue delay = 0.002s, MTU = 1200

======================== Summary ==========================
 Bitrate min/max/avg [kbps]          :  6065/ 9391/ 7565
 RTT     min/max/avg [s]             : 0.023/0.049/0.024
 Queue delay max/avg [s]             : 0.004/0.002
 Packet loss avg [%]                 : 0.000
 ECN/L4S NotECT/ECT(0)/ECT(1)/CE [%] :  0.0/ 0.0/93.9/ 6.1
===========================================================
