Listen on port 5331 to receive RTCP from decoder 
Scream sender started! 
 summary   2.0  Transmit rate =  4645kbps, PLR =  0.00%( 0.00%), CE =  1.80%( 6.21%)[ 0.0%,  0.0%, 93.3%,  6.7%], RTT = 0.036s, Queue delay = 0.001s, MTU = 1200
 summary   4.0  Transmit rate =  6290kbps, PLR =  0.00%( 0.00%), CE =  5.61%( 7.02%)[ 0.0%,  0.0%, 93.2%,  6.8%], RTT = 0.029s, Queue delay = 0.001s, MTU = 1200
 summary   6.0  Transmit rate =  7120kbps, PLR =  0.00%( 0.00%), CE =  8.15%( 7.15%)[ 0.0%,  0.0%, 93.0%,  7.0%], RTT = 0.026s, Queue delay = 0.001s, MTU = 1200
 summary   8.0  Transmit rate =  7331kbps, PLR =  0.00%( 0.00%), CE =  8.53%( 7.29%)[ 0.0%,  0.0%, 92.9%,  7.1%], RTT = 0.024s, Queue delay = 0.002s, MTU = 1200
 summary  10.0  Transmit rate =  7562kbps, PLR =  0.00%( 0.00%), CE =  9.30%( 7.31%)[ 0.0%,  0.0%, 92.9%,  7.1%], RTT = 0.024s, Queue delay = 0.002s, MTU = 1200
 summary  12.0  Transmit rate =  7582kbps, PLR =  0.00%( 0.00%), CE =  8.46%( 7.29%)[ 0.0%,  0.0%, 92.9%,  7.1%], RTT = 0.023s, Queue delay = 0.002s, MTU = 1200
 summary  14.0  Transmit rate =  7598kbps, PLR =  0.00%( 0.00%), CE =  8.68%( 7.24%)[ 0.0%,  0.0%, 92.9%,  7.1%], RTT = 0.023s, Queue delay = 0.002s, MTU = 1200
 summary  16.0  Transmit rate =  7583kbps, PLR =  0.00%( 0.00%), CE =  7.96%( 7.13%)[ 0.0%,  0.0%, 93.1%,  6.9%], RTT = 0.023s, Queue delay = 0.002s, MTU = 1200
 summary  18.0  Transmit rate =  7666kbps, PLR =  0.00%( 0.00%), CE =  8.61%( 7.21%)[ 0.0%,  0.0%, 93.0%,  7.0%], RTT = 0.023s, Queue delay = 0.002s, MTU = 1200
 summary  20.0  Transmit rate =  7636kbps, PLR =  0.00%( 0.00%), CE =  8.41%( 7.23%)[ 0.0%,  0.0%, 93.0%,  7.0%], RTT = 0.023s, Queue delay = 0.002s, MTU = 1200
 summary  22.0  Transmit rate =  7618kbps, PLR =  0.00%( 0.00%), CE =  9.51%( 7.29%)[ 0.0%,  0.0%, 92.9%,  7.1%], RTT = 0.023s, Queue delay = 0.002s, MTU = 1200
 summary  24.0  Transmit rate =  7662kbps, PLR =  0.00%( 0.00%), CE =  8.25%( 7.29%)[ 0.0%,  0.0%, 92.9%,  7.1%], RTT = 0.023s, Queue delay = 0.002s, MTU = 1200
 summary  26.0  Transmit rate =  7595kbps, PLR =  0.00%( 0.00%), CE =  8.66%( 7.32%)[ 0.0%,  0.0%, 92.9%,  7.1%], RTT = 0.023s, Queue delay = 0.002s, MTU = 1200
 summary  28.0  Transmit rate =  7718kbps, PLR =  0.00%( 0.00%), CE =  9.17%( 7.43%)[ 0.0%,  0.0%, 92.7%,  7.3%], RTT = 0.023s, Queue delay = 0.002s, MTU = 1200
 summary  30.0  Transmit rate =  7373kbps, PLR =  0.00%( 0.00%), CE =  7.32%( 7.25%)[ 0.0%,  0.0%, 93.0%,  7.0%], RTT = 0.023s, Queue delay = 0.002s, MTU = 1200
 summary  32.0  Transmit rate =  7606kbps, PLR =  0.00%( 0.00%), CE =  8.39%( 7.30%)[ 0.0%,  0.0%, 92.9%,  7.1%], RTT = 0.023s, Queue delay = 0.002s, MTU = 1200
 summary  34.1  Transmit rate =  7592kbps, PLR =  0.00%( 0.00%), CE =  8.09%( 7.34%)[ 0.0%,  0.0%, 92.9%,  7.1%], RTT = 0.023s, Queue delay = 0.002s, MTU = 1200

======================== Summary ==========================
 Bitrate min/max/avg [kbps]          :  5775/ 9295/ 7553
 RTT     min/max/avg [s]             : 0.023/0.049/0.023
 Queue delay max/avg [s]             : 0.004/0.002
 Packet loss avg [%]                 : 0.000
 ECN/L4S NotECT/ECT(0)/ECT(1)/CE [%] :  0.0/ 0.0/92.8/ 7.2
===========================================================
