Listen on port 5367 to receive RTCP from decoder 
Scream sender started! 
 summary   2.0  Transmit rate =  4666kbps, PLR =  0.00%( 0.00%), CE =  1.72%( 5.94%)[ 0.0%,  0.0%, 94.2%,  5.8%], RTT = 0.036s, Queue delay = 0.001s, MTU = 1200
 summary   4.0  Transmit rate =  6254kbps, PLR =  0.00%( 0.00%), CE =  5.31%( 7.00%)[ 0.0%,  0.0%, 93.2%,  6.8%], RTT = 0.029s, Queue delay = 0.001s, MTU = 1200
 summary   6.0  Transmit rate =  7102kbps, PLR =  0.00%( 0.00%), CE =  8.43%( 7.49%)[ 0.0%,  0.0%, 92.7%,  7.3%], RTT = 0.026s, Queue delay = 0.001s, MTU = 1200
 summary   8.0  Transmit rate =  7395kbps, PLR =  0.00%( 0.00%), CE =  8.67%( 7.30%)[ 0.0%,  0.0%, 92.9%,  7.1%], RTT = 0.024s, Queue delay = 0.002s, MTU = 1200
 summary  10.0  Transmit rate =  7536kbps, PLR =  0.00%( 0.00%), CE =  8.57%( 7.43%)[ 0.0%,  0.0%, 92.7%,  7.3%], RTT = 0.024s, Queue delay = 0.002s, MTU = 1200
 summary  12.0  Transmit rate =  7632kbps, PLR =  0.00%( 0.00%), CE =  7.84%( 7.46%)[ 0.0%,  0.0%, 92.7%,  7.3%], RTT = 0.024s, Queue delay = 0.002s, MTU = 1200
 summary  14.0  Transmit rate =  7678kbps, PLR =  0.00%( 0.00%), CE =  9.16%( 7.43%)[ 0.0%,  0.0%, 92.8%,  7.2%], RTT = 0.023s, Queue delay = 0.002s, MTU = 1200
 summary  16.0  Transmit rate =  7736kbps, PLR =  0.00%( 0.00%), CE =  8.78%( 7.51%)[ 0.0%,  0.0%, 92.7%,  7.3%], RTT = 0.023s, Queue delay = 0.002s, MTU = 1200
 summary  18.0  Transmit rate =  7768kbps, PLR =  0.00%( 0.00%), CE =  8.67%( 7.54%)[ 0.0%,  0.0%, 92.7%,  7.3%], RTT = 0.023s, Queue delay = 0.002s, MTU = 1200
 summary  20.0  Transmit rate =  7582kbps, PLR =  0.00%( 0.00%), CE =  8.32%( 7.48%)[ 0.0%,  0.0%, 92.7%,  7.3%], RTT = 0.023s, Queue delay = 0.002s, MTU = 1200
 summary  22.0  Transmit rate =  7722kbps, PLR =  0.00%( 0.00%), CE =  8.22%( 7.58%)[ 0.0%,  0.0%, 92.6%,  7.4%], RTT = 0.023s, Queue delay = 0.002s, MTU = 1200
 summary  24.0  Transmit rate =  7598kbps, PLR =  0.00%( 0.00%), CE =  7.89%( 7.51%)[ 0.0%,  0.0%, 92.7%,  7.3%], RTT = 0.023s, Queue delay = 0.002s, MTU = 1200
 summary  26.0  Transmit rate =  7662kbps, PLR =  0.00%( 0.00%), CE =  8.96%( 7.63%)[ 0.0%,  0.0%, 92.6%,  7.4%], RTT = 0.023s, Queue delay = 0.002s, MTU = 1200
 summary  28.0  Transmit rate =  7549kbps, PLR =  0.00%( 0.00%), CE =  8.53%( 7.51%)[ 0.0%,  0.0%, 92.7%,  7.3%], RTT = 0.023s, Queue delay = 0.002s, MTU = 1200
 summary  30.0  Transmit rate =  7604kbps, PLR =  0.00%( 0.00%), CE =  8.55%( 7.60%)[ 0.0%,  0.0%, 92.6%,  7.4%], RTT = 0.023s, Queue delay = 0.002s, MTU = 1200
 summary  32.0  Transmit rate =  7573kbps, PLR =  0.00%( 0.00%), CE =  8.84%( 7.54%)[ 0.0%,  0.0%, 92.7%,  7.3%], RTT = 0.023s, Queue delay = 0.002s, MTU = 1200
 summary  34.0  Transmit rate =  7656kbps, PLR =  0.00%( 0.00%), CE =  9.13%( 7.63%)[ 0.0%,  0.0%, 92.6%,  7.4%], RTT = 0.023s, Queue delay = 0.002s, MTU = 1200

======================== Summary ==========================
 Bitrate min/max/avg [kbps]          :  6126/ 9405/ 7573
 RTT     min/max/avg [s]             : 0.023/0.049/0.024
 Queue delay max/avg [s]             : 0.004/0.002
 Packet loss avg [%]                 : 0.000
 ECN/L4S NotECT/ECT(0)/ECT(1)/CE [%] :  0.0/ 0.0/92.6/ 7.4
===========================================================
