Listen on port 5371 to receive RTCP from decoder 
Scream sender started! 
 summary   2.0  Transmit rate =  4789kbps, PLR =  0.00%( 0.00%), CE =  1.27%( 5.28%)[ 0.0%,  0.0%, 94.7%,  5.3%], RTT = 0.036s, Queue delay = 0.001s, MTU = 1200
 summary   4.0  Transmit rate =  6367kbps, PLR =  0.00%( 0.00%), CE =  5.70%( 7.11%)[ 0.0%,  0.0%, 93.1%,  6.9%], RTT = 0.029s, Queue delay = 0.002s, MTU = 1200
 summary   6.0  Transmit rate =  7164kbps, PLR =  0.00%( 0.00%), CE =  8.51%( 7.24%)[ 0.0%,  0.0%, 92.9%,  7.1%], RTT = 0.026s, Queue delay = 0.002s, MTU = 1200
 summary   8.0  Transmit rate =  7503kbps, PLR =  0.00%( 0.00%), CE =  9.20%( 7.31%)[ 0.0%,  0.0%, 92.9%,  7.1%], RTT = 0.024s, Queue delay = 0.002s, MTU = 1200
 summary  10.0  Transmit rate =  7476kbps, PLR =  0.00%( 0.00%), CE =  9.10%( 7.60%)[ 0.0%,  0.0%, 92.6%,  7.4%], RTT = 0.024s, Queue delay = 0.002s, MTU = 1200
 summary  12.0  Transmit rate =  7479kbps, PLR =  0.00%( 0.00%), CE =  8.47%( 7.66%)[ 0.0%,  0.0%, 92.6%,  7.4%], RTT = 0.024s, Queue delay = 0.002s, MTU = 1200
 summary  14.0  Transmit rate =  7664kbps, PLR =  0.00%( 0.00%), CE =  8.68%( 7.54%)[ 0.0%,  0.0%, 92.7%,  7.3%], RTT = 0.024s, Queue delay = 0.002s, MTU = 1200
 summary  16.0  Transmit rate =  7407kbps, PLR =  0.00%( 0.00%), CE =  7.85%( 7.31%)[ 0.0%,  0.0%, 92.9%,  7.1%], RTT = 0.024s, Queue delay = 0.002s, MTU = 1200
 summary  18.0  Transmit rate =  7547kbps, PLR =  0.00%( 0.00%), CE =  7.26%( 7.55%)[ 0.0%,  0.0%, 92.7%,  7.3%], RTT = 0.023s, Queue delay = 0.002s, MTU = 1200
 summary  20.0  Transmit rate =  7500kbps, PLR =  0.00%( 0.00%), CE =  8.48%( 7.64%)[ 0.0%,  0.0%, 92.6%,  7.4%], RTT = 0.023s, Queue delay = 0.002s, MTU = 1200
 summary  22.0  Transmit rate =  7519kbps, PLR =  0.00%( 0.00%), CE =  9.98%( 7.72%)[ 0.0%,  0.0%, 92.5%,  7.5%], RTT = 0.023s, Queue delay = 0.002s, MTU = 1200
 summary  24.0  Transmit rate =  7670kbps, PLR =  0.00%( 0.00%), CE =  9.29%( 7.73%)[ 0.0%,  0.0%, 92.5%,  7.5%], RTT = 0.023s, Queue delay = 0.002s, MTU = 1200
 summary  26.0  Transmit rate =  7677kbps, PLR =  0.00%( 0.00%), CE =  9.07%( 7.73%)[ 0.0%,  0.0%, 92.5%,  7.5%], RTT = 0.023s, Queue delay = 0.002s, MTU = 1200
 summary  28.0  Transmit rate =  7572kbps, PLR =  0.00%( 0.00%), CE =  8.82%( 7.75%)[ 0.0%,  0.0%, 92.5%,  7.5%], RTT = 0.023s, Queue delay = 0.002s, MTU = 1200
 summary  30.1  Transmit rate =  7690kbps, PLR =  0.00%( 0.00%), CE =  9.23%( 7.76%)[ 0.0%,  0.0%, 92.5%,  7.5%], RTT = 0.023s, Queue delay = 0.002s, MTU = 1200
 summary  32.1  Transmit rate =  7695kbps, PLR =  0.00%( 0.00%), CE =  8.95%( 7.78%)[ 0.0%,  0.0%, 92.5%,  7.5%], RTT = 0.023s, Queue delay = 0.002s, MTU = 1200
 summary  34.1  Transmit rate =  7665kbps, PLR =  0.00%( 0.00%), CE =  8.20%( 7.68%)[ 0.0%,  0.0%, 92.5%,  7.5%], RTT = 0.023s, Queue delay = 0.002s, MTU = 1200

======================== Summary ==========================
 Bitrate min/max/avg [kbps]          :  6149/ 9211/ 7565
 RTT     min/max/avg [s]             : 0.023/0.049/0.024
 Queue delay max/avg [s]             : 0.004/0.002
 Packet loss avg [%]                 : 0.000
 ECN/L4S NotECT/ECT(0)/ECT(1)/CE [%] :  0.0/ 0.0/92.5/ 7.5
===========================================================
