Listen on port 5353 to receive RTCP from decoder 
Scream sender started! 
 summary   2.0  Transmit rate =  4694kbps, PLR =  0.00%( 0.00%), CE =  1.83%( 6.99%)[ 0.0%,  0.0%, 92.9%,  7.1%], RTT = 0.036s, Queue delay = 0.001s, MTU = 1200
 summary   4.0  Transmit rate =  6225kbps, PLR =  0.00%( 0.00%), CE =  6.31%( 8.18%)[ 0.0%,  0.0%, 92.1%,  7.9%], RTT = 0.029s, Queue delay = 0.001s, MTU = 1200
 summary   6.0  Transmit rate =  6939kbps, PLR =  0.00%( 0.00%), CE = 10.02%( 8.39%)[ 0.0%,  0.0%, 91.8%,  8.2%], RTT = 0.026s, Queue delay = 0.002s, MTU = 1200
 summary   8.0  Transmit rate =  7250kbps, PLR =  0.00%( 0.00%), CE =  9.56%( 8.18%)[ 0.0%,  0.0%, 92.0%,  8.0%], RTT = 0.024s, Queue delay = 0.002s, MTU = 1200
 summary  10.0  Transmit rate =  7388kbps, PLR =  0.00%( 0.00%), CE =  9.77%( 8.30%)[ 0.0%,  0.0%, 91.9%,  8.1%], RTT = 0.024s, Queue delay = 0.002s, MTU = 1200
 summary  12.0  Transmit rate =  7310kbps, PLR =  0.00%( 0.00%), CE =  9.08%( 8.14%)[ 0.0%,  0.0%, 92.1%,  7.9%], RTT = 0.024s, Queue delay = 0.002s, MTU = 1200
 summary  14.0  Transmit rate =  7558kbps, PLR =  0.00%( 0.00%), CE =  8.68%( 8.15%)[ 0.0%,  0.0%, 92.1%,  7.9%], RTT = 0.023s, Queue delay = 0.002s, MTU = 1200
 summary  16.0  Transmit rate =  7598kbps, PLR =  0.00%( 0.00%), CE =  8.40%( 7.97%)[ 0.0%,  0.0%, 92.2%,  7.8%], RTT = 0.023s, Queue delay = 0.002s, MTU = 1200
 summary  18.0  Transmit rate =  7624kbps, PLR =  0.00%( 0.00%), CE =  8.88%( 8.07%)[ 0.0%,  0.0%, 92.2%,  7.8%], RTT = 0.023s, Queue delay = 0.002s, MTU = 1200
 summary  20.0  Transmit rate =  7556kbps, PLR =  0.00%( 0.00%), CE =  9.28%( 8.05%)[ 0.0%,  0.0%, 92.2%,  7.8%], RTT = 0.023s, Queue delay = 0.002s, MTU = 1200
 summary  22.0  Transmit rate =  7557kbps, PLR =  0.00%( 0.00%), CE = 10.04%( 8.17%)[ 0.0%,  0.0%, 92.1%,  7.9%], RTT = 0.024s, Queue delay = 0.002s, MTU = 1200
 summary  24.0  Transmit rate =  7541kbps, PLR =  0.00%( 0.00%), CE =  9.37%( 8.23%)[ 0.0%,  0.0%, 92.0%,  8.0%], RTT = 0.024s, Queue delay = 0.002s, MTU = 1200
 summary  26.0  Transmit rate =  7549kbps, PLR =  0.00%( 0.00%), CE = 10.39%( 8.33%)[ 0.0%,  0.0%, 91.9%,  8.1%], RTT = 0.023s, Queue delay = 0.002s, MTU = 1200
 summary  28.0  Transmit rate =  7662kbps, PLR =  0.00%( 0.00%), CE =  9.93%( 8.27%)[ 0.0%,  0.0%, 92.0%,  8.0%], RTT = 0.023s, Queue delay = 0.002s, MTU = 1200
 summary  30.0  Transmit rate =  7597kbps, PLR =  0.00%( 0.00%), CE =  9.30%( 8.16%)[ 0.0%,  0.0%, 92.1%,  7.9%], RTT = 0.023s, Queue delay = 0.002s, MTU = 1200
 summary  32.0  Transmit rate =  7620kbps, PLR =  0.00%( 0.00%), CE =  9.01%( 8.13%)[ 0.0%,  0.0%, 92.1%,  7.9%], RTT = 0.023s, Queue delay = 0.002s, MTU = 1200
 summary  34.1  Transmit rate =  7631kbps, PLR =  0.00%( 0.00%), CE =  8.66%( 8.11%)[ 0.0%,  0.0%, 92.1%,  7.9%], RTT = 0.023s, Queue delay = 0.002s, MTU = 1200

======================== Summary ==========================
 Bitrate min/max/avg [kbps]          :  6160/ 9195/ 7513
 RTT     min/max/avg [s]             : 0.023/0.049/0.024
 Queue delay max/avg [s]             : 0.003/0.002
 Packet loss avg [%]                 : 0.000
 ECN/L4S NotECT/ECT(0)/ECT(1)/CE [%] :  0.0/ 0.0/92.1/ 7.9
===========================================================
