Listen on port 5337 to receive RTCP from decoder 
Scream sender started! 
 summary   2.0  Transmit rate =  4822kbps, PLR =  0.00%( 0.00%), CE =  1.86%( 7.09%)[ 0.0%,  0.0%, 93.1%,  6.9%], RTT = 0.036s, Queue delay = 0.001s, MTU = 1200
 summary   4.0  Transmit rate =  6387kbps, PLR =  0.00%( 0.00%), CE =  5.31%( 6.77%)[ 0.0%,  0.0%, 93.3%,  6.7%], RTT = 0.029s, Queue delay = 0.002s, MTU = 1200
 summary   6.0  Transmit rate =  7108kbps, PLR =  0.00%( 0.00%), CE =  7.39%( 6.65%)[ 0.0%,  0.0%, 93.5%,  6.5%], RTT = 0.026s, Queue delay = 0.002s, MTU = 1200
 summary   8.0  Transmit rate =  7452kbps, PLR =  0.00%( 0.00%), CE =  7.75%( 6.96%)[ 0.0%,  0.0%, 93.2%,  6.8%], RTT = 0.024s, Queue delay = 0.002s, MTU = 1200
 summary  10.0  Transmit rate =  7636kbps, PLR =  0.00%( 0.00%), CE =  8.06%( 7.12%)[ 0.0%,  0.0%, 93.0%,  7.0%], RTT = 0.024s, Queue delay = 0.002s, MTU = 1200
 summary  12.0  Transmit rate =  7641kbps, PLR =  0.00%( 0.00%), CE =  7.74%( 6.97%)[ 0.0%,  0.0%, 93.2%,  6.8%], RTT = 0.023s, Queue delay = 0.002s, MTU = 1200
 summary  14.0  Transmit rate =  7569kbps, PLR =  0.00%( 0.00%), CE =  7.51%( 6.77%)[ 0.0%,  0.0%, 93.4%,  6.6%], RTT = 0.023s, Queue delay = 0.002s, MTU = 1200
 summary  16.0  Transmit rate =  7592kbps, PLR =  0.00%( 0.00%), CE =  6.76%( 6.71%)[ 0.0%,  0.0%, 93.5%,  6.5%], RTT = 0.023s, Queue delay = 0.002s, MTU = 1200
 summary  18.0  Transmit rate =  7530kbps, PLR =  0.00%( 0.00%), CE =  7.74%( 6.76%)[ 0.0%,  0.0%, 93.4%,  6.6%], RTT = 0.023s, Queue delay = 0.002s, MTU = 1200
 summary  20.0  Transmit rate =  7623kbps, PLR =  0.00%( 0.00%), CE =  7.14%( 6.69%)[ 0.0%,  0.0%, 93.5%,  6.5%], RTT = 0.023s, Queue delay = 0.002s, MTU = 1200
 summary  22.0  Transmit rate =  7531kbps, PLR =  0.00%( 0.00%), CE =  7.50%( 6.56%)[ 0.0%,  0.0%, 93.6%,  6.4%], RTT = 0.023s, Queue delay = 0.002s, MTU = 1200
 summary  24.0  Transmit rate =  7514kbps, PLR =  0.00%( 0.00%), CE =  6.71%( 6.63%)[ 0.0%,  0.0%, 93.5%,  6.5%], RTT = 0.023s, Queue delay = 0.002s, MTU = 1200
 summary  26.0  Transmit rate =  7441kbps, PLR =  0.00%( 0.00%), CE =  6.12%( 6.53%)[ 0.0%,  0.0%, 93.6%,  6.4%], RTT = 0.023s, Queue delay = 0.002s, MTU = 1200
 summary  28.0  Transmit rate =  7561kbps, PLR =  0.00%( 0.00%), CE =  7.96%( 6.66%)[ 0.0%,  0.0%, 93.5%,  6.5%], RTT = 0.023s, Queue delay = 0.002s, MTU = 1200
 summary  30.0  Transmit rate =  7435kbps, PLR =  0.00%( 0.00%), CE =  7.34%( 6.54%)[ 0.0%,  0.0%, 93.6%,  6.4%], RTT = 0.023s, Queue delay = 0.002s, MTU = 1200
 summary  32.0  Transmit rate =  7550kbps, PLR =  0.00%( 0.00%), CE =  6.33%( 6.54%)[ 0.0%,  0.0%, 93.6%,  6.4%], RTT = 0.023s, Queue delay = 0.002s, MTU = 1200
 summary  34.0  Transmit rate =  7480kbps, PLR =  0.00%( 0.00%), CE =  6.04%( 6.51%)[ 0.0%,  0.0%, 93.6%,  6.4%], RTT = 0.023s, Queue delay = 0.002s, MTU = 1200

======================== Summary ==========================
 Bitrate min/max/avg [kbps]          :  5781/ 9294/ 7521
 RTT     min/max/avg [s]             : 0.023/0.049/0.024
 Queue delay max/avg [s]             : 0.004/0.002
 Packet loss avg [%]                 : 0.000
 ECN/L4S NotECT/ECT(0)/ECT(1)/CE [%] :  0.0/ 0.0/93.7/ 6.3
===========================================================
