Listen on port 5375 to receive RTCP from decoder 
Scream sender started! 
 summary   2.0  Transmit rate =  4781kbps, PLR =  0.00%( 0.00%), CE =  1.35%( 5.09%)[ 0.0%,  0.0%, 93.8%,  6.2%], RTT = 0.036s, Queue delay = 0.001s, MTU = 1200
 summary   4.0  Transmit rate =  6316kbps, PLR =  0.00%( 0.00%), CE =  4.51%( 5.72%)[ 0.0%,  0.0%, 94.4%,  5.6%], RTT = 0.029s, Queue delay = 0.002s, MTU = 1200
 summary   6.0  Transmit rate =  6997kbps, PLR =  0.00%( 0.00%), CE =  7.11%( 6.03%)[ 0.0%,  0.0%, 94.0%,  6.0%], RTT = 0.026s, Queue delay = 0.002s, MTU = 1200
 summary   8.0  Transmit rate =  7442kbps, PLR =  0.00%( 0.00%), CE =  6.85%( 6.27%)[ 0.0%,  0.0%, 93.9%,  6.1%], RTT = 0.025s, Queue delay = 0.002s, MTU = 1200
 summary  10.0  Transmit rate =  7457kbps, PLR =  0.00%( 0.00%), CE =  6.83%( 6.24%)[ 0.0%,  0.0%, 93.9%,  6.1%], RTT = 0.024s, Queue delay = 0.002s, MTU = 1200
 summary  12.0  Transmit rate =  7477kbps, PLR =  0.00%( 0.00%), CE =  7.24%( 6.21%)[ 0.0%,  0.0%, 94.0%,  6.0%], RTT = 0.024s, Queue delay = 0.002s, MTU = 1200
 summary  14.0  Transmit rate =  7558kbps, PLR =  0.00%( 0.00%), CE =  6.89%( 6.17%)[ 0.0%,  0.0%, 93.9%,  6.1%], RTT = 0.024s, Queue delay = 0.002s, MTU = 1200
 summary  16.0  Transmit rate =  7549kbps, PLR =  0.00%( 0.00%), CE =  7.94%( 6.39%)[ 0.0%,  0.0%, 93.8%,  6.2%], RTT = 0.024s, Queue delay = 0.002s, MTU = 1200
 summary  18.0  Transmit rate =  7565kbps, PLR =  0.00%( 0.00%), CE =  8.45%( 6.40%)[ 0.0%,  0.0%, 93.8%,  6.2%], RTT = 0.024s, Queue delay = 0.002s, MTU = 1200
 summary  20.0  Transmit rate =  7435kbps, PLR =  0.00%( 0.00%), CE =  7.84%( 6.34%)[ 0.0%,  0.0%, 93.8%,  6.2%], RTT = 0.023s, Queue delay = 0.002s, MTU = 1200
 summary  22.0  Transmit rate =  7606kbps, PLR =  0.00%( 0.00%), CE =  6.98%( 6.44%)[ 0.0%,  0.0%, 93.7%,  6.3%], RTT = 0.023s, Queue delay = 0.002s, MTU = 1200
 summary  24.0  Transmit rate =  7534kbps, PLR =  0.00%( 0.00%), CE =  7.92%( 6.42%)[ 0.0%,  0.0%, 93.8%,  6.2%], RTT = 0.023s, Queue delay = 0.002s, MTU = 1200
 summary  26.0  Transmit rate =  7575kbps, PLR =  0.00%( 0.00%), CE =  8.82%( 6.51%)[ 0.0%,  0.0%, 93.7%,  6.3%], RTT = 0.024s, Queue delay = 0.002s, MTU = 1200
 summary  28.0  Transmit rate =  7484kbps, PLR =  0.00%( 0.00%), CE =  7.32%( 6.39%)[ 0.0%,  0.0%, 93.8%,  6.2%], RTT = 0.023s, Queue delay = 0.002s, MTU = 1200
 summary  30.0  Transmit rate =  7496kbps, PLR =  0.00%( 0.00%), CE =  7.98%( 6.44%)[ 0.0%,  0.0%, 93.7%,  6.3%], RTT = 0.024s, Queue delay = 0.002s, MTU = 1200
 summary  32.0  Transmit rate =  7589kbps, PLR =  0.00%( 0.00%), CE =  7.15%( 6.43%)[ 0.0%,  0.0%, 93.8%,  6.2%], RTT = 0.024s, Queue delay = 0.002s, MTU = 1200
 summary  34.0  Transmit rate =  7479kbps, PLR =  0.00%( 0.00%), CE =  7.73%( 6.37%)[ 0.0%,  0.0%, 93.8%,  6.2%], RTT = 0.023s, Queue delay = 0.002s, MTU = 1200

======================== Summary ==========================
 Bitrate min/max/avg [kbps]          :  5897/ 9440/ 7494
 RTT     min/max/avg [s]             : 0.023/0.049/0.024
 Queue delay max/avg [s]             : 0.004/0.002
 Packet loss avg [%]                 : 0.000
 ECN/L4S NotECT/ECT(0)/ECT(1)/CE [%] :  0.0/ 0.0/93.9/ 6.1
===========================================================
