Listen on port 5339 to receive RTCP from decoder 
Scream sender started! 
 summary   2.0  Transmit rate =  4623kbps, PLR =  0.00%( 0.00%), CE =  1.40%( 4.82%)[ 0.0%,  0.0%, 95.2%,  4.8%], RTT = 0.036s, Queue delay = 0.001s, MTU = 1200
 summary   4.0  Transmit rate =  6313kbps, PLR =  0.00%( 0.00%), CE =  3.55%( 6.10%)[ 0.0%,  0.0%, 94.0%,  6.0%], RTT = 0.029s, Queue delay = 0.002s, MTU = 1200
 summary   6.0  Transmit rate =  6993kbps, PLR =  0.00%( 0.00%), CE =  6.67%( 5.74%)[ 0.0%,  0.0%, 94.4%,  5.6%], RTT = 0.026s, Queue delay = 0.002s, MTU = 1200
 summary   8.0  Transmit rate =  7387kbps, PLR =  0.00%( 0.00%), CE =  6.83%( 5.90%)[ 0.0%,  0.0%, 94.2%,  5.8%], RTT = 0.025s, Queue delay = 0.002s, MTU = 1200
 summary  10.0  Transmit rate =  7510kbps, PLR =  0.00%( 0.00%), CE =  6.71%( 5.80%)[ 0.0%,  0.0%, 94.3%,  5.7%], RTT = 0.024s, Queue delay = 0.002s, MTU = 1200
 summary  12.0  Transmit rate =  7449kbps, PLR =  0.00%( 0.00%), CE =  6.72%( 5.83%)[ 0.0%,  0.0%, 94.3%,  5.7%], RTT = 0.024s, Queue delay = 0.002s, MTU = 1200
 summary  14.0  Transmit rate =  7685kbps, PLR =  0.00%( 0.00%), CE =  6.44%( 6.21%)[ 0.0%,  0.0%, 94.0%,  6.0%], RTT = 0.024s, Queue delay = 0.002s, MTU = 1200
 summary  16.0  Transmit rate =  7612kbps, PLR =  0.00%( 0.00%), CE =  6.96%( 6.03%)[ 0.0%,  0.0%, 94.1%,  5.9%], RTT = 0.024s, Queue delay = 0.002s, MTU = 1200
 summary  18.0  Transmit rate =  7530kbps, PLR =  0.00%( 0.00%), CE =  6.85%( 5.97%)[ 0.0%,  0.0%, 94.2%,  5.8%], RTT = 0.024s, Queue delay = 0.002s, MTU = 1200
 summary  20.0  Transmit rate =  7601kbps, PLR =  0.00%( 0.00%), CE =  6.08%( 5.94%)[ 0.0%,  0.0%, 94.2%,  5.8%], RTT = 0.024s, Queue delay = 0.002s, MTU = 1200
 summary  22.0  Transmit rate =  7554kbps, PLR =  0.00%( 0.00%), CE =  7.04%( 6.00%)[ 0.0%,  0.0%, 94.2%,  5.8%], RTT = 0.024s, Queue delay = 0.002s, MTU = 1200
 summary  24.0  Transmit rate =  7710kbps, PLR =  0.00%( 0.00%), CE =  6.71%( 5.94%)[ 0.0%,  0.0%, 94.2%,  5.8%], RTT = 0.024s, Queue delay = 0.002s, MTU = 1200
 summary  26.0  Transmit rate =  7681kbps, PLR =  0.00%( 0.00%), CE =  7.57%( 6.17%)[ 0.0%,  0.0%, 94.0%,  6.0%], RTT = 0.024s, Queue delay = 0.002s, MTU = 1200
 summary  28.0  Transmit rate =  7651kbps, PLR =  0.00%( 0.00%), CE =  7.80%( 6.15%)[ 0.0%,  0.0%, 94.0%,  6.0%], RTT = 0.024s, Queue delay = 0.002s, MTU = 1200
 summary  30.0  Transmit rate =  7681kbps, PLR =  0.00%( 0.00%), CE =  7.53%( 6.22%)[ 0.0%,  0.0%, 94.0%,  6.0%], RTT = 0.024s, Queue delay = 0.002s, MTU = 1200
 summary  32.0  Transmit rate =  7520kbps, PLR =  0.00%( 0.00%), CE =  7.77%( 6.20%)[ 0.0%,  0.0%, 94.0%,  6.0%], RTT = 0.024s, Queue delay = 0.002s, MTU = 1200
 summary  34.0  Transmit rate =  7572kbps, PLR =  0.00%( 0.00%), CE =  7.52%( 6.19%)[ 0.0%,  0.0%, 94.0%,  6.0%], RTT = 0.024s, Queue delay = 0.002s, MTU = 1200

======================== Summary ==========================
 Bitrate min/max/avg [kbps]          :  6092/ 9412/ 7546
 RTT     min/max/avg [s]             : 0.023/0.049/0.024
 Queue delay max/avg [s]             : 0.004/0.002
 Packet loss avg [%]                 : 0.000
 ECN/L4S NotECT/ECT(0)/ECT(1)/CE [%] :  0.0/ 0.0/94.0/ 6.0
===========================================================
