Listen on port 5383 to receive RTCP from decoder 
Scream sender started! 
 summary   2.0  Transmit rate =  3787kbps, PLR =  0.00%( 0.00%), CE =  3.45%(10.64%)[ 0.0%,  0.0%, 89.3%, 10.7%], RTT = 0.036s, Queue delay = 0.001s, MTU = 1200
 summary   4.0  Transmit rate =  4817kbps, PLR =  0.00%( 0.00%), CE =  6.54%( 8.51%)[ 0.0%,  0.0%, 91.6%,  8.4%], RTT = 0.029s, Queue delay = 0.002s, MTU = 1200
 summary   6.0  Transmit rate =  5594kbps, PLR =  0.00%( 0.00%), CE =  9.49%( 8.10%)[ 0.0%,  0.0%, 92.0%,  8.0%], RTT = 0.026s, Queue delay = 0.002s, MTU = 1200
 summary   8.0  Transmit rate =  5769kbps, PLR =  0.00%( 0.00%), CE =  7.70%( 8.07%)[ 0.0%,  0.0%, 92.0%,  8.0%], RTT = 0.024s, Queue delay = 0.002s, MTU = 1200
 summary  10.0  Transmit rate =  6056kbps, PLR =  0.00%( 0.00%), CE =  8.26%( 7.77%)[ 0.0%,  0.0%, 92.4%,  7.6%], RTT = 0.024s, Queue delay = 0.002s, MTU = 1200
 summary  12.0  Transmit rate =  6209kbps, PLR =  0.00%( 0.00%), CE =  7.09%( 7.65%)[ 0.0%,  0.0%, 92.5%,  7.5%], RTT = 0.024s, Queue delay = 0.002s, MTU = 1200
 summary  14.0  Transmit rate =  6240kbps, PLR =  0.00%( 0.00%), CE =  7.69%( 7.54%)[ 0.0%,  0.0%, 92.5%,  7.5%], RTT = 0.023s, Queue delay = 0.002s, MTU = 1200
 summary  16.0  Transmit rate =  6054kbps, PLR =  0.00%( 0.00%), CE =  8.36%( 7.50%)[ 0.0%,  0.0%, 92.6%,  7.4%], RTT = 0.023s, Queue delay = 0.002s, MTU = 1200
 summary  18.0  Transmit rate =  6107kbps, PLR =  0.00%( 0.00%), CE =  7.91%( 7.52%)[ 0.0%,  0.0%, 92.6%,  7.4%], RTT = 0.023s, Queue delay = 0.002s, MTU = 1200
 summary  20.0  Transmit rate =  6238kbps, PLR =  0.00%( 0.00%), CE =  7.89%( 7.40%)[ 0.0%,  0.0%, 92.7%,  7.3%], RTT = 0.023s, Queue delay = 0.002s, MTU = 1200
 summary  22.0  Transmit rate =  6215kbps, PLR =  0.00%( 0.00%), CE =  7.94%( 7.46%)[ 0.0%,  0.0%, 92.6%,  7.4%], RTT = 0.023s, Queue delay = 0.002s, MTU = 1200
 summary  24.0  Transmit rate =  6167kbps, PLR =  0.00%( 0.00%), CE =  7.86%( 7.38%)[ 0.0%,  0.0%, 92.7%,  7.3%], RTT = 0.023s, Queue delay = 0.002s, MTU = 1200
 summary  26.0  Transmit rate =  6257kbps, PLR =  0.00%( 0.00%), CE =  8.41%( 7.40%)[ 0.0%,  0.0%, 92.7%,  7.3%], RTT = 0.023s, Queue delay = 0.002s, MTU = 1200
 summary  28.0  Transmit rate =  6275kbps, PLR =  0.00%( 0.00%), CE =  8.28%( 7.42%)[ 0.0%,  0.0%, 92.7%,  7.3%], RTT = 0.023s, Queue delay = 0.002s, MTU = 1200
 summary  30.0  Transmit rate =  6235kbps, PLR =  0.00%( 0.00%), CE =  8.60%( 7.39%)[ 0.0%,  0.0%, 92.7%,  7.3%], RTT = 0.023s, Queue delay = 0.002s, MTU = 1200
 summary  32.1  Transmit rate =  6289kbps, PLR =  0.00%( 0.00%), CE =  9.16%( 7.55%)[ 0.0%,  0.0%, 92.6%,  7.4%], RTT = 0.023s, Queue delay = 0.002s, MTU = 1200
 summary  34.1  Transmit rate =  6228kbps, PLR =  0.00%( 0.00%), CE =  8.07%( 7.43%)[ 0.0%,  0.0%, 92.7%,  7.3%], RTT = 0.023s, Queue delay = 0.002s, MTU = 1200

======================== Summary ==========================
 Bitrate min/max/avg [kbps]          :  4813/ 7548/ 6113
 RTT     min/max/avg [s]             : 0.023/0.049/0.024
 Queue delay max/avg [s]             : 0.004/0.002
 Packet loss avg [%]                 : 0.000
 ECN/L4S NotECT/ECT(0)/ECT(1)/CE [%] :  0.0/ 0.0/92.7/ 7.3
===========================================================
