Listen on port 5371 to receive RTCP from decoder 
Scream sender started! 
 summary   2.0  Transmit rate =  3993kbps, PLR =  0.00%( 0.00%), CE =  3.65%(10.54%)[ 0.0%,  0.0%, 89.6%, 10.4%], RTT = 0.036s, Queue delay = 0.001s, MTU = 1200
 summary   4.0  Transmit rate =  5347kbps, PLR =  0.00%( 0.00%), CE =  6.38%( 9.40%)[ 0.0%,  0.0%, 90.7%,  9.3%], RTT = 0.029s, Queue delay = 0.002s, MTU = 1200
 summary   6.0  Transmit rate =  5658kbps, PLR =  0.00%( 0.00%), CE =  9.95%( 8.44%)[ 0.0%,  0.0%, 91.7%,  8.3%], RTT = 0.026s, Queue delay = 0.001s, MTU = 1200
 summary   8.0  Transmit rate =  5385kbps, PLR =  0.00%( 0.00%), CE =  9.81%( 8.94%)[ 0.0%,  0.0%, 91.2%,  8.8%], RTT = 0.024s, Queue delay = 0.001s, MTU = 1200
 summary  10.0  Transmit rate =  5857kbps, PLR =  0.00%( 0.00%), CE =  8.67%( 8.21%)[ 0.0%,  0.0%, 92.0%,  8.0%], RTT = 0.024s, Queue delay = 0.002s, MTU = 1200
 summary  12.0  Transmit rate =  6268kbps, PLR =  0.00%( 0.00%), CE =  8.49%( 8.21%)[ 0.0%,  0.0%, 91.9%,  8.1%], RTT = 0.024s, Queue delay = 0.002s, MTU = 1200
 summary  14.0  Transmit rate =  6284kbps, PLR =  0.00%( 0.00%), CE =  9.02%( 8.18%)[ 0.0%,  0.0%, 92.0%,  8.0%], RTT = 0.024s, Queue delay = 0.002s, MTU = 1200
 summary  16.0  Transmit rate =  6261kbps, PLR =  0.00%( 0.00%), CE =  9.14%( 8.00%)[ 0.0%,  0.0%, 92.2%,  7.8%], RTT = 0.023s, Queue delay = 0.002s, MTU = 1200
 summary  18.0  Transmit rate =  6255kbps, PLR =  0.00%( 0.00%), CE =  8.56%( 7.97%)[ 0.0%,  0.0%, 92.2%,  7.8%], RTT = 0.023s, Queue delay = 0.002s, MTU = 1200
 summary  20.0  Transmit rate =  6179kbps, PLR =  0.00%( 0.00%), CE =  7.61%( 7.76%)[ 0.0%,  0.0%, 92.4%,  7.6%], RTT = 0.023s, Queue delay = 0.002s, MTU = 1200
 summary  22.0  Transmit rate =  6086kbps, PLR =  0.00%( 0.00%), CE =  7.37%( 7.64%)[ 0.0%,  0.0%, 92.5%,  7.5%], RTT = 0.023s, Queue delay = 0.002s, MTU = 1200
 summary  24.0  Transmit rate =  6312kbps, PLR =  0.00%( 0.00%), CE =  7.74%( 7.70%)[ 0.0%,  0.0%, 92.5%,  7.5%], RTT = 0.023s, Queue delay = 0.002s, MTU = 1200
 summary  26.0  Transmit rate =  6407kbps, PLR =  0.00%( 0.00%), CE =  8.24%( 7.67%)[ 0.0%,  0.0%, 92.5%,  7.5%], RTT = 0.023s, Queue delay = 0.002s, MTU = 1200
 summary  28.0  Transmit rate =  6486kbps, PLR =  0.00%( 0.00%), CE =  7.35%( 7.50%)[ 0.0%,  0.0%, 92.6%,  7.4%], RTT = 0.023s, Queue delay = 0.002s, MTU = 1200
 summary  30.0  Transmit rate =  6448kbps, PLR =  0.00%( 0.00%), CE =  7.81%( 7.54%)[ 0.0%,  0.0%, 92.6%,  7.4%], RTT = 0.023s, Queue delay = 0.002s, MTU = 1200
 summary  32.0  Transmit rate =  6389kbps, PLR =  0.00%( 0.00%), CE =  8.27%( 7.61%)[ 0.0%,  0.0%, 92.6%,  7.4%], RTT = 0.023s, Queue delay = 0.002s, MTU = 1200
 summary  34.0  Transmit rate =  6373kbps, PLR =  0.00%( 0.00%), CE =  7.48%( 7.48%)[ 0.0%,  0.0%, 92.7%,  7.3%], RTT = 0.023s, Queue delay = 0.002s, MTU = 1200

======================== Summary ==========================
 Bitrate min/max/avg [kbps]          :  4523/ 7769/ 6203
 RTT     min/max/avg [s]             : 0.023/0.049/0.024
 Queue delay max/avg [s]             : 0.004/0.002
 Packet loss avg [%]                 : 0.000
 ECN/L4S NotECT/ECT(0)/ECT(1)/CE [%] :  0.0/ 0.0/92.7/ 7.3
===========================================================
