socket set to IP_RECVTOS
socket SO_RCVBUF set to 20971520
Listen on port 5338 to receive RTP from sender 
.
.
Packet(s) lost or reordered :   918 was received, previous rcvd is   916 
Packet(s) lost or reordered :  1091 was received, previous rcvd is  1089 
Packet(s) lost or reordered :  1129 was received, previous rcvd is  1127 
Packet(s) lost or reordered :  1424 was received, previous rcvd is  1422 
Packet(s) lost or reordered :  2505 was received, previous rcvd is  2503 
Packet(s) lost or reordered :  3037 was received, previous rcvd is  3035 
Packet(s) lost or reordered :  4500 was received, previous rcvd is  4498 
Packet(s) lost or reordered :  6483 was received, previous rcvd is  6481 
Packet(s) lost or reordered :  9010 was received, previous rcvd is  9008 
Packet(s) lost or reordered : 11955 was received, previous rcvd is 11953 
Packet(s) lost or reordered : 12071 was received, previous rcvd is 12069 
Packet(s) lost or reordered : 14496 was received, previous rcvd is 14494 
Packet(s) lost or reordered : 15389 was received, previous rcvd is 15387 
Packet(s) lost or reordered : 15607 was received, previous rcvd is 15605 
Packet(s) lost or reordered : 16766 was received, previous rcvd is 16764 
Packet(s) lost or reordered : 17079 was received, previous rcvd is 17077 
.
