Listen on port 5389 to receive RTCP from decoder 
Scream sender started! 
 summary   2.0  Transmit rate =  3585kbps, PLR =  0.00%( 0.00%), CE =  3.03%( 8.81%)[ 0.0%,  0.0%, 91.2%,  8.8%], RTT = 0.036s, Queue delay = 0.001s, MTU = 1200
 summary   4.0  Transmit rate =  4676kbps, PLR =  0.00%( 0.00%), CE =  4.94%( 7.50%)[ 0.0%,  0.0%, 92.5%,  7.5%], RTT = 0.029s, Queue delay = 0.002s, MTU = 1200
 summary   6.0  Transmit rate =  5088kbps, PLR =  0.00%( 0.00%), CE =  8.21%( 7.21%)[ 0.0%,  0.0%, 92.8%,  7.2%], RTT = 0.026s, Queue delay = 0.002s, MTU = 1200
 summary   8.0  Transmit rate =  5355kbps, PLR =  0.00%( 0.00%), CE =  7.86%( 7.13%)[ 0.0%,  0.0%, 92.9%,  7.1%], RTT = 0.025s, Queue delay = 0.002s, MTU = 1200
 summary  10.0  Transmit rate =  5710kbps, PLR =  0.00%( 0.00%), CE =  7.75%( 7.25%)[ 0.0%,  0.0%, 92.8%,  7.2%], RTT = 0.024s, Queue delay = 0.002s, MTU = 1200
 summary  12.0  Transmit rate =  5742kbps, PLR =  0.00%( 0.00%), CE =  8.14%( 7.23%)[ 0.0%,  0.0%, 92.8%,  7.2%], RTT = 0.024s, Queue delay = 0.002s, MTU = 1200
 summary  14.0  Transmit rate =  6195kbps, PLR =  0.00%( 0.00%), CE =  7.73%( 7.15%)[ 0.0%,  0.0%, 92.9%,  7.1%], RTT = 0.024s, Queue delay = 0.002s, MTU = 1200
 summary  16.0  Transmit rate =  6107kbps, PLR =  0.00%( 0.00%), CE =  8.27%( 7.30%)[ 0.0%,  0.0%, 92.8%,  7.2%], RTT = 0.024s, Queue delay = 0.002s, MTU = 1200
 summary  18.0  Transmit rate =  5935kbps, PLR =  0.00%( 0.00%), CE =  8.43%( 7.22%)[ 0.0%,  0.0%, 92.9%,  7.1%], RTT = 0.023s, Queue delay = 0.002s, MTU = 1200
 summary  20.0  Transmit rate =  5975kbps, PLR =  0.00%( 0.00%), CE =  6.87%( 7.08%)[ 0.0%,  0.0%, 93.0%,  7.0%], RTT = 0.023s, Queue delay = 0.002s, MTU = 1200
 summary  22.0  Transmit rate =  6064kbps, PLR =  0.00%( 0.00%), CE =  8.19%( 7.25%)[ 0.0%,  0.0%, 92.9%,  7.1%], RTT = 0.023s, Queue delay = 0.002s, MTU = 1200
 summary  24.0  Transmit rate =  5994kbps, PLR =  0.00%( 0.00%), CE =  8.23%( 7.28%)[ 0.0%,  0.0%, 92.8%,  7.2%], RTT = 0.023s, Queue delay = 0.002s, MTU = 1200
 summary  26.0  Transmit rate =  6005kbps, PLR =  0.00%( 0.00%), CE =  9.09%( 7.31%)[ 0.0%,  0.0%, 92.8%,  7.2%], RTT = 0.023s, Queue delay = 0.002s, MTU = 1200
 summary  28.0  Transmit rate =  5948kbps, PLR =  0.00%( 0.00%), CE =  9.09%( 7.37%)[ 0.0%,  0.0%, 92.8%,  7.2%], RTT = 0.023s, Queue delay = 0.002s, MTU = 1200
 summary  30.0  Transmit rate =  5925kbps, PLR =  0.00%( 0.00%), CE =  8.80%( 7.31%)[ 0.0%,  0.0%, 92.8%,  7.2%], RTT = 0.023s, Queue delay = 0.002s, MTU = 1200
 summary  32.0  Transmit rate =  6054kbps, PLR =  0.00%( 0.00%), CE =  7.61%( 7.30%)[ 0.0%,  0.0%, 92.8%,  7.2%], RTT = 0.023s, Queue delay = 0.002s, MTU = 1200
 summary  34.0  Transmit rate =  6107kbps, PLR =  0.00%( 0.00%), CE =  6.93%( 7.31%)[ 0.0%,  0.0%, 92.8%,  7.2%], RTT = 0.024s, Queue delay = 0.002s, MTU = 1200

======================== Summary ==========================
 Bitrate min/max/avg [kbps]          :  4506/ 7751/ 5866
 RTT     min/max/avg [s]             : 0.023/0.049/0.024
 Queue delay max/avg [s]             : 0.005/0.002
 Packet loss avg [%]                 : 0.000
 ECN/L4S NotECT/ECT(0)/ECT(1)/CE [%] :  0.0/ 0.0/92.9/ 7.1
===========================================================
