Listen on port 5376 to receive RTCP from decoder 
Scream sender started! 
 summary   2.0  Transmit rate =  3746kbps, PLR =  0.00%( 0.19%), CE =  0.00%( 0.00%)[100.0%,  0.0%,  0.0%,  0.0%], RTT = 0.040s, Queue delay = 0.005s, MTU = 1200
 summary   4.0  Transmit rate =  4703kbps, PLR =  0.11%( 0.09%), CE =  0.00%( 0.00%)[100.0%,  0.0%,  0.0%,  0.0%], RTT = 0.035s, Queue delay = 0.007s, MTU = 1200
 summary   6.0  Transmit rate =  4557kbps, PLR =  0.23%( 0.16%), CE =  0.00%( 0.00%)[100.0%,  0.0%,  0.0%,  0.0%], RTT = 0.033s, Queue delay = 0.007s, MTU = 1200
 summary   8.0  Transmit rate =  4924kbps, PLR =  0.17%( 0.12%), CE =  0.00%( 0.00%)[100.0%,  0.0%,  0.0%,  0.0%], RTT = 0.032s, Queue delay = 0.008s, MTU = 1200
 summary  10.0  Transmit rate =  5316kbps, PLR =  0.17%( 0.09%), CE =  0.00%( 0.00%)[100.0%,  0.0%,  0.0%,  0.0%], RTT = 0.033s, Queue delay = 0.010s, MTU = 1200
 summary  12.0  Transmit rate =  5270kbps, PLR =  0.05%( 0.09%), CE =  0.00%( 0.00%)[100.0%,  0.0%,  0.0%,  0.0%], RTT = 0.033s, Queue delay = 0.010s, MTU = 1200
 summary  14.0  Transmit rate =  5317kbps, PLR =  0.05%( 0.08%), CE =  0.00%( 0.00%)[100.0%,  0.0%,  0.0%,  0.0%], RTT = 0.033s, Queue delay = 0.010s, MTU = 1200
 summary  16.0  Transmit rate =  5091kbps, PLR =  0.09%( 0.08%), CE =  0.00%( 0.00%)[100.0%,  0.0%,  0.0%,  0.0%], RTT = 0.032s, Queue delay = 0.009s, MTU = 1200
 summary  18.0  Transmit rate =  5206kbps, PLR =  0.05%( 0.07%), CE =  0.00%( 0.00%)[100.0%,  0.0%,  0.0%,  0.0%], RTT = 0.032s, Queue delay = 0.010s, MTU = 1200
 summary  20.0  Transmit rate =  5461kbps, PLR =  0.00%( 0.06%), CE =  0.00%( 0.00%)[100.0%,  0.0%,  0.0%,  0.0%], RTT = 0.032s, Queue delay = 0.009s, MTU = 1200
 summary  22.0  Transmit rate =  5450kbps, PLR =  0.00%( 0.06%), CE =  0.00%( 0.00%)[100.0%,  0.0%,  0.0%,  0.0%], RTT = 0.034s, Queue delay = 0.012s, MTU = 1200
 summary  24.0  Transmit rate =  4868kbps, PLR =  0.10%( 0.07%), CE =  0.00%( 0.00%)[100.0%,  0.0%,  0.0%,  0.0%], RTT = 0.031s, Queue delay = 0.008s, MTU = 1200
 summary  26.0  Transmit rate =  5385kbps, PLR =  0.10%( 0.06%), CE =  0.00%( 0.00%)[100.0%,  0.0%,  0.0%,  0.0%], RTT = 0.032s, Queue delay = 0.009s, MTU = 1200
 summary  28.0  Transmit rate =  5528kbps, PLR =  0.01%( 0.06%), CE =  0.00%( 0.00%)[100.0%,  0.0%,  0.0%,  0.0%], RTT = 0.034s, Queue delay = 0.012s, MTU = 1200
 summary  30.0  Transmit rate =  4819kbps, PLR =  0.12%( 0.07%), CE =  0.00%( 0.00%)[100.0%,  0.0%,  0.0%,  0.0%], RTT = 0.032s, Queue delay = 0.009s, MTU = 1200
 summary  32.0  Transmit rate =  5006kbps, PLR =  0.16%( 0.07%), CE =  0.00%( 0.00%)[100.0%,  0.0%,  0.0%,  0.0%], RTT = 0.032s, Queue delay = 0.009s, MTU = 1200
 summary  34.0  Transmit rate =  5169kbps, PLR =  0.06%( 0.07%), CE =  0.00%( 0.00%)[100.0%,  0.0%,  0.0%,  0.0%], RTT = 0.032s, Queue delay = 0.010s, MTU = 1200

======================== Summary ==========================
 Bitrate min/max/avg [kbps]          :  1967/ 6880/ 5169
 RTT     min/max/avg [s]             : 0.027/0.049/0.032
 Queue delay max/avg [s]             : 0.046/0.010
 Packet loss avg [%]                 : 0.074
 ECN/L4S NotECT/ECT(0)/ECT(1)/CE [%] : 100.0/ 0.0/ 0.0/ 0.0
===========================================================
