Listen on port 5341 to receive RTCP from decoder 
Scream sender started! 
 summary   2.0  Transmit rate =  3789kbps, PLR =  0.00%( 0.00%), CE =  3.59%(10.56%)[ 0.0%,  0.0%, 89.6%, 10.4%], RTT = 0.036s, Queue delay = 0.001s, MTU = 1200
 summary   4.0  Transmit rate =  4910kbps, PLR =  0.00%( 0.00%), CE =  6.34%( 8.16%)[ 0.0%,  0.0%, 91.9%,  8.1%], RTT = 0.029s, Queue delay = 0.002s, MTU = 1200
 summary   6.0  Transmit rate =  5410kbps, PLR =  0.00%( 0.00%), CE =  9.53%( 7.53%)[ 0.0%,  0.0%, 92.5%,  7.5%], RTT = 0.026s, Queue delay = 0.002s, MTU = 1200
 summary   8.0  Transmit rate =  5922kbps, PLR =  0.00%( 0.00%), CE =  7.77%( 7.53%)[ 0.0%,  0.0%, 92.6%,  7.4%], RTT = 0.025s, Queue delay = 0.002s, MTU = 1200
 summary  10.0  Transmit rate =  5972kbps, PLR =  0.00%( 0.00%), CE =  8.34%( 7.61%)[ 0.0%,  0.0%, 92.5%,  7.5%], RTT = 0.024s, Queue delay = 0.002s, MTU = 1200
 summary  12.0  Transmit rate =  5932kbps, PLR =  0.00%( 0.00%), CE =  8.49%( 7.53%)[ 0.0%,  0.0%, 92.6%,  7.4%], RTT = 0.024s, Queue delay = 0.002s, MTU = 1200
 summary  14.0  Transmit rate =  5937kbps, PLR =  0.00%( 0.00%), CE =  8.53%( 7.71%)[ 0.0%,  0.0%, 92.4%,  7.6%], RTT = 0.023s, Queue delay = 0.002s, MTU = 1200
 summary  16.0  Transmit rate =  6103kbps, PLR =  0.00%( 0.00%), CE =  8.60%( 7.64%)[ 0.0%,  0.0%, 92.5%,  7.5%], RTT = 0.023s, Queue delay = 0.002s, MTU = 1200
 summary  18.0  Transmit rate =  6165kbps, PLR =  0.00%( 0.00%), CE =  8.22%( 7.40%)[ 0.0%,  0.0%, 92.7%,  7.3%], RTT = 0.023s, Queue delay = 0.002s, MTU = 1200
 summary  20.0  Transmit rate =  6164kbps, PLR =  0.00%( 0.00%), CE =  8.41%( 7.49%)[ 0.0%,  0.0%, 92.6%,  7.4%], RTT = 0.023s, Queue delay = 0.002s, MTU = 1200
 summary  22.0  Transmit rate =  6056kbps, PLR =  0.00%( 0.00%), CE =  7.83%( 7.41%)[ 0.0%,  0.0%, 92.7%,  7.3%], RTT = 0.023s, Queue delay = 0.002s, MTU = 1200
 summary  24.0  Transmit rate =  5914kbps, PLR =  0.00%( 0.00%), CE =  8.15%( 7.41%)[ 0.0%,  0.0%, 92.7%,  7.3%], RTT = 0.023s, Queue delay = 0.002s, MTU = 1200
 summary  26.0  Transmit rate =  5854kbps, PLR =  0.00%( 0.00%), CE =  7.29%( 7.28%)[ 0.0%,  0.0%, 92.8%,  7.2%], RTT = 0.023s, Queue delay = 0.002s, MTU = 1200
 summary  28.0  Transmit rate =  6067kbps, PLR =  0.00%( 0.00%), CE =  7.74%( 7.28%)[ 0.0%,  0.0%, 92.8%,  7.2%], RTT = 0.023s, Queue delay = 0.002s, MTU = 1200
 summary  30.0  Transmit rate =  6204kbps, PLR =  0.00%( 0.00%), CE =  7.88%( 7.32%)[ 0.0%,  0.0%, 92.8%,  7.2%], RTT = 0.023s, Queue delay = 0.002s, MTU = 1200
 summary  32.0  Transmit rate =  6263kbps, PLR =  0.00%( 0.00%), CE =  9.02%( 7.36%)[ 0.0%,  0.0%, 92.8%,  7.2%], RTT = 0.023s, Queue delay = 0.002s, MTU = 1200
 summary  34.0  Transmit rate =  6230kbps, PLR =  0.00%( 0.00%), CE =  8.92%( 7.43%)[ 0.0%,  0.0%, 92.7%,  7.3%], RTT = 0.024s, Queue delay = 0.002s, MTU = 1200

======================== Summary ==========================
 Bitrate min/max/avg [kbps]          :  4719/ 7565/ 6000
 RTT     min/max/avg [s]             : 0.023/0.049/0.024
 Queue delay max/avg [s]             : 0.004/0.002
 Packet loss avg [%]                 : 0.000
 ECN/L4S NotECT/ECT(0)/ECT(1)/CE [%] :  0.0/ 0.0/92.7/ 7.3
===========================================================
