Listen on port 5391 to receive RTCP from decoder 
Scream sender started! 
 summary   2.0  Transmit rate =  3620kbps, PLR =  0.00%( 0.00%), CE =  2.73%( 8.16%)[ 0.0%,  0.0%, 91.9%,  8.1%], RTT = 0.036s, Queue delay = 0.001s, MTU = 1200
 summary   4.0  Transmit rate =  4711kbps, PLR =  0.00%( 0.00%), CE =  5.19%( 7.45%)[ 0.0%,  0.0%, 92.6%,  7.4%], RTT = 0.029s, Queue delay = 0.001s, MTU = 1200
 summary   6.0  Transmit rate =  4993kbps, PLR =  0.00%( 0.00%), CE =  9.57%( 8.00%)[ 0.0%,  0.0%, 92.0%,  8.0%], RTT = 0.026s, Queue delay = 0.002s, MTU = 1200
 summary   8.0  Transmit rate =  5475kbps, PLR =  0.00%( 0.00%), CE =  8.01%( 7.63%)[ 0.0%,  0.0%, 92.4%,  7.6%], RTT = 0.025s, Queue delay = 0.002s, MTU = 1200
 summary  10.0  Transmit rate =  5853kbps, PLR =  0.00%( 0.00%), CE =  7.56%( 7.37%)[ 0.0%,  0.0%, 92.6%,  7.4%], RTT = 0.024s, Queue delay = 0.002s, MTU = 1200
 summary  12.0  Transmit rate =  5980kbps, PLR =  0.00%( 0.00%), CE =  7.82%( 7.25%)[ 0.0%,  0.0%, 92.8%,  7.2%], RTT = 0.024s, Queue delay = 0.002s, MTU = 1200
 summary  14.0  Transmit rate =  5917kbps, PLR =  0.00%( 0.00%), CE =  8.17%( 7.41%)[ 0.0%,  0.0%, 92.7%,  7.3%], RTT = 0.024s, Queue delay = 0.002s, MTU = 1200
 summary  16.0  Transmit rate =  5892kbps, PLR =  0.00%( 0.00%), CE =  7.91%( 7.29%)[ 0.0%,  0.0%, 92.8%,  7.2%], RTT = 0.023s, Queue delay = 0.002s, MTU = 1200
 summary  18.0  Transmit rate =  6083kbps, PLR =  0.00%( 0.00%), CE =  7.06%( 7.22%)[ 0.0%,  0.0%, 92.9%,  7.1%], RTT = 0.023s, Queue delay = 0.002s, MTU = 1200
 summary  20.0  Transmit rate =  6067kbps, PLR =  0.00%( 0.00%), CE =  8.09%( 7.29%)[ 0.0%,  0.0%, 92.8%,  7.2%], RTT = 0.023s, Queue delay = 0.002s, MTU = 1200
 summary  22.0  Transmit rate =  6023kbps, PLR =  0.00%( 0.00%), CE =  7.71%( 7.19%)[ 0.0%,  0.0%, 92.9%,  7.1%], RTT = 0.023s, Queue delay = 0.002s, MTU = 1200
 summary  24.0  Transmit rate =  6012kbps, PLR =  0.00%( 0.00%), CE =  8.24%( 7.23%)[ 0.0%,  0.0%, 92.9%,  7.1%], RTT = 0.023s, Queue delay = 0.002s, MTU = 1200
 summary  26.0  Transmit rate =  5892kbps, PLR =  0.00%( 0.00%), CE =  7.78%( 7.15%)[ 0.0%,  0.0%, 92.9%,  7.1%], RTT = 0.023s, Queue delay = 0.002s, MTU = 1200
 summary  28.0  Transmit rate =  5800kbps, PLR =  0.00%( 0.00%), CE =  8.07%( 7.15%)[ 0.0%,  0.0%, 92.9%,  7.1%], RTT = 0.023s, Queue delay = 0.002s, MTU = 1200
 summary  30.0  Transmit rate =  5769kbps, PLR =  0.00%( 0.00%), CE =  7.62%( 7.14%)[ 0.0%,  0.0%, 92.9%,  7.1%], RTT = 0.023s, Queue delay = 0.002s, MTU = 1200
 summary  32.0  Transmit rate =  5966kbps, PLR =  0.00%( 0.00%), CE =  8.45%( 7.17%)[ 0.0%,  0.0%, 92.9%,  7.1%], RTT = 0.023s, Queue delay = 0.002s, MTU = 1200
 summary  34.0  Transmit rate =  6091kbps, PLR =  0.00%( 0.00%), CE =  8.37%( 7.20%)[ 0.0%,  0.0%, 92.9%,  7.1%], RTT = 0.023s, Queue delay = 0.002s, MTU = 1200

======================== Summary ==========================
 Bitrate min/max/avg [kbps]          :  4504/ 7341/ 5847
 RTT     min/max/avg [s]             : 0.023/0.049/0.024
 Queue delay max/avg [s]             : 0.004/0.002
 Packet loss avg [%]                 : 0.000
 ECN/L4S NotECT/ECT(0)/ECT(1)/CE [%] :  0.0/ 0.0/92.9/ 7.1
===========================================================
