socket set to IP_RECVTOS
socket SO_RCVBUF set to 20971520
Listen on port 5318 to receive RTP from sender 
.
.
Packet(s) lost or reordered :   555 was received, previous rcvd is   553 
Packet(s) lost or reordered :   575 was received, previous rcvd is   573 
Packet(s) lost or reordered :   849 was received, previous rcvd is   847 
Packet(s) lost or reordered :   881 was received, previous rcvd is   879 
Packet(s) lost or reordered :   971 was received, previous rcvd is   969 
Packet(s) lost or reordered :  1069 was received, previous rcvd is  1067 
Packet(s) lost or reordered :  1080 was received, previous rcvd is  1078 
Packet(s) lost or reordered :  1082 was received, previous rcvd is  1080 
Packet(s) lost or reordered :  3216 was received, previous rcvd is  3214 
Packet(s) lost or reordered :  3543 was received, previous rcvd is  3541 
Packet(s) lost or reordered :  5890 was received, previous rcvd is  5888 
Packet(s) lost or reordered :  6907 was received, previous rcvd is  6905 
Packet(s) lost or reordered :  7630 was received, previous rcvd is  7628 
Packet(s) lost or reordered : 10012 was received, previous rcvd is 10010 
Packet(s) lost or reordered : 12659 was received, previous rcvd is 12657 
Packet(s) lost or reordered : 13106 was received, previous rcvd is 13104 
Packet(s) lost or reordered : 14001 was received, previous rcvd is 13999 
Packet(s) lost or reordered : 17269 was received, previous rcvd is 17267 
Packet(s) lost or reordered : 17395 was received, previous rcvd is 17393 
Packet(s) lost or reordered : 17653 was received, previous rcvd is 17651 
Packet(s) lost or reordered : 17776 was received, previous rcvd is 17774 
.
