Listen on port 5363 to receive RTCP from decoder 
Scream sender started! 
 summary   2.0  Transmit rate =  3962kbps, PLR =  0.00%( 0.00%), CE =  2.09%( 6.90%)[ 0.0%,  0.0%, 92.7%,  7.3%], RTT = 0.036s, Queue delay = 0.001s, MTU = 1200
 summary   4.0  Transmit rate =  5367kbps, PLR =  0.00%( 0.00%), CE =  4.96%( 7.23%)[ 0.0%,  0.0%, 92.7%,  7.3%], RTT = 0.029s, Queue delay = 0.001s, MTU = 1200
 summary   6.0  Transmit rate =  5789kbps, PLR =  0.00%( 0.00%), CE =  8.71%( 7.49%)[ 0.0%,  0.0%, 92.5%,  7.5%], RTT = 0.026s, Queue delay = 0.002s, MTU = 1200
 summary   8.0  Transmit rate =  6206kbps, PLR =  0.00%( 0.00%), CE =  8.47%( 7.08%)[ 0.0%,  0.0%, 92.9%,  7.1%], RTT = 0.024s, Queue delay = 0.002s, MTU = 1200
 summary  10.0  Transmit rate =  6390kbps, PLR =  0.00%( 0.00%), CE =  7.83%( 7.23%)[ 0.0%,  0.0%, 92.8%,  7.2%], RTT = 0.024s, Queue delay = 0.002s, MTU = 1200
 summary  12.0  Transmit rate =  6365kbps, PLR =  0.00%( 0.00%), CE =  8.01%( 7.27%)[ 0.0%,  0.0%, 92.7%,  7.3%], RTT = 0.023s, Queue delay = 0.002s, MTU = 1200
 summary  14.0  Transmit rate =  6093kbps, PLR =  0.00%( 0.00%), CE =  8.77%( 7.23%)[ 0.0%,  0.0%, 92.8%,  7.2%], RTT = 0.023s, Queue delay = 0.002s, MTU = 1200
 summary  16.0  Transmit rate =  5863kbps, PLR =  0.00%( 0.00%), CE =  8.85%( 7.52%)[ 0.0%,  0.0%, 92.5%,  7.5%], RTT = 0.023s, Queue delay = 0.002s, MTU = 1200
 summary  18.0  Transmit rate =  6008kbps, PLR =  0.00%( 0.00%), CE =  8.22%( 7.20%)[ 0.0%,  0.0%, 92.8%,  7.2%], RTT = 0.023s, Queue delay = 0.002s, MTU = 1200
 summary  20.0  Transmit rate =  6220kbps, PLR =  0.00%( 0.00%), CE =  9.29%( 7.44%)[ 0.0%,  0.0%, 92.6%,  7.4%], RTT = 0.023s, Queue delay = 0.002s, MTU = 1200
 summary  22.0  Transmit rate =  6232kbps, PLR =  0.00%( 0.00%), CE =  8.22%( 7.39%)[ 0.0%,  0.0%, 92.7%,  7.3%], RTT = 0.023s, Queue delay = 0.002s, MTU = 1200
 summary  24.0  Transmit rate =  6341kbps, PLR =  0.00%( 0.00%), CE =  8.08%( 7.24%)[ 0.0%,  0.0%, 92.8%,  7.2%], RTT = 0.023s, Queue delay = 0.002s, MTU = 1200
 summary  26.0  Transmit rate =  6377kbps, PLR =  0.00%( 0.00%), CE =  7.68%( 7.27%)[ 0.0%,  0.0%, 92.8%,  7.2%], RTT = 0.023s, Queue delay = 0.002s, MTU = 1200
 summary  28.0  Transmit rate =  6408kbps, PLR =  0.00%( 0.00%), CE =  8.19%( 7.27%)[ 0.0%,  0.0%, 92.8%,  7.2%], RTT = 0.023s, Queue delay = 0.002s, MTU = 1200
 summary  30.0  Transmit rate =  6528kbps, PLR =  0.00%( 0.00%), CE =  8.69%( 7.26%)[ 0.0%,  0.0%, 92.8%,  7.2%], RTT = 0.023s, Queue delay = 0.002s, MTU = 1200
 summary  32.0  Transmit rate =  6503kbps, PLR =  0.00%( 0.00%), CE =  8.61%( 7.39%)[ 0.0%,  0.0%, 92.7%,  7.3%], RTT = 0.023s, Queue delay = 0.002s, MTU = 1200
 summary  34.0  Transmit rate =  6324kbps, PLR =  0.00%( 0.00%), CE =  8.68%( 7.29%)[ 0.0%,  0.0%, 92.8%,  7.2%], RTT = 0.023s, Queue delay = 0.002s, MTU = 1200

======================== Summary ==========================
 Bitrate min/max/avg [kbps]          :  4541/ 7872/ 6253
 RTT     min/max/avg [s]             : 0.023/0.049/0.024
 Queue delay max/avg [s]             : 0.004/0.002
 Packet loss avg [%]                 : 0.000
 ECN/L4S NotECT/ECT(0)/ECT(1)/CE [%] :  0.0/ 0.0/92.8/ 7.2
===========================================================
