socket set to IP_RECVTOS
socket SO_RCVBUF set to 20971520
Listen on port 5322 to receive RTP from sender 
.
.
Packet(s) lost or reordered :   389 was received, previous rcvd is   387 
Packet(s) lost or reordered :   631 was received, previous rcvd is   629 
Packet(s) lost or reordered :   687 was received, previous rcvd is   685 
Packet(s) lost or reordered :  2182 was received, previous rcvd is  2180 
Packet(s) lost or reordered :  2726 was received, previous rcvd is  2724 
Packet(s) lost or reordered :  5078 was received, previous rcvd is  5076 
Packet(s) lost or reordered :  8687 was received, previous rcvd is  8685 
Packet(s) lost or reordered : 11746 was received, previous rcvd is 11744 
Packet(s) lost or reordered : 11843 was received, previous rcvd is 11841 
Packet(s) lost or reordered : 13620 was received, previous rcvd is 13618 
Packet(s) lost or reordered : 14266 was received, previous rcvd is 14264 
Packet(s) lost or reordered : 15126 was received, previous rcvd is 15124 
Packet(s) lost or reordered : 16826 was received, previous rcvd is 16824 
Packet(s) lost or reordered : 18896 was received, previous rcvd is 18894 
Packet(s) lost or reordered : 19643 was received, previous rcvd is 19641 
.
