socket set to IP_RECVTOS
socket SO_RCVBUF set to 20971520
Listen on port 5348 to receive RTP from sender 
.
.
Packet(s) lost or reordered :   477 was received, previous rcvd is   475 
Packet(s) lost or reordered :   809 was received, previous rcvd is   807 
Packet(s) lost or reordered :  2439 was received, previous rcvd is  2437 
Packet(s) lost or reordered :  4006 was received, previous rcvd is  4004 
Packet(s) lost or reordered :  4883 was received, previous rcvd is  4881 
Packet(s) lost or reordered :  7400 was received, previous rcvd is  7398 
Packet(s) lost or reordered :  9705 was received, previous rcvd is  9703 
Packet(s) lost or reordered :  9714 was received, previous rcvd is  9712 
Packet(s) lost or reordered : 11295 was received, previous rcvd is 11293 
Packet(s) lost or reordered : 14716 was received, previous rcvd is 14714 
Packet(s) lost or reordered : 14985 was received, previous rcvd is 14983 
Packet(s) lost or reordered : 15109 was received, previous rcvd is 15107 
Packet(s) lost or reordered : 16206 was received, previous rcvd is 16204 
Packet(s) lost or reordered : 17875 was received, previous rcvd is 17873 
Packet(s) lost or reordered : 18128 was received, previous rcvd is 18126 
Packet(s) lost or reordered : 19451 was received, previous rcvd is 19449 
.
