socket set to IP_RECVTOS
socket SO_RCVBUF set to 20971520
Listen on port 5326 to receive RTP from sender 
.
.
Packet(s) lost or reordered :  1348 was received, previous rcvd is  1346 
Packet(s) lost or reordered :  3115 was received, previous rcvd is  3113 
Packet(s) lost or reordered :  3202 was received, previous rcvd is  3200 
Packet(s) lost or reordered :  5672 was received, previous rcvd is  5670 
Packet(s) lost or reordered :  7638 was received, previous rcvd is  7636 
Packet(s) lost or reordered :  8228 was received, previous rcvd is  8226 
Packet(s) lost or reordered :  8582 was received, previous rcvd is  8580 
Packet(s) lost or reordered :  8748 was received, previous rcvd is  8746 
Packet(s) lost or reordered : 10678 was received, previous rcvd is 10676 
Packet(s) lost or reordered : 11180 was received, previous rcvd is 11178 
Packet(s) lost or reordered : 11202 was received, previous rcvd is 11200 
Packet(s) lost or reordered : 12731 was received, previous rcvd is 12729 
Packet(s) lost or reordered : 13687 was received, previous rcvd is 13685 
Packet(s) lost or reordered : 16661 was received, previous rcvd is 16659 
Packet(s) lost or reordered : 19142 was received, previous rcvd is 19140 
Packet(s) lost or reordered : 20390 was received, previous rcvd is 20388 
.
