socket set to IP_RECVTOS
socket SO_RCVBUF set to 20971520
Listen on port 5398 to receive RTP from sender 
.
.
Packet(s) lost or reordered :   360 was received, previous rcvd is   358 
Packet(s) lost or reordered :   473 was received, previous rcvd is   471 
Packet(s) lost or reordered :   663 was received, previous rcvd is   661 
Packet(s) lost or reordered :  2133 was received, previous rcvd is  2131 
Packet(s) lost or reordered :  3124 was received, previous rcvd is  3122 
Packet(s) lost or reordered :  3172 was received, previous rcvd is  3170 
Packet(s) lost or reordered :  5019 was received, previous rcvd is  5017 
Packet(s) lost or reordered :  6153 was received, previous rcvd is  6151 
Packet(s) lost or reordered :  6498 was received, previous rcvd is  6496 
Packet(s) lost or reordered :  7498 was received, previous rcvd is  7496 
Packet(s) lost or reordered : 11953 was received, previous rcvd is 11951 
Packet(s) lost or reordered : 12498 was received, previous rcvd is 12496 
Packet(s) lost or reordered : 16853 was received, previous rcvd is 16851 
Packet(s) lost or reordered : 19311 was received, previous rcvd is 19309 
Packet(s) lost or reordered : 19524 was received, previous rcvd is 19522 
Packet(s) lost or reordered : 19559 was received, previous rcvd is 19557 
.
