socket set to IP_RECVTOS
socket SO_RCVBUF set to 20971520
Listen on port 5354 to receive RTP from sender 
.
.
Packet(s) lost or reordered :  1686 was received, previous rcvd is  1684 
Packet(s) lost or reordered :  1732 was received, previous rcvd is  1730 
Packet(s) lost or reordered :  1989 was received, previous rcvd is  1987 
Packet(s) lost or reordered :  2006 was received, previous rcvd is  2004 
Packet(s) lost or reordered :  3412 was received, previous rcvd is  3410 
Packet(s) lost or reordered :  3829 was received, previous rcvd is  3827 
Packet(s) lost or reordered :  6668 was received, previous rcvd is  6666 
Packet(s) lost or reordered :  6686 was received, previous rcvd is  6684 
Packet(s) lost or reordered :  7770 was received, previous rcvd is  7768 
Packet(s) lost or reordered : 10456 was received, previous rcvd is 10454 
Packet(s) lost or reordered : 11710 was received, previous rcvd is 11708 
Packet(s) lost or reordered : 14701 was received, previous rcvd is 14699 
Packet(s) lost or reordered : 15318 was received, previous rcvd is 15316 
Packet(s) lost or reordered : 15622 was received, previous rcvd is 15620 
Packet(s) lost or reordered : 18192 was received, previous rcvd is 18190 
.
