Listen on port 5338 to receive RTCP from decoder 
Scream sender started! 
 summary   2.0  Transmit rate =  4049kbps, PLR =  0.00%( 0.00%), CE =  0.00%( 0.00%)[100.0%,  0.0%,  0.0%,  0.0%], RTT = 0.042s, Queue delay = 0.009s, MTU = 1200
 summary   4.0  Transmit rate =  4136kbps, PLR =  0.18%( 0.17%), CE =  0.00%( 0.00%)[100.0%,  0.0%,  0.0%,  0.0%], RTT = 0.035s, Queue delay = 0.007s, MTU = 1200
 summary   6.0  Transmit rate =  4673kbps, PLR =  0.25%( 0.14%), CE =  0.00%( 0.00%)[100.0%,  0.0%,  0.0%,  0.0%], RTT = 0.033s, Queue delay = 0.008s, MTU = 1200
 summary   8.0  Transmit rate =  5089kbps, PLR =  0.22%( 0.11%), CE =  0.00%( 0.00%)[100.0%,  0.0%,  0.0%,  0.0%], RTT = 0.033s, Queue delay = 0.011s, MTU = 1200
 summary  10.0  Transmit rate =  5087kbps, PLR =  0.12%( 0.10%), CE =  0.00%( 0.00%)[100.0%,  0.0%,  0.0%,  0.0%], RTT = 0.033s, Queue delay = 0.010s, MTU = 1200
 summary  12.0  Transmit rate =  5147kbps, PLR =  0.06%( 0.09%), CE =  0.00%( 0.00%)[100.0%,  0.0%,  0.0%,  0.0%], RTT = 0.033s, Queue delay = 0.011s, MTU = 1200
 summary  14.0  Transmit rate =  5038kbps, PLR =  0.12%( 0.09%), CE =  0.00%( 0.00%)[100.0%,  0.0%,  0.0%,  0.0%], RTT = 0.031s, Queue delay = 0.009s, MTU = 1200
 summary  16.0  Transmit rate =  5176kbps, PLR =  0.06%( 0.08%), CE =  0.00%( 0.00%)[100.0%,  0.0%,  0.0%,  0.0%], RTT = 0.032s, Queue delay = 0.010s, MTU = 1200
 summary  18.0  Transmit rate =  5118kbps, PLR =  0.07%( 0.08%), CE =  0.00%( 0.00%)[100.0%,  0.0%,  0.0%,  0.0%], RTT = 0.032s, Queue delay = 0.009s, MTU = 1200
 summary  20.0  Transmit rate =  5179kbps, PLR =  0.07%( 0.07%), CE =  0.00%( 0.00%)[100.0%,  0.0%,  0.0%,  0.0%], RTT = 0.033s, Queue delay = 0.010s, MTU = 1200
 summary  22.0  Transmit rate =  5253kbps, PLR =  0.07%( 0.06%), CE =  0.00%( 0.00%)[100.0%,  0.0%,  0.0%,  0.0%], RTT = 0.033s, Queue delay = 0.011s, MTU = 1200
 summary  24.0  Transmit rate =  5082kbps, PLR =  0.06%( 0.07%), CE =  0.00%( 0.00%)[100.0%,  0.0%,  0.0%,  0.0%], RTT = 0.032s, Queue delay = 0.009s, MTU = 1200
 summary  26.0  Transmit rate =  5158kbps, PLR =  0.06%( 0.06%), CE =  0.00%( 0.00%)[100.0%,  0.0%,  0.0%,  0.0%], RTT = 0.032s, Queue delay = 0.010s, MTU = 1200
 summary  28.0  Transmit rate =  5018kbps, PLR =  0.05%( 0.06%), CE =  0.00%( 0.00%)[100.0%,  0.0%,  0.0%,  0.0%], RTT = 0.032s, Queue delay = 0.010s, MTU = 1200
 summary  30.0  Transmit rate =  4582kbps, PLR =  0.16%( 0.07%), CE =  0.00%( 0.00%)[100.0%,  0.0%,  0.0%,  0.0%], RTT = 0.031s, Queue delay = 0.008s, MTU = 1200
 summary  32.0  Transmit rate =  4681kbps, PLR =  0.21%( 0.07%), CE =  0.00%( 0.00%)[100.0%,  0.0%,  0.0%,  0.0%], RTT = 0.031s, Queue delay = 0.009s, MTU = 1200
 summary  34.0  Transmit rate =  4903kbps, PLR =  0.12%( 0.07%), CE =  0.00%( 0.00%)[100.0%,  0.0%,  0.0%,  0.0%], RTT = 0.031s, Queue delay = 0.009s, MTU = 1200

======================== Summary ==========================
 Bitrate min/max/avg [kbps]          :  2298/ 6599/ 5059
 RTT     min/max/avg [s]             : 0.027/0.049/0.032
 Queue delay max/avg [s]             : 0.034/0.010
 Packet loss avg [%]                 : 0.068
 ECN/L4S NotECT/ECT(0)/ECT(1)/CE [%] : 100.0/ 0.0/ 0.0/ 0.0
===========================================================
