socket set to IP_RECVTOS
socket SO_RCVBUF set to 20971520
Listen on port 5330 to receive RTP from sender 
.
.
Packet(s) lost or reordered :   443 was received, previous rcvd is   441 
Packet(s) lost or reordered :   484 was received, previous rcvd is   482 
Packet(s) lost or reordered :   511 was received, previous rcvd is   509 
Packet(s) lost or reordered :   861 was received, previous rcvd is   859 
Packet(s) lost or reordered :  3110 was received, previous rcvd is  3108 
Packet(s) lost or reordered :  3447 was received, previous rcvd is  3445 
Packet(s) lost or reordered :  6384 was received, previous rcvd is  6382 
Packet(s) lost or reordered :  6447 was received, previous rcvd is  6445 
Packet(s) lost or reordered :  6934 was received, previous rcvd is  6932 
Packet(s) lost or reordered : 10167 was received, previous rcvd is 10165 
Packet(s) lost or reordered : 10385 was received, previous rcvd is 10383 
Packet(s) lost or reordered : 13341 was received, previous rcvd is 13339 
Packet(s) lost or reordered : 13372 was received, previous rcvd is 13370 
Packet(s) lost or reordered : 14842 was received, previous rcvd is 14840 
Packet(s) lost or reordered : 17326 was received, previous rcvd is 17324 
Packet(s) lost or reordered : 18460 was received, previous rcvd is 18458 
Packet(s) lost or reordered : 18509 was received, previous rcvd is 18507 
.
