Listen on port 5316 to receive RTCP from decoder 
Scream sender started! 
 summary   2.0  Transmit rate =  3929kbps, PLR =  0.00%( 0.09%), CE =  0.00%( 0.00%)[100.0%,  0.0%,  0.0%,  0.0%], RTT = 0.042s, Queue delay = 0.007s, MTU = 1200
 summary   4.0  Transmit rate =  4460kbps, PLR =  0.13%( 0.14%), CE =  0.00%( 0.00%)[100.0%,  0.0%,  0.0%,  0.0%], RTT = 0.035s, Queue delay = 0.007s, MTU = 1200
 summary   6.0  Transmit rate =  5146kbps, PLR =  0.13%( 0.09%), CE =  0.00%( 0.00%)[100.0%,  0.0%,  0.0%,  0.0%], RTT = 0.036s, Queue delay = 0.011s, MTU = 1200
 summary   8.0  Transmit rate =  5632kbps, PLR =  0.05%( 0.07%), CE =  0.00%( 0.00%)[100.0%,  0.0%,  0.0%,  0.0%], RTT = 0.036s, Queue delay = 0.014s, MTU = 1200
 summary  10.0  Transmit rate =  5544kbps, PLR =  0.04%( 0.07%), CE =  0.00%( 0.00%)[100.0%,  0.0%,  0.0%,  0.0%], RTT = 0.034s, Queue delay = 0.012s, MTU = 1200
 summary  12.0  Transmit rate =  5373kbps, PLR =  0.08%( 0.07%), CE =  0.00%( 0.00%)[100.0%,  0.0%,  0.0%,  0.0%], RTT = 0.035s, Queue delay = 0.012s, MTU = 1200
 summary  14.0  Transmit rate =  5333kbps, PLR =  0.05%( 0.06%), CE =  0.00%( 0.00%)[100.0%,  0.0%,  0.0%,  0.0%], RTT = 0.033s, Queue delay = 0.011s, MTU = 1200
 summary  16.0  Transmit rate =  5415kbps, PLR =  0.04%( 0.06%), CE =  0.00%( 0.00%)[100.0%,  0.0%,  0.0%,  0.0%], RTT = 0.034s, Queue delay = 0.012s, MTU = 1200
 summary  18.0  Transmit rate =  5556kbps, PLR =  0.00%( 0.05%), CE =  0.00%( 0.00%)[100.0%,  0.0%,  0.0%,  0.0%], RTT = 0.034s, Queue delay = 0.012s, MTU = 1200
 summary  20.0  Transmit rate =  5068kbps, PLR =  0.09%( 0.06%), CE =  0.00%( 0.00%)[100.0%,  0.0%,  0.0%,  0.0%], RTT = 0.034s, Queue delay = 0.011s, MTU = 1200
 summary  22.0  Transmit rate =  5137kbps, PLR =  0.10%( 0.06%), CE =  0.00%( 0.00%)[100.0%,  0.0%,  0.0%,  0.0%], RTT = 0.032s, Queue delay = 0.010s, MTU = 1200
 summary  24.0  Transmit rate =  4951kbps, PLR =  0.15%( 0.07%), CE =  0.00%( 0.00%)[100.0%,  0.0%,  0.0%,  0.0%], RTT = 0.032s, Queue delay = 0.009s, MTU = 1200
 summary  26.0  Transmit rate =  5106kbps, PLR =  0.10%( 0.06%), CE =  0.00%( 0.00%)[100.0%,  0.0%,  0.0%,  0.0%], RTT = 0.031s, Queue delay = 0.009s, MTU = 1200
 summary  28.0  Transmit rate =  5218kbps, PLR =  0.13%( 0.07%), CE =  0.00%( 0.00%)[100.0%,  0.0%,  0.0%,  0.0%], RTT = 0.032s, Queue delay = 0.010s, MTU = 1200
 summary  30.0  Transmit rate =  5222kbps, PLR =  0.04%( 0.06%), CE =  0.00%( 0.00%)[100.0%,  0.0%,  0.0%,  0.0%], RTT = 0.031s, Queue delay = 0.009s, MTU = 1200
 summary  32.0  Transmit rate =  5473kbps, PLR =  0.04%( 0.06%), CE =  0.00%( 0.00%)[100.0%,  0.0%,  0.0%,  0.0%], RTT = 0.032s, Queue delay = 0.010s, MTU = 1200
 summary  34.0  Transmit rate =  5555kbps, PLR =  0.00%( 0.05%), CE =  0.00%( 0.00%)[100.0%,  0.0%,  0.0%,  0.0%], RTT = 0.034s, Queue delay = 0.012s, MTU = 1200

======================== Summary ==========================
 Bitrate min/max/avg [kbps]          :  2006/ 7443/ 5343
 RTT     min/max/avg [s]             : 0.028/0.049/0.033
 Queue delay max/avg [s]             : 0.027/0.011
 Packet loss avg [%]                 : 0.052
 ECN/L4S NotECT/ECT(0)/ECT(1)/CE [%] : 100.0/ 0.0/ 0.0/ 0.0
===========================================================
