Listen on port 5307 to receive RTCP from decoder 
Scream sender started! 
 summary   2.0  Transmit rate =  3761kbps, PLR =  0.00%( 0.00%), CE =  2.76%( 8.31%)[ 0.0%,  0.0%, 91.7%,  8.3%], RTT = 0.037s, Queue delay = 0.001s, MTU = 1200
 summary   4.0  Transmit rate =  5126kbps, PLR =  0.00%( 0.00%), CE =  5.34%( 7.42%)[ 0.0%,  0.0%, 92.7%,  7.3%], RTT = 0.029s, Queue delay = 0.002s, MTU = 1200
 summary   6.0  Transmit rate =  5745kbps, PLR =  0.00%( 0.00%), CE =  8.31%( 6.90%)[ 0.0%,  0.0%, 93.2%,  6.8%], RTT = 0.026s, Queue delay = 0.002s, MTU = 1200
 summary   8.0  Transmit rate =  5976kbps, PLR =  0.00%( 0.00%), CE =  7.84%( 6.85%)[ 0.0%,  0.0%, 93.3%,  6.7%], RTT = 0.024s, Queue delay = 0.002s, MTU = 1200
 summary  10.0  Transmit rate =  6132kbps, PLR =  0.00%( 0.00%), CE =  7.73%( 7.10%)[ 0.0%,  0.0%, 93.1%,  6.9%], RTT = 0.024s, Queue delay = 0.002s, MTU = 1200
 summary  12.0  Transmit rate =  6271kbps, PLR =  0.00%( 0.00%), CE =  7.64%( 7.07%)[ 0.0%,  0.0%, 93.0%,  7.0%], RTT = 0.023s, Queue delay = 0.002s, MTU = 1200
 summary  14.0  Transmit rate =  6256kbps, PLR =  0.00%( 0.00%), CE =  8.37%( 7.09%)[ 0.0%,  0.0%, 93.0%,  7.0%], RTT = 0.023s, Queue delay = 0.002s, MTU = 1200
 summary  16.0  Transmit rate =  6249kbps, PLR =  0.00%( 0.00%), CE =  8.12%( 6.98%)[ 0.0%,  0.0%, 93.2%,  6.8%], RTT = 0.023s, Queue delay = 0.002s, MTU = 1200
 summary  18.0  Transmit rate =  6157kbps, PLR =  0.00%( 0.00%), CE =  7.92%( 6.96%)[ 0.0%,  0.0%, 93.2%,  6.8%], RTT = 0.023s, Queue delay = 0.002s, MTU = 1200
 summary  20.0  Transmit rate =  6191kbps, PLR =  0.00%( 0.00%), CE =  6.73%( 6.83%)[ 0.0%,  0.0%, 93.3%,  6.7%], RTT = 0.023s, Queue delay = 0.002s, MTU = 1200
 summary  22.0  Transmit rate =  6298kbps, PLR =  0.00%( 0.00%), CE =  7.28%( 7.06%)[ 0.0%,  0.0%, 93.1%,  6.9%], RTT = 0.023s, Queue delay = 0.002s, MTU = 1200
 summary  24.0  Transmit rate =  6219kbps, PLR =  0.00%( 0.00%), CE =  7.98%( 7.00%)[ 0.0%,  0.0%, 93.1%,  6.9%], RTT = 0.023s, Queue delay = 0.002s, MTU = 1200
 summary  26.0  Transmit rate =  6094kbps, PLR =  0.00%( 0.00%), CE =  7.39%( 6.96%)[ 0.0%,  0.0%, 93.2%,  6.8%], RTT = 0.023s, Queue delay = 0.002s, MTU = 1200
 summary  28.0  Transmit rate =  6251kbps, PLR =  0.00%( 0.00%), CE =  8.03%( 7.02%)[ 0.0%,  0.0%, 93.1%,  6.9%], RTT = 0.023s, Queue delay = 0.002s, MTU = 1200
 summary  30.1  Transmit rate =  6228kbps, PLR =  0.00%( 0.00%), CE =  7.94%( 7.00%)[ 0.0%,  0.0%, 93.1%,  6.9%], RTT = 0.023s, Queue delay = 0.002s, MTU = 1200
 summary  32.1  Transmit rate =  6254kbps, PLR =  0.00%( 0.00%), CE =  8.89%( 7.03%)[ 0.0%,  0.0%, 93.1%,  6.9%], RTT = 0.023s, Queue delay = 0.002s, MTU = 1200
 summary  34.1  Transmit rate =  6373kbps, PLR =  0.00%( 0.00%), CE =  8.00%( 7.11%)[ 0.0%,  0.0%, 93.0%,  7.0%], RTT = 0.023s, Queue delay = 0.002s, MTU = 1200

======================== Summary ==========================
 Bitrate min/max/avg [kbps]          :  4974/ 7618/ 6182
 RTT     min/max/avg [s]             : 0.023/0.050/0.023
 Queue delay max/avg [s]             : 0.003/0.002
 Packet loss avg [%]                 : 0.000
 ECN/L4S NotECT/ECT(0)/ECT(1)/CE [%] :  0.0/ 0.0/93.0/ 7.0
===========================================================
