Listen on port 5357 to receive RTCP from decoder 
Scream sender started! 
 summary   2.0  Transmit rate =  3824kbps, PLR =  0.00%( 0.00%), CE =  2.32%( 7.08%)[ 0.0%,  0.0%, 92.6%,  7.4%], RTT = 0.036s, Queue delay = 0.001s, MTU = 1200
 summary   4.0  Transmit rate =  4922kbps, PLR =  0.00%( 0.00%), CE =  5.36%( 7.29%)[ 0.0%,  0.0%, 92.3%,  7.7%], RTT = 0.029s, Queue delay = 0.001s, MTU = 1200
 summary   6.0  Transmit rate =  5340kbps, PLR =  0.00%( 0.00%), CE =  8.27%( 7.42%)[ 0.0%,  0.0%, 92.4%,  7.6%], RTT = 0.026s, Queue delay = 0.002s, MTU = 1200
 summary   8.0  Transmit rate =  5743kbps, PLR =  0.00%( 0.00%), CE =  8.18%( 7.00%)[ 0.0%,  0.0%, 92.9%,  7.1%], RTT = 0.025s, Queue delay = 0.002s, MTU = 1200
 summary  10.0  Transmit rate =  5796kbps, PLR =  0.00%( 0.00%), CE =  8.40%( 7.23%)[ 0.0%,  0.0%, 92.7%,  7.3%], RTT = 0.024s, Queue delay = 0.002s, MTU = 1200
 summary  12.0  Transmit rate =  5921kbps, PLR =  0.00%( 0.00%), CE =  8.44%( 7.04%)[ 0.0%,  0.0%, 92.9%,  7.1%], RTT = 0.024s, Queue delay = 0.002s, MTU = 1200
 summary  14.0  Transmit rate =  5999kbps, PLR =  0.00%( 0.00%), CE =  8.98%( 7.41%)[ 0.0%,  0.0%, 92.6%,  7.4%], RTT = 0.024s, Queue delay = 0.002s, MTU = 1200
 summary  16.0  Transmit rate =  6044kbps, PLR =  0.00%( 0.00%), CE =  8.67%( 7.55%)[ 0.0%,  0.0%, 92.4%,  7.6%], RTT = 0.024s, Queue delay = 0.002s, MTU = 1200
 summary  18.0  Transmit rate =  6102kbps, PLR =  0.00%( 0.00%), CE =  8.82%( 7.54%)[ 0.0%,  0.0%, 92.5%,  7.5%], RTT = 0.024s, Queue delay = 0.002s, MTU = 1200
 summary  20.0  Transmit rate =  6052kbps, PLR =  0.00%( 0.00%), CE =  8.59%( 7.44%)[ 0.0%,  0.0%, 92.6%,  7.4%], RTT = 0.024s, Queue delay = 0.002s, MTU = 1200
 summary  22.0  Transmit rate =  6069kbps, PLR =  0.00%( 0.00%), CE =  8.37%( 7.48%)[ 0.0%,  0.0%, 92.5%,  7.5%], RTT = 0.023s, Queue delay = 0.002s, MTU = 1200
 summary  24.0  Transmit rate =  6035kbps, PLR =  0.00%( 0.00%), CE =  9.22%( 7.66%)[ 0.0%,  0.0%, 92.4%,  7.6%], RTT = 0.024s, Queue delay = 0.002s, MTU = 1200
 summary  26.0  Transmit rate =  5954kbps, PLR =  0.00%( 0.00%), CE =  8.59%( 7.56%)[ 0.0%,  0.0%, 92.5%,  7.5%], RTT = 0.024s, Queue delay = 0.002s, MTU = 1200
 summary  28.0  Transmit rate =  6120kbps, PLR =  0.00%( 0.00%), CE =  8.29%( 7.61%)[ 0.0%,  0.0%, 92.5%,  7.5%], RTT = 0.024s, Queue delay = 0.002s, MTU = 1200
 summary  30.0  Transmit rate =  6193kbps, PLR =  0.00%( 0.00%), CE =  8.96%( 7.71%)[ 0.0%,  0.0%, 92.4%,  7.6%], RTT = 0.024s, Queue delay = 0.002s, MTU = 1200
 summary  32.0  Transmit rate =  5888kbps, PLR =  0.00%( 0.00%), CE =  8.93%( 7.63%)[ 0.0%,  0.0%, 92.5%,  7.5%], RTT = 0.024s, Queue delay = 0.002s, MTU = 1200
 summary  34.0  Transmit rate =  5923kbps, PLR =  0.00%( 0.00%), CE =  9.08%( 7.67%)[ 0.0%,  0.0%, 92.4%,  7.6%], RTT = 0.024s, Queue delay = 0.002s, MTU = 1200

======================== Summary ==========================
 Bitrate min/max/avg [kbps]          :  4636/ 7343/ 5939
 RTT     min/max/avg [s]             : 0.023/0.049/0.024
 Queue delay max/avg [s]             : 0.004/0.002
 Packet loss avg [%]                 : 0.000
 ECN/L4S NotECT/ECT(0)/ECT(1)/CE [%] :  0.0/ 0.0/92.4/ 7.6
===========================================================
