socket set to IP_RECVTOS
socket SO_RCVBUF set to 20971520
Listen on port 5320 to receive RTP from sender 
.
.
Packet(s) lost or reordered :   279 was received, previous rcvd is   277 
Packet(s) lost or reordered :  3921 was received, previous rcvd is  3919 
Packet(s) lost or reordered :  4214 was received, previous rcvd is  4212 
Packet(s) lost or reordered :  4459 was received, previous rcvd is  4457 
Packet(s) lost or reordered :  5409 was received, previous rcvd is  5407 
Packet(s) lost or reordered :  5884 was received, previous rcvd is  5882 
Packet(s) lost or reordered :  7192 was received, previous rcvd is  7190 
Packet(s) lost or reordered :  7700 was received, previous rcvd is  7698 
Packet(s) lost or reordered :  9924 was received, previous rcvd is  9922 
Packet(s) lost or reordered : 10225 was received, previous rcvd is 10223 
Packet(s) lost or reordered : 10251 was received, previous rcvd is 10249 
Packet(s) lost or reordered : 10276 was received, previous rcvd is 10274 
Packet(s) lost or reordered : 12376 was received, previous rcvd is 12374 
Packet(s) lost or reordered : 14084 was received, previous rcvd is 14082 
Packet(s) lost or reordered : 14683 was received, previous rcvd is 14681 
Packet(s) lost or reordered : 15227 was received, previous rcvd is 15225 
.
