socket set to IP_RECVTOS
socket SO_RCVBUF set to 20971520
Listen on port 5360 to receive RTP from sender 
.
.
Packet(s) lost or reordered :   682 was received, previous rcvd is   680 
Packet(s) lost or reordered :   703 was received, previous rcvd is   701 
Packet(s) lost or reordered :  1204 was received, previous rcvd is  1202 
Packet(s) lost or reordered :  2672 was received, previous rcvd is  2670 
Packet(s) lost or reordered :  2715 was received, previous rcvd is  2713 
Packet(s) lost or reordered :  2763 was received, previous rcvd is  2761 
Packet(s) lost or reordered :  4423 was received, previous rcvd is  4421 
Packet(s) lost or reordered :  4456 was received, previous rcvd is  4454 
Packet(s) lost or reordered :  4891 was received, previous rcvd is  4889 
Packet(s) lost or reordered :  5939 was received, previous rcvd is  5937 
Packet(s) lost or reordered :  7277 was received, previous rcvd is  7275 
Packet(s) lost or reordered :  8363 was received, previous rcvd is  8361 
Packet(s) lost or reordered : 10313 was received, previous rcvd is 10311 
Packet(s) lost or reordered : 12943 was received, previous rcvd is 12941 
Packet(s) lost or reordered : 13118 was received, previous rcvd is 13116 
Packet(s) lost or reordered : 14101 was received, previous rcvd is 14099 
Packet(s) lost or reordered : 16245 was received, previous rcvd is 16243 
Packet(s) lost or reordered : 18095 was received, previous rcvd is 18093 
Packet(s) lost or reordered : 19337 was received, previous rcvd is 19335 
.
