Listen on port 5323 to receive RTCP from decoder 
Scream sender started! 
 summary   2.0  Transmit rate =  3776kbps, PLR =  0.00%( 0.00%), CE =  3.21%(10.42%)[ 0.0%,  0.0%, 89.7%, 10.3%], RTT = 0.036s, Queue delay = 0.001s, MTU = 1200
 summary   4.0  Transmit rate =  5080kbps, PLR =  0.00%( 0.00%), CE =  6.39%( 8.89%)[ 0.0%,  0.0%, 91.2%,  8.8%], RTT = 0.029s, Queue delay = 0.001s, MTU = 1200
 summary   6.0  Transmit rate =  5591kbps, PLR =  0.00%( 0.00%), CE =  8.78%( 7.71%)[ 0.0%,  0.0%, 92.4%,  7.6%], RTT = 0.026s, Queue delay = 0.002s, MTU = 1200
 summary   8.0  Transmit rate =  5833kbps, PLR =  0.00%( 0.00%), CE =  7.39%( 7.53%)[ 0.0%,  0.0%, 92.6%,  7.4%], RTT = 0.025s, Queue delay = 0.002s, MTU = 1200
 summary  10.0  Transmit rate =  5906kbps, PLR =  0.00%( 0.00%), CE =  8.12%( 7.58%)[ 0.0%,  0.0%, 92.5%,  7.5%], RTT = 0.024s, Queue delay = 0.002s, MTU = 1200
 summary  12.0  Transmit rate =  6081kbps, PLR =  0.00%( 0.00%), CE =  8.96%( 7.70%)[ 0.0%,  0.0%, 92.4%,  7.6%], RTT = 0.024s, Queue delay = 0.002s, MTU = 1200
 summary  14.0  Transmit rate =  6042kbps, PLR =  0.00%( 0.00%), CE =  8.72%( 7.53%)[ 0.0%,  0.0%, 92.6%,  7.4%], RTT = 0.024s, Queue delay = 0.002s, MTU = 1200
 summary  16.0  Transmit rate =  6039kbps, PLR =  0.00%( 0.00%), CE =  8.24%( 7.65%)[ 0.0%,  0.0%, 92.4%,  7.6%], RTT = 0.024s, Queue delay = 0.002s, MTU = 1200
 summary  18.0  Transmit rate =  6107kbps, PLR =  0.00%( 0.00%), CE =  7.42%( 7.44%)[ 0.0%,  0.0%, 92.6%,  7.4%], RTT = 0.024s, Queue delay = 0.002s, MTU = 1200
 summary  20.0  Transmit rate =  6040kbps, PLR =  0.00%( 0.00%), CE =  7.88%( 7.41%)[ 0.0%,  0.0%, 92.7%,  7.3%], RTT = 0.023s, Queue delay = 0.002s, MTU = 1200
 summary  22.0  Transmit rate =  6095kbps, PLR =  0.00%( 0.00%), CE =  8.03%( 7.45%)[ 0.0%,  0.0%, 92.7%,  7.3%], RTT = 0.023s, Queue delay = 0.002s, MTU = 1200
 summary  24.0  Transmit rate =  6066kbps, PLR =  0.00%( 0.00%), CE =  9.38%( 7.53%)[ 0.0%,  0.0%, 92.6%,  7.4%], RTT = 0.024s, Queue delay = 0.002s, MTU = 1200
 summary  26.0  Transmit rate =  6102kbps, PLR =  0.00%( 0.00%), CE =  8.79%( 7.57%)[ 0.0%,  0.0%, 92.5%,  7.5%], RTT = 0.024s, Queue delay = 0.002s, MTU = 1200
 summary  28.0  Transmit rate =  6165kbps, PLR =  0.00%( 0.00%), CE =  8.78%( 7.51%)[ 0.0%,  0.0%, 92.6%,  7.4%], RTT = 0.024s, Queue delay = 0.002s, MTU = 1200
 summary  30.0  Transmit rate =  6090kbps, PLR =  0.00%( 0.00%), CE =  8.22%( 7.41%)[ 0.0%,  0.0%, 92.7%,  7.3%], RTT = 0.024s, Queue delay = 0.002s, MTU = 1200
 summary  32.1  Transmit rate =  6083kbps, PLR =  0.00%( 0.00%), CE =  7.12%( 7.37%)[ 0.0%,  0.0%, 92.7%,  7.3%], RTT = 0.024s, Queue delay = 0.002s, MTU = 1200
 summary  34.1  Transmit rate =  6062kbps, PLR =  0.00%( 0.00%), CE =  7.93%( 7.41%)[ 0.0%,  0.0%, 92.7%,  7.3%], RTT = 0.024s, Queue delay = 0.002s, MTU = 1200

======================== Summary ==========================
 Bitrate min/max/avg [kbps]          :  4927/ 7606/ 6024
 RTT     min/max/avg [s]             : 0.023/0.049/0.024
 Queue delay max/avg [s]             : 0.004/0.002
 Packet loss avg [%]                 : 0.000
 ECN/L4S NotECT/ECT(0)/ECT(1)/CE [%] :  0.0/ 0.0/92.7/ 7.3
===========================================================
