Listen on port 5333 to receive RTCP from decoder 
Scream sender started! 
 summary   2.0  Transmit rate =  3800kbps, PLR =  0.00%( 0.00%), CE =  3.05%( 8.95%)[ 0.0%,  0.0%, 91.0%,  9.0%], RTT = 0.036s, Queue delay = 0.001s, MTU = 1200
 summary   4.0  Transmit rate =  4889kbps, PLR =  0.00%( 0.00%), CE =  5.67%( 7.34%)[ 0.0%,  0.0%, 92.7%,  7.3%], RTT = 0.029s, Queue delay = 0.001s, MTU = 1200
 summary   6.0  Transmit rate =  5696kbps, PLR =  0.00%( 0.00%), CE =  8.34%( 7.73%)[ 0.0%,  0.0%, 92.3%,  7.7%], RTT = 0.026s, Queue delay = 0.002s, MTU = 1200
 summary   8.0  Transmit rate =  5755kbps, PLR =  0.00%( 0.00%), CE =  8.33%( 7.39%)[ 0.0%,  0.0%, 92.7%,  7.3%], RTT = 0.025s, Queue delay = 0.002s, MTU = 1200
 summary  10.0  Transmit rate =  5997kbps, PLR =  0.00%( 0.00%), CE =  7.43%( 7.63%)[ 0.0%,  0.0%, 92.5%,  7.5%], RTT = 0.024s, Queue delay = 0.002s, MTU = 1200
 summary  12.0  Transmit rate =  6064kbps, PLR =  0.00%( 0.00%), CE =  7.22%( 7.23%)[ 0.0%,  0.0%, 92.8%,  7.2%], RTT = 0.024s, Queue delay = 0.002s, MTU = 1200
 summary  14.0  Transmit rate =  6007kbps, PLR =  0.00%( 0.00%), CE =  8.66%( 7.41%)[ 0.0%,  0.0%, 92.7%,  7.3%], RTT = 0.024s, Queue delay = 0.002s, MTU = 1200
 summary  16.0  Transmit rate =  5911kbps, PLR =  0.00%( 0.00%), CE =  8.63%( 7.49%)[ 0.0%,  0.0%, 92.6%,  7.4%], RTT = 0.023s, Queue delay = 0.002s, MTU = 1200
 summary  18.0  Transmit rate =  6019kbps, PLR =  0.00%( 0.00%), CE =  8.22%( 7.46%)[ 0.0%,  0.0%, 92.6%,  7.4%], RTT = 0.023s, Queue delay = 0.002s, MTU = 1200
 summary  20.0  Transmit rate =  5996kbps, PLR =  0.00%( 0.00%), CE =  7.46%( 7.27%)[ 0.0%,  0.0%, 92.8%,  7.2%], RTT = 0.023s, Queue delay = 0.002s, MTU = 1200
 summary  22.0  Transmit rate =  5969kbps, PLR =  0.00%( 0.00%), CE =  8.32%( 7.38%)[ 0.0%,  0.0%, 92.7%,  7.3%], RTT = 0.023s, Queue delay = 0.002s, MTU = 1200
 summary  24.0  Transmit rate =  6073kbps, PLR =  0.00%( 0.00%), CE =  7.77%( 7.31%)[ 0.0%,  0.0%, 92.8%,  7.2%], RTT = 0.024s, Queue delay = 0.002s, MTU = 1200
 summary  26.0  Transmit rate =  6070kbps, PLR =  0.00%( 0.00%), CE =  8.32%( 7.34%)[ 0.0%,  0.0%, 92.8%,  7.2%], RTT = 0.024s, Queue delay = 0.002s, MTU = 1200
 summary  28.0  Transmit rate =  6066kbps, PLR =  0.00%( 0.00%), CE =  8.87%( 7.43%)[ 0.0%,  0.0%, 92.7%,  7.3%], RTT = 0.024s, Queue delay = 0.002s, MTU = 1200
 summary  30.0  Transmit rate =  5918kbps, PLR =  0.00%( 0.00%), CE =  7.51%( 7.28%)[ 0.0%,  0.0%, 92.8%,  7.2%], RTT = 0.024s, Queue delay = 0.002s, MTU = 1200
 summary  32.1  Transmit rate =  5966kbps, PLR =  0.00%( 0.00%), CE =  7.94%( 7.31%)[ 0.0%,  0.0%, 92.8%,  7.2%], RTT = 0.023s, Queue delay = 0.002s, MTU = 1200
 summary  34.1  Transmit rate =  6058kbps, PLR =  0.00%( 0.00%), CE =  8.28%( 7.36%)[ 0.0%,  0.0%, 92.7%,  7.3%], RTT = 0.023s, Queue delay = 0.002s, MTU = 1200

======================== Summary ==========================
 Bitrate min/max/avg [kbps]          :  4832/ 7325/ 5964
 RTT     min/max/avg [s]             : 0.023/0.049/0.024
 Queue delay max/avg [s]             : 0.004/0.002
 Packet loss avg [%]                 : 0.000
 ECN/L4S NotECT/ECT(0)/ECT(1)/CE [%] :  0.0/ 0.0/92.8/ 7.2
===========================================================
