socket set to IP_RECVTOS
socket SO_RCVBUF set to 20971520
Listen on port 5394 to receive RTP from sender 
.
.
Packet(s) lost or reordered :   708 was received, previous rcvd is   706 
Packet(s) lost or reordered :  1038 was received, previous rcvd is  1036 
Packet(s) lost or reordered :  1068 was received, previous rcvd is  1066 
Packet(s) lost or reordered :  1349 was received, previous rcvd is  1347 
Packet(s) lost or reordered :  1618 was received, previous rcvd is  1616 
Packet(s) lost or reordered :  2883 was received, previous rcvd is  2881 
Packet(s) lost or reordered :  2969 was received, previous rcvd is  2967 
Packet(s) lost or reordered :  3249 was received, previous rcvd is  3247 
Packet(s) lost or reordered :  3659 was received, previous rcvd is  3657 
Packet(s) lost or reordered :  5615 was received, previous rcvd is  5613 
Packet(s) lost or reordered :  7100 was received, previous rcvd is  7098 
Packet(s) lost or reordered :  9452 was received, previous rcvd is  9450 
Packet(s) lost or reordered : 12166 was received, previous rcvd is 12164 
Packet(s) lost or reordered : 15948 was received, previous rcvd is 15946 
Packet(s) lost or reordered : 15985 was received, previous rcvd is 15983 
Packet(s) lost or reordered : 16310 was received, previous rcvd is 16308 
Packet(s) lost or reordered : 16316 was received, previous rcvd is 16314 
Packet(s) lost or reordered : 18641 was received, previous rcvd is 18639 
Packet(s) lost or reordered : 19131 was received, previous rcvd is 19129 
.
