Listen on port 5397 to receive RTCP from decoder 
Scream sender started! 
 summary   2.0  Transmit rate =  3754kbps, PLR =  0.00%( 0.00%), CE =  2.83%( 7.63%)[ 0.0%,  0.0%, 92.4%,  7.6%], RTT = 0.036s, Queue delay = 0.001s, MTU = 1200
 summary   4.0  Transmit rate =  5020kbps, PLR =  0.00%( 0.00%), CE =  5.75%( 7.46%)[ 0.0%,  0.0%, 92.5%,  7.5%], RTT = 0.029s, Queue delay = 0.002s, MTU = 1200
 summary   6.0  Transmit rate =  5650kbps, PLR =  0.00%( 0.00%), CE =  8.14%( 6.59%)[ 0.0%,  0.0%, 93.4%,  6.6%], RTT = 0.026s, Queue delay = 0.002s, MTU = 1200
 summary   8.0  Transmit rate =  5987kbps, PLR =  0.00%( 0.00%), CE =  8.05%( 6.87%)[ 0.0%,  0.0%, 93.2%,  6.8%], RTT = 0.024s, Queue delay = 0.002s, MTU = 1200
 summary  10.0  Transmit rate =  6193kbps, PLR =  0.00%( 0.00%), CE =  7.85%( 6.95%)[ 0.0%,  0.0%, 93.1%,  6.9%], RTT = 0.024s, Queue delay = 0.002s, MTU = 1200
 summary  12.0  Transmit rate =  6103kbps, PLR =  0.00%( 0.00%), CE =  8.84%( 6.91%)[ 0.0%,  0.0%, 93.1%,  6.9%], RTT = 0.024s, Queue delay = 0.002s, MTU = 1200
 summary  14.0  Transmit rate =  6282kbps, PLR =  0.00%( 0.00%), CE =  8.65%( 7.24%)[ 0.0%,  0.0%, 92.8%,  7.2%], RTT = 0.024s, Queue delay = 0.002s, MTU = 1200
 summary  16.0  Transmit rate =  6154kbps, PLR =  0.00%( 0.00%), CE =  8.25%( 7.19%)[ 0.0%,  0.0%, 92.9%,  7.1%], RTT = 0.024s, Queue delay = 0.002s, MTU = 1200
 summary  18.0  Transmit rate =  6125kbps, PLR =  0.00%( 0.00%), CE =  8.71%( 7.16%)[ 0.0%,  0.0%, 92.9%,  7.1%], RTT = 0.023s, Queue delay = 0.002s, MTU = 1200
 summary  20.0  Transmit rate =  5969kbps, PLR =  0.00%( 0.00%), CE =  8.46%( 7.20%)[ 0.0%,  0.0%, 92.9%,  7.1%], RTT = 0.023s, Queue delay = 0.002s, MTU = 1200
 summary  22.0  Transmit rate =  5900kbps, PLR =  0.00%( 0.00%), CE =  8.45%( 7.35%)[ 0.0%,  0.0%, 92.7%,  7.3%], RTT = 0.023s, Queue delay = 0.002s, MTU = 1200
 summary  24.0  Transmit rate =  6122kbps, PLR =  0.00%( 0.00%), CE =  8.53%( 7.25%)[ 0.0%,  0.0%, 92.8%,  7.2%], RTT = 0.023s, Queue delay = 0.002s, MTU = 1200
 summary  26.0  Transmit rate =  6206kbps, PLR =  0.00%( 0.00%), CE =  8.21%( 7.24%)[ 0.0%,  0.0%, 92.9%,  7.1%], RTT = 0.023s, Queue delay = 0.002s, MTU = 1200
 summary  28.0  Transmit rate =  6119kbps, PLR =  0.00%( 0.00%), CE =  7.93%( 7.25%)[ 0.0%,  0.0%, 92.8%,  7.2%], RTT = 0.023s, Queue delay = 0.002s, MTU = 1200
 summary  30.0  Transmit rate =  6189kbps, PLR =  0.00%( 0.00%), CE =  8.99%( 7.34%)[ 0.0%,  0.0%, 92.8%,  7.2%], RTT = 0.023s, Queue delay = 0.002s, MTU = 1200
 summary  32.1  Transmit rate =  6356kbps, PLR =  0.00%( 0.00%), CE =  8.26%( 7.25%)[ 0.0%,  0.0%, 92.8%,  7.2%], RTT = 0.023s, Queue delay = 0.002s, MTU = 1200
 summary  34.1  Transmit rate =  6294kbps, PLR =  0.00%( 0.00%), CE =  8.23%( 7.25%)[ 0.0%,  0.0%, 92.8%,  7.2%], RTT = 0.023s, Queue delay = 0.002s, MTU = 1200

======================== Summary ==========================
 Bitrate min/max/avg [kbps]          :  5001/ 7660/ 6109
 RTT     min/max/avg [s]             : 0.023/0.049/0.024
 Queue delay max/avg [s]             : 0.004/0.002
 Packet loss avg [%]                 : 0.000
 ECN/L4S NotECT/ECT(0)/ECT(1)/CE [%] :  0.0/ 0.0/92.9/ 7.1
===========================================================
