Listen on port 5385 to receive RTCP from decoder 
Scream sender started! 
 summary   2.0  Transmit rate =  3591kbps, PLR =  0.00%( 0.00%), CE =  3.35%( 9.61%)[ 0.0%,  0.0%, 90.3%,  9.7%], RTT = 0.036s, Queue delay = 0.001s, MTU = 1200
 summary   4.0  Transmit rate =  4666kbps, PLR =  0.00%( 0.00%), CE =  6.70%( 9.02%)[ 0.0%,  0.0%, 90.9%,  9.1%], RTT = 0.029s, Queue delay = 0.001s, MTU = 1200
 summary   6.0  Transmit rate =  5514kbps, PLR =  0.00%( 0.00%), CE =  8.76%( 7.55%)[ 0.0%,  0.0%, 92.4%,  7.6%], RTT = 0.026s, Queue delay = 0.002s, MTU = 1200
 summary   8.0  Transmit rate =  5913kbps, PLR =  0.00%( 0.00%), CE =  8.98%( 8.07%)[ 0.0%,  0.0%, 92.0%,  8.0%], RTT = 0.024s, Queue delay = 0.002s, MTU = 1200
 summary  10.0  Transmit rate =  6093kbps, PLR =  0.00%( 0.00%), CE =  8.92%( 7.87%)[ 0.0%,  0.0%, 92.2%,  7.8%], RTT = 0.024s, Queue delay = 0.002s, MTU = 1200
 summary  12.0  Transmit rate =  6226kbps, PLR =  0.00%( 0.00%), CE =  8.78%( 7.99%)[ 0.0%,  0.0%, 92.1%,  7.9%], RTT = 0.024s, Queue delay = 0.002s, MTU = 1200
 summary  14.0  Transmit rate =  6122kbps, PLR =  0.00%( 0.00%), CE =  9.28%( 7.88%)[ 0.0%,  0.0%, 92.2%,  7.8%], RTT = 0.023s, Queue delay = 0.002s, MTU = 1200
 summary  16.0  Transmit rate =  6037kbps, PLR =  0.00%( 0.00%), CE =  8.23%( 7.57%)[ 0.0%,  0.0%, 92.5%,  7.5%], RTT = 0.023s, Queue delay = 0.002s, MTU = 1200
 summary  18.0  Transmit rate =  5980kbps, PLR =  0.00%( 0.00%), CE =  7.51%( 7.56%)[ 0.0%,  0.0%, 92.5%,  7.5%], RTT = 0.023s, Queue delay = 0.002s, MTU = 1200
 summary  20.0  Transmit rate =  6097kbps, PLR =  0.00%( 0.00%), CE =  7.81%( 7.60%)[ 0.0%,  0.0%, 92.5%,  7.5%], RTT = 0.023s, Queue delay = 0.002s, MTU = 1200
 summary  22.0  Transmit rate =  6228kbps, PLR =  0.00%( 0.00%), CE =  6.61%( 7.34%)[ 0.0%,  0.0%, 92.7%,  7.3%], RTT = 0.023s, Queue delay = 0.002s, MTU = 1200
 summary  24.0  Transmit rate =  6201kbps, PLR =  0.00%( 0.00%), CE =  8.64%( 7.48%)[ 0.0%,  0.0%, 92.6%,  7.4%], RTT = 0.023s, Queue delay = 0.002s, MTU = 1200
 summary  26.0  Transmit rate =  6248kbps, PLR =  0.00%( 0.00%), CE =  8.10%( 7.47%)[ 0.0%,  0.0%, 92.6%,  7.4%], RTT = 0.023s, Queue delay = 0.002s, MTU = 1200
 summary  28.0  Transmit rate =  6202kbps, PLR =  0.00%( 0.00%), CE =  8.10%( 7.47%)[ 0.0%,  0.0%, 92.6%,  7.4%], RTT = 0.023s, Queue delay = 0.002s, MTU = 1200
 summary  30.1  Transmit rate =  6118kbps, PLR =  0.00%( 0.00%), CE =  8.39%( 7.49%)[ 0.0%,  0.0%, 92.6%,  7.4%], RTT = 0.023s, Queue delay = 0.002s, MTU = 1200
 summary  32.1  Transmit rate =  6157kbps, PLR =  0.00%( 0.00%), CE =  8.30%( 7.51%)[ 0.0%,  0.0%, 92.6%,  7.4%], RTT = 0.023s, Queue delay = 0.002s, MTU = 1200
 summary  34.1  Transmit rate =  6115kbps, PLR =  0.00%( 0.00%), CE =  7.94%( 7.46%)[ 0.0%,  0.0%, 92.6%,  7.4%], RTT = 0.023s, Queue delay = 0.002s, MTU = 1200

======================== Summary ==========================
 Bitrate min/max/avg [kbps]          :  4837/ 7630/ 6028
 RTT     min/max/avg [s]             : 0.023/0.049/0.024
 Queue delay max/avg [s]             : 0.004/0.002
 Packet loss avg [%]                 : 0.000
 ECN/L4S NotECT/ECT(0)/ECT(1)/CE [%] :  0.0/ 0.0/92.7/ 7.3
===========================================================
