Listen on port 5373 to receive RTCP from decoder 
Scream sender started! 
 summary   2.0  Transmit rate =  3743kbps, PLR =  0.00%( 0.00%), CE =  2.89%(10.61%)[ 0.0%,  0.0%, 89.3%, 10.7%], RTT = 0.036s, Queue delay = 0.001s, MTU = 1200
 summary   4.0  Transmit rate =  4818kbps, PLR =  0.00%( 0.00%), CE =  6.39%( 7.75%)[ 0.0%,  0.0%, 92.3%,  7.7%], RTT = 0.029s, Queue delay = 0.001s, MTU = 1200
 summary   6.0  Transmit rate =  5633kbps, PLR =  0.00%( 0.00%), CE =  9.41%( 8.06%)[ 0.0%,  0.0%, 92.0%,  8.0%], RTT = 0.026s, Queue delay = 0.002s, MTU = 1200
 summary   8.0  Transmit rate =  5962kbps, PLR =  0.00%( 0.00%), CE =  8.24%( 7.59%)[ 0.0%,  0.0%, 92.6%,  7.4%], RTT = 0.024s, Queue delay = 0.002s, MTU = 1200
 summary  10.0  Transmit rate =  6189kbps, PLR =  0.00%( 0.00%), CE =  7.66%( 7.37%)[ 0.0%,  0.0%, 92.7%,  7.3%], RTT = 0.024s, Queue delay = 0.002s, MTU = 1200
 summary  12.0  Transmit rate =  6279kbps, PLR =  0.00%( 0.00%), CE =  8.45%( 7.62%)[ 0.0%,  0.0%, 92.5%,  7.5%], RTT = 0.024s, Queue delay = 0.002s, MTU = 1200
 summary  14.0  Transmit rate =  6416kbps, PLR =  0.00%( 0.00%), CE =  8.35%( 7.49%)[ 0.0%,  0.0%, 92.6%,  7.4%], RTT = 0.024s, Queue delay = 0.002s, MTU = 1200
 summary  16.0  Transmit rate =  6364kbps, PLR =  0.00%( 0.00%), CE =  8.39%( 7.49%)[ 0.0%,  0.0%, 92.6%,  7.4%], RTT = 0.023s, Queue delay = 0.002s, MTU = 1200
 summary  18.0  Transmit rate =  6302kbps, PLR =  0.00%( 0.00%), CE =  8.52%( 7.51%)[ 0.0%,  0.0%, 92.6%,  7.4%], RTT = 0.023s, Queue delay = 0.002s, MTU = 1200
 summary  20.0  Transmit rate =  6231kbps, PLR =  0.00%( 0.00%), CE =  7.97%( 7.52%)[ 0.0%,  0.0%, 92.6%,  7.4%], RTT = 0.023s, Queue delay = 0.002s, MTU = 1200
 summary  22.0  Transmit rate =  6147kbps, PLR =  0.00%( 0.00%), CE =  8.69%( 7.56%)[ 0.0%,  0.0%, 92.6%,  7.4%], RTT = 0.023s, Queue delay = 0.002s, MTU = 1200
 summary  24.0  Transmit rate =  6111kbps, PLR =  0.00%( 0.00%), CE =  8.65%( 7.54%)[ 0.0%,  0.0%, 92.6%,  7.4%], RTT = 0.023s, Queue delay = 0.002s, MTU = 1200
 summary  26.0  Transmit rate =  6223kbps, PLR =  0.00%( 0.00%), CE =  8.17%( 7.48%)[ 0.0%,  0.0%, 92.6%,  7.4%], RTT = 0.023s, Queue delay = 0.002s, MTU = 1200
 summary  28.0  Transmit rate =  6290kbps, PLR =  0.00%( 0.00%), CE =  7.92%( 7.42%)[ 0.0%,  0.0%, 92.7%,  7.3%], RTT = 0.023s, Queue delay = 0.002s, MTU = 1200
 summary  30.0  Transmit rate =  6267kbps, PLR =  0.00%( 0.00%), CE =  8.40%( 7.48%)[ 0.0%,  0.0%, 92.6%,  7.4%], RTT = 0.023s, Queue delay = 0.002s, MTU = 1200
 summary  32.0  Transmit rate =  6156kbps, PLR =  0.00%( 0.00%), CE =  8.34%( 7.49%)[ 0.0%,  0.0%, 92.6%,  7.4%], RTT = 0.023s, Queue delay = 0.002s, MTU = 1200
 summary  34.0  Transmit rate =  6185kbps, PLR =  0.00%( 0.00%), CE =  8.32%( 7.46%)[ 0.0%,  0.0%, 92.7%,  7.3%], RTT = 0.023s, Queue delay = 0.002s, MTU = 1200

======================== Summary ==========================
 Bitrate min/max/avg [kbps]          :     0/ 7648/ 6072
 RTT     min/max/avg [s]             : 0.023/0.049/0.024
 Queue delay max/avg [s]             : 0.004/0.002
 Packet loss avg [%]                 : 0.000
 ECN/L4S NotECT/ECT(0)/ECT(1)/CE [%] :  0.0/ 0.0/92.7/ 7.3
===========================================================
