Listen on port 5351 to receive RTCP from decoder 
Scream sender started! 
 summary   2.0  Transmit rate =  4010kbps, PLR =  0.00%( 0.00%), CE =  3.25%( 9.78%)[ 0.0%,  0.0%, 90.3%,  9.7%], RTT = 0.036s, Queue delay = 0.001s, MTU = 1200
 summary   4.0  Transmit rate =  5090kbps, PLR =  0.00%( 0.00%), CE =  5.94%( 8.44%)[ 0.0%,  0.0%, 91.7%,  8.3%], RTT = 0.029s, Queue delay = 0.001s, MTU = 1200
 summary   6.0  Transmit rate =  5653kbps, PLR =  0.00%( 0.00%), CE =  9.19%( 8.30%)[ 0.0%,  0.0%, 91.8%,  8.2%], RTT = 0.026s, Queue delay = 0.001s, MTU = 1200
 summary   8.0  Transmit rate =  6028kbps, PLR =  0.00%( 0.00%), CE =  7.69%( 7.72%)[ 0.0%,  0.0%, 92.3%,  7.7%], RTT = 0.024s, Queue delay = 0.002s, MTU = 1200
 summary  10.0  Transmit rate =  6004kbps, PLR =  0.00%( 0.00%), CE =  8.47%( 7.77%)[ 0.0%,  0.0%, 92.3%,  7.7%], RTT = 0.024s, Queue delay = 0.002s, MTU = 1200
 summary  12.0  Transmit rate =  5908kbps, PLR =  0.00%( 0.00%), CE =  8.70%( 7.80%)[ 0.0%,  0.0%, 92.3%,  7.7%], RTT = 0.024s, Queue delay = 0.002s, MTU = 1200
 summary  14.0  Transmit rate =  6092kbps, PLR =  0.00%( 0.00%), CE =  7.59%( 7.48%)[ 0.0%,  0.0%, 92.6%,  7.4%], RTT = 0.023s, Queue delay = 0.002s, MTU = 1200
 summary  16.0  Transmit rate =  6352kbps, PLR =  0.00%( 0.00%), CE =  8.02%( 7.69%)[ 0.0%,  0.0%, 92.4%,  7.6%], RTT = 0.024s, Queue delay = 0.002s, MTU = 1200
 summary  18.0  Transmit rate =  6105kbps, PLR =  0.00%( 0.00%), CE =  7.82%( 7.46%)[ 0.0%,  0.0%, 92.6%,  7.4%], RTT = 0.023s, Queue delay = 0.002s, MTU = 1200
 summary  20.0  Transmit rate =  6048kbps, PLR =  0.00%( 0.00%), CE =  9.29%( 7.66%)[ 0.0%,  0.0%, 92.4%,  7.6%], RTT = 0.023s, Queue delay = 0.002s, MTU = 1200
 summary  22.0  Transmit rate =  6331kbps, PLR =  0.00%( 0.00%), CE =  8.14%( 7.54%)[ 0.0%,  0.0%, 92.5%,  7.5%], RTT = 0.024s, Queue delay = 0.002s, MTU = 1200
 summary  24.0  Transmit rate =  6386kbps, PLR =  0.00%( 0.00%), CE =  9.05%( 7.66%)[ 0.0%,  0.0%, 92.4%,  7.6%], RTT = 0.024s, Queue delay = 0.002s, MTU = 1200
 summary  26.0  Transmit rate =  6309kbps, PLR =  0.00%( 0.00%), CE =  8.22%( 7.45%)[ 0.0%,  0.0%, 92.6%,  7.4%], RTT = 0.023s, Queue delay = 0.002s, MTU = 1200
 summary  28.0  Transmit rate =  6189kbps, PLR =  0.00%( 0.00%), CE =  8.73%( 7.54%)[ 0.0%,  0.0%, 92.6%,  7.4%], RTT = 0.023s, Queue delay = 0.002s, MTU = 1200
 summary  30.0  Transmit rate =  6305kbps, PLR =  0.00%( 0.00%), CE =  7.01%( 7.36%)[ 0.0%,  0.0%, 92.7%,  7.3%], RTT = 0.023s, Queue delay = 0.002s, MTU = 1200
 summary  32.0  Transmit rate =  6425kbps, PLR =  0.00%( 0.00%), CE =  6.76%( 7.31%)[ 0.0%,  0.0%, 92.8%,  7.2%], RTT = 0.023s, Queue delay = 0.002s, MTU = 1200
 summary  34.1  Transmit rate =  6438kbps, PLR =  0.00%( 0.00%), CE =  7.42%( 7.25%)[ 0.0%,  0.0%, 92.8%,  7.2%], RTT = 0.024s, Queue delay = 0.002s, MTU = 1200

======================== Summary ==========================
 Bitrate min/max/avg [kbps]          :  5018/ 7836/ 6187
 RTT     min/max/avg [s]             : 0.023/0.049/0.024
 Queue delay max/avg [s]             : 0.005/0.002
 Packet loss avg [%]                 : 0.000
 ECN/L4S NotECT/ECT(0)/ECT(1)/CE [%] :  0.0/ 0.0/92.8/ 7.2
===========================================================
