Listen on port 5315 to receive RTCP from decoder 
Scream sender started! 
 summary   2.0  Transmit rate =  3837kbps, PLR =  0.00%( 0.00%), CE =  2.94%( 9.22%)[ 0.0%,  0.0%, 90.7%,  9.3%], RTT = 0.036s, Queue delay = 0.001s, MTU = 1200
 summary   4.0  Transmit rate =  5128kbps, PLR =  0.00%( 0.00%), CE =  5.75%( 8.69%)[ 0.0%,  0.0%, 91.3%,  8.7%], RTT = 0.029s, Queue delay = 0.001s, MTU = 1200
 summary   6.0  Transmit rate =  5634kbps, PLR =  0.00%( 0.00%), CE =  8.34%( 7.02%)[ 0.0%,  0.0%, 93.0%,  7.0%], RTT = 0.026s, Queue delay = 0.001s, MTU = 1200
 summary   8.0  Transmit rate =  5939kbps, PLR =  0.00%( 0.00%), CE =  7.90%( 7.17%)[ 0.0%,  0.0%, 92.8%,  7.2%], RTT = 0.025s, Queue delay = 0.002s, MTU = 1200
 summary  10.0  Transmit rate =  6191kbps, PLR =  0.00%( 0.00%), CE =  7.23%( 7.20%)[ 0.0%,  0.0%, 92.8%,  7.2%], RTT = 0.024s, Queue delay = 0.002s, MTU = 1200
 summary  12.0  Transmit rate =  6207kbps, PLR =  0.00%( 0.00%), CE =  7.27%( 7.09%)[ 0.0%,  0.0%, 92.9%,  7.1%], RTT = 0.023s, Queue delay = 0.002s, MTU = 1200
 summary  14.0  Transmit rate =  6366kbps, PLR =  0.00%( 0.00%), CE =  7.09%( 6.92%)[ 0.0%,  0.0%, 93.1%,  6.9%], RTT = 0.024s, Queue delay = 0.002s, MTU = 1200
 summary  16.0  Transmit rate =  6395kbps, PLR =  0.00%( 0.00%), CE =  6.98%( 6.78%)[ 0.0%,  0.0%, 93.3%,  6.7%], RTT = 0.023s, Queue delay = 0.002s, MTU = 1200
 summary  18.0  Transmit rate =  6454kbps, PLR =  0.00%( 0.00%), CE =  7.12%( 6.84%)[ 0.0%,  0.0%, 93.2%,  6.8%], RTT = 0.023s, Queue delay = 0.002s, MTU = 1200
 summary  20.0  Transmit rate =  6367kbps, PLR =  0.00%( 0.00%), CE =  6.76%( 6.72%)[ 0.0%,  0.0%, 93.3%,  6.7%], RTT = 0.023s, Queue delay = 0.002s, MTU = 1200
 summary  22.0  Transmit rate =  6297kbps, PLR =  0.00%( 0.00%), CE =  7.79%( 6.85%)[ 0.0%,  0.0%, 93.2%,  6.8%], RTT = 0.023s, Queue delay = 0.002s, MTU = 1200
 summary  24.0  Transmit rate =  6324kbps, PLR =  0.00%( 0.00%), CE =  7.61%( 6.81%)[ 0.0%,  0.0%, 93.2%,  6.8%], RTT = 0.023s, Queue delay = 0.002s, MTU = 1200
 summary  26.0  Transmit rate =  6354kbps, PLR =  0.00%( 0.00%), CE =  8.08%( 6.94%)[ 0.0%,  0.0%, 93.1%,  6.9%], RTT = 0.023s, Queue delay = 0.002s, MTU = 1200
 summary  28.0  Transmit rate =  6405kbps, PLR =  0.00%( 0.00%), CE =  8.98%( 6.96%)[ 0.0%,  0.0%, 93.1%,  6.9%], RTT = 0.023s, Queue delay = 0.002s, MTU = 1200
 summary  30.0  Transmit rate =  6275kbps, PLR =  0.00%( 0.00%), CE =  7.85%( 6.99%)[ 0.0%,  0.0%, 93.1%,  6.9%], RTT = 0.023s, Queue delay = 0.002s, MTU = 1200
 summary  32.1  Transmit rate =  6391kbps, PLR =  0.00%( 0.00%), CE =  8.15%( 6.94%)[ 0.0%,  0.0%, 93.1%,  6.9%], RTT = 0.023s, Queue delay = 0.002s, MTU = 1200
 summary  34.1  Transmit rate =  6449kbps, PLR =  0.00%( 0.00%), CE =  8.39%( 7.08%)[ 0.0%,  0.0%, 93.0%,  7.0%], RTT = 0.024s, Queue delay = 0.002s, MTU = 1200

======================== Summary ==========================
 Bitrate min/max/avg [kbps]          :  5085/ 7703/ 6259
 RTT     min/max/avg [s]             : 0.023/0.049/0.024
 Queue delay max/avg [s]             : 0.004/0.002
 Packet loss avg [%]                 : 0.000
 ECN/L4S NotECT/ECT(0)/ECT(1)/CE [%] :  0.0/ 0.0/93.1/ 6.9
===========================================================
