Listen on port 5349 to receive RTCP from decoder 
Scream sender started! 
 summary   2.0  Transmit rate =  3821kbps, PLR =  0.00%( 0.00%), CE =  2.90%( 8.81%)[ 0.0%,  0.0%, 91.3%,  8.7%], RTT = 0.036s, Queue delay = 0.001s, MTU = 1200
 summary   4.0  Transmit rate =  5031kbps, PLR =  0.00%( 0.00%), CE =  5.84%( 7.57%)[ 0.0%,  0.0%, 92.6%,  7.4%], RTT = 0.029s, Queue delay = 0.001s, MTU = 1200
 summary   6.0  Transmit rate =  5441kbps, PLR =  0.00%( 0.00%), CE =  8.40%( 6.96%)[ 0.0%,  0.0%, 93.1%,  6.9%], RTT = 0.026s, Queue delay = 0.002s, MTU = 1200
 summary   8.0  Transmit rate =  5803kbps, PLR =  0.00%( 0.00%), CE =  7.24%( 6.80%)[ 0.0%,  0.0%, 93.3%,  6.7%], RTT = 0.024s, Queue delay = 0.002s, MTU = 1200
 summary  10.0  Transmit rate =  6045kbps, PLR =  0.00%( 0.00%), CE =  7.33%( 6.75%)[ 0.0%,  0.0%, 93.3%,  6.7%], RTT = 0.024s, Queue delay = 0.002s, MTU = 1200
 summary  12.0  Transmit rate =  6326kbps, PLR =  0.00%( 0.00%), CE =  7.03%( 6.67%)[ 0.0%,  0.0%, 93.4%,  6.6%], RTT = 0.024s, Queue delay = 0.002s, MTU = 1200
 summary  14.0  Transmit rate =  6355kbps, PLR =  0.00%( 0.00%), CE =  7.14%( 6.86%)[ 0.0%,  0.0%, 93.2%,  6.8%], RTT = 0.023s, Queue delay = 0.002s, MTU = 1200
 summary  16.0  Transmit rate =  6447kbps, PLR =  0.00%( 0.00%), CE =  7.69%( 6.78%)[ 0.0%,  0.0%, 93.3%,  6.7%], RTT = 0.023s, Queue delay = 0.002s, MTU = 1200
 summary  18.0  Transmit rate =  6491kbps, PLR =  0.00%( 0.00%), CE =  7.52%( 6.81%)[ 0.0%,  0.0%, 93.3%,  6.7%], RTT = 0.023s, Queue delay = 0.002s, MTU = 1200
 summary  20.0  Transmit rate =  6376kbps, PLR =  0.00%( 0.00%), CE =  8.26%( 6.84%)[ 0.0%,  0.0%, 93.2%,  6.8%], RTT = 0.023s, Queue delay = 0.002s, MTU = 1200
 summary  22.0  Transmit rate =  6412kbps, PLR =  0.00%( 0.00%), CE =  7.86%( 6.89%)[ 0.0%,  0.0%, 93.2%,  6.8%], RTT = 0.023s, Queue delay = 0.002s, MTU = 1200
 summary  24.0  Transmit rate =  6420kbps, PLR =  0.00%( 0.00%), CE =  8.22%( 6.92%)[ 0.0%,  0.0%, 93.1%,  6.9%], RTT = 0.023s, Queue delay = 0.002s, MTU = 1200
 summary  26.0  Transmit rate =  6146kbps, PLR =  0.00%( 0.00%), CE =  8.27%( 6.97%)[ 0.0%,  0.0%, 93.1%,  6.9%], RTT = 0.023s, Queue delay = 0.002s, MTU = 1200
 summary  28.0  Transmit rate =  6202kbps, PLR =  0.00%( 0.00%), CE =  8.38%( 6.94%)[ 0.0%,  0.0%, 93.1%,  6.9%], RTT = 0.023s, Queue delay = 0.002s, MTU = 1200
 summary  30.0  Transmit rate =  6402kbps, PLR =  0.00%( 0.00%), CE =  8.27%( 6.96%)[ 0.0%,  0.0%, 93.1%,  6.9%], RTT = 0.023s, Queue delay = 0.002s, MTU = 1200
 summary  32.1  Transmit rate =  6364kbps, PLR =  0.00%( 0.00%), CE =  8.11%( 7.10%)[ 0.0%,  0.0%, 93.0%,  7.0%], RTT = 0.023s, Queue delay = 0.002s, MTU = 1200
 summary  34.1  Transmit rate =  6312kbps, PLR =  0.00%( 0.00%), CE =  8.51%( 7.05%)[ 0.0%,  0.0%, 93.0%,  7.0%], RTT = 0.023s, Queue delay = 0.002s, MTU = 1200

======================== Summary ==========================
 Bitrate min/max/avg [kbps]          :  4806/ 7761/ 6231
 RTT     min/max/avg [s]             : 0.023/0.049/0.024
 Queue delay max/avg [s]             : 0.004/0.002
 Packet loss avg [%]                 : 0.000
 ECN/L4S NotECT/ECT(0)/ECT(1)/CE [%] :  0.0/ 0.0/93.0/ 7.0
===========================================================
