Listen on port 5369 to receive RTCP from decoder 
Scream sender started! 
 summary   2.0  Transmit rate =  3900kbps, PLR =  0.00%( 0.00%), CE =  3.53%(11.43%)[ 0.0%,  0.0%, 88.7%, 11.3%], RTT = 0.036s, Queue delay = 0.001s, MTU = 1200
 summary   4.0  Transmit rate =  4954kbps, PLR =  0.00%( 0.00%), CE =  6.13%( 8.16%)[ 0.0%,  0.0%, 92.0%,  8.0%], RTT = 0.029s, Queue delay = 0.001s, MTU = 1200
 summary   6.0  Transmit rate =  5533kbps, PLR =  0.00%( 0.00%), CE =  9.13%( 7.88%)[ 0.0%,  0.0%, 92.3%,  7.7%], RTT = 0.026s, Queue delay = 0.002s, MTU = 1200
 summary   8.0  Transmit rate =  5934kbps, PLR =  0.00%( 0.00%), CE =  7.87%( 7.84%)[ 0.0%,  0.0%, 92.3%,  7.7%], RTT = 0.025s, Queue delay = 0.002s, MTU = 1200
 summary  10.0  Transmit rate =  5930kbps, PLR =  0.00%( 0.00%), CE =  8.08%( 7.48%)[ 0.0%,  0.0%, 92.7%,  7.3%], RTT = 0.024s, Queue delay = 0.002s, MTU = 1200
 summary  12.0  Transmit rate =  5977kbps, PLR =  0.00%( 0.00%), CE =  8.01%( 7.60%)[ 0.0%,  0.0%, 92.5%,  7.5%], RTT = 0.024s, Queue delay = 0.002s, MTU = 1200
 summary  14.0  Transmit rate =  6157kbps, PLR =  0.00%( 0.00%), CE =  7.57%( 7.43%)[ 0.0%,  0.0%, 92.7%,  7.3%], RTT = 0.024s, Queue delay = 0.002s, MTU = 1200
 summary  16.0  Transmit rate =  6160kbps, PLR =  0.00%( 0.00%), CE =  8.39%( 7.55%)[ 0.0%,  0.0%, 92.5%,  7.5%], RTT = 0.024s, Queue delay = 0.002s, MTU = 1200
 summary  18.0  Transmit rate =  6061kbps, PLR =  0.00%( 0.00%), CE =  9.02%( 7.55%)[ 0.0%,  0.0%, 92.6%,  7.4%], RTT = 0.024s, Queue delay = 0.002s, MTU = 1200
 summary  20.0  Transmit rate =  6174kbps, PLR =  0.00%( 0.00%), CE =  8.72%( 7.54%)[ 0.0%,  0.0%, 92.6%,  7.4%], RTT = 0.023s, Queue delay = 0.002s, MTU = 1200
 summary  22.0  Transmit rate =  6105kbps, PLR =  0.00%( 0.00%), CE =  8.97%( 7.51%)[ 0.0%,  0.0%, 92.6%,  7.4%], RTT = 0.023s, Queue delay = 0.002s, MTU = 1200
 summary  24.0  Transmit rate =  6129kbps, PLR =  0.00%( 0.00%), CE =  9.16%( 7.57%)[ 0.0%,  0.0%, 92.6%,  7.4%], RTT = 0.023s, Queue delay = 0.002s, MTU = 1200
 summary  26.0  Transmit rate =  6099kbps, PLR =  0.00%( 0.00%), CE =  8.77%( 7.57%)[ 0.0%,  0.0%, 92.6%,  7.4%], RTT = 0.023s, Queue delay = 0.002s, MTU = 1200
 summary  28.0  Transmit rate =  6121kbps, PLR =  0.00%( 0.00%), CE =  8.81%( 7.77%)[ 0.0%,  0.0%, 92.4%,  7.6%], RTT = 0.023s, Queue delay = 0.002s, MTU = 1200
 summary  30.0  Transmit rate =  5876kbps, PLR =  0.00%( 0.00%), CE =  8.34%( 7.55%)[ 0.0%,  0.0%, 92.6%,  7.4%], RTT = 0.023s, Queue delay = 0.002s, MTU = 1200
 summary  32.0  Transmit rate =  5971kbps, PLR =  0.00%( 0.00%), CE =  8.65%( 7.62%)[ 0.0%,  0.0%, 92.5%,  7.5%], RTT = 0.023s, Queue delay = 0.002s, MTU = 1200
 summary  34.0  Transmit rate =  5933kbps, PLR =  0.00%( 0.00%), CE =  7.91%( 7.59%)[ 0.0%,  0.0%, 92.6%,  7.4%], RTT = 0.023s, Queue delay = 0.002s, MTU = 1200

======================== Summary ==========================
 Bitrate min/max/avg [kbps]          :  4877/ 7525/ 5999
 RTT     min/max/avg [s]             : 0.023/0.049/0.024
 Queue delay max/avg [s]             : 0.004/0.002
 Packet loss avg [%]                 : 0.000
 ECN/L4S NotECT/ECT(0)/ECT(1)/CE [%] :  0.0/ 0.0/92.6/ 7.4
===========================================================
