socket set to IP_RECVTOS
socket SO_RCVBUF set to 20971520
Listen on port 5372 to receive RTP from sender 
.
.
Packet(s) lost or reordered :   775 was received, previous rcvd is   773 
Packet(s) lost or reordered :  1028 was received, previous rcvd is  1026 
Packet(s) lost or reordered :  1093 was received, previous rcvd is  1091 
Packet(s) lost or reordered :  1682 was received, previous rcvd is  1680 
Packet(s) lost or reordered :  2064 was received, previous rcvd is  2062 
Packet(s) lost or reordered :  2108 was received, previous rcvd is  2106 
Packet(s) lost or reordered :  2598 was received, previous rcvd is  2596 
Packet(s) lost or reordered :  3793 was received, previous rcvd is  3791 
Packet(s) lost or reordered :  6244 was received, previous rcvd is  6242 
Packet(s) lost or reordered :  6673 was received, previous rcvd is  6671 
Packet(s) lost or reordered :  9836 was received, previous rcvd is  9834 
Packet(s) lost or reordered : 10241 was received, previous rcvd is 10239 
Packet(s) lost or reordered : 12976 was received, previous rcvd is 12974 
Packet(s) lost or reordered : 18347 was received, previous rcvd is 18345 
.
