socket set to IP_RECVTOS
socket SO_RCVBUF set to 20971520
Listen on port 5344 to receive RTP from sender 
.
.
Packet(s) lost or reordered :   737 was received, previous rcvd is   735 
Packet(s) lost or reordered :   776 was received, previous rcvd is   774 
Packet(s) lost or reordered :   786 was received, previous rcvd is   784 
Packet(s) lost or reordered :   974 was received, previous rcvd is   972 
Packet(s) lost or reordered :  1703 was received, previous rcvd is  1701 
Packet(s) lost or reordered :  1805 was received, previous rcvd is  1803 
Packet(s) lost or reordered :  1812 was received, previous rcvd is  1810 
Packet(s) lost or reordered :  2836 was received, previous rcvd is  2834 
Packet(s) lost or reordered :  3322 was received, previous rcvd is  3320 
Packet(s) lost or reordered :  5949 was received, previous rcvd is  5947 
Packet(s) lost or reordered :  6794 was received, previous rcvd is  6792 
Packet(s) lost or reordered :  7194 was received, previous rcvd is  7192 
Packet(s) lost or reordered :  7732 was received, previous rcvd is  7730 
Packet(s) lost or reordered :  9386 was received, previous rcvd is  9384 
Packet(s) lost or reordered : 10845 was received, previous rcvd is 10843 
Packet(s) lost or reordered : 11290 was received, previous rcvd is 11288 
Packet(s) lost or reordered : 12568 was received, previous rcvd is 12566 
Packet(s) lost or reordered : 18487 was received, previous rcvd is 18485 
.
