Listen on port 5360 to receive RTCP from decoder 
Scream sender started! 
 summary   2.0  Transmit rate =  4017kbps, PLR =  0.00%( 0.00%), CE =  0.00%( 0.00%)[100.0%,  0.0%,  0.0%,  0.0%], RTT = 0.042s, Queue delay = 0.007s, MTU = 1200
 summary   4.0  Transmit rate =  4920kbps, PLR =  0.16%( 0.12%), CE =  0.00%( 0.00%)[100.0%,  0.0%,  0.0%,  0.0%], RTT = 0.036s, Queue delay = 0.008s, MTU = 1200
 summary   6.0  Transmit rate =  4900kbps, PLR =  0.29%( 0.15%), CE =  0.00%( 0.00%)[100.0%,  0.0%,  0.0%,  0.0%], RTT = 0.035s, Queue delay = 0.010s, MTU = 1200
 summary   8.0  Transmit rate =  5003kbps, PLR =  0.19%( 0.11%), CE =  0.00%( 0.00%)[100.0%,  0.0%,  0.0%,  0.0%], RTT = 0.032s, Queue delay = 0.009s, MTU = 1200
 summary  10.0  Transmit rate =  4850kbps, PLR =  0.25%( 0.13%), CE =  0.00%( 0.00%)[100.0%,  0.0%,  0.0%,  0.0%], RTT = 0.031s, Queue delay = 0.008s, MTU = 1200
 summary  12.0  Transmit rate =  5134kbps, PLR =  0.11%( 0.11%), CE =  0.00%( 0.00%)[100.0%,  0.0%,  0.0%,  0.0%], RTT = 0.032s, Queue delay = 0.009s, MTU = 1200
 summary  14.0  Transmit rate =  5319kbps, PLR =  0.11%( 0.09%), CE =  0.00%( 0.00%)[100.0%,  0.0%,  0.0%,  0.0%], RTT = 0.034s, Queue delay = 0.012s, MTU = 1200
 summary  16.0  Transmit rate =  5324kbps, PLR =  0.06%( 0.09%), CE =  0.00%( 0.00%)[100.0%,  0.0%,  0.0%,  0.0%], RTT = 0.034s, Queue delay = 0.011s, MTU = 1200
 summary  18.0  Transmit rate =  5252kbps, PLR =  0.07%( 0.08%), CE =  0.00%( 0.00%)[100.0%,  0.0%,  0.0%,  0.0%], RTT = 0.033s, Queue delay = 0.011s, MTU = 1200
 summary  20.0  Transmit rate =  5010kbps, PLR =  0.11%( 0.08%), CE =  0.00%( 0.00%)[100.0%,  0.0%,  0.0%,  0.0%], RTT = 0.033s, Queue delay = 0.009s, MTU = 1200
 summary  22.0  Transmit rate =  5092kbps, PLR =  0.05%( 0.07%), CE =  0.00%( 0.00%)[100.0%,  0.0%,  0.0%,  0.0%], RTT = 0.032s, Queue delay = 0.010s, MTU = 1200
 summary  24.0  Transmit rate =  5426kbps, PLR =  0.05%( 0.07%), CE =  0.00%( 0.00%)[100.0%,  0.0%,  0.0%,  0.0%], RTT = 0.032s, Queue delay = 0.010s, MTU = 1200
 summary  26.0  Transmit rate =  5241kbps, PLR =  0.05%( 0.08%), CE =  0.00%( 0.00%)[100.0%,  0.0%,  0.0%,  0.0%], RTT = 0.032s, Queue delay = 0.009s, MTU = 1200
 summary  28.0  Transmit rate =  5153kbps, PLR =  0.09%( 0.07%), CE =  0.00%( 0.00%)[100.0%,  0.0%,  0.0%,  0.0%], RTT = 0.032s, Queue delay = 0.009s, MTU = 1200
 summary  30.0  Transmit rate =  5132kbps, PLR =  0.09%( 0.07%), CE =  0.00%( 0.00%)[100.0%,  0.0%,  0.0%,  0.0%], RTT = 0.032s, Queue delay = 0.010s, MTU = 1200
 summary  32.0  Transmit rate =  5136kbps, PLR =  0.05%( 0.07%), CE =  0.00%( 0.00%)[100.0%,  0.0%,  0.0%,  0.0%], RTT = 0.031s, Queue delay = 0.009s, MTU = 1200
 summary  34.0  Transmit rate =  5149kbps, PLR =  0.10%( 0.07%), CE =  0.00%( 0.00%)[100.0%,  0.0%,  0.0%,  0.0%], RTT = 0.031s, Queue delay = 0.009s, MTU = 1200

======================== Summary ==========================
 Bitrate min/max/avg [kbps]          :  1951/ 6853/ 5215
 RTT     min/max/avg [s]             : 0.028/0.049/0.032
 Queue delay max/avg [s]             : 0.028/0.010
 Packet loss avg [%]                 : 0.068
 ECN/L4S NotECT/ECT(0)/ECT(1)/CE [%] : 100.0/ 0.0/ 0.0/ 0.0
===========================================================
