socket set to IP_RECVTOS
socket SO_RCVBUF set to 20971520
Listen on port 5390 to receive RTP from sender 
.
.
Packet(s) lost or reordered :   360 was received, previous rcvd is   358 
Packet(s) lost or reordered :   410 was received, previous rcvd is   408 
Packet(s) lost or reordered :  3526 was received, previous rcvd is  3524 
Packet(s) lost or reordered :  4677 was received, previous rcvd is  4675 
Packet(s) lost or reordered :  4877 was received, previous rcvd is  4875 
Packet(s) lost or reordered :  6487 was received, previous rcvd is  6485 
Packet(s) lost or reordered :  8944 was received, previous rcvd is  8942 
Packet(s) lost or reordered : 13182 was received, previous rcvd is 13180 
Packet(s) lost or reordered : 14372 was received, previous rcvd is 14370 
Packet(s) lost or reordered : 17124 was received, previous rcvd is 17122 
Packet(s) lost or reordered : 17663 was received, previous rcvd is 17661 
Packet(s) lost or reordered : 18086 was received, previous rcvd is 18084 
Packet(s) lost or reordered : 18124 was received, previous rcvd is 18122 
Packet(s) lost or reordered : 18189 was received, previous rcvd is 18187 
Packet(s) lost or reordered : 19776 was received, previous rcvd is 19774 
Packet(s) lost or reordered : 19846 was received, previous rcvd is 19844 
Packet(s) lost or reordered : 19865 was received, previous rcvd is 19863 
.
