Listen on port 5331 to receive RTCP from decoder 
Scream sender started! 
 summary   2.0  Transmit rate =  3866kbps, PLR =  0.00%( 0.00%), CE =  2.32%( 7.53%)[ 0.0%,  0.0%, 92.4%,  7.6%], RTT = 0.036s, Queue delay = 0.001s, MTU = 1200
 summary   4.0  Transmit rate =  5185kbps, PLR =  0.00%( 0.00%), CE =  5.38%( 7.29%)[ 0.0%,  0.0%, 92.8%,  7.2%], RTT = 0.029s, Queue delay = 0.001s, MTU = 1200
 summary   6.0  Transmit rate =  5537kbps, PLR =  0.00%( 0.00%), CE =  8.80%( 7.74%)[ 0.0%,  0.0%, 92.3%,  7.7%], RTT = 0.026s, Queue delay = 0.002s, MTU = 1200
 summary   8.0  Transmit rate =  5779kbps, PLR =  0.00%( 0.00%), CE =  8.25%( 7.44%)[ 0.0%,  0.0%, 92.7%,  7.3%], RTT = 0.024s, Queue delay = 0.002s, MTU = 1200
 summary  10.0  Transmit rate =  5990kbps, PLR =  0.00%( 0.00%), CE =  8.62%( 7.55%)[ 0.0%,  0.0%, 92.6%,  7.4%], RTT = 0.024s, Queue delay = 0.002s, MTU = 1200
 summary  12.0  Transmit rate =  5828kbps, PLR =  0.00%( 0.00%), CE =  8.58%( 7.70%)[ 0.0%,  0.0%, 92.4%,  7.6%], RTT = 0.024s, Queue delay = 0.002s, MTU = 1200
 summary  14.0  Transmit rate =  5930kbps, PLR =  0.00%( 0.00%), CE =  8.05%( 7.44%)[ 0.0%,  0.0%, 92.7%,  7.3%], RTT = 0.023s, Queue delay = 0.002s, MTU = 1200
 summary  16.0  Transmit rate =  6114kbps, PLR =  0.00%( 0.00%), CE =  8.69%( 7.68%)[ 0.0%,  0.0%, 92.5%,  7.5%], RTT = 0.023s, Queue delay = 0.002s, MTU = 1200
 summary  18.0  Transmit rate =  6137kbps, PLR =  0.00%( 0.00%), CE =  8.58%( 7.47%)[ 0.0%,  0.0%, 92.7%,  7.3%], RTT = 0.023s, Queue delay = 0.002s, MTU = 1200
 summary  20.0  Transmit rate =  6205kbps, PLR =  0.00%( 0.00%), CE =  7.87%( 7.60%)[ 0.0%,  0.0%, 92.6%,  7.4%], RTT = 0.023s, Queue delay = 0.002s, MTU = 1200
 summary  22.0  Transmit rate =  6072kbps, PLR =  0.00%( 0.00%), CE =  7.72%( 7.45%)[ 0.0%,  0.0%, 92.7%,  7.3%], RTT = 0.023s, Queue delay = 0.002s, MTU = 1200
 summary  24.0  Transmit rate =  6015kbps, PLR =  0.00%( 0.00%), CE =  8.51%( 7.55%)[ 0.0%,  0.0%, 92.6%,  7.4%], RTT = 0.023s, Queue delay = 0.002s, MTU = 1200
 summary  26.0  Transmit rate =  6130kbps, PLR =  0.00%( 0.00%), CE =  8.03%( 7.55%)[ 0.0%,  0.0%, 92.6%,  7.4%], RTT = 0.023s, Queue delay = 0.002s, MTU = 1200
 summary  28.0  Transmit rate =  6160kbps, PLR =  0.00%( 0.00%), CE =  8.43%( 7.49%)[ 0.0%,  0.0%, 92.7%,  7.3%], RTT = 0.023s, Queue delay = 0.002s, MTU = 1200
 summary  30.0  Transmit rate =  6121kbps, PLR =  0.00%( 0.00%), CE =  8.91%( 7.53%)[ 0.0%,  0.0%, 92.6%,  7.4%], RTT = 0.023s, Queue delay = 0.002s, MTU = 1200
 summary  32.1  Transmit rate =  6072kbps, PLR =  0.00%( 0.00%), CE =  8.22%( 7.48%)[ 0.0%,  0.0%, 92.7%,  7.3%], RTT = 0.023s, Queue delay = 0.002s, MTU = 1200
 summary  34.1  Transmit rate =  6206kbps, PLR =  0.00%( 0.00%), CE =  8.13%( 7.44%)[ 0.0%,  0.0%, 92.7%,  7.3%], RTT = 0.023s, Queue delay = 0.002s, MTU = 1200

======================== Summary ==========================
 Bitrate min/max/avg [kbps]          :  4514/ 7507/ 6037
 RTT     min/max/avg [s]             : 0.023/0.049/0.024
 Queue delay max/avg [s]             : 0.004/0.002
 Packet loss avg [%]                 : 0.000
 ECN/L4S NotECT/ECT(0)/ECT(1)/CE [%] :  0.0/ 0.0/92.7/ 7.3
===========================================================
