Listen on port 5303 to receive RTCP from decoder 
Scream sender started! 
 summary   2.0  Transmit rate =  3927kbps, PLR =  0.00%( 0.00%), CE =  2.52%( 9.08%)[ 0.0%,  0.0%, 90.7%,  9.3%], RTT = 0.036s, Queue delay = 0.001s, MTU = 1200
 summary   4.0  Transmit rate =  5050kbps, PLR =  0.00%( 0.00%), CE =  5.89%( 8.30%)[ 0.0%,  0.0%, 91.7%,  8.3%], RTT = 0.029s, Queue delay = 0.001s, MTU = 1200
 summary   6.0  Transmit rate =  5725kbps, PLR =  0.00%( 0.00%), CE =  9.47%( 7.70%)[ 0.0%,  0.0%, 92.4%,  7.6%], RTT = 0.026s, Queue delay = 0.002s, MTU = 1200
 summary   8.0  Transmit rate =  5944kbps, PLR =  0.00%( 0.00%), CE =  7.67%( 7.40%)[ 0.0%,  0.0%, 92.7%,  7.3%], RTT = 0.025s, Queue delay = 0.002s, MTU = 1200
 summary  10.0  Transmit rate =  5882kbps, PLR =  0.00%( 0.00%), CE =  7.71%( 7.58%)[ 0.0%,  0.0%, 92.5%,  7.5%], RTT = 0.024s, Queue delay = 0.002s, MTU = 1200
 summary  12.0  Transmit rate =  6067kbps, PLR =  0.00%( 0.00%), CE =  8.23%( 7.48%)[ 0.0%,  0.0%, 92.6%,  7.4%], RTT = 0.024s, Queue delay = 0.002s, MTU = 1200
 summary  14.0  Transmit rate =  6090kbps, PLR =  0.00%( 0.00%), CE =  8.23%( 7.48%)[ 0.0%,  0.0%, 92.6%,  7.4%], RTT = 0.024s, Queue delay = 0.002s, MTU = 1200
 summary  16.0  Transmit rate =  6116kbps, PLR =  0.00%( 0.00%), CE =  8.43%( 7.40%)[ 0.0%,  0.0%, 92.7%,  7.3%], RTT = 0.023s, Queue delay = 0.002s, MTU = 1200
 summary  18.0  Transmit rate =  6284kbps, PLR =  0.00%( 0.00%), CE =  8.25%( 7.38%)[ 0.0%,  0.0%, 92.7%,  7.3%], RTT = 0.023s, Queue delay = 0.002s, MTU = 1200
 summary  20.0  Transmit rate =  6211kbps, PLR =  0.00%( 0.00%), CE =  7.80%( 7.30%)[ 0.0%,  0.0%, 92.8%,  7.2%], RTT = 0.023s, Queue delay = 0.002s, MTU = 1200
 summary  22.0  Transmit rate =  6233kbps, PLR =  0.00%( 0.00%), CE =  7.78%( 7.32%)[ 0.0%,  0.0%, 92.8%,  7.2%], RTT = 0.023s, Queue delay = 0.002s, MTU = 1200
 summary  24.0  Transmit rate =  6371kbps, PLR =  0.00%( 0.00%), CE =  7.86%( 7.35%)[ 0.0%,  0.0%, 92.8%,  7.2%], RTT = 0.023s, Queue delay = 0.002s, MTU = 1200
 summary  26.1  Transmit rate =  6375kbps, PLR =  0.00%( 0.00%), CE =  8.25%( 7.35%)[ 0.0%,  0.0%, 92.8%,  7.2%], RTT = 0.023s, Queue delay = 0.002s, MTU = 1200
 summary  28.1  Transmit rate =  6421kbps, PLR =  0.00%( 0.00%), CE =  8.74%( 7.42%)[ 0.0%,  0.0%, 92.7%,  7.3%], RTT = 0.024s, Queue delay = 0.002s, MTU = 1200
 summary  30.1  Transmit rate =  6278kbps, PLR =  0.00%( 0.00%), CE =  8.88%( 7.39%)[ 0.0%,  0.0%, 92.7%,  7.3%], RTT = 0.024s, Queue delay = 0.002s, MTU = 1200
 summary  32.1  Transmit rate =  6199kbps, PLR =  0.00%( 0.00%), CE =  8.08%( 7.43%)[ 0.0%,  0.0%, 92.7%,  7.3%], RTT = 0.023s, Queue delay = 0.002s, MTU = 1200
 summary  34.1  Transmit rate =  6299kbps, PLR =  0.00%( 0.00%), CE =  7.69%( 7.32%)[ 0.0%,  0.0%, 92.8%,  7.2%], RTT = 0.023s, Queue delay = 0.002s, MTU = 1200

======================== Summary ==========================
 Bitrate min/max/avg [kbps]          :     0/ 7657/ 6090
 RTT     min/max/avg [s]             : 0.023/0.049/0.024
 Queue delay max/avg [s]             : 0.004/0.002
 Packet loss avg [%]                 : 0.000
 ECN/L4S NotECT/ECT(0)/ECT(1)/CE [%] :  0.0/ 0.0/92.8/ 7.2
===========================================================
