Listen on port 5367 to receive RTCP from decoder 
Scream sender started! 
 summary   2.0  Transmit rate =  3975kbps, PLR =  0.00%( 0.00%), CE =  2.97%(11.30%)[ 0.0%,  0.0%, 88.7%, 11.3%], RTT = 0.036s, Queue delay = 0.001s, MTU = 1200
 summary   4.0  Transmit rate =  4952kbps, PLR =  0.00%( 0.00%), CE =  6.86%( 8.41%)[ 0.0%,  0.0%, 91.6%,  8.4%], RTT = 0.029s, Queue delay = 0.002s, MTU = 1200
 summary   6.0  Transmit rate =  5451kbps, PLR =  0.00%( 0.00%), CE = 10.19%( 8.19%)[ 0.0%,  0.0%, 91.9%,  8.1%], RTT = 0.026s, Queue delay = 0.002s, MTU = 1200
 summary   8.0  Transmit rate =  5968kbps, PLR =  0.00%( 0.00%), CE =  7.41%( 7.85%)[ 0.0%,  0.0%, 92.3%,  7.7%], RTT = 0.025s, Queue delay = 0.002s, MTU = 1200
 summary  10.0  Transmit rate =  5947kbps, PLR =  0.00%( 0.00%), CE =  8.52%( 7.91%)[ 0.0%,  0.0%, 92.2%,  7.8%], RTT = 0.024s, Queue delay = 0.002s, MTU = 1200
 summary  12.0  Transmit rate =  6151kbps, PLR =  0.00%( 0.00%), CE =  8.59%( 7.81%)[ 0.0%,  0.0%, 92.3%,  7.7%], RTT = 0.024s, Queue delay = 0.002s, MTU = 1200
 summary  14.0  Transmit rate =  6147kbps, PLR =  0.00%( 0.00%), CE =  7.13%( 7.48%)[ 0.0%,  0.0%, 92.6%,  7.4%], RTT = 0.024s, Queue delay = 0.002s, MTU = 1200
 summary  16.0  Transmit rate =  6220kbps, PLR =  0.00%( 0.00%), CE =  8.82%( 7.69%)[ 0.0%,  0.0%, 92.4%,  7.6%], RTT = 0.023s, Queue delay = 0.002s, MTU = 1200
 summary  18.0  Transmit rate =  6210kbps, PLR =  0.00%( 0.00%), CE =  8.05%( 7.67%)[ 0.0%,  0.0%, 92.5%,  7.5%], RTT = 0.023s, Queue delay = 0.002s, MTU = 1200
 summary  20.0  Transmit rate =  6247kbps, PLR =  0.00%( 0.00%), CE =  8.31%( 7.59%)[ 0.0%,  0.0%, 92.5%,  7.5%], RTT = 0.023s, Queue delay = 0.002s, MTU = 1200
 summary  22.0  Transmit rate =  6155kbps, PLR =  0.00%( 0.00%), CE =  8.00%( 7.54%)[ 0.0%,  0.0%, 92.6%,  7.4%], RTT = 0.023s, Queue delay = 0.002s, MTU = 1200
 summary  24.0  Transmit rate =  6239kbps, PLR =  0.00%( 0.00%), CE =  7.71%( 7.46%)[ 0.0%,  0.0%, 92.7%,  7.3%], RTT = 0.023s, Queue delay = 0.002s, MTU = 1200
 summary  26.0  Transmit rate =  6281kbps, PLR =  0.00%( 0.00%), CE =  7.56%( 7.47%)[ 0.0%,  0.0%, 92.6%,  7.4%], RTT = 0.023s, Queue delay = 0.002s, MTU = 1200
 summary  28.0  Transmit rate =  6192kbps, PLR =  0.00%( 0.00%), CE =  8.36%( 7.42%)[ 0.0%,  0.0%, 92.7%,  7.3%], RTT = 0.023s, Queue delay = 0.002s, MTU = 1200
 summary  30.0  Transmit rate =  6274kbps, PLR =  0.00%( 0.00%), CE =  7.97%( 7.38%)[ 0.0%,  0.0%, 92.7%,  7.3%], RTT = 0.023s, Queue delay = 0.002s, MTU = 1200
 summary  32.1  Transmit rate =  6258kbps, PLR =  0.00%( 0.00%), CE =  8.03%( 7.39%)[ 0.0%,  0.0%, 92.7%,  7.3%], RTT = 0.024s, Queue delay = 0.002s, MTU = 1200
 summary  34.1  Transmit rate =  6308kbps, PLR =  0.00%( 0.00%), CE =  8.34%( 7.38%)[ 0.0%,  0.0%, 92.7%,  7.3%], RTT = 0.023s, Queue delay = 0.002s, MTU = 1200

======================== Summary ==========================
 Bitrate min/max/avg [kbps]          :  4923/ 7624/ 6130
 RTT     min/max/avg [s]             : 0.023/0.049/0.024
 Queue delay max/avg [s]             : 0.003/0.002
 Packet loss avg [%]                 : 0.000
 ECN/L4S NotECT/ECT(0)/ECT(1)/CE [%] :  0.0/ 0.0/92.7/ 7.3
===========================================================
