Listen on port 5361 to receive RTCP from decoder 
Scream sender started! 
 summary   2.0  Transmit rate =  3764kbps, PLR =  0.00%( 0.00%), CE =  3.09%(10.46%)[ 0.0%,  0.0%, 89.6%, 10.4%], RTT = 0.037s, Queue delay = 0.001s, MTU = 1200
 summary   4.0  Transmit rate =  4791kbps, PLR =  0.00%( 0.00%), CE =  5.74%( 7.82%)[ 0.0%,  0.0%, 92.2%,  7.8%], RTT = 0.029s, Queue delay = 0.001s, MTU = 1200
 summary   6.0  Transmit rate =  5550kbps, PLR =  0.00%( 0.00%), CE =  8.64%( 7.45%)[ 0.0%,  0.0%, 92.6%,  7.4%], RTT = 0.026s, Queue delay = 0.002s, MTU = 1200
 summary   8.0  Transmit rate =  5936kbps, PLR =  0.00%( 0.00%), CE =  7.48%( 7.78%)[ 0.0%,  0.0%, 92.3%,  7.7%], RTT = 0.025s, Queue delay = 0.002s, MTU = 1200
 summary  10.0  Transmit rate =  6093kbps, PLR =  0.00%( 0.00%), CE =  8.24%( 7.68%)[ 0.0%,  0.0%, 92.4%,  7.6%], RTT = 0.024s, Queue delay = 0.002s, MTU = 1200
 summary  12.0  Transmit rate =  6151kbps, PLR =  0.00%( 0.00%), CE =  8.29%( 7.42%)[ 0.0%,  0.0%, 92.6%,  7.4%], RTT = 0.024s, Queue delay = 0.002s, MTU = 1200
 summary  14.0  Transmit rate =  6165kbps, PLR =  0.00%( 0.00%), CE =  7.37%( 7.45%)[ 0.0%,  0.0%, 92.6%,  7.4%], RTT = 0.024s, Queue delay = 0.002s, MTU = 1200
 summary  16.0  Transmit rate =  6065kbps, PLR =  0.00%( 0.00%), CE =  7.48%( 7.18%)[ 0.0%,  0.0%, 92.9%,  7.1%], RTT = 0.024s, Queue delay = 0.002s, MTU = 1200
 summary  18.0  Transmit rate =  6290kbps, PLR =  0.00%( 0.00%), CE =  7.97%( 7.23%)[ 0.0%,  0.0%, 92.8%,  7.2%], RTT = 0.024s, Queue delay = 0.002s, MTU = 1200
 summary  20.0  Transmit rate =  6335kbps, PLR =  0.00%( 0.00%), CE =  7.50%( 7.33%)[ 0.0%,  0.0%, 92.7%,  7.3%], RTT = 0.024s, Queue delay = 0.002s, MTU = 1200
 summary  22.0  Transmit rate =  6316kbps, PLR =  0.00%( 0.00%), CE =  8.51%( 7.33%)[ 0.0%,  0.0%, 92.7%,  7.3%], RTT = 0.024s, Queue delay = 0.002s, MTU = 1200
 summary  24.0  Transmit rate =  6146kbps, PLR =  0.00%( 0.00%), CE =  8.25%( 7.23%)[ 0.0%,  0.0%, 92.9%,  7.1%], RTT = 0.024s, Queue delay = 0.002s, MTU = 1200
 summary  26.0  Transmit rate =  6165kbps, PLR =  0.00%( 0.00%), CE =  7.84%( 7.17%)[ 0.0%,  0.0%, 92.9%,  7.1%], RTT = 0.024s, Queue delay = 0.002s, MTU = 1200
 summary  28.0  Transmit rate =  6328kbps, PLR =  0.00%( 0.00%), CE =  7.01%( 7.13%)[ 0.0%,  0.0%, 93.0%,  7.0%], RTT = 0.024s, Queue delay = 0.002s, MTU = 1200
 summary  30.0  Transmit rate =  6253kbps, PLR =  0.00%( 0.00%), CE =  8.34%( 7.19%)[ 0.0%,  0.0%, 92.9%,  7.1%], RTT = 0.024s, Queue delay = 0.002s, MTU = 1200
 summary  32.0  Transmit rate =  6295kbps, PLR =  0.00%( 0.00%), CE =  8.36%( 7.17%)[ 0.0%,  0.0%, 92.9%,  7.1%], RTT = 0.023s, Queue delay = 0.002s, MTU = 1200
 summary  34.0  Transmit rate =  6315kbps, PLR =  0.00%( 0.00%), CE =  8.36%( 7.14%)[ 0.0%,  0.0%, 93.0%,  7.0%], RTT = 0.024s, Queue delay = 0.002s, MTU = 1200

======================== Summary ==========================
 Bitrate min/max/avg [kbps]          :  4968/ 7515/ 6138
 RTT     min/max/avg [s]             : 0.023/0.050/0.024
 Queue delay max/avg [s]             : 0.003/0.002
 Packet loss avg [%]                 : 0.000
 ECN/L4S NotECT/ECT(0)/ECT(1)/CE [%] :  0.0/ 0.0/93.0/ 7.0
===========================================================
