Listen on port 5319 to receive RTCP from decoder 
Scream sender started! 
 summary   2.0  Transmit rate =  3638kbps, PLR =  0.00%( 0.00%), CE =  3.21%( 9.22%)[ 0.0%,  0.0%, 90.8%,  9.2%], RTT = 0.036s, Queue delay = 0.001s, MTU = 1200
 summary   4.0  Transmit rate =  5036kbps, PLR =  0.00%( 0.00%), CE =  5.95%( 7.96%)[ 0.0%,  0.0%, 91.9%,  8.1%], RTT = 0.029s, Queue delay = 0.002s, MTU = 1200
 summary   6.0  Transmit rate =  5577kbps, PLR =  0.00%( 0.00%), CE =  9.91%( 8.30%)[ 0.0%,  0.0%, 91.7%,  8.3%], RTT = 0.026s, Queue delay = 0.002s, MTU = 1200
 summary   8.0  Transmit rate =  5824kbps, PLR =  0.00%( 0.00%), CE =  9.30%( 8.15%)[ 0.0%,  0.0%, 91.8%,  8.2%], RTT = 0.024s, Queue delay = 0.002s, MTU = 1200
 summary  10.0  Transmit rate =  5994kbps, PLR =  0.00%( 0.00%), CE =  8.68%( 7.94%)[ 0.0%,  0.0%, 92.1%,  7.9%], RTT = 0.024s, Queue delay = 0.002s, MTU = 1200
 summary  12.0  Transmit rate =  6039kbps, PLR =  0.00%( 0.00%), CE =  8.14%( 7.92%)[ 0.0%,  0.0%, 92.2%,  7.8%], RTT = 0.024s, Queue delay = 0.002s, MTU = 1200
 summary  14.0  Transmit rate =  6080kbps, PLR =  0.00%( 0.00%), CE =  8.31%( 7.92%)[ 0.0%,  0.0%, 92.1%,  7.9%], RTT = 0.024s, Queue delay = 0.002s, MTU = 1200
 summary  16.0  Transmit rate =  6159kbps, PLR =  0.00%( 0.00%), CE =  9.40%( 8.06%)[ 0.0%,  0.0%, 92.1%,  7.9%], RTT = 0.023s, Queue delay = 0.002s, MTU = 1200
 summary  18.0  Transmit rate =  6145kbps, PLR =  0.00%( 0.00%), CE =  8.24%( 7.86%)[ 0.0%,  0.0%, 92.2%,  7.8%], RTT = 0.024s, Queue delay = 0.002s, MTU = 1200
 summary  20.0  Transmit rate =  6156kbps, PLR =  0.00%( 0.00%), CE =  7.44%( 7.73%)[ 0.0%,  0.0%, 92.4%,  7.6%], RTT = 0.024s, Queue delay = 0.002s, MTU = 1200
 summary  22.0  Transmit rate =  6033kbps, PLR =  0.00%( 0.00%), CE =  8.49%( 7.76%)[ 0.0%,  0.0%, 92.4%,  7.6%], RTT = 0.024s, Queue delay = 0.002s, MTU = 1200
 summary  24.0  Transmit rate =  6018kbps, PLR =  0.00%( 0.00%), CE =  8.71%( 7.74%)[ 0.0%,  0.0%, 92.4%,  7.6%], RTT = 0.023s, Queue delay = 0.002s, MTU = 1200
 summary  26.0  Transmit rate =  6190kbps, PLR =  0.00%( 0.00%), CE =  7.86%( 7.90%)[ 0.0%,  0.0%, 92.2%,  7.8%], RTT = 0.024s, Queue delay = 0.002s, MTU = 1200
 summary  28.0  Transmit rate =  6128kbps, PLR =  0.00%( 0.00%), CE =  9.08%( 7.78%)[ 0.0%,  0.0%, 92.3%,  7.7%], RTT = 0.023s, Queue delay = 0.002s, MTU = 1200
 summary  30.0  Transmit rate =  6027kbps, PLR =  0.00%( 0.00%), CE =  9.19%( 7.79%)[ 0.0%,  0.0%, 92.3%,  7.7%], RTT = 0.024s, Queue delay = 0.002s, MTU = 1200
 summary  32.0  Transmit rate =  6045kbps, PLR =  0.00%( 0.00%), CE =  7.70%( 7.68%)[ 0.0%,  0.0%, 92.4%,  7.6%], RTT = 0.023s, Queue delay = 0.002s, MTU = 1200
 summary  34.0  Transmit rate =  6175kbps, PLR =  0.00%( 0.00%), CE =  7.97%( 7.66%)[ 0.0%,  0.0%, 92.5%,  7.5%], RTT = 0.023s, Queue delay = 0.002s, MTU = 1200

======================== Summary ==========================
 Bitrate min/max/avg [kbps]          :  4940/ 7412/ 6031
 RTT     min/max/avg [s]             : 0.023/0.049/0.024
 Queue delay max/avg [s]             : 0.004/0.002
 Packet loss avg [%]                 : 0.000
 ECN/L4S NotECT/ECT(0)/ECT(1)/CE [%] :  0.0/ 0.0/92.4/ 7.6
===========================================================
