Listen on port 5306 to receive RTCP from decoder 
Scream sender started! 
 summary   2.0  Transmit rate =  3915kbps, PLR =  0.00%( 0.09%), CE =  0.00%( 0.00%)[100.0%,  0.0%,  0.0%,  0.0%], RTT = 0.042s, Queue delay = 0.007s, MTU = 1200
 summary   4.0  Transmit rate =  4531kbps, PLR =  0.14%( 0.14%), CE =  0.00%( 0.00%)[100.0%,  0.0%,  0.0%,  0.0%], RTT = 0.036s, Queue delay = 0.008s, MTU = 1200
 summary   6.0  Transmit rate =  4879kbps, PLR =  0.19%( 0.13%), CE =  0.00%( 0.00%)[100.0%,  0.0%,  0.0%,  0.0%], RTT = 0.034s, Queue delay = 0.009s, MTU = 1200
 summary   8.0  Transmit rate =  5025kbps, PLR =  0.12%( 0.12%), CE =  0.00%( 0.00%)[100.0%,  0.0%,  0.0%,  0.0%], RTT = 0.033s, Queue delay = 0.009s, MTU = 1200
 summary  10.0  Transmit rate =  5037kbps, PLR =  0.16%( 0.11%), CE =  0.00%( 0.00%)[100.0%,  0.0%,  0.0%,  0.0%], RTT = 0.033s, Queue delay = 0.009s, MTU = 1200
 summary  12.0  Transmit rate =  4979kbps, PLR =  0.17%( 0.11%), CE =  0.00%( 0.00%)[100.0%,  0.0%,  0.0%,  0.0%], RTT = 0.031s, Queue delay = 0.008s, MTU = 1200
 summary  14.0  Transmit rate =  5092kbps, PLR =  0.15%( 0.11%), CE =  0.00%( 0.00%)[100.0%,  0.0%,  0.0%,  0.0%], RTT = 0.031s, Queue delay = 0.009s, MTU = 1200
 summary  16.0  Transmit rate =  5023kbps, PLR =  0.09%( 0.11%), CE =  0.00%( 0.00%)[100.0%,  0.0%,  0.0%,  0.0%], RTT = 0.031s, Queue delay = 0.008s, MTU = 1200
 summary  18.0  Transmit rate =  5269kbps, PLR =  0.05%( 0.09%), CE =  0.00%( 0.00%)[100.0%,  0.0%,  0.0%,  0.0%], RTT = 0.031s, Queue delay = 0.008s, MTU = 1200
 summary  20.0  Transmit rate =  5143kbps, PLR =  0.09%( 0.10%), CE =  0.00%( 0.00%)[100.0%,  0.0%,  0.0%,  0.0%], RTT = 0.032s, Queue delay = 0.009s, MTU = 1200
 summary  22.0  Transmit rate =  5062kbps, PLR =  0.10%( 0.10%), CE =  0.00%( 0.00%)[100.0%,  0.0%,  0.0%,  0.0%], RTT = 0.031s, Queue delay = 0.008s, MTU = 1200
 summary  24.0  Transmit rate =  5258kbps, PLR =  0.10%( 0.09%), CE =  0.00%( 0.00%)[100.0%,  0.0%,  0.0%,  0.0%], RTT = 0.032s, Queue delay = 0.010s, MTU = 1200
 summary  26.0  Transmit rate =  5253kbps, PLR =  0.01%( 0.08%), CE =  0.00%( 0.00%)[100.0%,  0.0%,  0.0%,  0.0%], RTT = 0.033s, Queue delay = 0.010s, MTU = 1200
 summary  28.0  Transmit rate =  5069kbps, PLR =  0.07%( 0.08%), CE =  0.00%( 0.00%)[100.0%,  0.0%,  0.0%,  0.0%], RTT = 0.032s, Queue delay = 0.010s, MTU = 1200
 summary  30.0  Transmit rate =  5197kbps, PLR =  0.07%( 0.08%), CE =  0.00%( 0.00%)[100.0%,  0.0%,  0.0%,  0.0%], RTT = 0.031s, Queue delay = 0.009s, MTU = 1200
 summary  32.1  Transmit rate =  5050kbps, PLR =  0.12%( 0.08%), CE =  0.00%( 0.00%)[100.0%,  0.0%,  0.0%,  0.0%], RTT = 0.031s, Queue delay = 0.009s, MTU = 1200
 summary  34.1  Transmit rate =  5102kbps, PLR =  0.06%( 0.07%), CE =  0.00%( 0.00%)[100.0%,  0.0%,  0.0%,  0.0%], RTT = 0.031s, Queue delay = 0.009s, MTU = 1200

======================== Summary ==========================
 Bitrate min/max/avg [kbps]          :  2462/ 6912/ 5133
 RTT     min/max/avg [s]             : 0.028/0.049/0.032
 Queue delay max/avg [s]             : 0.029/0.009
 Packet loss avg [%]                 : 0.073
 ECN/L4S NotECT/ECT(0)/ECT(1)/CE [%] : 100.0/ 0.0/ 0.0/ 0.0
===========================================================
