socket set to IP_RECVTOS
socket SO_RCVBUF set to 20971520
Listen on port 5370 to receive RTP from sender 
.
.
Packet(s) lost or reordered :   299 was received, previous rcvd is   297 
Packet(s) lost or reordered :   315 was received, previous rcvd is   313 
Packet(s) lost or reordered :   327 was received, previous rcvd is   325 
Packet(s) lost or reordered :  3041 was received, previous rcvd is  3039 
Packet(s) lost or reordered :  4068 was received, previous rcvd is  4066 
Packet(s) lost or reordered :  4333 was received, previous rcvd is  4331 
Packet(s) lost or reordered :  8297 was received, previous rcvd is  8295 
Packet(s) lost or reordered : 12385 was received, previous rcvd is 12383 
Packet(s) lost or reordered : 12770 was received, previous rcvd is 12768 
Packet(s) lost or reordered : 12816 was received, previous rcvd is 12814 
Packet(s) lost or reordered : 14608 was received, previous rcvd is 14606 
Packet(s) lost or reordered : 15153 was received, previous rcvd is 15151 
Packet(s) lost or reordered : 16966 was received, previous rcvd is 16964 
Packet(s) lost or reordered : 18775 was received, previous rcvd is 18773 
Packet(s) lost or reordered : 18959 was received, previous rcvd is 18957 
.
