Listen on port 5337 to receive RTCP from decoder 
Scream sender started! 
 summary   2.0  Transmit rate =  3782kbps, PLR =  0.00%( 0.00%), CE =  1.94%(10.16%)[ 0.0%,  0.0%, 89.8%, 10.2%], RTT = 0.036s, Queue delay = 0.001s, MTU = 1200
 summary   4.0  Transmit rate =  4565kbps, PLR =  0.00%( 0.00%), CE =  5.55%( 7.47%)[ 0.0%,  0.0%, 92.4%,  7.6%], RTT = 0.029s, Queue delay = 0.001s, MTU = 1200
 summary   6.0  Transmit rate =  5338kbps, PLR =  0.00%( 0.00%), CE =  9.05%( 7.35%)[ 0.0%,  0.0%, 92.6%,  7.4%], RTT = 0.026s, Queue delay = 0.002s, MTU = 1200
 summary   8.0  Transmit rate =  5765kbps, PLR =  0.00%( 0.00%), CE =  7.02%( 7.41%)[ 0.0%,  0.0%, 92.6%,  7.4%], RTT = 0.025s, Queue delay = 0.002s, MTU = 1200
 summary  10.0  Transmit rate =  6043kbps, PLR =  0.00%( 0.00%), CE =  8.77%( 7.56%)[ 0.0%,  0.0%, 92.4%,  7.6%], RTT = 0.024s, Queue delay = 0.002s, MTU = 1200
 summary  12.0  Transmit rate =  5989kbps, PLR =  0.00%( 0.00%), CE =  8.84%( 7.86%)[ 0.0%,  0.0%, 92.2%,  7.8%], RTT = 0.024s, Queue delay = 0.002s, MTU = 1200
 summary  14.0  Transmit rate =  5762kbps, PLR =  0.00%( 0.00%), CE =  8.94%( 7.63%)[ 0.0%,  0.0%, 92.4%,  7.6%], RTT = 0.023s, Queue delay = 0.002s, MTU = 1200
 summary  16.0  Transmit rate =  5889kbps, PLR =  0.00%( 0.00%), CE =  8.26%( 7.46%)[ 0.0%,  0.0%, 92.6%,  7.4%], RTT = 0.023s, Queue delay = 0.002s, MTU = 1200
 summary  18.0  Transmit rate =  5987kbps, PLR =  0.00%( 0.00%), CE =  8.08%( 7.44%)[ 0.0%,  0.0%, 92.6%,  7.4%], RTT = 0.023s, Queue delay = 0.002s, MTU = 1200
 summary  20.0  Transmit rate =  6038kbps, PLR =  0.00%( 0.00%), CE =  7.75%( 7.39%)[ 0.0%,  0.0%, 92.7%,  7.3%], RTT = 0.024s, Queue delay = 0.002s, MTU = 1200
 summary  22.0  Transmit rate =  5898kbps, PLR =  0.00%( 0.00%), CE =  7.81%( 7.36%)[ 0.0%,  0.0%, 92.7%,  7.3%], RTT = 0.024s, Queue delay = 0.002s, MTU = 1200
 summary  24.0  Transmit rate =  5858kbps, PLR =  0.00%( 0.00%), CE =  8.21%( 7.39%)[ 0.0%,  0.0%, 92.7%,  7.3%], RTT = 0.023s, Queue delay = 0.002s, MTU = 1200
 summary  26.0  Transmit rate =  6065kbps, PLR =  0.00%( 0.00%), CE =  7.95%( 7.48%)[ 0.0%,  0.0%, 92.6%,  7.4%], RTT = 0.023s, Queue delay = 0.002s, MTU = 1200
 summary  28.0  Transmit rate =  6006kbps, PLR =  0.00%( 0.00%), CE =  9.47%( 7.55%)[ 0.0%,  0.0%, 92.5%,  7.5%], RTT = 0.023s, Queue delay = 0.002s, MTU = 1200
 summary  30.0  Transmit rate =  6002kbps, PLR =  0.00%( 0.00%), CE =  8.87%( 7.49%)[ 0.0%,  0.0%, 92.6%,  7.4%], RTT = 0.023s, Queue delay = 0.002s, MTU = 1200
 summary  32.0  Transmit rate =  6136kbps, PLR =  0.00%( 0.00%), CE =  7.53%( 7.36%)[ 0.0%,  0.0%, 92.7%,  7.3%], RTT = 0.023s, Queue delay = 0.002s, MTU = 1200
 summary  34.1  Transmit rate =  6268kbps, PLR =  0.00%( 0.00%), CE =  6.87%( 7.41%)[ 0.0%,  0.0%, 92.7%,  7.3%], RTT = 0.023s, Queue delay = 0.002s, MTU = 1200

======================== Summary ==========================
 Bitrate min/max/avg [kbps]          :  4738/ 7488/ 5922
 RTT     min/max/avg [s]             : 0.023/0.049/0.024
 Queue delay max/avg [s]             : 0.004/0.002
 Packet loss avg [%]                 : 0.000
 ECN/L4S NotECT/ECT(0)/ECT(1)/CE [%] :  0.0/ 0.0/92.6/ 7.4
===========================================================
