Listen on port 5320 to receive RTCP from decoder 
Scream sender started! 
 summary   2.0  Transmit rate =  3921kbps, PLR =  0.04%( 0.09%), CE =  0.00%( 0.00%)[100.0%,  0.0%,  0.0%,  0.0%], RTT = 0.041s, Queue delay = 0.006s, MTU = 1200
 summary   4.0  Transmit rate =  5092kbps, PLR =  0.04%( 0.04%), CE =  0.00%( 0.00%)[100.0%,  0.0%,  0.0%,  0.0%], RTT = 0.038s, Queue delay = 0.011s, MTU = 1200
 summary   6.0  Transmit rate =  5629kbps, PLR =  0.04%( 0.03%), CE =  0.00%( 0.00%)[100.0%,  0.0%,  0.0%,  0.0%], RTT = 0.037s, Queue delay = 0.013s, MTU = 1200
 summary   8.0  Transmit rate =  5716kbps, PLR =  0.05%( 0.04%), CE =  0.00%( 0.00%)[100.0%,  0.0%,  0.0%,  0.0%], RTT = 0.037s, Queue delay = 0.013s, MTU = 1200
 summary  10.0  Transmit rate =  5364kbps, PLR =  0.09%( 0.05%), CE =  0.00%( 0.00%)[100.0%,  0.0%,  0.0%,  0.0%], RTT = 0.034s, Queue delay = 0.011s, MTU = 1200
 summary  12.0  Transmit rate =  5045kbps, PLR =  0.19%( 0.06%), CE =  0.00%( 0.00%)[100.0%,  0.0%,  0.0%,  0.0%], RTT = 0.031s, Queue delay = 0.008s, MTU = 1200
 summary  14.0  Transmit rate =  4940kbps, PLR =  0.19%( 0.06%), CE =  0.00%( 0.00%)[100.0%,  0.0%,  0.0%,  0.0%], RTT = 0.031s, Queue delay = 0.008s, MTU = 1200
 summary  16.0  Transmit rate =  4972kbps, PLR =  0.12%( 0.07%), CE =  0.00%( 0.00%)[100.0%,  0.0%,  0.0%,  0.0%], RTT = 0.030s, Queue delay = 0.007s, MTU = 1200
 summary  18.0  Transmit rate =  5185kbps, PLR =  0.11%( 0.06%), CE =  0.00%( 0.00%)[100.0%,  0.0%,  0.0%,  0.0%], RTT = 0.032s, Queue delay = 0.011s, MTU = 1200
 summary  20.0  Transmit rate =  4946kbps, PLR =  0.11%( 0.07%), CE =  0.00%( 0.00%)[100.0%,  0.0%,  0.0%,  0.0%], RTT = 0.031s, Queue delay = 0.008s, MTU = 1200
 summary  22.0  Transmit rate =  5092kbps, PLR =  0.10%( 0.07%), CE =  0.00%( 0.00%)[100.0%,  0.0%,  0.0%,  0.0%], RTT = 0.031s, Queue delay = 0.009s, MTU = 1200
 summary  24.0  Transmit rate =  5110kbps, PLR =  0.05%( 0.07%), CE =  0.00%( 0.00%)[100.0%,  0.0%,  0.0%,  0.0%], RTT = 0.031s, Queue delay = 0.009s, MTU = 1200
 summary  26.0  Transmit rate =  5134kbps, PLR =  0.06%( 0.07%), CE =  0.00%( 0.00%)[100.0%,  0.0%,  0.0%,  0.0%], RTT = 0.032s, Queue delay = 0.010s, MTU = 1200
 summary  28.0  Transmit rate =  5206kbps, PLR =  0.02%( 0.06%), CE =  0.00%( 0.00%)[100.0%,  0.0%,  0.0%,  0.0%], RTT = 0.032s, Queue delay = 0.010s, MTU = 1200
 summary  30.0  Transmit rate =  5285kbps, PLR =  0.02%( 0.06%), CE =  0.00%( 0.00%)[100.0%,  0.0%,  0.0%,  0.0%], RTT = 0.033s, Queue delay = 0.011s, MTU = 1200
 summary  32.0  Transmit rate =  5453kbps, PLR =  0.00%( 0.05%), CE =  0.00%( 0.00%)[100.0%,  0.0%,  0.0%,  0.0%], RTT = 0.033s, Queue delay = 0.011s, MTU = 1200
 summary  34.0  Transmit rate =  5517kbps, PLR =  0.00%( 0.05%), CE =  0.00%( 0.00%)[100.0%,  0.0%,  0.0%,  0.0%], RTT = 0.034s, Queue delay = 0.012s, MTU = 1200

======================== Summary ==========================
 Bitrate min/max/avg [kbps]          :  1904/ 7545/ 5325
 RTT     min/max/avg [s]             : 0.027/0.049/0.033
 Queue delay max/avg [s]             : 0.027/0.011
 Packet loss avg [%]                 : 0.048
 ECN/L4S NotECT/ECT(0)/ECT(1)/CE [%] : 100.0/ 0.0/ 0.0/ 0.0
===========================================================
