Listen on port 5393 to receive RTCP from decoder 
Scream sender started! 
 summary   2.0  Transmit rate =  3834kbps, PLR =  0.00%( 0.00%), CE =  3.42%( 9.83%)[ 0.0%,  0.0%, 90.5%,  9.5%], RTT = 0.036s, Queue delay = 0.001s, MTU = 1200
 summary   4.0  Transmit rate =  4983kbps, PLR =  0.00%( 0.00%), CE =  6.44%( 8.42%)[ 0.0%,  0.0%, 91.7%,  8.3%], RTT = 0.029s, Queue delay = 0.001s, MTU = 1200
 summary   6.0  Transmit rate =  5433kbps, PLR =  0.00%( 0.00%), CE =  9.16%( 7.89%)[ 0.0%,  0.0%, 92.2%,  7.8%], RTT = 0.026s, Queue delay = 0.002s, MTU = 1200
 summary   8.0  Transmit rate =  5798kbps, PLR =  0.00%( 0.00%), CE =  8.33%( 7.86%)[ 0.0%,  0.0%, 92.2%,  7.8%], RTT = 0.024s, Queue delay = 0.002s, MTU = 1200
 summary  10.0  Transmit rate =  6043kbps, PLR =  0.00%( 0.00%), CE =  8.14%( 7.80%)[ 0.0%,  0.0%, 92.3%,  7.7%], RTT = 0.024s, Queue delay = 0.002s, MTU = 1200
 summary  12.0  Transmit rate =  6118kbps, PLR =  0.00%( 0.00%), CE =  7.96%( 7.69%)[ 0.0%,  0.0%, 92.4%,  7.6%], RTT = 0.024s, Queue delay = 0.002s, MTU = 1200
 summary  14.0  Transmit rate =  6015kbps, PLR =  0.00%( 0.00%), CE =  8.43%( 7.65%)[ 0.0%,  0.0%, 92.4%,  7.6%], RTT = 0.024s, Queue delay = 0.002s, MTU = 1200
 summary  16.0  Transmit rate =  6078kbps, PLR =  0.00%( 0.00%), CE =  7.44%( 7.37%)[ 0.0%,  0.0%, 92.7%,  7.3%], RTT = 0.023s, Queue delay = 0.002s, MTU = 1200
 summary  18.0  Transmit rate =  6084kbps, PLR =  0.00%( 0.00%), CE =  7.42%( 7.35%)[ 0.0%,  0.0%, 92.7%,  7.3%], RTT = 0.023s, Queue delay = 0.002s, MTU = 1200
 summary  20.0  Transmit rate =  6110kbps, PLR =  0.00%( 0.00%), CE =  7.97%( 7.42%)[ 0.0%,  0.0%, 92.7%,  7.3%], RTT = 0.023s, Queue delay = 0.002s, MTU = 1200
 summary  22.0  Transmit rate =  6025kbps, PLR =  0.00%( 0.00%), CE =  7.85%( 7.50%)[ 0.0%,  0.0%, 92.6%,  7.4%], RTT = 0.023s, Queue delay = 0.002s, MTU = 1200
 summary  24.0  Transmit rate =  6128kbps, PLR =  0.00%( 0.00%), CE =  8.75%( 7.55%)[ 0.0%,  0.0%, 92.5%,  7.5%], RTT = 0.023s, Queue delay = 0.002s, MTU = 1200
 summary  26.0  Transmit rate =  6110kbps, PLR =  0.00%( 0.00%), CE =  7.63%( 7.38%)[ 0.0%,  0.0%, 92.7%,  7.3%], RTT = 0.023s, Queue delay = 0.002s, MTU = 1200
 summary  28.0  Transmit rate =  6205kbps, PLR =  0.00%( 0.00%), CE =  6.96%( 7.37%)[ 0.0%,  0.0%, 92.7%,  7.3%], RTT = 0.023s, Queue delay = 0.002s, MTU = 1200
 summary  30.0  Transmit rate =  6137kbps, PLR =  0.00%( 0.00%), CE =  7.48%( 7.35%)[ 0.0%,  0.0%, 92.8%,  7.2%], RTT = 0.023s, Queue delay = 0.002s, MTU = 1200
 summary  32.1  Transmit rate =  6230kbps, PLR =  0.00%( 0.00%), CE =  8.64%( 7.42%)[ 0.0%,  0.0%, 92.7%,  7.3%], RTT = 0.023s, Queue delay = 0.002s, MTU = 1200
 summary  34.1  Transmit rate =  6086kbps, PLR =  0.00%( 0.00%), CE =  7.97%( 7.33%)[ 0.0%,  0.0%, 92.8%,  7.2%], RTT = 0.023s, Queue delay = 0.002s, MTU = 1200

======================== Summary ==========================
 Bitrate min/max/avg [kbps]          :  4970/ 7436/ 6037
 RTT     min/max/avg [s]             : 0.023/0.049/0.024
 Queue delay max/avg [s]             : 0.004/0.002
 Packet loss avg [%]                 : 0.000
 ECN/L4S NotECT/ECT(0)/ECT(1)/CE [%] :  0.0/ 0.0/92.8/ 7.2
===========================================================
