Listen on port 5377 to receive RTCP from decoder 
Scream sender started! 
 summary   2.0  Transmit rate =  3686kbps, PLR =  0.00%( 0.00%), CE =  3.15%( 8.39%)[ 0.0%,  0.0%, 91.4%,  8.6%], RTT = 0.036s, Queue delay = 0.001s, MTU = 1200
 summary   4.0  Transmit rate =  4927kbps, PLR =  0.00%( 0.00%), CE =  5.10%( 6.84%)[ 0.0%,  0.0%, 93.2%,  6.8%], RTT = 0.029s, Queue delay = 0.001s, MTU = 1200
 summary   6.0  Transmit rate =  5642kbps, PLR =  0.00%( 0.00%), CE =  8.39%( 7.31%)[ 0.0%,  0.0%, 92.8%,  7.2%], RTT = 0.026s, Queue delay = 0.002s, MTU = 1200
 summary   8.0  Transmit rate =  5960kbps, PLR =  0.00%( 0.00%), CE =  7.86%( 7.24%)[ 0.0%,  0.0%, 92.9%,  7.1%], RTT = 0.025s, Queue delay = 0.002s, MTU = 1200
 summary  10.0  Transmit rate =  5980kbps, PLR =  0.00%( 0.00%), CE =  8.84%( 7.32%)[ 0.0%,  0.0%, 92.8%,  7.2%], RTT = 0.024s, Queue delay = 0.002s, MTU = 1200
 summary  12.0  Transmit rate =  5977kbps, PLR =  0.00%( 0.00%), CE =  8.68%( 7.15%)[ 0.0%,  0.0%, 92.9%,  7.1%], RTT = 0.024s, Queue delay = 0.002s, MTU = 1200
 summary  14.0  Transmit rate =  6158kbps, PLR =  0.00%( 0.00%), CE =  8.10%( 7.14%)[ 0.0%,  0.0%, 92.9%,  7.1%], RTT = 0.024s, Queue delay = 0.002s, MTU = 1200
 summary  16.0  Transmit rate =  6241kbps, PLR =  0.00%( 0.00%), CE =  7.47%( 7.11%)[ 0.0%,  0.0%, 93.0%,  7.0%], RTT = 0.024s, Queue delay = 0.002s, MTU = 1200
 summary  18.0  Transmit rate =  6270kbps, PLR =  0.00%( 0.00%), CE =  8.49%( 7.23%)[ 0.0%,  0.0%, 92.9%,  7.1%], RTT = 0.024s, Queue delay = 0.002s, MTU = 1200
 summary  20.0  Transmit rate =  6129kbps, PLR =  0.00%( 0.00%), CE =  8.58%( 7.18%)[ 0.0%,  0.0%, 92.9%,  7.1%], RTT = 0.024s, Queue delay = 0.002s, MTU = 1200
 summary  22.0  Transmit rate =  6159kbps, PLR =  0.00%( 0.00%), CE =  8.84%( 7.25%)[ 0.0%,  0.0%, 92.9%,  7.1%], RTT = 0.024s, Queue delay = 0.002s, MTU = 1200
 summary  24.0  Transmit rate =  6195kbps, PLR =  0.00%( 0.00%), CE =  8.95%( 7.41%)[ 0.0%,  0.0%, 92.7%,  7.3%], RTT = 0.023s, Queue delay = 0.002s, MTU = 1200
 summary  26.0  Transmit rate =  6006kbps, PLR =  0.00%( 0.00%), CE =  8.75%( 7.38%)[ 0.0%,  0.0%, 92.8%,  7.2%], RTT = 0.024s, Queue delay = 0.002s, MTU = 1200
 summary  28.0  Transmit rate =  5991kbps, PLR =  0.00%( 0.00%), CE =  8.99%( 7.39%)[ 0.0%,  0.0%, 92.8%,  7.2%], RTT = 0.024s, Queue delay = 0.002s, MTU = 1200
 summary  30.1  Transmit rate =  6176kbps, PLR =  0.00%( 0.00%), CE =  8.30%( 7.42%)[ 0.0%,  0.0%, 92.7%,  7.3%], RTT = 0.023s, Queue delay = 0.002s, MTU = 1200
 summary  32.1  Transmit rate =  6140kbps, PLR =  0.00%( 0.00%), CE =  8.66%( 7.40%)[ 0.0%,  0.0%, 92.8%,  7.2%], RTT = 0.023s, Queue delay = 0.002s, MTU = 1200
 summary  34.1  Transmit rate =  6202kbps, PLR =  0.00%( 0.00%), CE =  8.67%( 7.36%)[ 0.0%,  0.0%, 92.8%,  7.2%], RTT = 0.024s, Queue delay = 0.002s, MTU = 1200

======================== Summary ==========================
 Bitrate min/max/avg [kbps]          :  4773/ 7456/ 6071
 RTT     min/max/avg [s]             : 0.023/0.049/0.024
 Queue delay max/avg [s]             : 0.004/0.002
 Packet loss avg [%]                 : 0.000
 ECN/L4S NotECT/ECT(0)/ECT(1)/CE [%] :  0.0/ 0.0/92.7/ 7.3
===========================================================
