Listen on port 5382 to receive RTCP from decoder 
Scream sender started! 
 summary   2.0  Transmit rate =  4037kbps, PLR =  0.00%( 0.00%), CE =  0.00%( 0.00%)[100.0%,  0.0%,  0.0%,  0.0%], RTT = 0.042s, Queue delay = 0.007s, MTU = 1200
 summary   4.0  Transmit rate =  4861kbps, PLR =  0.08%( 0.09%), CE =  0.00%( 0.00%)[100.0%,  0.0%,  0.0%,  0.0%], RTT = 0.038s, Queue delay = 0.009s, MTU = 1200
 summary   6.0  Transmit rate =  5164kbps, PLR =  0.08%( 0.06%), CE =  0.00%( 0.00%)[100.0%,  0.0%,  0.0%,  0.0%], RTT = 0.034s, Queue delay = 0.010s, MTU = 1200
 summary   8.0  Transmit rate =  5148kbps, PLR =  0.13%( 0.09%), CE =  0.00%( 0.00%)[100.0%,  0.0%,  0.0%,  0.0%], RTT = 0.033s, Queue delay = 0.009s, MTU = 1200
 summary  10.0  Transmit rate =  5024kbps, PLR =  0.15%( 0.09%), CE =  0.00%( 0.00%)[100.0%,  0.0%,  0.0%,  0.0%], RTT = 0.032s, Queue delay = 0.008s, MTU = 1200
 summary  12.0  Transmit rate =  5175kbps, PLR =  0.15%( 0.07%), CE =  0.00%( 0.00%)[100.0%,  0.0%,  0.0%,  0.0%], RTT = 0.032s, Queue delay = 0.009s, MTU = 1200
 summary  14.0  Transmit rate =  5328kbps, PLR =  0.06%( 0.06%), CE =  0.00%( 0.00%)[100.0%,  0.0%,  0.0%,  0.0%], RTT = 0.033s, Queue delay = 0.012s, MTU = 1200
 summary  16.0  Transmit rate =  5561kbps, PLR =  0.00%( 0.05%), CE =  0.00%( 0.00%)[100.0%,  0.0%,  0.0%,  0.0%], RTT = 0.035s, Queue delay = 0.013s, MTU = 1200
 summary  18.0  Transmit rate =  5441kbps, PLR =  0.04%( 0.06%), CE =  0.00%( 0.00%)[100.0%,  0.0%,  0.0%,  0.0%], RTT = 0.033s, Queue delay = 0.011s, MTU = 1200
 summary  20.0  Transmit rate =  5376kbps, PLR =  0.04%( 0.05%), CE =  0.00%( 0.00%)[100.0%,  0.0%,  0.0%,  0.0%], RTT = 0.033s, Queue delay = 0.010s, MTU = 1200
 summary  22.0  Transmit rate =  5403kbps, PLR =  0.00%( 0.05%), CE =  0.00%( 0.00%)[100.0%,  0.0%,  0.0%,  0.0%], RTT = 0.033s, Queue delay = 0.011s, MTU = 1200
 summary  24.0  Transmit rate =  5229kbps, PLR =  0.07%( 0.05%), CE =  0.00%( 0.00%)[100.0%,  0.0%,  0.0%,  0.0%], RTT = 0.033s, Queue delay = 0.010s, MTU = 1200
 summary  26.0  Transmit rate =  5274kbps, PLR =  0.07%( 0.05%), CE =  0.00%( 0.00%)[100.0%,  0.0%,  0.0%,  0.0%], RTT = 0.032s, Queue delay = 0.010s, MTU = 1200
 summary  28.0  Transmit rate =  5322kbps, PLR =  0.07%( 0.04%), CE =  0.00%( 0.00%)[100.0%,  0.0%,  0.0%,  0.0%], RTT = 0.034s, Queue delay = 0.011s, MTU = 1200
 summary  30.0  Transmit rate =  5145kbps, PLR =  0.04%( 0.05%), CE =  0.00%( 0.00%)[100.0%,  0.0%,  0.0%,  0.0%], RTT = 0.033s, Queue delay = 0.010s, MTU = 1200
 summary  32.0  Transmit rate =  5030kbps, PLR =  0.09%( 0.05%), CE =  0.00%( 0.00%)[100.0%,  0.0%,  0.0%,  0.0%], RTT = 0.031s, Queue delay = 0.009s, MTU = 1200
 summary  34.0  Transmit rate =  5218kbps, PLR =  0.09%( 0.05%), CE =  0.00%( 0.00%)[100.0%,  0.0%,  0.0%,  0.0%], RTT = 0.032s, Queue delay = 0.010s, MTU = 1200

======================== Summary ==========================
 Bitrate min/max/avg [kbps]          :  2877/ 7203/ 5279
 RTT     min/max/avg [s]             : 0.028/0.049/0.033
 Queue delay max/avg [s]             : 0.028/0.010
 Packet loss avg [%]                 : 0.057
 ECN/L4S NotECT/ECT(0)/ECT(1)/CE [%] : 100.0/ 0.0/ 0.0/ 0.0
===========================================================
