Listen on port 5311 to receive RTCP from decoder 
Scream sender started! 
 summary   2.0  Transmit rate =  3772kbps, PLR =  0.00%( 0.00%), CE =  2.83%( 9.01%)[ 0.0%,  0.0%, 91.0%,  9.0%], RTT = 0.036s, Queue delay = 0.001s, MTU = 1200
 summary   4.0  Transmit rate =  4989kbps, PLR =  0.00%( 0.00%), CE =  5.40%( 6.94%)[ 0.0%,  0.0%, 93.0%,  7.0%], RTT = 0.029s, Queue delay = 0.001s, MTU = 1200
 summary   6.0  Transmit rate =  5341kbps, PLR =  0.00%( 0.00%), CE =  8.55%( 6.93%)[ 0.0%,  0.0%, 93.1%,  6.9%], RTT = 0.026s, Queue delay = 0.002s, MTU = 1200
 summary   8.0  Transmit rate =  5487kbps, PLR =  0.00%( 0.00%), CE =  7.82%( 6.94%)[ 0.0%,  0.0%, 93.1%,  6.9%], RTT = 0.025s, Queue delay = 0.002s, MTU = 1200
 summary  10.0  Transmit rate =  5845kbps, PLR =  0.00%( 0.00%), CE =  7.43%( 7.06%)[ 0.0%,  0.0%, 93.0%,  7.0%], RTT = 0.024s, Queue delay = 0.002s, MTU = 1200
 summary  12.0  Transmit rate =  6003kbps, PLR =  0.00%( 0.00%), CE =  7.96%( 7.20%)[ 0.0%,  0.0%, 92.9%,  7.1%], RTT = 0.024s, Queue delay = 0.002s, MTU = 1200
 summary  14.0  Transmit rate =  5919kbps, PLR =  0.00%( 0.00%), CE =  7.75%( 6.91%)[ 0.0%,  0.0%, 93.2%,  6.8%], RTT = 0.023s, Queue delay = 0.002s, MTU = 1200
 summary  16.0  Transmit rate =  6150kbps, PLR =  0.00%( 0.00%), CE =  7.43%( 6.89%)[ 0.0%,  0.0%, 93.2%,  6.8%], RTT = 0.023s, Queue delay = 0.002s, MTU = 1200
 summary  18.0  Transmit rate =  6077kbps, PLR =  0.00%( 0.00%), CE =  7.06%( 6.84%)[ 0.0%,  0.0%, 93.2%,  6.8%], RTT = 0.023s, Queue delay = 0.002s, MTU = 1200
 summary  20.0  Transmit rate =  6088kbps, PLR =  0.00%( 0.00%), CE =  7.98%( 6.97%)[ 0.0%,  0.0%, 93.1%,  6.9%], RTT = 0.023s, Queue delay = 0.002s, MTU = 1200
 summary  22.0  Transmit rate =  5927kbps, PLR =  0.00%( 0.00%), CE =  8.02%( 7.00%)[ 0.0%,  0.0%, 93.1%,  6.9%], RTT = 0.023s, Queue delay = 0.002s, MTU = 1200
 summary  24.0  Transmit rate =  5818kbps, PLR =  0.00%( 0.00%), CE =  8.07%( 6.96%)[ 0.0%,  0.0%, 93.1%,  6.9%], RTT = 0.023s, Queue delay = 0.002s, MTU = 1200
 summary  26.0  Transmit rate =  6007kbps, PLR =  0.00%( 0.00%), CE =  8.46%( 7.06%)[ 0.0%,  0.0%, 93.0%,  7.0%], RTT = 0.023s, Queue delay = 0.002s, MTU = 1200
 summary  28.0  Transmit rate =  5902kbps, PLR =  0.00%( 0.00%), CE =  8.27%( 7.03%)[ 0.0%,  0.0%, 93.1%,  6.9%], RTT = 0.023s, Queue delay = 0.002s, MTU = 1200
 summary  30.0  Transmit rate =  6069kbps, PLR =  0.00%( 0.00%), CE =  8.20%( 7.03%)[ 0.0%,  0.0%, 93.1%,  6.9%], RTT = 0.023s, Queue delay = 0.002s, MTU = 1200
 summary  32.1  Transmit rate =  6197kbps, PLR =  0.00%( 0.00%), CE =  7.66%( 7.00%)[ 0.0%,  0.0%, 93.1%,  6.9%], RTT = 0.023s, Queue delay = 0.002s, MTU = 1200
 summary  34.1  Transmit rate =  6168kbps, PLR =  0.00%( 0.00%), CE =  8.87%( 7.13%)[ 0.0%,  0.0%, 93.0%,  7.0%], RTT = 0.023s, Queue delay = 0.002s, MTU = 1200

======================== Summary ==========================
 Bitrate min/max/avg [kbps]          :  4676/ 7674/ 5936
 RTT     min/max/avg [s]             : 0.023/0.049/0.024
 Queue delay max/avg [s]             : 0.004/0.002
 Packet loss avg [%]                 : 0.000
 ECN/L4S NotECT/ECT(0)/ECT(1)/CE [%] :  0.0/ 0.0/93.0/ 7.0
===========================================================
