Listen on port 5364 to receive RTCP from decoder 
Scream sender started! 
 summary   2.0  Transmit rate =  3881kbps, PLR =  0.00%( 0.10%), CE =  0.00%( 0.00%)[100.0%,  0.0%,  0.0%,  0.0%], RTT = 0.042s, Queue delay = 0.007s, MTU = 1200
 summary   4.0  Transmit rate =  5021kbps, PLR =  0.05%( 0.04%), CE =  0.00%( 0.00%)[100.0%,  0.0%,  0.0%,  0.0%], RTT = 0.038s, Queue delay = 0.010s, MTU = 1200
 summary   6.0  Transmit rate =  4940kbps, PLR =  0.14%( 0.09%), CE =  0.00%( 0.00%)[100.0%,  0.0%,  0.0%,  0.0%], RTT = 0.034s, Queue delay = 0.010s, MTU = 1200
 summary   8.0  Transmit rate =  5234kbps, PLR =  0.09%( 0.07%), CE =  0.00%( 0.00%)[100.0%,  0.0%,  0.0%,  0.0%], RTT = 0.034s, Queue delay = 0.012s, MTU = 1200
 summary  10.0  Transmit rate =  5187kbps, PLR =  0.09%( 0.09%), CE =  0.00%( 0.00%)[100.0%,  0.0%,  0.0%,  0.0%], RTT = 0.035s, Queue delay = 0.012s, MTU = 1200
 summary  12.0  Transmit rate =  4909kbps, PLR =  0.11%( 0.08%), CE =  0.00%( 0.00%)[100.0%,  0.0%,  0.0%,  0.0%], RTT = 0.032s, Queue delay = 0.009s, MTU = 1200
 summary  14.0  Transmit rate =  4914kbps, PLR =  0.17%( 0.08%), CE =  0.00%( 0.00%)[100.0%,  0.0%,  0.0%,  0.0%], RTT = 0.032s, Queue delay = 0.009s, MTU = 1200
 summary  16.0  Transmit rate =  5157kbps, PLR =  0.06%( 0.07%), CE =  0.00%( 0.00%)[100.0%,  0.0%,  0.0%,  0.0%], RTT = 0.032s, Queue delay = 0.010s, MTU = 1200
 summary  18.0  Transmit rate =  5266kbps, PLR =  0.00%( 0.06%), CE =  0.00%( 0.00%)[100.0%,  0.0%,  0.0%,  0.0%], RTT = 0.034s, Queue delay = 0.011s, MTU = 1200
 summary  20.0  Transmit rate =  5481kbps, PLR =  0.00%( 0.06%), CE =  0.00%( 0.00%)[100.0%,  0.0%,  0.0%,  0.0%], RTT = 0.034s, Queue delay = 0.012s, MTU = 1200
 summary  22.0  Transmit rate =  5242kbps, PLR =  0.05%( 0.06%), CE =  0.00%( 0.00%)[100.0%,  0.0%,  0.0%,  0.0%], RTT = 0.033s, Queue delay = 0.011s, MTU = 1200
 summary  24.0  Transmit rate =  5429kbps, PLR =  0.05%( 0.05%), CE =  0.00%( 0.00%)[100.0%,  0.0%,  0.0%,  0.0%], RTT = 0.033s, Queue delay = 0.011s, MTU = 1200
 summary  26.0  Transmit rate =  5600kbps, PLR =  0.00%( 0.05%), CE =  0.00%( 0.00%)[100.0%,  0.0%,  0.0%,  0.0%], RTT = 0.033s, Queue delay = 0.011s, MTU = 1200
 summary  28.0  Transmit rate =  5336kbps, PLR =  0.05%( 0.05%), CE =  0.00%( 0.00%)[100.0%,  0.0%,  0.0%,  0.0%], RTT = 0.033s, Queue delay = 0.011s, MTU = 1200
 summary  30.1  Transmit rate =  5182kbps, PLR =  0.09%( 0.06%), CE =  0.00%( 0.00%)[100.0%,  0.0%,  0.0%,  0.0%], RTT = 0.034s, Queue delay = 0.011s, MTU = 1200
 summary  32.1  Transmit rate =  5014kbps, PLR =  0.10%( 0.06%), CE =  0.00%( 0.00%)[100.0%,  0.0%,  0.0%,  0.0%], RTT = 0.032s, Queue delay = 0.010s, MTU = 1200
 summary  34.1  Transmit rate =  5107kbps, PLR =  0.10%( 0.05%), CE =  0.00%( 0.00%)[100.0%,  0.0%,  0.0%,  0.0%], RTT = 0.032s, Queue delay = 0.010s, MTU = 1200

======================== Summary ==========================
 Bitrate min/max/avg [kbps]          :  2220/ 6995/ 5229
 RTT     min/max/avg [s]             : 0.027/0.049/0.033
 Queue delay max/avg [s]             : 0.028/0.011
 Packet loss avg [%]                 : 0.053
 ECN/L4S NotECT/ECT(0)/ECT(1)/CE [%] : 100.0/ 0.0/ 0.0/ 0.0
===========================================================
