socket set to IP_RECVTOS
socket SO_RCVBUF set to 20971520
Listen on port 5364 to receive RTP from sender 
.
.
Packet(s) lost or reordered :   547 was received, previous rcvd is   545 
Packet(s) lost or reordered :  1857 was received, previous rcvd is  1855 
Packet(s) lost or reordered :  2238 was received, previous rcvd is  2236 
Packet(s) lost or reordered :  4769 was received, previous rcvd is  4767 
Packet(s) lost or reordered :  4997 was received, previous rcvd is  4995 
Packet(s) lost or reordered :  5188 was received, previous rcvd is  5186 
Packet(s) lost or reordered :  6539 was received, previous rcvd is  6537 
Packet(s) lost or reordered :  7023 was received, previous rcvd is  7021 
Packet(s) lost or reordered :  7458 was received, previous rcvd is  7456 
Packet(s) lost or reordered :  9243 was received, previous rcvd is  9241 
Packet(s) lost or reordered : 11058 was received, previous rcvd is 11056 
Packet(s) lost or reordered : 14467 was received, previous rcvd is 14465 
Packet(s) lost or reordered : 15430 was received, previous rcvd is 15428 
Packet(s) lost or reordered : 16343 was received, previous rcvd is 16341 
Packet(s) lost or reordered : 17353 was received, previous rcvd is 17351 
.
