Listen on port 5381 to receive RTCP from decoder 
Scream sender started! 
 summary   2.0  Transmit rate =  3888kbps, PLR =  0.00%( 0.00%), CE =  1.71%( 5.05%)[ 0.0%,  0.0%, 94.6%,  5.4%], RTT = 0.036s, Queue delay = 0.001s, MTU = 1200
 summary   4.0  Transmit rate =  5036kbps, PLR =  0.00%( 0.00%), CE =  5.14%( 7.09%)[ 0.0%,  0.0%, 92.7%,  7.3%], RTT = 0.029s, Queue delay = 0.002s, MTU = 1200
 summary   6.0  Transmit rate =  5549kbps, PLR =  0.00%( 0.00%), CE =  8.52%( 7.39%)[ 0.0%,  0.0%, 92.6%,  7.4%], RTT = 0.026s, Queue delay = 0.002s, MTU = 1200
 summary   8.0  Transmit rate =  6000kbps, PLR =  0.00%( 0.00%), CE =  7.92%( 7.15%)[ 0.0%,  0.0%, 92.8%,  7.2%], RTT = 0.024s, Queue delay = 0.002s, MTU = 1200
 summary  10.0  Transmit rate =  6128kbps, PLR =  0.00%( 0.00%), CE =  7.79%( 6.88%)[ 0.0%,  0.0%, 93.2%,  6.8%], RTT = 0.024s, Queue delay = 0.002s, MTU = 1200
 summary  12.0  Transmit rate =  6073kbps, PLR =  0.00%( 0.00%), CE =  8.21%( 6.97%)[ 0.0%,  0.0%, 93.1%,  6.9%], RTT = 0.024s, Queue delay = 0.002s, MTU = 1200
 summary  14.0  Transmit rate =  6132kbps, PLR =  0.00%( 0.00%), CE =  8.13%( 7.02%)[ 0.0%,  0.0%, 93.1%,  6.9%], RTT = 0.023s, Queue delay = 0.002s, MTU = 1200
 summary  16.0  Transmit rate =  6306kbps, PLR =  0.00%( 0.00%), CE =  8.25%( 7.23%)[ 0.0%,  0.0%, 92.9%,  7.1%], RTT = 0.023s, Queue delay = 0.002s, MTU = 1200
 summary  18.0  Transmit rate =  6220kbps, PLR =  0.00%( 0.00%), CE =  8.68%( 7.22%)[ 0.0%,  0.0%, 92.9%,  7.1%], RTT = 0.023s, Queue delay = 0.002s, MTU = 1200
 summary  20.0  Transmit rate =  6194kbps, PLR =  0.00%( 0.00%), CE =  9.31%( 7.39%)[ 0.0%,  0.0%, 92.7%,  7.3%], RTT = 0.023s, Queue delay = 0.002s, MTU = 1200
 summary  22.0  Transmit rate =  6164kbps, PLR =  0.00%( 0.00%), CE =  8.64%( 7.36%)[ 0.0%,  0.0%, 92.8%,  7.2%], RTT = 0.023s, Queue delay = 0.002s, MTU = 1200
 summary  24.0  Transmit rate =  6202kbps, PLR =  0.00%( 0.00%), CE =  8.22%( 7.30%)[ 0.0%,  0.0%, 92.8%,  7.2%], RTT = 0.023s, Queue delay = 0.002s, MTU = 1200
 summary  26.0  Transmit rate =  6119kbps, PLR =  0.00%( 0.00%), CE =  7.19%( 7.21%)[ 0.0%,  0.0%, 92.9%,  7.1%], RTT = 0.023s, Queue delay = 0.002s, MTU = 1200
 summary  28.0  Transmit rate =  6151kbps, PLR =  0.00%( 0.00%), CE =  7.85%( 7.28%)[ 0.0%,  0.0%, 92.8%,  7.2%], RTT = 0.023s, Queue delay = 0.002s, MTU = 1200
 summary  30.0  Transmit rate =  6339kbps, PLR =  0.00%( 0.00%), CE =  8.38%( 7.41%)[ 0.0%,  0.0%, 92.7%,  7.3%], RTT = 0.023s, Queue delay = 0.002s, MTU = 1200
 summary  32.0  Transmit rate =  6316kbps, PLR =  0.00%( 0.00%), CE =  8.10%( 7.33%)[ 0.0%,  0.0%, 92.8%,  7.2%], RTT = 0.023s, Queue delay = 0.002s, MTU = 1200
 summary  34.0  Transmit rate =  6334kbps, PLR =  0.00%( 0.00%), CE =  7.66%( 7.30%)[ 0.0%,  0.0%, 92.8%,  7.2%], RTT = 0.023s, Queue delay = 0.002s, MTU = 1200

======================== Summary ==========================
 Bitrate min/max/avg [kbps]          :  4842/ 7547/ 6151
 RTT     min/max/avg [s]             : 0.023/0.049/0.024
 Queue delay max/avg [s]             : 0.004/0.002
 Packet loss avg [%]                 : 0.000
 ECN/L4S NotECT/ECT(0)/ECT(1)/CE [%] :  0.0/ 0.0/92.8/ 7.2
===========================================================
