socket set to IP_RECVTOS
socket SO_RCVBUF set to 20971520
Listen on port 5396 to receive RTP from sender 
.
.
Packet(s) lost or reordered :   360 was received, previous rcvd is   358 
Packet(s) lost or reordered :   439 was received, previous rcvd is   437 
Packet(s) lost or reordered :   467 was received, previous rcvd is   465 
Packet(s) lost or reordered :  1917 was received, previous rcvd is  1915 
Packet(s) lost or reordered :  2265 was received, previous rcvd is  2263 
Packet(s) lost or reordered :  3810 was received, previous rcvd is  3808 
Packet(s) lost or reordered :  6127 was received, previous rcvd is  6125 
Packet(s) lost or reordered :  6425 was received, previous rcvd is  6423 
Packet(s) lost or reordered :  8555 was received, previous rcvd is  8553 
Packet(s) lost or reordered : 12305 was received, previous rcvd is 12303 
Packet(s) lost or reordered : 16638 was received, previous rcvd is 16636 
Packet(s) lost or reordered : 16668 was received, previous rcvd is 16666 
Packet(s) lost or reordered : 17585 was received, previous rcvd is 17583 
Packet(s) lost or reordered : 18826 was received, previous rcvd is 18824 
.
