socket set to IP_RECVTOS
socket SO_RCVBUF set to 20971520
Listen on port 5368 to receive RTP from sender 
.
.
Packet(s) lost or reordered : 14213 was received, previous rcvd is 14211 
Packet(s) lost or reordered : 14336 was received, previous rcvd is 14334 
Packet(s) lost or reordered : 15205 was received, previous rcvd is 15203 
Packet(s) lost or reordered : 15339 was received, previous rcvd is 15337 
Packet(s) lost or reordered : 15459 was received, previous rcvd is 15457 
Packet(s) lost or reordered : 15481 was received, previous rcvd is 15479 
Packet(s) lost or reordered : 15617 was received, previous rcvd is 15615 
Packet(s) lost or reordered : 15709 was received, previous rcvd is 15707 
Packet(s) lost or reordered : 15828 was received, previous rcvd is 15826 
Packet(s) lost or reordered : 15882 was received, previous rcvd is 15880 
Packet(s) lost or reordered : 16544 was received, previous rcvd is 16542 
Packet(s) lost or reordered : 16608 was received, previous rcvd is 16606 
Packet(s) lost or reordered : 17263 was received, previous rcvd is 17261 
Packet(s) lost or reordered : 45681 was received, previous rcvd is 45679 
Packet(s) lost or reordered : 59473 was received, previous rcvd is 59471 
.
