socket set to IP_RECVTOS
socket SO_RCVBUF set to 20971520
Listen on port 5366 to receive RTP from sender 
.
.
Packet(s) lost or reordered : 14329 was received, previous rcvd is 14327 
Packet(s) lost or reordered : 14996 was received, previous rcvd is 14994 
Packet(s) lost or reordered : 15077 was received, previous rcvd is 15075 
Packet(s) lost or reordered : 15194 was received, previous rcvd is 15192 
Packet(s) lost or reordered : 15237 was received, previous rcvd is 15235 
Packet(s) lost or reordered : 15466 was received, previous rcvd is 15464 
Packet(s) lost or reordered : 16559 was received, previous rcvd is 16557 
Packet(s) lost or reordered : 16856 was received, previous rcvd is 16854 
Packet(s) lost or reordered : 17223 was received, previous rcvd is 17221 
Packet(s) lost or reordered : 17571 was received, previous rcvd is 17569 
Packet(s) lost or reordered : 17615 was received, previous rcvd is 17613 
Packet(s) lost or reordered : 17667 was received, previous rcvd is 17665 
Packet(s) lost or reordered : 17675 was received, previous rcvd is 17673 
Packet(s) lost or reordered : 17802 was received, previous rcvd is 17800 
Packet(s) lost or reordered : 56804 was received, previous rcvd is 56802 
Packet(s) lost or reordered :  4605 was received, previous rcvd is  4603 
.
