Listen on port 5322 to receive RTCP from decoder 
Scream sender started! 
 summary   2.0  Transmit rate =  1726kbps, PLR =  0.00%( 0.00%), CE =  0.00%( 0.00%)[100.0%,  0.0%,  0.0%,  0.0%], RTT = 0.068s, Queue delay = 0.001s, MTU = 1200
 summary   4.0  Transmit rate =  2642kbps, PLR =  0.00%( 0.00%), CE =  0.00%( 0.00%)[100.0%,  0.0%,  0.0%,  0.0%], RTT = 0.086s, Queue delay = 0.001s, MTU = 1200
 summary   6.0  Transmit rate =  4086kbps, PLR =  0.00%( 0.00%), CE =  0.00%( 0.00%)[100.0%,  0.0%,  0.0%,  0.0%], RTT = 0.095s, Queue delay = 0.001s, MTU = 1200
 summary   8.0  Transmit rate =  6139kbps, PLR =  0.00%( 0.00%), CE =  0.00%( 0.00%)[100.0%,  0.0%,  0.0%,  0.0%], RTT = 0.099s, Queue delay = 0.001s, MTU = 1200
 summary  10.0  Transmit rate =  9318kbps, PLR =  0.00%( 0.00%), CE =  0.00%( 0.00%)[100.0%,  0.0%,  0.0%,  0.0%], RTT = 0.101s, Queue delay = 0.001s, MTU = 1200
 summary  12.0  Transmit rate = 14501kbps, PLR =  0.00%( 0.00%), CE =  0.00%( 0.00%)[100.0%,  0.0%,  0.0%,  0.0%], RTT = 0.102s, Queue delay = 0.001s, MTU = 1200
 summary  14.0  Transmit rate = 23352kbps, PLR =  0.00%( 0.00%), CE =  0.00%( 0.00%)[100.0%,  0.0%,  0.0%,  0.0%], RTT = 0.102s, Queue delay = 0.001s, MTU = 1200
 summary  16.0  Transmit rate = 39794kbps, PLR =  0.00%( 0.00%), CE =  0.00%( 0.00%)[100.0%,  0.0%,  0.0%,  0.0%], RTT = 0.102s, Queue delay = 0.001s, MTU = 1200
 summary  18.0  Transmit rate = 71319kbps, PLR =  0.00%( 0.00%), CE =  0.00%( 0.00%)[100.0%,  0.0%,  0.0%,  0.0%], RTT = 0.102s, Queue delay = 0.001s, MTU = 1200
 summary  20.0  Transmit rate = 106701kbps, PLR =  0.00%( 0.00%), CE =  0.00%( 0.00%)[100.0%,  0.0%,  0.0%,  0.0%], RTT = 0.103s, Queue delay = 0.002s, MTU = 1200
 summary  22.0  Transmit rate = 117340kbps, PLR =  0.00%( 0.00%), CE =  0.00%( 0.00%)[100.0%,  0.0%,  0.0%,  0.0%], RTT = 0.103s, Queue delay = 0.002s, MTU = 1200
 summary  24.0  Transmit rate = 105011kbps, PLR =  0.00%( 0.00%), CE =  0.00%( 0.00%)[100.0%,  0.0%,  0.0%,  0.0%], RTT = 0.103s, Queue delay = 0.001s, MTU = 1200
 summary  26.0  Transmit rate = 104194kbps, PLR =  0.00%( 0.00%), CE =  0.00%( 0.00%)[100.0%,  0.0%,  0.0%,  0.0%], RTT = 0.103s, Queue delay = 0.001s, MTU = 1200
 summary  28.0  Transmit rate = 114095kbps, PLR =  0.00%( 0.00%), CE =  0.00%( 0.00%)[100.0%,  0.0%,  0.0%,  0.0%], RTT = 0.103s, Queue delay = 0.001s, MTU = 1200
 summary  30.0  Transmit rate = 116278kbps, PLR =  0.00%( 0.00%), CE =  0.00%( 0.00%)[100.0%,  0.0%,  0.0%,  0.0%], RTT = 0.103s, Queue delay = 0.002s, MTU = 1200
 summary  32.0  Transmit rate = 112426kbps, PLR =  0.00%( 0.00%), CE =  0.00%( 0.00%)[100.0%,  0.0%,  0.0%,  0.0%], RTT = 0.103s, Queue delay = 0.001s, MTU = 1200
 summary  34.1  Transmit rate = 117898kbps, PLR =  0.00%( 0.00%), CE =  0.00%( 0.00%)[100.0%,  0.0%,  0.0%,  0.0%], RTT = 0.103s, Queue delay = 0.001s, MTU = 1200

======================== Summary ==========================
 Bitrate min/max/avg [kbps]          :  4628/189832/69208
 RTT     min/max/avg [s]             : 0.050/0.104/0.101
 Queue delay max/avg [s]             : 0.006/0.001
 Packet loss avg [%]                 : 0.002
 ECN/L4S NotECT/ECT(0)/ECT(1)/CE [%] : 100.0/ 0.0/ 0.0/ 0.0
===========================================================
