socket set to IP_RECVTOS
socket SO_RCVBUF set to 20971520
Listen on port 5362 to receive RTP from sender 
.
.
Packet(s) lost or reordered : 16297 was received, previous rcvd is 16295 
Packet(s) lost or reordered : 16600 was received, previous rcvd is 16598 
Packet(s) lost or reordered : 17250 was received, previous rcvd is 17248 
Packet(s) lost or reordered : 17817 was received, previous rcvd is 17815 
Packet(s) lost or reordered : 17927 was received, previous rcvd is 17925 
Packet(s) lost or reordered : 18597 was received, previous rcvd is 18595 
Packet(s) lost or reordered : 18810 was received, previous rcvd is 18808 
Packet(s) lost or reordered : 18950 was received, previous rcvd is 18948 
Packet(s) lost or reordered : 19146 was received, previous rcvd is 19144 
Packet(s) lost or reordered : 19184 was received, previous rcvd is 19182 
Packet(s) lost or reordered : 19238 was received, previous rcvd is 19236 
Packet(s) lost or reordered : 19256 was received, previous rcvd is 19254 
Packet(s) lost or reordered : 19744 was received, previous rcvd is 19742 
Packet(s) lost or reordered : 55567 was received, previous rcvd is 55565 
Packet(s) lost or reordered : 61575 was received, previous rcvd is 61573 
.
