Connecting to host 10.0.0.1, port 5306
[  5] local 10.0.0.4 port 51802 connected to 10.0.0.1 port 5306
[ ID] Interval           Transfer     Bitrate         Retr  Cwnd
[  5]   0.00-1.00   sec  5.62 MBytes  47.1 Mbits/sec    0   1.67 MBytes       
[  5]   1.00-2.00   sec  13.6 MBytes   114 Mbits/sec    0   2.37 MBytes       
[  5]   2.00-3.00   sec  21.6 MBytes   181 Mbits/sec    0   3.17 MBytes       
[  5]   3.00-4.00   sec  23.1 MBytes   194 Mbits/sec    0   3.17 MBytes       
[  5]   4.00-5.00   sec  21.8 MBytes   182 Mbits/sec    0   3.17 MBytes       
[  5]   5.00-6.00   sec  23.0 MBytes   193 Mbits/sec    0   3.17 MBytes       
[  5]   6.00-7.00   sec  21.6 MBytes   181 Mbits/sec    0   2.32 MBytes       
[  5]   7.00-8.00   sec  21.8 MBytes   182 Mbits/sec    0   2.52 MBytes       
[  5]   8.00-9.00   sec  21.6 MBytes   181 Mbits/sec    0   1.87 MBytes       
[  5]   9.00-10.00  sec  0.00 Bytes  0.00 bits/sec    0   1.89 MBytes       
[  5]  10.00-11.00  sec  0.00 Bytes  0.00 bits/sec  499   1.32 MBytes       
[  5]  11.00-12.00  sec  0.00 Bytes  0.00 bits/sec   95   1.07 MBytes       
[  5]  12.00-13.00  sec  3.38 MBytes  28.3 Mbits/sec    0   1.32 MBytes       
[  5]  13.00-14.00  sec  0.00 Bytes  0.00 bits/sec  163    986 KBytes       
[  5]  14.00-15.00  sec  2.38 MBytes  19.9 Mbits/sec  191    987 KBytes       
[  5]  15.00-16.00  sec  1.75 MBytes  14.7 Mbits/sec    0   1.01 MBytes       
[  5]  16.00-17.00  sec  0.00 Bytes  0.00 bits/sec    0   1.06 MBytes       
[  5]  17.00-18.00  sec  1.75 MBytes  14.7 Mbits/sec   12    882 KBytes       
[  5]  18.00-19.00  sec  1.25 MBytes  10.5 Mbits/sec    0    813 KBytes       
[  5]  19.00-20.00  sec  1.50 MBytes  12.6 Mbits/sec    0    857 KBytes       
[  5]  20.00-21.00  sec  0.00 Bytes  0.00 bits/sec    0    880 KBytes       
[  5]  21.00-22.00  sec  6.88 MBytes  57.7 Mbits/sec  126    469 KBytes       
[  5]  22.00-23.00  sec  2.75 MBytes  23.1 Mbits/sec    0    198 KBytes       
[  5]  23.00-24.00  sec  1.38 MBytes  11.5 Mbits/sec    0    197 KBytes       
[  5]  24.00-25.00  sec  2.75 MBytes  23.1 Mbits/sec    0    208 KBytes       
[  5]  25.00-26.00  sec  1.25 MBytes  10.5 Mbits/sec    0    160 KBytes       
[  5]  26.00-27.00  sec  1.38 MBytes  11.5 Mbits/sec    0    173 KBytes       
[  5]  27.00-28.00  sec  0.00 Bytes  0.00 bits/sec    0    178 KBytes       
[  5]  28.00-29.00  sec  1.38 MBytes  11.5 Mbits/sec    0    178 KBytes       
[  5]  29.00-30.00  sec  0.00 Bytes  0.00 bits/sec    0    178 KBytes       
- - - - - - - - - - - - - - - - - - - - - - - - -
[ ID] Interval           Transfer     Bitrate         Retr
[  5]   0.00-30.00  sec   204 MBytes  56.9 Mbits/sec  1086             sender
[  5]   0.00-30.22  sec   201 MBytes  55.8 Mbits/sec                  receiver

iperf Done.
