Connecting to host 10.0.0.1, port 5303
[  5] local 10.0.0.4 port 44674 connected to 10.0.0.1 port 5303
[ ID] Interval           Transfer     Bitrate         Retr  Cwnd
[  5]   0.00-1.00   sec  5.62 MBytes  47.1 Mbits/sec    0   1.29 MBytes       
[  5]   1.00-2.00   sec  0.00 Bytes  0.00 bits/sec    1   1.41 KBytes       
[  5]   2.00-3.00   sec  0.00 Bytes  0.00 bits/sec    8   24.0 KBytes       
[  5]   3.00-4.00   sec  0.00 Bytes  0.00 bits/sec   11   18.4 KBytes       
[  5]   4.00-5.00   sec  0.00 Bytes  0.00 bits/sec    9   12.7 KBytes       
[  5]   5.00-6.00   sec  0.00 Bytes  0.00 bits/sec   11   12.7 KBytes       
[  5]   6.00-7.00   sec  0.00 Bytes  0.00 bits/sec   22   12.7 KBytes       
[  5]   7.00-8.00   sec  0.00 Bytes  0.00 bits/sec    8   12.7 KBytes       
[  5]   8.00-9.00   sec  0.00 Bytes  0.00 bits/sec   14   12.7 KBytes       
[  5]   9.00-10.00  sec  1.38 MBytes  11.5 Mbits/sec   25   12.7 KBytes       
[  5]  10.00-11.00  sec  0.00 Bytes  0.00 bits/sec   21   12.7 KBytes       
[  5]  11.00-12.00  sec  0.00 Bytes  0.00 bits/sec   18   12.7 KBytes       
[  5]  12.00-13.00  sec  0.00 Bytes  0.00 bits/sec   80   12.7 KBytes       
[  5]  13.00-14.00  sec  0.00 Bytes  0.00 bits/sec   88   12.7 KBytes       
[  5]  14.00-15.00  sec  0.00 Bytes  0.00 bits/sec   88   12.7 KBytes       
[  5]  15.00-16.00  sec  0.00 Bytes  0.00 bits/sec   88   12.7 KBytes       
[  5]  16.00-17.00  sec  0.00 Bytes  0.00 bits/sec   68   14.1 KBytes       
[  5]  17.00-18.00  sec  0.00 Bytes  0.00 bits/sec    0   18.4 KBytes       
[  5]  18.00-19.00  sec  0.00 Bytes  0.00 bits/sec    0   24.0 KBytes       
[  5]  19.00-20.00  sec  1.25 MBytes  10.5 Mbits/sec    0   31.1 KBytes       
[  5]  20.00-21.00  sec  0.00 Bytes  0.00 bits/sec    0   35.4 KBytes       
[  5]  21.00-22.00  sec  0.00 Bytes  0.00 bits/sec    0   45.2 KBytes       
[  5]  22.00-23.00  sec  0.00 Bytes  0.00 bits/sec    0   55.1 KBytes       
[  5]  23.00-24.00  sec  1.38 MBytes  11.5 Mbits/sec    0   65.0 KBytes       
[  5]  24.00-25.00  sec  0.00 Bytes  0.00 bits/sec    0   72.1 KBytes       
[  5]  25.00-26.00  sec  1.38 MBytes  11.5 Mbits/sec    0   82.0 KBytes       
[  5]  26.00-27.00  sec  0.00 Bytes  0.00 bits/sec    0   90.5 KBytes       
[  5]  27.00-28.00  sec  1.38 MBytes  11.5 Mbits/sec    0    103 KBytes       
[  5]  28.00-29.00  sec  1.38 MBytes  11.5 Mbits/sec    0    116 KBytes       
[  5]  29.00-30.00  sec  1.38 MBytes  11.5 Mbits/sec    0    126 KBytes       
- - - - - - - - - - - - - - - - - - - - - - - - -
[ ID] Interval           Transfer     Bitrate         Retr
[  5]   0.00-30.00  sec  15.1 MBytes  4.23 Mbits/sec  560             sender
[  5]   0.00-30.10  sec  11.5 MBytes  3.20 Mbits/sec                  receiver

iperf Done.
