Connecting to host 10.0.0.1, port 5300
[  5] local 10.0.0.4 port 38908 connected to 10.0.0.1 port 5300
[ ID] Interval           Transfer     Bitrate         Retr  Cwnd
[  5]   0.00-1.00   sec  4.25 MBytes  35.6 Mbits/sec    0   1.66 MBytes       
[  5]   1.00-2.00   sec  0.00 Bytes  0.00 bits/sec    1   1.41 KBytes       
[  5]   2.00-3.00   sec  1.38 MBytes  11.5 Mbits/sec    1   2.73 MBytes       
[  5]   3.00-4.00   sec  0.00 Bytes  0.00 bits/sec  472    823 KBytes       
[  5]   4.00-5.00   sec  0.00 Bytes  0.00 bits/sec  763    679 KBytes       
[  5]   5.00-6.00   sec  1.62 MBytes  13.6 Mbits/sec  348    823 KBytes       
[  5]   6.00-7.00   sec  1.88 MBytes  15.7 Mbits/sec    0    868 KBytes       
[  5]   7.00-8.00   sec  0.00 Bytes  0.00 bits/sec    0    682 KBytes       
[  5]   8.00-9.00   sec  1.50 MBytes  12.6 Mbits/sec    2    437 KBytes       
[  5]   9.00-10.00  sec  0.00 Bytes  0.00 bits/sec    0    454 KBytes       
[  5]  10.00-11.00  sec  1.38 MBytes  11.5 Mbits/sec    0    469 KBytes       
[  5]  11.00-12.00  sec  0.00 Bytes  0.00 bits/sec    0    513 KBytes       
[  5]  12.00-13.00  sec  1.50 MBytes  12.6 Mbits/sec    0    526 KBytes       
[  5]  13.00-14.00  sec  0.00 Bytes  0.00 bits/sec    0    529 KBytes       
[  5]  14.00-15.00  sec  1.75 MBytes  14.7 Mbits/sec    0    370 KBytes       
[  5]  15.00-16.00  sec  1.50 MBytes  12.6 Mbits/sec    0    436 KBytes       
[  5]  16.00-17.00  sec  1.38 MBytes  11.5 Mbits/sec    0    322 KBytes       
[  5]  17.00-18.00  sec  2.75 MBytes  23.1 Mbits/sec    0    290 KBytes       
[  5]  18.00-19.00  sec  2.75 MBytes  23.1 Mbits/sec    0    279 KBytes       
[  5]  19.00-20.00  sec  2.62 MBytes  22.0 Mbits/sec    0    294 KBytes       
[  5]  20.00-21.00  sec  2.75 MBytes  23.1 Mbits/sec    0    303 KBytes       
[  5]  21.00-22.00  sec  2.75 MBytes  23.1 Mbits/sec    0    304 KBytes       
[  5]  22.00-23.00  sec  2.62 MBytes  22.0 Mbits/sec    0    236 KBytes       
[  5]  23.00-24.00  sec  1.38 MBytes  11.5 Mbits/sec    0    184 KBytes       
[  5]  24.00-25.00  sec  0.00 Bytes  0.00 bits/sec    0    197 KBytes       
[  5]  25.00-26.00  sec  1.50 MBytes  12.6 Mbits/sec    0    143 KBytes       
[  5]  26.00-27.00  sec  0.00 Bytes  0.00 bits/sec    0    160 KBytes       
[  5]  27.00-28.00  sec  1.38 MBytes  11.5 Mbits/sec    0    168 KBytes       
[  5]  28.00-29.00  sec  1.38 MBytes  11.5 Mbits/sec    0    170 KBytes       
[  5]  29.00-30.00  sec  0.00 Bytes  0.00 bits/sec    0    170 KBytes       
- - - - - - - - - - - - - - - - - - - - - - - - -
[ ID] Interval           Transfer     Bitrate         Retr
[  5]   0.00-30.00  sec  40.0 MBytes  11.2 Mbits/sec  1587             sender
[  5]   0.00-30.14  sec  37.2 MBytes  10.4 Mbits/sec                  receiver

iperf Done.
