Connecting to host 10.0.0.1, port 5305
[  5] local 10.0.0.4 port 51168 connected to 10.0.0.1 port 5305
[ ID] Interval           Transfer     Bitrate         Retr  Cwnd
[  5]   0.00-1.00   sec  5.75 MBytes  48.2 Mbits/sec    0   2.85 MBytes       
[  5]   1.00-2.00   sec  0.00 Bytes  0.00 bits/sec    1   1.41 KBytes       
[  5]   2.00-3.00   sec  0.00 Bytes  0.00 bits/sec    1   2.72 MBytes       
[  5]   3.00-4.00   sec  0.00 Bytes  0.00 bits/sec  1317   2.57 MBytes       
[  5]   4.00-5.00   sec  0.00 Bytes  0.00 bits/sec  555   2.09 MBytes       
[  5]   5.00-6.00   sec  0.00 Bytes  0.00 bits/sec  899   2.06 MBytes       
[  5]   6.00-7.00   sec  1.50 MBytes  12.6 Mbits/sec    0   1.56 MBytes       
[  5]   7.00-8.00   sec  0.00 Bytes  0.00 bits/sec  411   1.51 MBytes       
[  5]   8.00-9.00   sec  0.00 Bytes  0.00 bits/sec  101   1.43 MBytes       
[  5]   9.00-10.00  sec  0.00 Bytes  0.00 bits/sec    0   1.40 MBytes       
[  5]  10.00-11.00  sec  3.00 MBytes  25.2 Mbits/sec  210   1.25 MBytes       
[  5]  11.00-12.00  sec  0.00 Bytes  0.00 bits/sec   16   1.23 MBytes       
[  5]  12.00-13.00  sec  0.00 Bytes  0.00 bits/sec  140    687 KBytes       
[  5]  13.00-14.00  sec  0.00 Bytes  0.00 bits/sec  199    600 KBytes       
[  5]  14.00-15.00  sec  0.00 Bytes  0.00 bits/sec   97    230 KBytes       
[  5]  15.00-16.00  sec  1.50 MBytes  12.6 Mbits/sec    0   49.5 KBytes       
[  5]  16.00-17.00  sec  0.00 Bytes  0.00 bits/sec    0   18.4 KBytes       
[  5]  17.00-18.00  sec  0.00 Bytes  0.00 bits/sec    0   15.6 KBytes       
[  5]  18.00-19.00  sec  0.00 Bytes  0.00 bits/sec    0   14.1 KBytes       
[  5]  19.00-20.00  sec  0.00 Bytes  0.00 bits/sec    0   14.1 KBytes       
[  5]  20.00-21.00  sec  0.00 Bytes  0.00 bits/sec    0   15.6 KBytes       
[  5]  21.00-22.00  sec  0.00 Bytes  0.00 bits/sec    0   17.0 KBytes       
[  5]  22.00-23.00  sec  0.00 Bytes  0.00 bits/sec    0   21.2 KBytes       
[  5]  23.00-24.00  sec  0.00 Bytes  0.00 bits/sec    0   19.8 KBytes       
[  5]  24.00-25.00  sec  0.00 Bytes  0.00 bits/sec    0   22.6 KBytes       
[  5]  25.00-26.00  sec  0.00 Bytes  0.00 bits/sec    0   28.3 KBytes       
[  5]  26.00-27.00  sec  1.38 MBytes  11.5 Mbits/sec    0   35.4 KBytes       
[  5]  27.00-28.00  sec  0.00 Bytes  0.00 bits/sec    0   41.0 KBytes       
[  5]  28.00-29.00  sec  0.00 Bytes  0.00 bits/sec    0   46.7 KBytes       
[  5]  29.00-30.00  sec  0.00 Bytes  0.00 bits/sec    0   52.3 KBytes       
- - - - - - - - - - - - - - - - - - - - - - - - -
[ ID] Interval           Transfer     Bitrate         Retr
[  5]   0.00-30.00  sec  13.1 MBytes  3.67 Mbits/sec  3947             sender
[  5]   0.00-30.10  sec  10.5 MBytes  2.93 Mbits/sec                  receiver

iperf Done.
