Connecting to host 10.0.0.1, port 5304
[  5] local 10.0.0.4 port 39292 connected to 10.0.0.1 port 5304
[ ID] Interval           Transfer     Bitrate         Retr  Cwnd
[  5]   0.00-1.00   sec  4.38 MBytes  36.7 Mbits/sec    0   1.61 MBytes       
[  5]   1.00-2.00   sec  0.00 Bytes  0.00 bits/sec    1   1.41 KBytes       
[  5]   2.00-3.00   sec  1.75 MBytes  14.7 Mbits/sec    1   1.63 MBytes       
[  5]   3.00-4.00   sec  0.00 Bytes  0.00 bits/sec   57   1.22 MBytes       
[  5]   4.00-5.00   sec  0.00 Bytes  0.00 bits/sec  527    288 KBytes       
[  5]   5.00-6.00   sec  0.00 Bytes  0.00 bits/sec  149    296 KBytes       
[  5]   6.00-7.00   sec  0.00 Bytes  0.00 bits/sec  127    221 KBytes       
[  5]   7.00-8.00   sec  0.00 Bytes  0.00 bits/sec  134    181 KBytes       
[  5]   8.00-9.00   sec  2.50 MBytes  21.0 Mbits/sec  161    280 KBytes       
[  5]   9.00-10.00  sec  0.00 Bytes  0.00 bits/sec    0    329 KBytes       
[  5]  10.00-11.00  sec  0.00 Bytes  0.00 bits/sec    0    686 KBytes       
[  5]  11.00-12.00  sec  0.00 Bytes  0.00 bits/sec    0    745 KBytes       
[  5]  12.00-13.00  sec  0.00 Bytes  0.00 bits/sec    0    749 KBytes       
[  5]  13.00-14.00  sec  1.38 MBytes  11.5 Mbits/sec   77    544 KBytes       
[  5]  14.00-15.00  sec  0.00 Bytes  0.00 bits/sec  100    495 KBytes       
[  5]  15.00-16.00  sec  1.38 MBytes  11.5 Mbits/sec   29    557 KBytes       
[  5]  16.00-17.00  sec  1.38 MBytes  11.5 Mbits/sec    0    411 KBytes       
[  5]  17.00-18.00  sec  0.00 Bytes  0.00 bits/sec    0    434 KBytes       
[  5]  18.00-19.00  sec  1.38 MBytes  11.5 Mbits/sec    0    458 KBytes       
[  5]  19.00-20.00  sec  0.00 Bytes  0.00 bits/sec    0    329 KBytes       
[  5]  20.00-21.00  sec  1.38 MBytes  11.5 Mbits/sec    0    363 KBytes       
[  5]  21.00-22.00  sec  1.38 MBytes  11.5 Mbits/sec    0    305 KBytes       
[  5]  22.00-23.00  sec  1.38 MBytes  11.5 Mbits/sec    0    294 KBytes       
[  5]  23.00-24.00  sec  1.38 MBytes  11.5 Mbits/sec    0    223 KBytes       
[  5]  24.00-25.00  sec  1.38 MBytes  11.5 Mbits/sec    0    174 KBytes       
[  5]  25.00-26.00  sec  1.38 MBytes  11.5 Mbits/sec    0    191 KBytes       
[  5]  26.00-27.00  sec  2.75 MBytes  23.1 Mbits/sec    0    140 KBytes       
[  5]  27.00-28.00  sec  1.25 MBytes  10.5 Mbits/sec    0    158 KBytes       
[  5]  28.00-29.00  sec  1.38 MBytes  11.5 Mbits/sec    0    123 KBytes       
[  5]  29.00-30.00  sec  0.00 Bytes  0.00 bits/sec    0    134 KBytes       
- - - - - - - - - - - - - - - - - - - - - - - - -
[ ID] Interval           Transfer     Bitrate         Retr
[  5]   0.00-30.00  sec  27.8 MBytes  7.76 Mbits/sec  1363             sender
[  5]   0.00-30.10  sec  25.4 MBytes  7.07 Mbits/sec                  receiver

iperf Done.
