Listen on port 5405 to receive RTCP from decoder 
Scream sender started! 
 refresh 0.101135 RTP queue 1 packets discarded for SSRC 100
 summary   2.0  Transmit rate =  1371kbps, PLR =  0.00%( 0.00%), CE =  0.70%( 1.55%)[ 0.0%,  0.0%, 98.6%,  1.4%], RTT = 0.067s, Queue delay = 0.000s, MTU = 1200
 summary   4.0  Transmit rate =  2242kbps, PLR =  0.00%( 0.00%), CE =  0.70%( 0.54%)[ 0.0%,  0.0%, 99.5%,  0.5%], RTT = 0.086s, Queue delay = 0.001s, MTU = 1200
 summary   6.0  Transmit rate =  3624kbps, PLR =  0.00%( 0.00%), CE =  0.07%( 0.26%)[ 0.0%,  0.0%, 99.7%,  0.3%], RTT = 0.095s, Queue delay = 0.001s, MTU = 1200
 summary   8.0  Transmit rate =  5401kbps, PLR =  0.00%( 0.00%), CE =  0.18%( 0.40%)[ 0.0%,  0.0%, 99.6%,  0.4%], RTT = 0.099s, Queue delay = 0.001s, MTU = 1200
 summary  10.0  Transmit rate =  6443kbps, PLR =  0.00%( 0.00%), CE =  0.88%( 0.90%)[ 0.0%,  0.0%, 99.1%,  0.9%], RTT = 0.101s, Queue delay = 0.001s, MTU = 1200
 summary  12.0  Transmit rate =  6917kbps, PLR =  0.00%( 0.00%), CE =  1.81%( 1.18%)[ 0.0%,  0.0%, 98.9%,  1.1%], RTT = 0.102s, Queue delay = 0.001s, MTU = 1200
 summary  14.0  Transmit rate =  7142kbps, PLR =  0.00%( 0.00%), CE =  2.59%( 1.44%)[ 0.0%,  0.0%, 98.6%,  1.4%], RTT = 0.102s, Queue delay = 0.001s, MTU = 1200
 summary  16.0  Transmit rate =  7232kbps, PLR =  0.00%( 0.00%), CE =  2.54%( 1.56%)[ 0.0%,  0.0%, 98.5%,  1.5%], RTT = 0.102s, Queue delay = 0.001s, MTU = 1200
 summary  18.0  Transmit rate =  7287kbps, PLR =  0.00%( 0.00%), CE =  2.50%( 1.62%)[ 0.0%,  0.0%, 98.5%,  1.5%], RTT = 0.102s, Queue delay = 0.001s, MTU = 1200
 summary  20.0  Transmit rate =  7316kbps, PLR =  0.00%( 0.00%), CE =  2.35%( 1.70%)[ 0.0%,  0.0%, 98.4%,  1.6%], RTT = 0.102s, Queue delay = 0.001s, MTU = 1200
 summary  22.0  Transmit rate =  7308kbps, PLR =  0.00%( 0.00%), CE =  2.35%( 1.75%)[ 0.0%,  0.0%, 98.3%,  1.7%], RTT = 0.102s, Queue delay = 0.001s, MTU = 1200
 summary  24.0  Transmit rate =  7299kbps, PLR =  0.00%( 0.00%), CE =  2.16%( 1.70%)[ 0.0%,  0.0%, 98.4%,  1.6%], RTT = 0.102s, Queue delay = 0.001s, MTU = 1200
 summary  26.0  Transmit rate =  7321kbps, PLR =  0.00%( 0.00%), CE =  2.08%( 1.75%)[ 0.0%,  0.0%, 98.3%,  1.7%], RTT = 0.102s, Queue delay = 0.001s, MTU = 1200
 summary  28.0  Transmit rate =  7317kbps, PLR =  0.00%( 0.00%), CE =  2.41%( 1.82%)[ 0.0%,  0.0%, 98.3%,  1.7%], RTT = 0.102s, Queue delay = 0.001s, MTU = 1200
 summary  30.0  Transmit rate =  7306kbps, PLR =  0.00%( 0.00%), CE =  2.77%( 1.86%)[ 0.0%,  0.0%, 98.2%,  1.8%], RTT = 0.102s, Queue delay = 0.001s, MTU = 1200
 summary  32.0  Transmit rate =  7314kbps, PLR =  0.00%( 0.00%), CE =  2.43%( 1.87%)[ 0.0%,  0.0%, 98.2%,  1.8%], RTT = 0.102s, Queue delay = 0.001s, MTU = 1200
 summary  34.0  Transmit rate =  7321kbps, PLR =  0.00%( 0.00%), CE =  2.66%( 1.92%)[ 0.0%,  0.0%, 98.2%,  1.8%], RTT = 0.102s, Queue delay = 0.001s, MTU = 1200

======================== Summary ==========================
 Bitrate min/max/avg [kbps]          :  4228/ 8508/ 6551
 RTT     min/max/avg [s]             : 0.050/0.103/0.101
 Queue delay max/avg [s]             : 0.002/0.001
 Packet loss avg [%]                 : 0.000
 ECN/L4S NotECT/ECT(0)/ECT(1)/CE [%] :  0.0/ 0.0/98.2/ 1.8
===========================================================
