socket set to IP_RECVTOS
socket SO_RCVBUF set to 20971520
Listen on port 5428 to receive RTP from sender 
.
.
Packet(s) lost or reordered :    16 was received, previous rcvd is    14 
Packet(s) lost or reordered : 13785 was received, previous rcvd is 13783 
Packet(s) lost or reordered : 14804 was received, previous rcvd is 14802 
Packet(s) lost or reordered : 15144 was received, previous rcvd is 15142 
Packet(s) lost or reordered : 15290 was received, previous rcvd is 15288 
Packet(s) lost or reordered : 15571 was received, previous rcvd is 15569 
Packet(s) lost or reordered : 15940 was received, previous rcvd is 15938 
Packet(s) lost or reordered : 16180 was received, previous rcvd is 16178 
Packet(s) lost or reordered : 16413 was received, previous rcvd is 16411 
Packet(s) lost or reordered : 16619 was received, previous rcvd is 16617 
Packet(s) lost or reordered : 16726 was received, previous rcvd is 16724 
Packet(s) lost or reordered : 16825 was received, previous rcvd is 16823 
Packet(s) lost or reordered : 16925 was received, previous rcvd is 16923 
Packet(s) lost or reordered : 52840 was received, previous rcvd is 52838 
Packet(s) lost or reordered : 48883 was received, previous rcvd is 48881 
.
