Listen on port 5413 to receive RTCP from decoder 
Scream sender started! 
 refresh 0.10112 RTP queue 1 packets discarded for SSRC 100
 summary   2.0  Transmit rate =  1266kbps, PLR =  0.00%( 0.00%), CE =  0.70%( 1.56%)[ 0.0%,  0.0%, 98.6%,  1.4%], RTT = 0.067s, Queue delay = 0.000s, MTU = 1200
 summary   4.0  Transmit rate =  2189kbps, PLR =  0.00%( 0.00%), CE =  0.70%( 0.54%)[ 0.0%,  0.0%, 99.5%,  0.5%], RTT = 0.086s, Queue delay = 0.001s, MTU = 1200
 summary   6.0  Transmit rate =  3582kbps, PLR =  0.00%( 0.00%), CE =  0.07%( 0.27%)[ 0.0%,  0.0%, 99.7%,  0.3%], RTT = 0.095s, Queue delay = 0.001s, MTU = 1200
 summary   8.0  Transmit rate =  5153kbps, PLR =  0.00%( 0.00%), CE =  0.13%( 0.28%)[ 0.0%,  0.0%, 99.7%,  0.3%], RTT = 0.099s, Queue delay = 0.001s, MTU = 1200
 summary  10.0  Transmit rate =  6061kbps, PLR =  0.00%( 0.00%), CE =  0.68%( 0.76%)[ 0.0%,  0.0%, 99.3%,  0.7%], RTT = 0.101s, Queue delay = 0.001s, MTU = 1200
 summary  12.0  Transmit rate =  6535kbps, PLR =  0.00%( 0.00%), CE =  1.34%( 0.88%)[ 0.0%,  0.0%, 99.2%,  0.8%], RTT = 0.102s, Queue delay = 0.001s, MTU = 1200
 summary  14.0  Transmit rate =  6833kbps, PLR =  0.00%( 0.00%), CE =  1.45%( 0.78%)[ 0.0%,  0.0%, 99.3%,  0.7%], RTT = 0.102s, Queue delay = 0.001s, MTU = 1200
 summary  16.0  Transmit rate =  7079kbps, PLR =  0.00%( 0.00%), CE =  1.38%( 1.02%)[ 0.0%,  0.0%, 99.0%,  1.0%], RTT = 0.102s, Queue delay = 0.001s, MTU = 1200
 summary  18.0  Transmit rate =  7192kbps, PLR =  0.00%( 0.00%), CE =  2.06%( 1.27%)[ 0.0%,  0.0%, 98.8%,  1.2%], RTT = 0.102s, Queue delay = 0.001s, MTU = 1200
 summary  20.0  Transmit rate =  7243kbps, PLR =  0.00%( 0.00%), CE =  2.89%( 1.43%)[ 0.0%,  0.0%, 98.6%,  1.4%], RTT = 0.102s, Queue delay = 0.001s, MTU = 1200
 summary  22.0  Transmit rate =  7248kbps, PLR =  0.00%( 0.00%), CE =  2.57%( 1.50%)[ 0.0%,  0.0%, 98.5%,  1.5%], RTT = 0.102s, Queue delay = 0.001s, MTU = 1200
 summary  24.0  Transmit rate =  7273kbps, PLR =  0.00%( 0.00%), CE =  2.51%( 1.57%)[ 0.0%,  0.0%, 98.5%,  1.5%], RTT = 0.102s, Queue delay = 0.001s, MTU = 1200
 summary  26.0  Transmit rate =  7261kbps, PLR =  0.00%( 0.00%), CE =  2.40%( 1.62%)[ 0.0%,  0.0%, 98.4%,  1.6%], RTT = 0.102s, Queue delay = 0.001s, MTU = 1200
 summary  28.0  Transmit rate =  7261kbps, PLR =  0.00%( 0.00%), CE =  2.48%( 1.67%)[ 0.0%,  0.0%, 98.4%,  1.6%], RTT = 0.102s, Queue delay = 0.001s, MTU = 1200
 summary  30.1  Transmit rate =  7275kbps, PLR =  0.00%( 0.00%), CE =  2.84%( 1.77%)[ 0.0%,  0.0%, 98.3%,  1.7%], RTT = 0.102s, Queue delay = 0.001s, MTU = 1200
 summary  32.1  Transmit rate =  7265kbps, PLR =  0.00%( 0.00%), CE =  2.56%( 1.78%)[ 0.0%,  0.0%, 98.3%,  1.7%], RTT = 0.102s, Queue delay = 0.001s, MTU = 1200
 summary  34.1  Transmit rate =  7263kbps, PLR =  0.00%( 0.00%), CE =  2.77%( 1.84%)[ 0.0%,  0.0%, 98.2%,  1.8%], RTT = 0.102s, Queue delay = 0.001s, MTU = 1200

======================== Summary ==========================
 Bitrate min/max/avg [kbps]          :  4316/ 8439/ 6429
 RTT     min/max/avg [s]             : 0.050/0.102/0.101
 Queue delay max/avg [s]             : 0.002/0.001
 Packet loss avg [%]                 : 0.000
 ECN/L4S NotECT/ECT(0)/ECT(1)/CE [%] :  0.0/ 0.0/98.2/ 1.8
===========================================================
