Listen on port 5359 to receive RTCP from decoder 
Scream sender started! 
 summary   2.0  Transmit rate =  1259kbps, PLR =  0.00%( 0.00%), CE =  0.84%( 1.85%)[ 0.0%,  0.0%, 98.3%,  1.7%], RTT = 0.068s, Queue delay = 0.001s, MTU = 1200
 summary   4.0  Transmit rate =  2102kbps, PLR =  0.00%( 0.00%), CE =  0.92%( 0.79%)[ 0.0%,  0.0%, 99.3%,  0.7%], RTT = 0.086s, Queue delay = 0.001s, MTU = 1200
 summary   6.0  Transmit rate =  3260kbps, PLR =  0.00%( 0.00%), CE =  0.29%( 0.40%)[ 0.0%,  0.0%, 99.6%,  0.4%], RTT = 0.095s, Queue delay = 0.001s, MTU = 1200
 summary   8.0  Transmit rate =  4817kbps, PLR =  0.00%( 0.00%), CE =  0.15%( 0.30%)[ 0.0%,  0.0%, 99.7%,  0.3%], RTT = 0.099s, Queue delay = 0.001s, MTU = 1200
 summary  10.0  Transmit rate =  5947kbps, PLR =  0.00%( 0.00%), CE =  0.38%( 0.45%)[ 0.0%,  0.0%, 99.6%,  0.4%], RTT = 0.101s, Queue delay = 0.001s, MTU = 1200
 summary  12.0  Transmit rate =  6567kbps, PLR =  0.00%( 0.00%), CE =  0.58%( 0.45%)[ 0.0%,  0.0%, 99.6%,  0.4%], RTT = 0.102s, Queue delay = 0.001s, MTU = 1200
 summary  14.0  Transmit rate =  7002kbps, PLR =  0.00%( 0.00%), CE =  0.90%( 0.52%)[ 0.0%,  0.0%, 99.5%,  0.5%], RTT = 0.102s, Queue delay = 0.001s, MTU = 1200
 summary  16.0  Transmit rate =  7335kbps, PLR =  0.00%( 0.00%), CE =  1.04%( 0.67%)[ 0.0%,  0.0%, 99.4%,  0.6%], RTT = 0.102s, Queue delay = 0.001s, MTU = 1200
 summary  18.0  Transmit rate =  7472kbps, PLR =  0.00%( 0.00%), CE =  1.56%( 0.92%)[ 0.0%,  0.0%, 99.1%,  0.9%], RTT = 0.102s, Queue delay = 0.001s, MTU = 1200
 summary  20.0  Transmit rate =  7523kbps, PLR =  0.00%( 0.00%), CE =  2.88%( 1.22%)[ 0.0%,  0.0%, 98.8%,  1.2%], RTT = 0.102s, Queue delay = 0.001s, MTU = 1200
 summary  22.0  Transmit rate =  7512kbps, PLR =  0.00%( 0.00%), CE =  2.59%( 1.19%)[ 0.0%,  0.0%, 98.8%,  1.2%], RTT = 0.102s, Queue delay = 0.001s, MTU = 1200
 summary  24.0  Transmit rate =  7560kbps, PLR =  0.00%( 0.00%), CE =  2.20%( 1.29%)[ 0.0%,  0.0%, 98.7%,  1.3%], RTT = 0.102s, Queue delay = 0.001s, MTU = 1200
 summary  26.0  Transmit rate =  7565kbps, PLR =  0.00%( 0.00%), CE =  2.25%( 1.38%)[ 0.0%,  0.0%, 98.7%,  1.3%], RTT = 0.102s, Queue delay = 0.001s, MTU = 1200
 summary  28.0  Transmit rate =  7563kbps, PLR =  0.00%( 0.00%), CE =  2.72%( 1.48%)[ 0.0%,  0.0%, 98.6%,  1.4%], RTT = 0.102s, Queue delay = 0.001s, MTU = 1200
 summary  30.1  Transmit rate =  7563kbps, PLR =  0.00%( 0.00%), CE =  2.45%( 1.50%)[ 0.0%,  0.0%, 98.5%,  1.5%], RTT = 0.102s, Queue delay = 0.001s, MTU = 1200
 summary  32.1  Transmit rate =  7576kbps, PLR =  0.00%( 0.00%), CE =  2.40%( 1.55%)[ 0.0%,  0.0%, 98.5%,  1.5%], RTT = 0.102s, Queue delay = 0.001s, MTU = 1200
 summary  34.1  Transmit rate =  7587kbps, PLR =  0.00%( 0.00%), CE =  2.27%( 1.55%)[ 0.0%,  0.0%, 98.5%,  1.5%], RTT = 0.102s, Queue delay = 0.001s, MTU = 1200

======================== Summary ==========================
 Bitrate min/max/avg [kbps]          :  3710/ 8790/ 6577
 RTT     min/max/avg [s]             : 0.050/0.103/0.101
 Queue delay max/avg [s]             : 0.002/0.001
 Packet loss avg [%]                 : 0.000
 ECN/L4S NotECT/ECT(0)/ECT(1)/CE [%] :  0.0/ 0.0/98.5/ 1.5
===========================================================
