Listen on port 5323 to receive RTCP from decoder 
Scream sender started! 
 summary   2.0  Transmit rate =  1273kbps, PLR =  0.00%( 0.00%), CE =  0.84%( 1.85%)[ 0.0%,  0.0%, 98.4%,  1.6%], RTT = 0.067s, Queue delay = 0.000s, MTU = 1200
 summary   4.0  Transmit rate =  2191kbps, PLR =  0.00%( 0.00%), CE =  0.89%( 0.75%)[ 0.0%,  0.0%, 99.3%,  0.7%], RTT = 0.086s, Queue delay = 0.001s, MTU = 1200
 summary   6.0  Transmit rate =  3386kbps, PLR =  0.00%( 0.00%), CE =  0.14%( 0.38%)[ 0.0%,  0.0%, 99.6%,  0.4%], RTT = 0.095s, Queue delay = 0.001s, MTU = 1200
 summary   8.0  Transmit rate =  4973kbps, PLR =  0.00%( 0.00%), CE =  0.09%( 0.26%)[ 0.0%,  0.0%, 99.7%,  0.3%], RTT = 0.099s, Queue delay = 0.001s, MTU = 1200
 summary  10.0  Transmit rate =  6178kbps, PLR =  0.00%( 0.00%), CE =  0.69%( 0.73%)[ 0.0%,  0.0%, 99.3%,  0.7%], RTT = 0.101s, Queue delay = 0.001s, MTU = 1200
 summary  12.0  Transmit rate =  6722kbps, PLR =  0.00%( 0.00%), CE =  1.53%( 1.05%)[ 0.0%,  0.0%, 99.0%,  1.0%], RTT = 0.102s, Queue delay = 0.001s, MTU = 1200
 summary  14.0  Transmit rate =  6989kbps, PLR =  0.00%( 0.00%), CE =  2.40%( 1.27%)[ 0.0%,  0.0%, 98.8%,  1.2%], RTT = 0.102s, Queue delay = 0.001s, MTU = 1200
 summary  16.0  Transmit rate =  7092kbps, PLR =  0.00%( 0.00%), CE =  2.47%( 1.50%)[ 0.0%,  0.0%, 98.5%,  1.5%], RTT = 0.102s, Queue delay = 0.001s, MTU = 1200
 summary  18.0  Transmit rate =  7144kbps, PLR =  0.00%( 0.00%), CE =  2.39%( 1.53%)[ 0.0%,  0.0%, 98.5%,  1.5%], RTT = 0.102s, Queue delay = 0.001s, MTU = 1200
 summary  20.0  Transmit rate =  7187kbps, PLR =  0.00%( 0.00%), CE =  2.71%( 1.70%)[ 0.0%,  0.0%, 98.3%,  1.7%], RTT = 0.102s, Queue delay = 0.001s, MTU = 1200
 summary  22.0  Transmit rate =  7189kbps, PLR =  0.00%( 0.00%), CE =  2.62%( 1.71%)[ 0.0%,  0.0%, 98.3%,  1.7%], RTT = 0.102s, Queue delay = 0.001s, MTU = 1200
 summary  24.0  Transmit rate =  7191kbps, PLR =  0.00%( 0.00%), CE =  2.59%( 1.76%)[ 0.0%,  0.0%, 98.3%,  1.7%], RTT = 0.102s, Queue delay = 0.001s, MTU = 1200
 summary  26.0  Transmit rate =  7212kbps, PLR =  0.00%( 0.00%), CE =  2.59%( 1.82%)[ 0.0%,  0.0%, 98.2%,  1.8%], RTT = 0.102s, Queue delay = 0.001s, MTU = 1200
 summary  28.0  Transmit rate =  7205kbps, PLR =  0.00%( 0.00%), CE =  2.39%( 1.80%)[ 0.0%,  0.0%, 98.2%,  1.8%], RTT = 0.102s, Queue delay = 0.001s, MTU = 1200
 summary  30.0  Transmit rate =  7188kbps, PLR =  0.00%( 0.00%), CE =  2.67%( 1.89%)[ 0.0%,  0.0%, 98.1%,  1.9%], RTT = 0.102s, Queue delay = 0.001s, MTU = 1200
 summary  32.1  Transmit rate =  7196kbps, PLR =  0.00%( 0.00%), CE =  2.38%( 1.87%)[ 0.0%,  0.0%, 98.2%,  1.8%], RTT = 0.102s, Queue delay = 0.001s, MTU = 1200
 summary  34.1  Transmit rate =  7217kbps, PLR =  0.00%( 0.00%), CE =  2.38%( 1.89%)[ 0.0%,  0.0%, 98.1%,  1.9%], RTT = 0.102s, Queue delay = 0.001s, MTU = 1200

======================== Summary ==========================
 Bitrate min/max/avg [kbps]          :  3842/ 8409/ 6396
 RTT     min/max/avg [s]             : 0.050/0.102/0.101
 Queue delay max/avg [s]             : 0.002/0.001
 Packet loss avg [%]                 : 0.000
 ECN/L4S NotECT/ECT(0)/ECT(1)/CE [%] :  0.0/ 0.0/98.1/ 1.9
===========================================================
