Listen on port 5459 to receive RTCP from decoder 
Scream sender started! 
 refresh 0.101166 RTP queue 1 packets discarded for SSRC 100
 summary   2.0  Transmit rate =  1436kbps, PLR =  0.00%( 0.00%), CE =  0.53%( 1.13%)[ 0.0%,  0.0%, 99.0%,  1.0%], RTT = 0.068s, Queue delay = 0.000s, MTU = 1200
 summary   4.0  Transmit rate =  2331kbps, PLR =  0.00%( 0.00%), CE =  0.53%( 0.41%)[ 0.0%,  0.0%, 99.6%,  0.4%], RTT = 0.086s, Queue delay = 0.001s, MTU = 1200
 summary   6.0  Transmit rate =  3727kbps, PLR =  0.00%( 0.00%), CE =  0.05%( 0.20%)[ 0.0%,  0.0%, 99.8%,  0.2%], RTT = 0.095s, Queue delay = 0.001s, MTU = 1200
 summary   8.0  Transmit rate =  5543kbps, PLR =  0.00%( 0.00%), CE =  0.20%( 0.56%)[ 0.0%,  0.0%, 99.5%,  0.5%], RTT = 0.099s, Queue delay = 0.001s, MTU = 1200
 summary  10.0  Transmit rate =  6541kbps, PLR =  0.00%( 0.00%), CE =  0.97%( 0.76%)[ 0.0%,  0.0%, 99.3%,  0.7%], RTT = 0.101s, Queue delay = 0.001s, MTU = 1200
 summary  12.0  Transmit rate =  7096kbps, PLR =  0.00%( 0.00%), CE =  1.81%( 1.13%)[ 0.0%,  0.0%, 98.9%,  1.1%], RTT = 0.102s, Queue delay = 0.001s, MTU = 1200
 summary  14.0  Transmit rate =  7332kbps, PLR =  0.00%( 0.00%), CE =  1.80%( 1.22%)[ 0.0%,  0.0%, 98.8%,  1.2%], RTT = 0.102s, Queue delay = 0.001s, MTU = 1200
 summary  16.0  Transmit rate =  7453kbps, PLR =  0.00%( 0.00%), CE =  2.33%( 1.26%)[ 0.0%,  0.0%, 98.8%,  1.2%], RTT = 0.102s, Queue delay = 0.001s, MTU = 1200
 summary  18.0  Transmit rate =  7517kbps, PLR =  0.00%( 0.00%), CE =  1.93%( 1.41%)[ 0.0%,  0.0%, 98.6%,  1.4%], RTT = 0.102s, Queue delay = 0.001s, MTU = 1200
 summary  20.0  Transmit rate =  7531kbps, PLR =  0.00%( 0.00%), CE =  2.21%( 1.52%)[ 0.0%,  0.0%, 98.5%,  1.5%], RTT = 0.102s, Queue delay = 0.001s, MTU = 1200
 summary  22.0  Transmit rate =  7559kbps, PLR =  0.00%( 0.00%), CE =  2.28%( 1.57%)[ 0.0%,  0.0%, 98.5%,  1.5%], RTT = 0.102s, Queue delay = 0.001s, MTU = 1200
 summary  24.0  Transmit rate =  7538kbps, PLR =  0.00%( 0.00%), CE =  2.74%( 1.65%)[ 0.0%,  0.0%, 98.4%,  1.6%], RTT = 0.102s, Queue delay = 0.001s, MTU = 1200
 summary  26.0  Transmit rate =  7531kbps, PLR =  0.00%( 0.00%), CE =  2.64%( 1.69%)[ 0.0%,  0.0%, 98.4%,  1.6%], RTT = 0.102s, Queue delay = 0.001s, MTU = 1200
 summary  28.0  Transmit rate =  7534kbps, PLR =  0.00%( 0.00%), CE =  2.47%( 1.72%)[ 0.0%,  0.0%, 98.3%,  1.7%], RTT = 0.102s, Queue delay = 0.001s, MTU = 1200
 summary  30.0  Transmit rate =  7541kbps, PLR =  0.00%( 0.00%), CE =  2.17%( 1.74%)[ 0.0%,  0.0%, 98.3%,  1.7%], RTT = 0.102s, Queue delay = 0.001s, MTU = 1200
 summary  32.1  Transmit rate =  7546kbps, PLR =  0.00%( 0.00%), CE =  2.32%( 1.77%)[ 0.0%,  0.0%, 98.3%,  1.7%], RTT = 0.102s, Queue delay = 0.001s, MTU = 1200
 summary  34.1  Transmit rate =  7564kbps, PLR =  0.00%( 0.00%), CE =  2.14%( 1.77%)[ 0.0%,  0.0%, 98.3%,  1.7%], RTT = 0.102s, Queue delay = 0.001s, MTU = 1200

======================== Summary ==========================
 Bitrate min/max/avg [kbps]          :  4497/ 8737/ 6745
 RTT     min/max/avg [s]             : 0.050/0.103/0.101
 Queue delay max/avg [s]             : 0.002/0.001
 Packet loss avg [%]                 : 0.000
 ECN/L4S NotECT/ECT(0)/ECT(1)/CE [%] :  0.0/ 0.0/98.3/ 1.7
===========================================================
