Listen on port 5493 to receive RTCP from decoder 
Scream sender started! 
 summary   2.0  Transmit rate =  1290kbps, PLR =  0.00%( 0.00%), CE =  0.84%( 1.78%)[ 0.0%,  0.0%, 98.4%,  1.6%], RTT = 0.068s, Queue delay = 0.000s, MTU = 1200
 summary   4.0  Transmit rate =  2219kbps, PLR =  0.00%( 0.00%), CE =  0.84%( 0.64%)[ 0.0%,  0.0%, 99.4%,  0.6%], RTT = 0.086s, Queue delay = 0.001s, MTU = 1200
 summary   6.0  Transmit rate =  3601kbps, PLR =  0.00%( 0.00%), CE =  0.12%( 0.37%)[ 0.0%,  0.0%, 99.6%,  0.4%], RTT = 0.095s, Queue delay = 0.001s, MTU = 1200
 summary   8.0  Transmit rate =  5149kbps, PLR =  0.00%( 0.00%), CE =  0.04%( 0.25%)[ 0.0%,  0.0%, 99.8%,  0.2%], RTT = 0.099s, Queue delay = 0.001s, MTU = 1200
 summary  10.0  Transmit rate =  6471kbps, PLR =  0.00%( 0.00%), CE =  0.52%( 0.67%)[ 0.0%,  0.0%, 99.3%,  0.7%], RTT = 0.101s, Queue delay = 0.001s, MTU = 1200
 summary  12.0  Transmit rate =  7106kbps, PLR =  0.00%( 0.00%), CE =  1.46%( 1.00%)[ 0.0%,  0.0%, 99.0%,  1.0%], RTT = 0.102s, Queue delay = 0.001s, MTU = 1200
 summary  14.0  Transmit rate =  7393kbps, PLR =  0.00%( 0.00%), CE =  2.08%( 1.21%)[ 0.0%,  0.0%, 98.8%,  1.2%], RTT = 0.102s, Queue delay = 0.001s, MTU = 1200
 summary  16.0  Transmit rate =  7520kbps, PLR =  0.00%( 0.00%), CE =  2.22%( 1.35%)[ 0.0%,  0.0%, 98.7%,  1.3%], RTT = 0.102s, Queue delay = 0.001s, MTU = 1200
 summary  18.0  Transmit rate =  7581kbps, PLR =  0.00%( 0.00%), CE =  2.62%( 1.53%)[ 0.0%,  0.0%, 98.5%,  1.5%], RTT = 0.102s, Queue delay = 0.001s, MTU = 1200
 summary  20.0  Transmit rate =  7601kbps, PLR =  0.00%( 0.00%), CE =  2.30%( 1.54%)[ 0.0%,  0.0%, 98.5%,  1.5%], RTT = 0.102s, Queue delay = 0.001s, MTU = 1200
 summary  22.0  Transmit rate =  7611kbps, PLR =  0.00%( 0.00%), CE =  2.25%( 1.61%)[ 0.0%,  0.0%, 98.4%,  1.6%], RTT = 0.102s, Queue delay = 0.001s, MTU = 1200
 summary  24.0  Transmit rate =  7625kbps, PLR =  0.00%( 0.00%), CE =  2.19%( 1.64%)[ 0.0%,  0.0%, 98.4%,  1.6%], RTT = 0.102s, Queue delay = 0.001s, MTU = 1200
 summary  26.0  Transmit rate =  7630kbps, PLR =  0.00%( 0.00%), CE =  2.39%( 1.73%)[ 0.0%,  0.0%, 98.3%,  1.7%], RTT = 0.102s, Queue delay = 0.001s, MTU = 1200
 summary  28.0  Transmit rate =  7620kbps, PLR =  0.00%( 0.00%), CE =  2.51%( 1.76%)[ 0.0%,  0.0%, 98.3%,  1.7%], RTT = 0.102s, Queue delay = 0.001s, MTU = 1200
 summary  30.0  Transmit rate =  7630kbps, PLR =  0.00%( 0.00%), CE =  2.42%( 1.77%)[ 0.0%,  0.0%, 98.3%,  1.7%], RTT = 0.102s, Queue delay = 0.001s, MTU = 1200
 summary  32.0  Transmit rate =  7627kbps, PLR =  0.00%( 0.00%), CE =  2.64%( 1.80%)[ 0.0%,  0.0%, 98.2%,  1.8%], RTT = 0.102s, Queue delay = 0.001s, MTU = 1200
 summary  34.0  Transmit rate =  7642kbps, PLR =  0.00%( 0.00%), CE =  2.43%( 1.81%)[ 0.0%,  0.0%, 98.2%,  1.8%], RTT = 0.102s, Queue delay = 0.001s, MTU = 1200

======================== Summary ==========================
 Bitrate min/max/avg [kbps]          :     0/ 8837/ 6666
 RTT     min/max/avg [s]             : 0.050/0.103/0.101
 Queue delay max/avg [s]             : 0.002/0.001
 Packet loss avg [%]                 : 0.000
 ECN/L4S NotECT/ECT(0)/ECT(1)/CE [%] :  0.0/ 0.0/98.2/ 1.8
===========================================================
