Listen on port 5327 to receive RTCP from decoder 
Scream sender started! 
 summary   2.0  Transmit rate =  1258kbps, PLR =  0.00%( 0.00%), CE =  0.95%( 2.18%)[ 0.0%,  0.0%, 98.1%,  1.9%], RTT = 0.067s, Queue delay = 0.000s, MTU = 1200
 summary   4.0  Transmit rate =  2114kbps, PLR =  0.00%( 0.00%), CE =  0.96%( 0.78%)[ 0.0%,  0.0%, 99.3%,  0.7%], RTT = 0.086s, Queue delay = 0.001s, MTU = 1200
 summary   6.0  Transmit rate =  3389kbps, PLR =  0.00%( 0.00%), CE =  0.20%( 0.39%)[ 0.0%,  0.0%, 99.6%,  0.4%], RTT = 0.095s, Queue delay = 0.001s, MTU = 1200
 summary   8.0  Transmit rate =  5052kbps, PLR =  0.00%( 0.00%), CE =  0.33%( 0.65%)[ 0.0%,  0.0%, 99.4%,  0.6%], RTT = 0.099s, Queue delay = 0.001s, MTU = 1200
 summary  10.0  Transmit rate =  6089kbps, PLR =  0.00%( 0.00%), CE =  0.49%( 0.62%)[ 0.0%,  0.0%, 99.4%,  0.6%], RTT = 0.101s, Queue delay = 0.001s, MTU = 1200
 summary  12.0  Transmit rate =  6571kbps, PLR =  0.00%( 0.00%), CE =  1.52%( 1.08%)[ 0.0%,  0.0%, 98.9%,  1.1%], RTT = 0.102s, Queue delay = 0.001s, MTU = 1200
 summary  14.0  Transmit rate =  6804kbps, PLR =  0.00%( 0.00%), CE =  2.10%( 1.31%)[ 0.0%,  0.0%, 98.7%,  1.3%], RTT = 0.102s, Queue delay = 0.001s, MTU = 1200
 summary  16.0  Transmit rate =  6917kbps, PLR =  0.00%( 0.00%), CE =  2.69%( 1.49%)[ 0.0%,  0.0%, 98.6%,  1.4%], RTT = 0.102s, Queue delay = 0.001s, MTU = 1200
 summary  18.0  Transmit rate =  6963kbps, PLR =  0.00%( 0.00%), CE =  2.45%( 1.56%)[ 0.0%,  0.0%, 98.5%,  1.5%], RTT = 0.102s, Queue delay = 0.001s, MTU = 1200
 summary  20.0  Transmit rate =  7003kbps, PLR =  0.00%( 0.00%), CE =  2.33%( 1.61%)[ 0.0%,  0.0%, 98.4%,  1.6%], RTT = 0.102s, Queue delay = 0.001s, MTU = 1200
 summary  22.0  Transmit rate =  7027kbps, PLR =  0.00%( 0.00%), CE =  2.57%( 1.74%)[ 0.0%,  0.0%, 98.3%,  1.7%], RTT = 0.102s, Queue delay = 0.001s, MTU = 1200
 summary  24.0  Transmit rate =  7041kbps, PLR =  0.00%( 0.00%), CE =  2.70%( 1.78%)[ 0.0%,  0.0%, 98.3%,  1.7%], RTT = 0.102s, Queue delay = 0.001s, MTU = 1200
 summary  26.0  Transmit rate =  7032kbps, PLR =  0.00%( 0.00%), CE =  2.86%( 1.85%)[ 0.0%,  0.0%, 98.2%,  1.8%], RTT = 0.102s, Queue delay = 0.001s, MTU = 1200
 summary  28.0  Transmit rate =  7046kbps, PLR =  0.00%( 0.00%), CE =  2.33%( 1.83%)[ 0.0%,  0.0%, 98.2%,  1.8%], RTT = 0.102s, Queue delay = 0.001s, MTU = 1200
 summary  30.0  Transmit rate =  7015kbps, PLR =  0.00%( 0.00%), CE =  2.03%( 1.81%)[ 0.0%,  0.0%, 98.2%,  1.8%], RTT = 0.102s, Queue delay = 0.001s, MTU = 1200
 summary  32.0  Transmit rate =  7031kbps, PLR =  0.00%( 0.00%), CE =  2.36%( 1.89%)[ 0.0%,  0.0%, 98.2%,  1.8%], RTT = 0.102s, Queue delay = 0.001s, MTU = 1200
 summary  34.0  Transmit rate =  7029kbps, PLR =  0.00%( 0.00%), CE =  2.37%( 1.89%)[ 0.0%,  0.0%, 98.2%,  1.8%], RTT = 0.102s, Queue delay = 0.001s, MTU = 1200

======================== Summary ==========================
 Bitrate min/max/avg [kbps]          :  3944/ 8151/ 6260
 RTT     min/max/avg [s]             : 0.050/0.103/0.101
 Queue delay max/avg [s]             : 0.002/0.001
 Packet loss avg [%]                 : 0.000
 ECN/L4S NotECT/ECT(0)/ECT(1)/CE [%] :  0.0/ 0.0/98.2/ 1.8
===========================================================
