Listen on port 5431 to receive RTCP from decoder 
Scream sender started! 
 summary   2.0  Transmit rate =  1285kbps, PLR =  0.00%( 0.00%), CE =  0.84%( 1.79%)[ 0.0%,  0.0%, 98.4%,  1.6%], RTT = 0.068s, Queue delay = 0.000s, MTU = 1200
 summary   4.0  Transmit rate =  2142kbps, PLR =  0.00%( 0.00%), CE =  0.92%( 0.77%)[ 0.0%,  0.0%, 99.3%,  0.7%], RTT = 0.086s, Queue delay = 0.001s, MTU = 1200
 summary   6.0  Transmit rate =  3316kbps, PLR =  0.00%( 0.00%), CE =  0.16%( 0.39%)[ 0.0%,  0.0%, 99.6%,  0.4%], RTT = 0.095s, Queue delay = 0.001s, MTU = 1200
 summary   8.0  Transmit rate =  4771kbps, PLR =  0.00%( 0.00%), CE =  0.11%( 0.30%)[ 0.0%,  0.0%, 99.7%,  0.3%], RTT = 0.099s, Queue delay = 0.001s, MTU = 1200
 summary  10.0  Transmit rate =  6112kbps, PLR =  0.00%( 0.00%), CE =  0.18%( 0.42%)[ 0.0%,  0.0%, 99.6%,  0.4%], RTT = 0.101s, Queue delay = 0.001s, MTU = 1200
 summary  12.0  Transmit rate =  6870kbps, PLR =  0.00%( 0.00%), CE =  0.58%( 0.46%)[ 0.0%,  0.0%, 99.6%,  0.4%], RTT = 0.102s, Queue delay = 0.001s, MTU = 1200
 summary  14.0  Transmit rate =  7314kbps, PLR =  0.00%( 0.00%), CE =  1.35%( 0.87%)[ 0.0%,  0.0%, 99.1%,  0.9%], RTT = 0.102s, Queue delay = 0.001s, MTU = 1200
 summary  16.0  Transmit rate =  7468kbps, PLR =  0.00%( 0.00%), CE =  2.16%( 1.10%)[ 0.0%,  0.0%, 98.9%,  1.1%], RTT = 0.102s, Queue delay = 0.001s, MTU = 1200
 summary  18.0  Transmit rate =  7565kbps, PLR =  0.00%( 0.00%), CE =  2.72%( 1.28%)[ 0.0%,  0.0%, 98.8%,  1.2%], RTT = 0.102s, Queue delay = 0.001s, MTU = 1200
 summary  20.0  Transmit rate =  7598kbps, PLR =  0.00%( 0.00%), CE =  2.60%( 1.35%)[ 0.0%,  0.0%, 98.7%,  1.3%], RTT = 0.102s, Queue delay = 0.001s, MTU = 1200
 summary  22.0  Transmit rate =  7632kbps, PLR =  0.00%( 0.00%), CE =  2.75%( 1.46%)[ 0.0%,  0.0%, 98.6%,  1.4%], RTT = 0.102s, Queue delay = 0.001s, MTU = 1200
 summary  24.0  Transmit rate =  7657kbps, PLR =  0.00%( 0.00%), CE =  2.31%( 1.55%)[ 0.0%,  0.0%, 98.5%,  1.5%], RTT = 0.102s, Queue delay = 0.001s, MTU = 1200
 summary  26.0  Transmit rate =  7650kbps, PLR =  0.00%( 0.00%), CE =  2.91%( 1.65%)[ 0.0%,  0.0%, 98.4%,  1.6%], RTT = 0.102s, Queue delay = 0.001s, MTU = 1200
 summary  28.0  Transmit rate =  7658kbps, PLR =  0.00%( 0.00%), CE =  2.55%( 1.70%)[ 0.0%,  0.0%, 98.3%,  1.7%], RTT = 0.102s, Queue delay = 0.001s, MTU = 1200
 summary  30.1  Transmit rate =  7632kbps, PLR =  0.00%( 0.00%), CE =  2.50%( 1.75%)[ 0.0%,  0.0%, 98.3%,  1.7%], RTT = 0.102s, Queue delay = 0.001s, MTU = 1200
 summary  32.1  Transmit rate =  7643kbps, PLR =  0.00%( 0.00%), CE =  2.46%( 1.77%)[ 0.0%,  0.0%, 98.3%,  1.7%], RTT = 0.102s, Queue delay = 0.001s, MTU = 1200
 summary  34.1  Transmit rate =  7617kbps, PLR =  0.00%( 0.00%), CE =  2.37%( 1.81%)[ 0.0%,  0.0%, 98.2%,  1.8%], RTT = 0.102s, Queue delay = 0.001s, MTU = 1200

======================== Summary ==========================
 Bitrate min/max/avg [kbps]          :  3745/ 8889/ 6678
 RTT     min/max/avg [s]             : 0.050/0.103/0.101
 Queue delay max/avg [s]             : 0.002/0.001
 Packet loss avg [%]                 : 0.000
 ECN/L4S NotECT/ECT(0)/ECT(1)/CE [%] :  0.0/ 0.0/98.2/ 1.8
===========================================================
