Listen on port 5313 to receive RTCP from decoder 
Scream sender started! 
 summary   2.0  Transmit rate =  1502kbps, PLR =  0.00%( 0.00%), CE =  0.68%( 1.73%)[ 0.0%,  0.0%, 98.4%,  1.6%], RTT = 0.068s, Queue delay = 0.001s, MTU = 1200
 summary   4.0  Transmit rate =  2264kbps, PLR =  0.00%( 0.00%), CE =  0.77%( 0.64%)[ 0.0%,  0.0%, 99.4%,  0.6%], RTT = 0.086s, Queue delay = 0.001s, MTU = 1200
 summary   6.0  Transmit rate =  3457kbps, PLR =  0.00%( 0.00%), CE =  0.15%( 0.33%)[ 0.0%,  0.0%, 99.7%,  0.3%], RTT = 0.095s, Queue delay = 0.001s, MTU = 1200
 summary   8.0  Transmit rate =  5155kbps, PLR =  0.00%( 0.00%), CE =  0.21%( 0.67%)[ 0.0%,  0.0%, 99.3%,  0.7%], RTT = 0.099s, Queue delay = 0.001s, MTU = 1200
 summary  10.0  Transmit rate =  6199kbps, PLR =  0.00%( 0.00%), CE =  1.37%( 1.18%)[ 0.0%,  0.0%, 98.9%,  1.1%], RTT = 0.101s, Queue delay = 0.001s, MTU = 1200
 summary  12.0  Transmit rate =  6672kbps, PLR =  0.00%( 0.00%), CE =  2.52%( 1.53%)[ 0.0%,  0.0%, 98.5%,  1.5%], RTT = 0.102s, Queue delay = 0.001s, MTU = 1200
 summary  14.0  Transmit rate =  6892kbps, PLR =  0.00%( 0.00%), CE =  2.42%( 1.59%)[ 0.0%,  0.0%, 98.4%,  1.6%], RTT = 0.102s, Queue delay = 0.001s, MTU = 1200
 summary  16.0  Transmit rate =  6986kbps, PLR =  0.00%( 0.00%), CE =  2.62%( 1.75%)[ 0.0%,  0.0%, 98.3%,  1.7%], RTT = 0.102s, Queue delay = 0.001s, MTU = 1200
 summary  18.0  Transmit rate =  7027kbps, PLR =  0.00%( 0.00%), CE =  2.76%( 1.92%)[ 0.0%,  0.0%, 98.1%,  1.9%], RTT = 0.102s, Queue delay = 0.001s, MTU = 1200
 summary  20.0  Transmit rate =  7037kbps, PLR =  0.00%( 0.00%), CE =  3.14%( 2.08%)[ 0.0%,  0.0%, 98.0%,  2.0%], RTT = 0.102s, Queue delay = 0.001s, MTU = 1200
 summary  22.0  Transmit rate =  7016kbps, PLR =  0.00%( 0.00%), CE =  2.80%( 2.06%)[ 0.0%,  0.0%, 98.0%,  2.0%], RTT = 0.102s, Queue delay = 0.001s, MTU = 1200
 summary  24.0  Transmit rate =  7039kbps, PLR =  0.00%( 0.00%), CE =  2.69%( 2.09%)[ 0.0%,  0.0%, 98.0%,  2.0%], RTT = 0.102s, Queue delay = 0.001s, MTU = 1200
 summary  26.0  Transmit rate =  7060kbps, PLR =  0.00%( 0.00%), CE =  2.55%( 2.10%)[ 0.0%,  0.0%, 98.0%,  2.0%], RTT = 0.102s, Queue delay = 0.001s, MTU = 1200
 summary  28.0  Transmit rate =  7046kbps, PLR =  0.00%( 0.00%), CE =  2.89%( 2.18%)[ 0.0%,  0.0%, 97.9%,  2.1%], RTT = 0.102s, Queue delay = 0.001s, MTU = 1200
 summary  30.0  Transmit rate =  7042kbps, PLR =  0.00%( 0.00%), CE =  2.79%( 2.17%)[ 0.0%,  0.0%, 97.9%,  2.1%], RTT = 0.102s, Queue delay = 0.001s, MTU = 1200
 summary  32.0  Transmit rate =  7057kbps, PLR =  0.00%( 0.00%), CE =  2.68%( 2.19%)[ 0.0%,  0.0%, 97.9%,  2.1%], RTT = 0.102s, Queue delay = 0.001s, MTU = 1200
 summary  34.0  Transmit rate =  7046kbps, PLR =  0.00%( 0.00%), CE =  2.85%( 2.23%)[ 0.0%,  0.0%, 97.8%,  2.2%], RTT = 0.102s, Queue delay = 0.001s, MTU = 1200

======================== Summary ==========================
 Bitrate min/max/avg [kbps]          :  4092/ 8146/ 6311
 RTT     min/max/avg [s]             : 0.050/0.102/0.101
 Queue delay max/avg [s]             : 0.003/0.001
 Packet loss avg [%]                 : 0.000
 ECN/L4S NotECT/ECT(0)/ECT(1)/CE [%] :  0.0/ 0.0/97.8/ 2.2
===========================================================
