Listen on port 5409 to receive RTCP from decoder 
Scream sender started! 
 summary   2.0  Transmit rate =  1469kbps, PLR =  0.00%( 0.00%), CE =  0.84%( 1.80%)[ 0.0%,  0.0%, 98.4%,  1.6%], RTT = 0.068s, Queue delay = 0.000s, MTU = 1200
 summary   4.0  Transmit rate =  2273kbps, PLR =  0.00%( 0.00%), CE =  0.84%( 0.65%)[ 0.0%,  0.0%, 99.4%,  0.6%], RTT = 0.086s, Queue delay = 0.001s, MTU = 1200
 summary   6.0  Transmit rate =  3620kbps, PLR =  0.00%( 0.00%), CE =  0.08%( 0.32%)[ 0.0%,  0.0%, 99.7%,  0.3%], RTT = 0.095s, Queue delay = 0.001s, MTU = 1200
 summary   8.0  Transmit rate =  5265kbps, PLR =  0.00%( 0.00%), CE =  0.14%( 0.34%)[ 0.0%,  0.0%, 99.7%,  0.3%], RTT = 0.099s, Queue delay = 0.001s, MTU = 1200
 summary  10.0  Transmit rate =  6154kbps, PLR =  0.00%( 0.00%), CE =  1.26%( 1.08%)[ 0.0%,  0.0%, 99.0%,  1.0%], RTT = 0.101s, Queue delay = 0.001s, MTU = 1200
 summary  12.0  Transmit rate =  6567kbps, PLR =  0.00%( 0.00%), CE =  2.37%( 1.48%)[ 0.0%,  0.0%, 98.6%,  1.4%], RTT = 0.102s, Queue delay = 0.001s, MTU = 1200
 summary  14.0  Transmit rate =  6747kbps, PLR =  0.00%( 0.00%), CE =  3.09%( 1.64%)[ 0.0%,  0.0%, 98.4%,  1.6%], RTT = 0.102s, Queue delay = 0.001s, MTU = 1200
 summary  16.0  Transmit rate =  6802kbps, PLR =  0.00%( 0.00%), CE =  3.26%( 1.87%)[ 0.0%,  0.0%, 98.2%,  1.8%], RTT = 0.102s, Queue delay = 0.001s, MTU = 1200
 summary  18.0  Transmit rate =  6846kbps, PLR =  0.00%( 0.00%), CE =  3.20%( 2.00%)[ 0.0%,  0.0%, 98.1%,  1.9%], RTT = 0.102s, Queue delay = 0.001s, MTU = 1200
 summary  20.0  Transmit rate =  6880kbps, PLR =  0.00%( 0.00%), CE =  2.64%( 1.94%)[ 0.0%,  0.0%, 98.1%,  1.9%], RTT = 0.102s, Queue delay = 0.001s, MTU = 1200
 summary  22.0  Transmit rate =  6887kbps, PLR =  0.00%( 0.00%), CE =  2.76%( 2.07%)[ 0.0%,  0.0%, 98.0%,  2.0%], RTT = 0.102s, Queue delay = 0.001s, MTU = 1200
 summary  24.0  Transmit rate =  6882kbps, PLR =  0.00%( 0.00%), CE =  2.33%( 2.03%)[ 0.0%,  0.0%, 98.1%,  1.9%], RTT = 0.102s, Queue delay = 0.001s, MTU = 1200
 summary  26.0  Transmit rate =  6877kbps, PLR =  0.00%( 0.00%), CE =  2.64%( 2.10%)[ 0.0%,  0.0%, 98.0%,  2.0%], RTT = 0.102s, Queue delay = 0.001s, MTU = 1200
 summary  28.1  Transmit rate =  6878kbps, PLR =  0.00%( 0.00%), CE =  3.00%( 2.13%)[ 0.0%,  0.0%, 98.0%,  2.0%], RTT = 0.102s, Queue delay = 0.001s, MTU = 1200
 summary  30.1  Transmit rate =  6861kbps, PLR =  0.00%( 0.00%), CE =  2.79%( 2.17%)[ 0.0%,  0.0%, 97.9%,  2.1%], RTT = 0.102s, Queue delay = 0.001s, MTU = 1200
 summary  32.1  Transmit rate =  6863kbps, PLR =  0.00%( 0.00%), CE =  3.16%( 2.24%)[ 0.0%,  0.0%, 97.9%,  2.1%], RTT = 0.102s, Queue delay = 0.001s, MTU = 1200
 summary  34.1  Transmit rate =  6869kbps, PLR =  0.00%( 0.00%), CE =  2.80%( 2.23%)[ 0.0%,  0.0%, 97.9%,  2.1%], RTT = 0.102s, Queue delay = 0.001s, MTU = 1200

======================== Summary ==========================
 Bitrate min/max/avg [kbps]          :  4316/ 7989/ 6196
 RTT     min/max/avg [s]             : 0.050/0.103/0.101
 Queue delay max/avg [s]             : 0.002/0.001
 Packet loss avg [%]                 : 0.000
 ECN/L4S NotECT/ECT(0)/ECT(1)/CE [%] :  0.0/ 0.0/97.8/ 2.2
===========================================================
