Listen on port 5468 to receive RTCP from decoder 
Scream sender started! 
 summary   2.0  Transmit rate =  1715kbps, PLR =  0.00%( 0.00%), CE =  0.00%( 0.00%)[100.0%,  0.0%,  0.0%,  0.0%], RTT = 0.067s, Queue delay = 0.000s, MTU = 1200
 summary   4.0  Transmit rate =  2641kbps, PLR =  0.00%( 0.00%), CE =  0.00%( 0.00%)[100.0%,  0.0%,  0.0%,  0.0%], RTT = 0.086s, Queue delay = 0.001s, MTU = 1200
 summary   6.0  Transmit rate =  4037kbps, PLR =  0.00%( 0.00%), CE =  0.00%( 0.00%)[100.0%,  0.0%,  0.0%,  0.0%], RTT = 0.095s, Queue delay = 0.001s, MTU = 1200
 summary   8.0  Transmit rate =  6193kbps, PLR =  0.00%( 0.00%), CE =  0.00%( 0.00%)[100.0%,  0.0%,  0.0%,  0.0%], RTT = 0.099s, Queue delay = 0.001s, MTU = 1200
 summary  10.0  Transmit rate =  9487kbps, PLR =  0.00%( 0.00%), CE =  0.00%( 0.00%)[100.0%,  0.0%,  0.0%,  0.0%], RTT = 0.101s, Queue delay = 0.001s, MTU = 1200
 summary  12.0  Transmit rate = 14812kbps, PLR =  0.00%( 0.00%), CE =  0.00%( 0.00%)[100.0%,  0.0%,  0.0%,  0.0%], RTT = 0.101s, Queue delay = 0.001s, MTU = 1200
 summary  14.0  Transmit rate = 24023kbps, PLR =  0.00%( 0.00%), CE =  0.00%( 0.00%)[100.0%,  0.0%,  0.0%,  0.0%], RTT = 0.102s, Queue delay = 0.001s, MTU = 1200
 summary  16.0  Transmit rate = 41226kbps, PLR =  0.00%( 0.00%), CE =  0.00%( 0.00%)[100.0%,  0.0%,  0.0%,  0.0%], RTT = 0.102s, Queue delay = 0.001s, MTU = 1200
 summary  18.0  Transmit rate = 74381kbps, PLR =  0.00%( 0.00%), CE =  0.00%( 0.00%)[100.0%,  0.0%,  0.0%,  0.0%], RTT = 0.102s, Queue delay = 0.001s, MTU = 1200
 summary  20.0  Transmit rate = 107577kbps, PLR =  0.00%( 0.00%), CE =  0.00%( 0.00%)[100.0%,  0.0%,  0.0%,  0.0%], RTT = 0.103s, Queue delay = 0.002s, MTU = 1200
 summary  22.0  Transmit rate = 118274kbps, PLR =  0.00%( 0.00%), CE =  0.00%( 0.00%)[100.0%,  0.0%,  0.0%,  0.0%], RTT = 0.103s, Queue delay = 0.002s, MTU = 1200
 summary  24.0  Transmit rate = 118107kbps, PLR =  0.00%( 0.00%), CE =  0.00%( 0.00%)[100.0%,  0.0%,  0.0%,  0.0%], RTT = 0.103s, Queue delay = 0.002s, MTU = 1200
 summary  26.0  Transmit rate = 110028kbps, PLR =  0.00%( 0.00%), CE =  0.00%( 0.00%)[100.0%,  0.0%,  0.0%,  0.0%], RTT = 0.103s, Queue delay = 0.001s, MTU = 1200
 summary  28.0  Transmit rate = 113501kbps, PLR =  0.00%( 0.00%), CE =  0.00%( 0.00%)[100.0%,  0.0%,  0.0%,  0.0%], RTT = 0.103s, Queue delay = 0.001s, MTU = 1200
 summary  30.0  Transmit rate = 122734kbps, PLR =  0.00%( 0.00%), CE =  0.00%( 0.00%)[100.0%,  0.0%,  0.0%,  0.0%], RTT = 0.103s, Queue delay = 0.002s, MTU = 1200
 summary  32.0  Transmit rate = 112828kbps, PLR =  0.00%( 0.00%), CE =  0.00%( 0.00%)[100.0%,  0.0%,  0.0%,  0.0%], RTT = 0.103s, Queue delay = 0.002s, MTU = 1200
 summary  34.1  Transmit rate = 114174kbps, PLR =  0.00%( 0.00%), CE =  0.00%( 0.00%)[100.0%,  0.0%,  0.0%,  0.0%], RTT = 0.103s, Queue delay = 0.002s, MTU = 1200

======================== Summary ==========================
 Bitrate min/max/avg [kbps]          :  4555/187422/70230
 RTT     min/max/avg [s]             : 0.050/0.104/0.101
 Queue delay max/avg [s]             : 0.007/0.001
 Packet loss avg [%]                 : 0.002
 ECN/L4S NotECT/ECT(0)/ECT(1)/CE [%] : 100.0/ 0.0/ 0.0/ 0.0
===========================================================
