Listen on port 5387 to receive RTCP from decoder 
Scream sender started! 
 summary   2.0  Transmit rate =  1465kbps, PLR =  0.00%( 0.00%), CE =  0.84%( 1.85%)[ 0.0%,  0.0%, 98.4%,  1.6%], RTT = 0.067s, Queue delay = 0.001s, MTU = 1200
 summary   4.0  Transmit rate =  2284kbps, PLR =  0.00%( 0.00%), CE =  0.84%( 0.64%)[ 0.0%,  0.0%, 99.4%,  0.6%], RTT = 0.086s, Queue delay = 0.001s, MTU = 1200
 summary   6.0  Transmit rate =  3629kbps, PLR =  0.00%( 0.00%), CE =  0.08%( 0.32%)[ 0.0%,  0.0%, 99.7%,  0.3%], RTT = 0.095s, Queue delay = 0.001s, MTU = 1200
 summary   8.0  Transmit rate =  5353kbps, PLR =  0.00%( 0.00%), CE =  0.13%( 0.55%)[ 0.0%,  0.0%, 99.5%,  0.5%], RTT = 0.099s, Queue delay = 0.001s, MTU = 1200
 summary  10.0  Transmit rate =  6264kbps, PLR =  0.00%( 0.00%), CE =  1.42%( 1.09%)[ 0.0%,  0.0%, 99.0%,  1.0%], RTT = 0.101s, Queue delay = 0.001s, MTU = 1200
 summary  12.0  Transmit rate =  6681kbps, PLR =  0.00%( 0.00%), CE =  2.51%( 1.43%)[ 0.0%,  0.0%, 98.6%,  1.4%], RTT = 0.101s, Queue delay = 0.001s, MTU = 1200
 summary  14.0  Transmit rate =  6852kbps, PLR =  0.00%( 0.00%), CE =  2.42%( 1.57%)[ 0.0%,  0.0%, 98.5%,  1.5%], RTT = 0.102s, Queue delay = 0.001s, MTU = 1200
 summary  16.0  Transmit rate =  6964kbps, PLR =  0.00%( 0.00%), CE =  2.47%( 1.71%)[ 0.0%,  0.0%, 98.4%,  1.6%], RTT = 0.102s, Queue delay = 0.001s, MTU = 1200
 summary  18.0  Transmit rate =  7028kbps, PLR =  0.00%( 0.00%), CE =  2.38%( 1.73%)[ 0.0%,  0.0%, 98.3%,  1.7%], RTT = 0.102s, Queue delay = 0.001s, MTU = 1200
 summary  20.0  Transmit rate =  7025kbps, PLR =  0.00%( 0.00%), CE =  2.61%( 1.87%)[ 0.0%,  0.0%, 98.2%,  1.8%], RTT = 0.102s, Queue delay = 0.001s, MTU = 1200
 summary  22.0  Transmit rate =  7053kbps, PLR =  0.00%( 0.00%), CE =  2.41%( 1.87%)[ 0.0%,  0.0%, 98.2%,  1.8%], RTT = 0.102s, Queue delay = 0.001s, MTU = 1200
 summary  24.0  Transmit rate =  7027kbps, PLR =  0.00%( 0.00%), CE =  2.80%( 1.95%)[ 0.0%,  0.0%, 98.1%,  1.9%], RTT = 0.102s, Queue delay = 0.001s, MTU = 1200
 summary  26.0  Transmit rate =  7031kbps, PLR =  0.00%( 0.00%), CE =  2.45%( 1.93%)[ 0.0%,  0.0%, 98.1%,  1.9%], RTT = 0.102s, Queue delay = 0.001s, MTU = 1200
 summary  28.0  Transmit rate =  7042kbps, PLR =  0.00%( 0.00%), CE =  2.19%( 1.93%)[ 0.0%,  0.0%, 98.1%,  1.9%], RTT = 0.102s, Queue delay = 0.001s, MTU = 1200
 summary  30.1  Transmit rate =  7064kbps, PLR =  0.00%( 0.00%), CE =  2.29%( 1.97%)[ 0.0%,  0.0%, 98.1%,  1.9%], RTT = 0.102s, Queue delay = 0.001s, MTU = 1200
 summary  32.1  Transmit rate =  7064kbps, PLR =  0.00%( 0.00%), CE =  2.53%( 2.02%)[ 0.0%,  0.0%, 98.0%,  2.0%], RTT = 0.102s, Queue delay = 0.001s, MTU = 1200
 summary  34.1  Transmit rate =  7065kbps, PLR =  0.00%( 0.00%), CE =  2.75%( 2.06%)[ 0.0%,  0.0%, 98.0%,  2.0%], RTT = 0.102s, Queue delay = 0.001s, MTU = 1200

======================== Summary ==========================
 Bitrate min/max/avg [kbps]          :  4315/ 8169/ 6333
 RTT     min/max/avg [s]             : 0.050/0.102/0.101
 Queue delay max/avg [s]             : 0.002/0.001
 Packet loss avg [%]                 : 0.000
 ECN/L4S NotECT/ECT(0)/ECT(1)/CE [%] :  0.0/ 0.0/98.0/ 2.0
===========================================================
