Listen on port 5429 to receive RTCP from decoder 
Scream sender started! 
 summary   2.0  Transmit rate =  1461kbps, PLR =  0.00%( 0.00%), CE =  0.84%( 1.86%)[ 0.0%,  0.0%, 98.4%,  1.6%], RTT = 0.067s, Queue delay = 0.001s, MTU = 1200
 summary   4.0  Transmit rate =  2274kbps, PLR =  0.00%( 0.00%), CE =  0.84%( 0.65%)[ 0.0%,  0.0%, 99.4%,  0.6%], RTT = 0.086s, Queue delay = 0.001s, MTU = 1200
 summary   6.0  Transmit rate =  3598kbps, PLR =  0.00%( 0.00%), CE =  0.08%( 0.32%)[ 0.0%,  0.0%, 99.6%,  0.4%], RTT = 0.095s, Queue delay = 0.001s, MTU = 1200
 summary   8.0  Transmit rate =  4971kbps, PLR =  0.00%( 0.00%), CE =  0.08%( 0.25%)[ 0.0%,  0.0%, 99.8%,  0.2%], RTT = 0.099s, Queue delay = 0.001s, MTU = 1200
 summary  10.0  Transmit rate =  5893kbps, PLR =  0.00%( 0.00%), CE =  0.17%( 0.24%)[ 0.0%,  0.0%, 99.8%,  0.2%], RTT = 0.101s, Queue delay = 0.001s, MTU = 1200
 summary  12.0  Transmit rate =  6416kbps, PLR =  0.00%( 0.00%), CE =  0.83%( 0.66%)[ 0.0%,  0.0%, 99.3%,  0.7%], RTT = 0.102s, Queue delay = 0.001s, MTU = 1200
 summary  14.0  Transmit rate =  6667kbps, PLR =  0.00%( 0.00%), CE =  1.91%( 1.10%)[ 0.0%,  0.0%, 98.9%,  1.1%], RTT = 0.102s, Queue delay = 0.001s, MTU = 1200
 summary  16.0  Transmit rate =  6787kbps, PLR =  0.00%( 0.00%), CE =  2.63%( 1.27%)[ 0.0%,  0.0%, 98.8%,  1.2%], RTT = 0.102s, Queue delay = 0.001s, MTU = 1200
 summary  18.0  Transmit rate =  6819kbps, PLR =  0.00%( 0.00%), CE =  2.75%( 1.41%)[ 0.0%,  0.0%, 98.7%,  1.3%], RTT = 0.102s, Queue delay = 0.001s, MTU = 1200
 summary  20.0  Transmit rate =  6864kbps, PLR =  0.00%( 0.00%), CE =  2.75%( 1.58%)[ 0.0%,  0.0%, 98.5%,  1.5%], RTT = 0.102s, Queue delay = 0.001s, MTU = 1200
 summary  22.0  Transmit rate =  6873kbps, PLR =  0.00%( 0.00%), CE =  2.49%( 1.61%)[ 0.0%,  0.0%, 98.4%,  1.6%], RTT = 0.102s, Queue delay = 0.001s, MTU = 1200
 summary  24.0  Transmit rate =  6882kbps, PLR =  0.00%( 0.00%), CE =  2.90%( 1.72%)[ 0.0%,  0.0%, 98.3%,  1.7%], RTT = 0.102s, Queue delay = 0.001s, MTU = 1200
 summary  26.0  Transmit rate =  6879kbps, PLR =  0.00%( 0.00%), CE =  2.59%( 1.78%)[ 0.0%,  0.0%, 98.3%,  1.7%], RTT = 0.102s, Queue delay = 0.001s, MTU = 1200
 summary  28.0  Transmit rate =  6891kbps, PLR =  0.00%( 0.00%), CE =  2.91%( 1.85%)[ 0.0%,  0.0%, 98.2%,  1.8%], RTT = 0.102s, Queue delay = 0.001s, MTU = 1200
 summary  30.0  Transmit rate =  6881kbps, PLR =  0.00%( 0.00%), CE =  2.86%( 1.93%)[ 0.0%,  0.0%, 98.1%,  1.9%], RTT = 0.102s, Queue delay = 0.001s, MTU = 1200
 summary  32.0  Transmit rate =  6880kbps, PLR =  0.00%( 0.00%), CE =  2.73%( 1.93%)[ 0.0%,  0.0%, 98.1%,  1.9%], RTT = 0.102s, Queue delay = 0.001s, MTU = 1200
 summary  34.0  Transmit rate =  6880kbps, PLR =  0.00%( 0.00%), CE =  2.78%( 1.99%)[ 0.0%,  0.0%, 98.1%,  1.9%], RTT = 0.102s, Queue delay = 0.001s, MTU = 1200

======================== Summary ==========================
 Bitrate min/max/avg [kbps]          :  4251/ 7993/ 6145
 RTT     min/max/avg [s]             : 0.050/0.103/0.101
 Queue delay max/avg [s]             : 0.002/0.001
 Packet loss avg [%]                 : 0.000
 ECN/L4S NotECT/ECT(0)/ECT(1)/CE [%] :  0.0/ 0.0/98.1/ 1.9
===========================================================
