Listen on port 5452 to receive RTCP from decoder 
Scream sender started! 
 summary   2.0  Transmit rate =  1730kbps, PLR =  0.00%( 0.00%), CE =  0.00%( 0.00%)[100.0%,  0.0%,  0.0%,  0.0%], RTT = 0.068s, Queue delay = 0.000s, MTU = 1200
 summary   4.0  Transmit rate =  2640kbps, PLR =  0.00%( 0.00%), CE =  0.00%( 0.00%)[100.0%,  0.0%,  0.0%,  0.0%], RTT = 0.086s, Queue delay = 0.001s, MTU = 1200
 summary   6.0  Transmit rate =  4026kbps, PLR =  0.00%( 0.00%), CE =  0.00%( 0.00%)[100.0%,  0.0%,  0.0%,  0.0%], RTT = 0.095s, Queue delay = 0.001s, MTU = 1200
 summary   8.0  Transmit rate =  6136kbps, PLR =  0.00%( 0.00%), CE =  0.00%( 0.00%)[100.0%,  0.0%,  0.0%,  0.0%], RTT = 0.099s, Queue delay = 0.001s, MTU = 1200
 summary  10.0  Transmit rate =  9336kbps, PLR =  0.00%( 0.00%), CE =  0.00%( 0.00%)[100.0%,  0.0%,  0.0%,  0.0%], RTT = 0.101s, Queue delay = 0.001s, MTU = 1200
 summary  12.0  Transmit rate = 14521kbps, PLR =  0.00%( 0.00%), CE =  0.00%( 0.00%)[100.0%,  0.0%,  0.0%,  0.0%], RTT = 0.102s, Queue delay = 0.001s, MTU = 1200
 summary  14.0  Transmit rate = 23400kbps, PLR =  0.00%( 0.00%), CE =  0.00%( 0.00%)[100.0%,  0.0%,  0.0%,  0.0%], RTT = 0.102s, Queue delay = 0.001s, MTU = 1200
 summary  16.0  Transmit rate = 39678kbps, PLR =  0.00%( 0.00%), CE =  0.00%( 0.00%)[100.0%,  0.0%,  0.0%,  0.0%], RTT = 0.102s, Queue delay = 0.001s, MTU = 1200
 summary  18.0  Transmit rate = 70309kbps, PLR =  0.00%( 0.00%), CE =  0.00%( 0.00%)[100.0%,  0.0%,  0.0%,  0.0%], RTT = 0.102s, Queue delay = 0.001s, MTU = 1200
 summary  20.0  Transmit rate = 110186kbps, PLR =  0.00%( 0.00%), CE =  0.00%( 0.00%)[100.0%,  0.0%,  0.0%,  0.0%], RTT = 0.103s, Queue delay = 0.002s, MTU = 1200
 summary  22.0  Transmit rate = 120847kbps, PLR =  0.00%( 0.00%), CE =  0.00%( 0.00%)[100.0%,  0.0%,  0.0%,  0.0%], RTT = 0.103s, Queue delay = 0.002s, MTU = 1200
 summary  24.0  Transmit rate = 106994kbps, PLR =  0.00%( 0.00%), CE =  0.00%( 0.00%)[100.0%,  0.0%,  0.0%,  0.0%], RTT = 0.103s, Queue delay = 0.002s, MTU = 1200
 summary  26.0  Transmit rate = 104912kbps, PLR =  0.00%( 0.00%), CE =  0.00%( 0.00%)[100.0%,  0.0%,  0.0%,  0.0%], RTT = 0.103s, Queue delay = 0.002s, MTU = 1200
 summary  28.1  Transmit rate = 112877kbps, PLR =  0.00%( 0.00%), CE =  0.00%( 0.00%)[100.0%,  0.0%,  0.0%,  0.0%], RTT = 0.103s, Queue delay = 0.002s, MTU = 1200
 summary  30.1  Transmit rate = 129080kbps, PLR =  0.00%( 0.00%), CE =  0.00%( 0.00%)[100.0%,  0.0%,  0.0%,  0.0%], RTT = 0.103s, Queue delay = 0.002s, MTU = 1200
 summary  32.1  Transmit rate = 136235kbps, PLR =  0.00%( 0.00%), CE =  0.00%( 0.00%)[100.0%,  0.0%,  0.0%,  0.0%], RTT = 0.104s, Queue delay = 0.003s, MTU = 1200
 summary  34.1  Transmit rate = 119308kbps, PLR =  0.00%( 0.00%), CE =  0.00%( 0.00%)[100.0%,  0.0%,  0.0%,  0.0%], RTT = 0.104s, Queue delay = 0.002s, MTU = 1200

======================== Summary ==========================
 Bitrate min/max/avg [kbps]          :  4596/185566/71290
 RTT     min/max/avg [s]             : 0.050/0.105/0.101
 Queue delay max/avg [s]             : 0.007/0.002
 Packet loss avg [%]                 : 0.002
 ECN/L4S NotECT/ECT(0)/ECT(1)/CE [%] : 100.0/ 0.0/ 0.0/ 0.0
===========================================================
