Listen on port 5477 to receive RTCP from decoder 
Scream sender started! 
 summary   2.0  Transmit rate =  1265kbps, PLR =  0.00%( 0.00%), CE =  0.92%( 2.09%)[ 0.0%,  0.0%, 98.1%,  1.9%], RTT = 0.067s, Queue delay = 0.000s, MTU = 1200
 summary   4.0  Transmit rate =  2117kbps, PLR =  0.00%( 0.00%), CE =  0.93%( 0.75%)[ 0.0%,  0.0%, 99.3%,  0.7%], RTT = 0.086s, Queue delay = 0.001s, MTU = 1200
 summary   6.0  Transmit rate =  3375kbps, PLR =  0.00%( 0.00%), CE =  0.17%( 0.37%)[ 0.0%,  0.0%, 99.6%,  0.4%], RTT = 0.095s, Queue delay = 0.001s, MTU = 1200
 summary   8.0  Transmit rate =  5070kbps, PLR =  0.00%( 0.00%), CE =  0.20%( 0.48%)[ 0.0%,  0.0%, 99.5%,  0.5%], RTT = 0.099s, Queue delay = 0.001s, MTU = 1200
 summary  10.0  Transmit rate =  6154kbps, PLR =  0.00%( 0.00%), CE =  0.78%( 0.76%)[ 0.0%,  0.0%, 99.3%,  0.7%], RTT = 0.101s, Queue delay = 0.001s, MTU = 1200
 summary  12.0  Transmit rate =  6709kbps, PLR =  0.00%( 0.00%), CE =  1.11%( 0.71%)[ 0.0%,  0.0%, 99.3%,  0.7%], RTT = 0.101s, Queue delay = 0.001s, MTU = 1200
 summary  14.0  Transmit rate =  7075kbps, PLR =  0.00%( 0.00%), CE =  1.68%( 1.05%)[ 0.0%,  0.0%, 99.0%,  1.0%], RTT = 0.102s, Queue delay = 0.001s, MTU = 1200
 summary  16.0  Transmit rate =  7241kbps, PLR =  0.00%( 0.00%), CE =  1.95%( 1.23%)[ 0.0%,  0.0%, 98.8%,  1.2%], RTT = 0.102s, Queue delay = 0.001s, MTU = 1200
 summary  18.0  Transmit rate =  7308kbps, PLR =  0.00%( 0.00%), CE =  2.68%( 1.40%)[ 0.0%,  0.0%, 98.7%,  1.3%], RTT = 0.102s, Queue delay = 0.001s, MTU = 1200
 summary  20.0  Transmit rate =  7351kbps, PLR =  0.00%( 0.00%), CE =  2.76%( 1.50%)[ 0.0%,  0.0%, 98.6%,  1.4%], RTT = 0.102s, Queue delay = 0.001s, MTU = 1200
 summary  22.0  Transmit rate =  7380kbps, PLR =  0.00%( 0.00%), CE =  2.29%( 1.50%)[ 0.0%,  0.0%, 98.6%,  1.4%], RTT = 0.102s, Queue delay = 0.001s, MTU = 1200
 summary  24.0  Transmit rate =  7377kbps, PLR =  0.00%( 0.00%), CE =  2.38%( 1.63%)[ 0.0%,  0.0%, 98.4%,  1.6%], RTT = 0.102s, Queue delay = 0.001s, MTU = 1200
 summary  26.0  Transmit rate =  7384kbps, PLR =  0.00%( 0.00%), CE =  2.50%( 1.67%)[ 0.0%,  0.0%, 98.4%,  1.6%], RTT = 0.102s, Queue delay = 0.001s, MTU = 1200
 summary  28.0  Transmit rate =  7374kbps, PLR =  0.00%( 0.00%), CE =  2.58%( 1.70%)[ 0.0%,  0.0%, 98.4%,  1.6%], RTT = 0.102s, Queue delay = 0.001s, MTU = 1200
 summary  30.0  Transmit rate =  7385kbps, PLR =  0.00%( 0.00%), CE =  2.34%( 1.70%)[ 0.0%,  0.0%, 98.4%,  1.6%], RTT = 0.102s, Queue delay = 0.001s, MTU = 1200
 summary  32.0  Transmit rate =  7385kbps, PLR =  0.00%( 0.00%), CE =  2.38%( 1.79%)[ 0.0%,  0.0%, 98.3%,  1.7%], RTT = 0.102s, Queue delay = 0.001s, MTU = 1200
 summary  34.0  Transmit rate =  7401kbps, PLR =  0.00%( 0.00%), CE =  2.75%( 1.81%)[ 0.0%,  0.0%, 98.3%,  1.7%], RTT = 0.102s, Queue delay = 0.001s, MTU = 1200

======================== Summary ==========================
 Bitrate min/max/avg [kbps]          :     0/ 8578/ 6425
 RTT     min/max/avg [s]             : 0.050/0.102/0.101
 Queue delay max/avg [s]             : 0.002/0.001
 Packet loss avg [%]                 : 0.000
 ECN/L4S NotECT/ECT(0)/ECT(1)/CE [%] :  0.0/ 0.0/98.3/ 1.7
===========================================================
