Listen on port 5455 to receive RTCP from decoder 
Scream sender started! 
 summary   2.0  Transmit rate =  1465kbps, PLR =  0.00%( 0.00%), CE =  0.84%( 1.85%)[ 0.0%,  0.0%, 98.4%,  1.6%], RTT = 0.067s, Queue delay = 0.001s, MTU = 1200
 summary   4.0  Transmit rate =  2101kbps, PLR =  0.00%( 0.00%), CE =  1.02%( 0.92%)[ 0.0%,  0.0%, 99.1%,  0.9%], RTT = 0.086s, Queue delay = 0.001s, MTU = 1200
 summary   6.0  Transmit rate =  3163kbps, PLR =  0.00%( 0.00%), CE =  0.26%( 0.48%)[ 0.0%,  0.0%, 99.5%,  0.5%], RTT = 0.095s, Queue delay = 0.001s, MTU = 1200
 summary   8.0  Transmit rate =  4776kbps, PLR =  0.00%( 0.00%), CE =  0.01%( 0.27%)[ 0.0%,  0.0%, 99.7%,  0.3%], RTT = 0.099s, Queue delay = 0.001s, MTU = 1200
 summary  10.0  Transmit rate =  6309kbps, PLR =  0.00%( 0.00%), CE =  0.70%( 0.79%)[ 0.0%,  0.0%, 99.2%,  0.8%], RTT = 0.101s, Queue delay = 0.001s, MTU = 1200
 summary  12.0  Transmit rate =  7026kbps, PLR =  0.00%( 0.00%), CE =  1.52%( 1.18%)[ 0.0%,  0.0%, 98.9%,  1.1%], RTT = 0.101s, Queue delay = 0.001s, MTU = 1200
 summary  14.0  Transmit rate =  7358kbps, PLR =  0.00%( 0.00%), CE =  2.61%( 1.38%)[ 0.0%,  0.0%, 98.7%,  1.3%], RTT = 0.102s, Queue delay = 0.001s, MTU = 1200
 summary  16.0  Transmit rate =  7518kbps, PLR =  0.00%( 0.00%), CE =  2.57%( 1.52%)[ 0.0%,  0.0%, 98.5%,  1.5%], RTT = 0.102s, Queue delay = 0.001s, MTU = 1200
 summary  18.0  Transmit rate =  7585kbps, PLR =  0.00%( 0.00%), CE =  2.61%( 1.63%)[ 0.0%,  0.0%, 98.4%,  1.6%], RTT = 0.102s, Queue delay = 0.001s, MTU = 1200
 summary  20.0  Transmit rate =  7632kbps, PLR =  0.00%( 0.00%), CE =  2.26%( 1.65%)[ 0.0%,  0.0%, 98.4%,  1.6%], RTT = 0.102s, Queue delay = 0.001s, MTU = 1200
 summary  22.0  Transmit rate =  7657kbps, PLR =  0.00%( 0.00%), CE =  2.57%( 1.74%)[ 0.0%,  0.0%, 98.3%,  1.7%], RTT = 0.102s, Queue delay = 0.001s, MTU = 1200
 summary  24.0  Transmit rate =  7683kbps, PLR =  0.00%( 0.00%), CE =  2.24%( 1.76%)[ 0.0%,  0.0%, 98.3%,  1.7%], RTT = 0.102s, Queue delay = 0.001s, MTU = 1200
 summary  26.0  Transmit rate =  7699kbps, PLR =  0.00%( 0.00%), CE =  2.17%( 1.75%)[ 0.0%,  0.0%, 98.3%,  1.7%], RTT = 0.102s, Queue delay = 0.001s, MTU = 1200
 summary  28.0  Transmit rate =  7694kbps, PLR =  0.00%( 0.00%), CE =  2.29%( 1.82%)[ 0.0%,  0.0%, 98.2%,  1.8%], RTT = 0.102s, Queue delay = 0.001s, MTU = 1200
 summary  30.0  Transmit rate =  7710kbps, PLR =  0.00%( 0.00%), CE =  2.32%( 1.82%)[ 0.0%,  0.0%, 98.2%,  1.8%], RTT = 0.102s, Queue delay = 0.001s, MTU = 1200
 summary  32.0  Transmit rate =  7679kbps, PLR =  0.00%( 0.00%), CE =  2.55%( 1.88%)[ 0.0%,  0.0%, 98.1%,  1.9%], RTT = 0.102s, Queue delay = 0.001s, MTU = 1200
 summary  34.0  Transmit rate =  7676kbps, PLR =  0.00%( 0.00%), CE =  2.41%( 1.87%)[ 0.0%,  0.0%, 98.2%,  1.8%], RTT = 0.102s, Queue delay = 0.001s, MTU = 1200

======================== Summary ==========================
 Bitrate min/max/avg [kbps]          :  3646/ 8893/ 6718
 RTT     min/max/avg [s]             : 0.050/0.103/0.101
 Queue delay max/avg [s]             : 0.002/0.001
 Packet loss avg [%]                 : 0.000
 ECN/L4S NotECT/ECT(0)/ECT(1)/CE [%] :  0.0/ 0.0/98.1/ 1.9
===========================================================
