Listen on port 5349 to receive RTCP from decoder 
Scream sender started! 
 summary   2.0  Transmit rate =  1466kbps, PLR =  0.00%( 0.00%), CE =  0.84%( 1.85%)[ 0.0%,  0.0%, 98.4%,  1.6%], RTT = 0.067s, Queue delay = 0.000s, MTU = 1200
 summary   4.0  Transmit rate =  2290kbps, PLR =  0.00%( 0.00%), CE =  0.84%( 0.75%)[ 0.0%,  0.0%, 99.3%,  0.7%], RTT = 0.086s, Queue delay = 0.001s, MTU = 1200
 summary   6.0  Transmit rate =  3396kbps, PLR =  0.00%( 0.00%), CE =  0.20%( 0.50%)[ 0.0%,  0.0%, 99.5%,  0.5%], RTT = 0.095s, Queue delay = 0.001s, MTU = 1200
 summary   8.0  Transmit rate =  4582kbps, PLR =  0.00%( 0.00%), CE =  0.19%( 0.34%)[ 0.0%,  0.0%, 99.7%,  0.3%], RTT = 0.099s, Queue delay = 0.001s, MTU = 1200
 summary  10.0  Transmit rate =  5695kbps, PLR =  0.00%( 0.00%), CE =  0.86%( 0.84%)[ 0.0%,  0.0%, 99.2%,  0.8%], RTT = 0.101s, Queue delay = 0.001s, MTU = 1200
 summary  12.0  Transmit rate =  6190kbps, PLR =  0.00%( 0.00%), CE =  1.74%( 1.33%)[ 0.0%,  0.0%, 98.7%,  1.3%], RTT = 0.102s, Queue delay = 0.001s, MTU = 1200
 summary  14.0  Transmit rate =  6424kbps, PLR =  0.00%( 0.00%), CE =  2.94%( 1.52%)[ 0.0%,  0.0%, 98.5%,  1.5%], RTT = 0.102s, Queue delay = 0.001s, MTU = 1200
 summary  16.0  Transmit rate =  6543kbps, PLR =  0.00%( 0.00%), CE =  2.69%( 1.72%)[ 0.0%,  0.0%, 98.3%,  1.7%], RTT = 0.102s, Queue delay = 0.001s, MTU = 1200
 summary  18.0  Transmit rate =  6580kbps, PLR =  0.00%( 0.00%), CE =  2.49%( 1.76%)[ 0.0%,  0.0%, 98.3%,  1.7%], RTT = 0.102s, Queue delay = 0.001s, MTU = 1200
 summary  20.0  Transmit rate =  6609kbps, PLR =  0.00%( 0.00%), CE =  3.00%( 1.90%)[ 0.0%,  0.0%, 98.2%,  1.8%], RTT = 0.102s, Queue delay = 0.001s, MTU = 1200
 summary  22.0  Transmit rate =  6623kbps, PLR =  0.00%( 0.00%), CE =  2.95%( 2.01%)[ 0.0%,  0.0%, 98.0%,  2.0%], RTT = 0.103s, Queue delay = 0.001s, MTU = 1200
 summary  24.0  Transmit rate =  6632kbps, PLR =  0.00%( 0.00%), CE =  3.09%( 2.03%)[ 0.0%,  0.0%, 98.0%,  2.0%], RTT = 0.103s, Queue delay = 0.001s, MTU = 1200
 summary  26.0  Transmit rate =  6624kbps, PLR =  0.00%( 0.00%), CE =  3.13%( 2.12%)[ 0.0%,  0.0%, 97.9%,  2.1%], RTT = 0.103s, Queue delay = 0.001s, MTU = 1200
 summary  28.0  Transmit rate =  6652kbps, PLR =  0.00%( 0.00%), CE =  3.09%( 2.15%)[ 0.0%,  0.0%, 97.9%,  2.1%], RTT = 0.102s, Queue delay = 0.001s, MTU = 1200
 summary  30.0  Transmit rate =  6657kbps, PLR =  0.00%( 0.00%), CE =  2.74%( 2.15%)[ 0.0%,  0.0%, 97.9%,  2.1%], RTT = 0.102s, Queue delay = 0.001s, MTU = 1200
 summary  32.0  Transmit rate =  6659kbps, PLR =  0.00%( 0.00%), CE =  2.85%( 2.21%)[ 0.0%,  0.0%, 97.8%,  2.2%], RTT = 0.102s, Queue delay = 0.001s, MTU = 1200
 summary  34.1  Transmit rate =  6653kbps, PLR =  0.00%( 0.00%), CE =  2.61%( 2.18%)[ 0.0%,  0.0%, 97.9%,  2.1%], RTT = 0.102s, Queue delay = 0.001s, MTU = 1200

======================== Summary ==========================
 Bitrate min/max/avg [kbps]          :  3840/ 7682/ 5922
 RTT     min/max/avg [s]             : 0.050/0.103/0.101
 Queue delay max/avg [s]             : 0.002/0.001
 Packet loss avg [%]                 : 0.000
 ECN/L4S NotECT/ECT(0)/ECT(1)/CE [%] :  0.0/ 0.0/97.8/ 2.2
===========================================================
