Listen on port 5353 to receive RTCP from decoder 
Scream sender started! 
 summary   2.0  Transmit rate =  1449kbps, PLR =  0.00%( 0.00%), CE =  0.70%( 1.56%)[ 0.0%,  0.0%, 98.6%,  1.4%], RTT = 0.067s, Queue delay = 0.001s, MTU = 1200
 summary   4.0  Transmit rate =  2207kbps, PLR =  0.00%( 0.00%), CE =  0.70%( 0.55%)[ 0.0%,  0.0%, 99.5%,  0.5%], RTT = 0.086s, Queue delay = 0.001s, MTU = 1200
 summary   6.0  Transmit rate =  3467kbps, PLR =  0.00%( 0.00%), CE =  0.20%( 0.27%)[ 0.0%,  0.0%, 99.7%,  0.3%], RTT = 0.095s, Queue delay = 0.001s, MTU = 1200
 summary   8.0  Transmit rate =  5275kbps, PLR =  0.00%( 0.00%), CE =  0.09%( 0.41%)[ 0.0%,  0.0%, 99.6%,  0.4%], RTT = 0.099s, Queue delay = 0.001s, MTU = 1200
 summary  10.0  Transmit rate =  6496kbps, PLR =  0.00%( 0.00%), CE =  0.40%( 0.40%)[ 0.0%,  0.0%, 99.6%,  0.4%], RTT = 0.101s, Queue delay = 0.001s, MTU = 1200
 summary  12.0  Transmit rate =  7110kbps, PLR =  0.00%( 0.00%), CE =  1.39%( 0.93%)[ 0.0%,  0.0%, 99.1%,  0.9%], RTT = 0.102s, Queue delay = 0.001s, MTU = 1200
 summary  14.0  Transmit rate =  7366kbps, PLR =  0.00%( 0.00%), CE =  2.20%( 1.18%)[ 0.0%,  0.0%, 98.9%,  1.1%], RTT = 0.102s, Queue delay = 0.001s, MTU = 1200
 summary  16.0  Transmit rate =  7467kbps, PLR =  0.00%( 0.00%), CE =  2.56%( 1.35%)[ 0.0%,  0.0%, 98.7%,  1.3%], RTT = 0.102s, Queue delay = 0.001s, MTU = 1200
 summary  18.0  Transmit rate =  7528kbps, PLR =  0.00%( 0.00%), CE =  2.59%( 1.44%)[ 0.0%,  0.0%, 98.6%,  1.4%], RTT = 0.102s, Queue delay = 0.001s, MTU = 1200
 summary  20.0  Transmit rate =  7553kbps, PLR =  0.00%( 0.00%), CE =  2.36%( 1.56%)[ 0.0%,  0.0%, 98.5%,  1.5%], RTT = 0.102s, Queue delay = 0.001s, MTU = 1200
 summary  22.0  Transmit rate =  7556kbps, PLR =  0.00%( 0.00%), CE =  2.61%( 1.61%)[ 0.0%,  0.0%, 98.4%,  1.6%], RTT = 0.102s, Queue delay = 0.001s, MTU = 1200
 summary  24.0  Transmit rate =  7583kbps, PLR =  0.00%( 0.00%), CE =  2.29%( 1.63%)[ 0.0%,  0.0%, 98.4%,  1.6%], RTT = 0.102s, Queue delay = 0.001s, MTU = 1200
 summary  26.0  Transmit rate =  7528kbps, PLR =  0.00%( 0.00%), CE =  2.62%( 1.70%)[ 0.0%,  0.0%, 98.3%,  1.7%], RTT = 0.102s, Queue delay = 0.001s, MTU = 1200
 summary  28.0  Transmit rate =  7553kbps, PLR =  0.00%( 0.00%), CE =  2.39%( 1.74%)[ 0.0%,  0.0%, 98.3%,  1.7%], RTT = 0.102s, Queue delay = 0.001s, MTU = 1200
 summary  30.0  Transmit rate =  7576kbps, PLR =  0.00%( 0.00%), CE =  2.25%( 1.77%)[ 0.0%,  0.0%, 98.3%,  1.7%], RTT = 0.102s, Queue delay = 0.001s, MTU = 1200
 summary  32.1  Transmit rate =  7562kbps, PLR =  0.00%( 0.00%), CE =  3.06%( 1.84%)[ 0.0%,  0.0%, 98.2%,  1.8%], RTT = 0.102s, Queue delay = 0.001s, MTU = 1200
 summary  34.1  Transmit rate =  7580kbps, PLR =  0.00%( 0.00%), CE =  2.43%( 1.85%)[ 0.0%,  0.0%, 98.2%,  1.8%], RTT = 0.102s, Queue delay = 0.001s, MTU = 1200

======================== Summary ==========================
 Bitrate min/max/avg [kbps]          :  4060/ 8807/ 6711
 RTT     min/max/avg [s]             : 0.050/0.102/0.101
 Queue delay max/avg [s]             : 0.002/0.001
 Packet loss avg [%]                 : 0.000
 ECN/L4S NotECT/ECT(0)/ECT(1)/CE [%] :  0.0/ 0.0/98.2/ 1.8
===========================================================
