Listen on port 5419 to receive RTCP from decoder 
Scream sender started! 
 summary   2.0  Transmit rate =  1471kbps, PLR =  0.00%( 0.00%), CE =  0.84%( 1.80%)[ 0.0%,  0.0%, 98.4%,  1.6%], RTT = 0.068s, Queue delay = 0.001s, MTU = 1200
 summary   4.0  Transmit rate =  2289kbps, PLR =  0.00%( 0.00%), CE =  0.84%( 0.64%)[ 0.0%,  0.0%, 99.4%,  0.6%], RTT = 0.086s, Queue delay = 0.001s, MTU = 1200
 summary   6.0  Transmit rate =  3659kbps, PLR =  0.00%( 0.00%), CE =  0.08%( 0.32%)[ 0.0%,  0.0%, 99.7%,  0.3%], RTT = 0.095s, Queue delay = 0.001s, MTU = 1200
 summary   8.0  Transmit rate =  5363kbps, PLR =  0.00%( 0.00%), CE =  0.48%( 1.14%)[ 0.0%,  0.0%, 98.9%,  1.1%], RTT = 0.099s, Queue delay = 0.001s, MTU = 1200
 summary  10.0  Transmit rate =  6217kbps, PLR =  0.00%( 0.00%), CE =  1.76%( 1.41%)[ 0.0%,  0.0%, 98.7%,  1.3%], RTT = 0.101s, Queue delay = 0.001s, MTU = 1200
 summary  12.0  Transmit rate =  6600kbps, PLR =  0.00%( 0.00%), CE =  3.19%( 1.88%)[ 0.0%,  0.0%, 98.2%,  1.8%], RTT = 0.102s, Queue delay = 0.001s, MTU = 1200
 summary  14.0  Transmit rate =  6778kbps, PLR =  0.00%( 0.00%), CE =  2.93%( 1.97%)[ 0.0%,  0.0%, 98.1%,  1.9%], RTT = 0.102s, Queue delay = 0.001s, MTU = 1200
 summary  16.0  Transmit rate =  6849kbps, PLR =  0.00%( 0.00%), CE =  2.96%( 2.13%)[ 0.0%,  0.0%, 98.0%,  2.0%], RTT = 0.102s, Queue delay = 0.001s, MTU = 1200
 summary  18.0  Transmit rate =  6895kbps, PLR =  0.00%( 0.00%), CE =  3.10%( 2.27%)[ 0.0%,  0.0%, 97.8%,  2.2%], RTT = 0.102s, Queue delay = 0.001s, MTU = 1200
 summary  20.0  Transmit rate =  6895kbps, PLR =  0.00%( 0.00%), CE =  2.99%( 2.15%)[ 0.0%,  0.0%, 97.9%,  2.1%], RTT = 0.102s, Queue delay = 0.001s, MTU = 1200
 summary  22.0  Transmit rate =  6911kbps, PLR =  0.00%( 0.00%), CE =  2.80%( 2.25%)[ 0.0%,  0.0%, 97.9%,  2.1%], RTT = 0.102s, Queue delay = 0.001s, MTU = 1200
 summary  24.0  Transmit rate =  6918kbps, PLR =  0.00%( 0.00%), CE =  2.81%( 2.32%)[ 0.0%,  0.0%, 97.8%,  2.2%], RTT = 0.102s, Queue delay = 0.001s, MTU = 1200
 summary  26.0  Transmit rate =  6916kbps, PLR =  0.00%( 0.00%), CE =  2.82%( 2.32%)[ 0.0%,  0.0%, 97.8%,  2.2%], RTT = 0.102s, Queue delay = 0.001s, MTU = 1200
 summary  28.0  Transmit rate =  6915kbps, PLR =  0.00%( 0.00%), CE =  2.85%( 2.36%)[ 0.0%,  0.0%, 97.7%,  2.3%], RTT = 0.102s, Queue delay = 0.001s, MTU = 1200
 summary  30.0  Transmit rate =  6918kbps, PLR =  0.00%( 0.00%), CE =  2.89%( 2.37%)[ 0.0%,  0.0%, 97.7%,  2.3%], RTT = 0.102s, Queue delay = 0.001s, MTU = 1200
 summary  32.1  Transmit rate =  6918kbps, PLR =  0.00%( 0.00%), CE =  3.13%( 2.41%)[ 0.0%,  0.0%, 97.7%,  2.3%], RTT = 0.102s, Queue delay = 0.001s, MTU = 1200
 summary  34.1  Transmit rate =  6916kbps, PLR =  0.00%( 0.00%), CE =  3.26%( 2.44%)[ 0.0%,  0.0%, 97.7%,  2.3%], RTT = 0.102s, Queue delay = 0.001s, MTU = 1200

======================== Summary ==========================
 Bitrate min/max/avg [kbps]          :  4394/ 8011/ 6237
 RTT     min/max/avg [s]             : 0.050/0.103/0.101
 Queue delay max/avg [s]             : 0.002/0.001
 Packet loss avg [%]                 : 0.000
 ECN/L4S NotECT/ECT(0)/ECT(1)/CE [%] :  0.0/ 0.0/97.7/ 2.3
===========================================================
