Listen on port 5337 to receive RTCP from decoder 
Scream sender started! 
 summary   2.0  Transmit rate =  1261kbps, PLR =  0.00%( 0.00%), CE =  0.96%( 2.10%)[ 0.0%,  0.0%, 98.0%,  2.0%], RTT = 0.068s, Queue delay = 0.000s, MTU = 1200
 summary   4.0  Transmit rate =  2060kbps, PLR =  0.00%( 0.00%), CE =  1.07%( 0.93%)[ 0.0%,  0.0%, 99.0%,  1.0%], RTT = 0.086s, Queue delay = 0.001s, MTU = 1200
 summary   6.0  Transmit rate =  3177kbps, PLR =  0.00%( 0.00%), CE =  0.31%( 0.48%)[ 0.0%,  0.0%, 99.5%,  0.5%], RTT = 0.095s, Queue delay = 0.001s, MTU = 1200
 summary   8.0  Transmit rate =  4733kbps, PLR =  0.00%( 0.00%), CE =  0.09%( 0.35%)[ 0.0%,  0.0%, 99.6%,  0.4%], RTT = 0.099s, Queue delay = 0.001s, MTU = 1200
 summary  10.0  Transmit rate =  6067kbps, PLR =  0.00%( 0.00%), CE =  1.08%( 1.24%)[ 0.0%,  0.0%, 98.8%,  1.2%], RTT = 0.101s, Queue delay = 0.001s, MTU = 1200
 summary  12.0  Transmit rate =  6618kbps, PLR =  0.00%( 0.00%), CE =  2.32%( 1.57%)[ 0.0%,  0.0%, 98.5%,  1.5%], RTT = 0.101s, Queue delay = 0.001s, MTU = 1200
 summary  14.0  Transmit rate =  6897kbps, PLR =  0.00%( 0.00%), CE =  2.90%( 1.70%)[ 0.0%,  0.0%, 98.3%,  1.7%], RTT = 0.102s, Queue delay = 0.001s, MTU = 1200
 summary  16.0  Transmit rate =  7022kbps, PLR =  0.00%( 0.00%), CE =  2.68%( 1.79%)[ 0.0%,  0.0%, 98.3%,  1.7%], RTT = 0.102s, Queue delay = 0.001s, MTU = 1200
 summary  18.0  Transmit rate =  7058kbps, PLR =  0.00%( 0.00%), CE =  2.67%( 1.89%)[ 0.0%,  0.0%, 98.2%,  1.8%], RTT = 0.102s, Queue delay = 0.001s, MTU = 1200
 summary  20.0  Transmit rate =  7092kbps, PLR =  0.00%( 0.00%), CE =  2.68%( 1.99%)[ 0.0%,  0.0%, 98.0%,  2.0%], RTT = 0.102s, Queue delay = 0.001s, MTU = 1200
 summary  22.0  Transmit rate =  7098kbps, PLR =  0.00%( 0.00%), CE =  2.70%( 2.06%)[ 0.0%,  0.0%, 98.0%,  2.0%], RTT = 0.102s, Queue delay = 0.001s, MTU = 1200
 summary  24.0  Transmit rate =  7097kbps, PLR =  0.00%( 0.00%), CE =  2.76%( 2.07%)[ 0.0%,  0.0%, 98.0%,  2.0%], RTT = 0.102s, Queue delay = 0.001s, MTU = 1200
 summary  26.0  Transmit rate =  7087kbps, PLR =  0.00%( 0.00%), CE =  2.78%( 2.15%)[ 0.0%,  0.0%, 97.9%,  2.1%], RTT = 0.102s, Queue delay = 0.001s, MTU = 1200
 summary  28.0  Transmit rate =  7080kbps, PLR =  0.00%( 0.00%), CE =  2.62%( 2.12%)[ 0.0%,  0.0%, 97.9%,  2.1%], RTT = 0.102s, Queue delay = 0.001s, MTU = 1200
 summary  30.0  Transmit rate =  7083kbps, PLR =  0.00%( 0.00%), CE =  2.31%( 2.13%)[ 0.0%,  0.0%, 97.9%,  2.1%], RTT = 0.102s, Queue delay = 0.001s, MTU = 1200
 summary  32.1  Transmit rate =  7081kbps, PLR =  0.00%( 0.00%), CE =  2.49%( 2.17%)[ 0.0%,  0.0%, 97.9%,  2.1%], RTT = 0.102s, Queue delay = 0.001s, MTU = 1200
 summary  34.1  Transmit rate =  7081kbps, PLR =  0.00%( 0.00%), CE =  2.76%( 2.18%)[ 0.0%,  0.0%, 97.9%,  2.1%], RTT = 0.102s, Queue delay = 0.001s, MTU = 1200

======================== Summary ==========================
 Bitrate min/max/avg [kbps]          :  3566/ 8239/ 6278
 RTT     min/max/avg [s]             : 0.050/0.103/0.100
 Queue delay max/avg [s]             : 0.002/0.001
 Packet loss avg [%]                 : 0.000
 ECN/L4S NotECT/ECT(0)/ECT(1)/CE [%] :  0.0/ 0.0/97.8/ 2.2
===========================================================
