Listen on port 5471 to receive RTCP from decoder 
Scream sender started! 
 summary   2.0  Transmit rate =  1477kbps, PLR =  0.00%( 0.00%), CE =  0.84%( 1.79%)[ 0.0%,  0.0%, 98.4%,  1.6%], RTT = 0.068s, Queue delay = 0.000s, MTU = 1200
 summary   4.0  Transmit rate =  2294kbps, PLR =  0.00%( 0.00%), CE =  0.84%( 0.64%)[ 0.0%,  0.0%, 99.4%,  0.6%], RTT = 0.086s, Queue delay = 0.001s, MTU = 1200
 summary   6.0  Transmit rate =  3644kbps, PLR =  0.00%( 0.00%), CE =  0.08%( 0.32%)[ 0.0%,  0.0%, 99.7%,  0.3%], RTT = 0.095s, Queue delay = 0.001s, MTU = 1200
 summary   8.0  Transmit rate =  5346kbps, PLR =  0.00%( 0.00%), CE =  0.24%( 0.71%)[ 0.0%,  0.0%, 99.3%,  0.7%], RTT = 0.099s, Queue delay = 0.001s, MTU = 1200
 summary  10.0  Transmit rate =  6230kbps, PLR =  0.00%( 0.00%), CE =  1.46%( 1.20%)[ 0.0%,  0.0%, 98.9%,  1.1%], RTT = 0.101s, Queue delay = 0.001s, MTU = 1200
 summary  12.0  Transmit rate =  6633kbps, PLR =  0.00%( 0.00%), CE =  2.56%( 1.58%)[ 0.0%,  0.0%, 98.5%,  1.5%], RTT = 0.101s, Queue delay = 0.001s, MTU = 1200
 summary  14.0  Transmit rate =  6815kbps, PLR =  0.00%( 0.00%), CE =  2.89%( 1.70%)[ 0.0%,  0.0%, 98.4%,  1.6%], RTT = 0.102s, Queue delay = 0.001s, MTU = 1200
 summary  16.0  Transmit rate =  6886kbps, PLR =  0.00%( 0.00%), CE =  2.89%( 1.86%)[ 0.0%,  0.0%, 98.2%,  1.8%], RTT = 0.102s, Queue delay = 0.001s, MTU = 1200
 summary  18.0  Transmit rate =  6955kbps, PLR =  0.00%( 0.00%), CE =  2.74%( 1.89%)[ 0.0%,  0.0%, 98.2%,  1.8%], RTT = 0.102s, Queue delay = 0.001s, MTU = 1200
 summary  20.0  Transmit rate =  6994kbps, PLR =  0.00%( 0.00%), CE =  2.54%( 1.89%)[ 0.0%,  0.0%, 98.2%,  1.8%], RTT = 0.102s, Queue delay = 0.001s, MTU = 1200
 summary  22.0  Transmit rate =  7003kbps, PLR =  0.00%( 0.00%), CE =  2.54%( 1.94%)[ 0.0%,  0.0%, 98.1%,  1.9%], RTT = 0.102s, Queue delay = 0.001s, MTU = 1200
 summary  24.0  Transmit rate =  7014kbps, PLR =  0.00%( 0.00%), CE =  2.68%( 1.98%)[ 0.0%,  0.0%, 98.1%,  1.9%], RTT = 0.102s, Queue delay = 0.001s, MTU = 1200
 summary  26.0  Transmit rate =  7021kbps, PLR =  0.00%( 0.00%), CE =  2.65%( 1.99%)[ 0.0%,  0.0%, 98.1%,  1.9%], RTT = 0.102s, Queue delay = 0.001s, MTU = 1200
 summary  28.0  Transmit rate =  7013kbps, PLR =  0.00%( 0.00%), CE =  2.63%( 2.05%)[ 0.0%,  0.0%, 98.0%,  2.0%], RTT = 0.102s, Queue delay = 0.001s, MTU = 1200
 summary  30.0  Transmit rate =  7014kbps, PLR =  0.00%( 0.00%), CE =  2.54%( 2.04%)[ 0.0%,  0.0%, 98.0%,  2.0%], RTT = 0.102s, Queue delay = 0.001s, MTU = 1200
 summary  32.1  Transmit rate =  7032kbps, PLR =  0.00%( 0.00%), CE =  2.66%( 2.06%)[ 0.0%,  0.0%, 98.0%,  2.0%], RTT = 0.102s, Queue delay = 0.001s, MTU = 1200
 summary  34.1  Transmit rate =  7021kbps, PLR =  0.00%( 0.00%), CE =  2.81%( 2.10%)[ 0.0%,  0.0%, 98.0%,  2.0%], RTT = 0.102s, Queue delay = 0.001s, MTU = 1200

======================== Summary ==========================
 Bitrate min/max/avg [kbps]          :  4347/ 8119/ 6301
 RTT     min/max/avg [s]             : 0.050/0.102/0.101
 Queue delay max/avg [s]             : 0.002/0.001
 Packet loss avg [%]                 : 0.000
 ECN/L4S NotECT/ECT(0)/ECT(1)/CE [%] :  0.0/ 0.0/98.0/ 2.0
===========================================================
