Listen on port 5373 to receive RTCP from decoder 
Scream sender started! 
 summary   2.0  Transmit rate =  1277kbps, PLR =  0.00%( 0.00%), CE =  0.84%( 1.84%)[ 0.0%,  0.0%, 98.4%,  1.6%], RTT = 0.067s, Queue delay = 0.000s, MTU = 1200
 summary   4.0  Transmit rate =  2214kbps, PLR =  0.00%( 0.00%), CE =  0.84%( 0.64%)[ 0.0%,  0.0%, 99.4%,  0.6%], RTT = 0.086s, Queue delay = 0.001s, MTU = 1200
 summary   6.0  Transmit rate =  3627kbps, PLR =  0.00%( 0.00%), CE =  0.08%( 0.31%)[ 0.0%,  0.0%, 99.7%,  0.3%], RTT = 0.095s, Queue delay = 0.001s, MTU = 1200
 summary   8.0  Transmit rate =  5177kbps, PLR =  0.00%( 0.00%), CE =  0.87%( 1.34%)[ 0.0%,  0.0%, 98.7%,  1.3%], RTT = 0.099s, Queue delay = 0.001s, MTU = 1200
 summary  10.0  Transmit rate =  5901kbps, PLR =  0.00%( 0.00%), CE =  1.94%( 1.61%)[ 0.0%,  0.0%, 98.4%,  1.6%], RTT = 0.101s, Queue delay = 0.001s, MTU = 1200
 summary  12.0  Transmit rate =  6234kbps, PLR =  0.00%( 0.00%), CE =  3.09%( 1.81%)[ 0.0%,  0.0%, 98.2%,  1.8%], RTT = 0.102s, Queue delay = 0.001s, MTU = 1200
 summary  14.0  Transmit rate =  6388kbps, PLR =  0.00%( 0.00%), CE =  3.12%( 2.14%)[ 0.0%,  0.0%, 97.9%,  2.1%], RTT = 0.102s, Queue delay = 0.001s, MTU = 1200
 summary  16.0  Transmit rate =  6456kbps, PLR =  0.00%( 0.00%), CE =  3.26%( 2.20%)[ 0.0%,  0.0%, 97.9%,  2.1%], RTT = 0.102s, Queue delay = 0.001s, MTU = 1200
 summary  18.0  Transmit rate =  6497kbps, PLR =  0.00%( 0.00%), CE =  2.89%( 2.25%)[ 0.0%,  0.0%, 97.8%,  2.2%], RTT = 0.102s, Queue delay = 0.001s, MTU = 1200
 summary  20.0  Transmit rate =  6528kbps, PLR =  0.00%( 0.00%), CE =  2.68%( 2.30%)[ 0.0%,  0.0%, 97.8%,  2.2%], RTT = 0.102s, Queue delay = 0.001s, MTU = 1200
 summary  22.0  Transmit rate =  6537kbps, PLR =  0.00%( 0.00%), CE =  2.80%( 2.27%)[ 0.0%,  0.0%, 97.8%,  2.2%], RTT = 0.102s, Queue delay = 0.001s, MTU = 1200
 summary  24.0  Transmit rate =  6548kbps, PLR =  0.00%( 0.00%), CE =  2.71%( 2.27%)[ 0.0%,  0.0%, 97.8%,  2.2%], RTT = 0.102s, Queue delay = 0.001s, MTU = 1200
 summary  26.0  Transmit rate =  6561kbps, PLR =  0.00%( 0.00%), CE =  2.76%( 2.30%)[ 0.0%,  0.0%, 97.8%,  2.2%], RTT = 0.102s, Queue delay = 0.001s, MTU = 1200
 summary  28.0  Transmit rate =  6589kbps, PLR =  0.00%( 0.00%), CE =  2.35%( 2.27%)[ 0.0%,  0.0%, 97.8%,  2.2%], RTT = 0.103s, Queue delay = 0.001s, MTU = 1200
 summary  30.0  Transmit rate =  6597kbps, PLR =  0.00%( 0.00%), CE =  2.76%( 2.30%)[ 0.0%,  0.0%, 97.8%,  2.2%], RTT = 0.103s, Queue delay = 0.001s, MTU = 1200
 summary  32.0  Transmit rate =  6560kbps, PLR =  0.00%( 0.00%), CE =  2.73%( 2.30%)[ 0.0%,  0.0%, 97.8%,  2.2%], RTT = 0.103s, Queue delay = 0.001s, MTU = 1200
 summary  34.0  Transmit rate =  6549kbps, PLR =  0.00%( 0.00%), CE =  2.89%( 2.34%)[ 0.0%,  0.0%, 97.7%,  2.3%], RTT = 0.103s, Queue delay = 0.001s, MTU = 1200

======================== Summary ==========================
 Bitrate min/max/avg [kbps]          :  4390/ 7572/ 5935
 RTT     min/max/avg [s]             : 0.050/0.103/0.101
 Queue delay max/avg [s]             : 0.002/0.001
 Packet loss avg [%]                 : 0.000
 ECN/L4S NotECT/ECT(0)/ECT(1)/CE [%] :  0.0/ 0.0/97.7/ 2.3
===========================================================
