Listen on port 5393 to receive RTCP from decoder 
Scream sender started! 
 summary   2.0  Transmit rate =  1465kbps, PLR =  0.00%( 0.00%), CE =  0.84%( 1.85%)[ 0.0%,  0.0%, 98.4%,  1.6%], RTT = 0.067s, Queue delay = 0.000s, MTU = 1200
 summary   4.0  Transmit rate =  2286kbps, PLR =  0.00%( 0.00%), CE =  0.84%( 0.64%)[ 0.0%,  0.0%, 99.4%,  0.6%], RTT = 0.086s, Queue delay = 0.001s, MTU = 1200
 summary   6.0  Transmit rate =  3511kbps, PLR =  0.00%( 0.00%), CE =  0.14%( 0.43%)[ 0.0%,  0.0%, 99.6%,  0.4%], RTT = 0.095s, Queue delay = 0.001s, MTU = 1200
 summary   8.0  Transmit rate =  4861kbps, PLR =  0.00%( 0.00%), CE =  0.13%( 0.29%)[ 0.0%,  0.0%, 99.7%,  0.3%], RTT = 0.099s, Queue delay = 0.001s, MTU = 1200
 summary  10.0  Transmit rate =  5971kbps, PLR =  0.00%( 0.00%), CE =  0.30%( 0.45%)[ 0.0%,  0.0%, 99.6%,  0.4%], RTT = 0.101s, Queue delay = 0.001s, MTU = 1200
 summary  12.0  Transmit rate =  6554kbps, PLR =  0.00%( 0.00%), CE =  1.44%( 0.94%)[ 0.0%,  0.0%, 99.1%,  0.9%], RTT = 0.102s, Queue delay = 0.001s, MTU = 1200
 summary  14.0  Transmit rate =  6805kbps, PLR =  0.00%( 0.00%), CE =  2.40%( 1.27%)[ 0.0%,  0.0%, 98.8%,  1.2%], RTT = 0.102s, Queue delay = 0.001s, MTU = 1200
 summary  16.0  Transmit rate =  6916kbps, PLR =  0.00%( 0.00%), CE =  2.73%( 1.40%)[ 0.0%,  0.0%, 98.7%,  1.3%], RTT = 0.102s, Queue delay = 0.001s, MTU = 1200
 summary  18.0  Transmit rate =  6976kbps, PLR =  0.00%( 0.00%), CE =  2.65%( 1.58%)[ 0.0%,  0.0%, 98.5%,  1.5%], RTT = 0.102s, Queue delay = 0.001s, MTU = 1200
 summary  20.0  Transmit rate =  7009kbps, PLR =  0.00%( 0.00%), CE =  2.65%( 1.67%)[ 0.0%,  0.0%, 98.4%,  1.6%], RTT = 0.102s, Queue delay = 0.001s, MTU = 1200
 summary  22.0  Transmit rate =  7027kbps, PLR =  0.00%( 0.00%), CE =  2.48%( 1.74%)[ 0.0%,  0.0%, 98.3%,  1.7%], RTT = 0.102s, Queue delay = 0.001s, MTU = 1200
 summary  24.0  Transmit rate =  7036kbps, PLR =  0.00%( 0.00%), CE =  2.50%( 1.78%)[ 0.0%,  0.0%, 98.3%,  1.7%], RTT = 0.102s, Queue delay = 0.001s, MTU = 1200
 summary  26.0  Transmit rate =  7056kbps, PLR =  0.00%( 0.00%), CE =  2.27%( 1.79%)[ 0.0%,  0.0%, 98.3%,  1.7%], RTT = 0.102s, Queue delay = 0.001s, MTU = 1200
 summary  28.0  Transmit rate =  7191kbps, PLR =  0.00%( 0.00%), CE =  1.61%( 1.68%)[ 0.0%,  0.0%, 98.4%,  1.6%], RTT = 0.102s, Queue delay = 0.001s, MTU = 1200
 summary  30.0  Transmit rate =  7312kbps, PLR =  0.00%( 0.00%), CE =  1.62%( 1.75%)[ 0.0%,  0.0%, 98.3%,  1.7%], RTT = 0.102s, Queue delay = 0.001s, MTU = 1200
 summary  32.0  Transmit rate =  7355kbps, PLR =  0.00%( 0.00%), CE =  2.33%( 1.80%)[ 0.0%,  0.0%, 98.3%,  1.7%], RTT = 0.102s, Queue delay = 0.001s, MTU = 1200
 summary  34.0  Transmit rate =  7348kbps, PLR =  0.00%( 0.00%), CE =  2.73%( 1.85%)[ 0.0%,  0.0%, 98.2%,  1.8%], RTT = 0.102s, Queue delay = 0.001s, MTU = 1200

======================== Summary ==========================
 Bitrate min/max/avg [kbps]          :  4107/ 8568/ 6342
 RTT     min/max/avg [s]             : 0.050/0.102/0.101
 Queue delay max/avg [s]             : 0.002/0.001
 Packet loss avg [%]                 : 0.000
 ECN/L4S NotECT/ECT(0)/ECT(1)/CE [%] :  0.0/ 0.0/98.2/ 1.8
===========================================================
