Listen on port 5319 to receive RTCP from decoder 
Scream sender started! 
 refresh 0.101181 RTP queue 1 packets discarded for SSRC 100
 summary   2.0  Transmit rate =  1273kbps, PLR =  0.00%( 0.00%), CE =  0.70%( 1.55%)[ 0.0%,  0.0%, 98.6%,  1.4%], RTT = 0.067s, Queue delay = 0.000s, MTU = 1200
 summary   4.0  Transmit rate =  2201kbps, PLR =  0.00%( 0.00%), CE =  0.70%( 0.54%)[ 0.0%,  0.0%, 99.4%,  0.6%], RTT = 0.086s, Queue delay = 0.001s, MTU = 1200
 summary   6.0  Transmit rate =  3407kbps, PLR =  0.00%( 0.00%), CE =  0.07%( 0.28%)[ 0.0%,  0.0%, 99.7%,  0.3%], RTT = 0.095s, Queue delay = 0.001s, MTU = 1200
 summary   8.0  Transmit rate =  4942kbps, PLR =  0.00%( 0.00%), CE =  0.06%( 0.23%)[ 0.0%,  0.0%, 99.7%,  0.3%], RTT = 0.099s, Queue delay = 0.001s, MTU = 1200
 summary  10.0  Transmit rate =  6177kbps, PLR =  0.00%( 0.00%), CE =  0.80%( 0.84%)[ 0.0%,  0.0%, 99.2%,  0.8%], RTT = 0.101s, Queue delay = 0.001s, MTU = 1200
 summary  12.0  Transmit rate =  6740kbps, PLR =  0.00%( 0.00%), CE =  1.68%( 1.17%)[ 0.0%,  0.0%, 98.8%,  1.2%], RTT = 0.102s, Queue delay = 0.001s, MTU = 1200
 summary  14.0  Transmit rate =  7009kbps, PLR =  0.00%( 0.00%), CE =  2.57%( 1.44%)[ 0.0%,  0.0%, 98.6%,  1.4%], RTT = 0.102s, Queue delay = 0.001s, MTU = 1200
 summary  16.0  Transmit rate =  7113kbps, PLR =  0.00%( 0.00%), CE =  2.53%( 1.52%)[ 0.0%,  0.0%, 98.5%,  1.5%], RTT = 0.102s, Queue delay = 0.001s, MTU = 1200
 summary  18.0  Transmit rate =  7160kbps, PLR =  0.00%( 0.00%), CE =  2.69%( 1.64%)[ 0.0%,  0.0%, 98.4%,  1.6%], RTT = 0.102s, Queue delay = 0.001s, MTU = 1200
 summary  20.0  Transmit rate =  7214kbps, PLR =  0.00%( 0.00%), CE =  2.38%( 1.70%)[ 0.0%,  0.0%, 98.3%,  1.7%], RTT = 0.102s, Queue delay = 0.001s, MTU = 1200
 summary  22.0  Transmit rate =  7292kbps, PLR =  0.00%( 0.00%), CE =  1.97%( 1.61%)[ 0.0%,  0.0%, 98.4%,  1.6%], RTT = 0.102s, Queue delay = 0.001s, MTU = 1200
 summary  24.0  Transmit rate =  7353kbps, PLR =  0.00%( 0.00%), CE =  1.88%( 1.64%)[ 0.0%,  0.0%, 98.4%,  1.6%], RTT = 0.102s, Queue delay = 0.001s, MTU = 1200
 summary  26.0  Transmit rate =  7401kbps, PLR =  0.00%( 0.00%), CE =  1.90%( 1.70%)[ 0.0%,  0.0%, 98.3%,  1.7%], RTT = 0.102s, Queue delay = 0.001s, MTU = 1200
 summary  28.0  Transmit rate =  7416kbps, PLR =  0.00%( 0.00%), CE =  2.35%( 1.74%)[ 0.0%,  0.0%, 98.3%,  1.7%], RTT = 0.102s, Queue delay = 0.001s, MTU = 1200
 summary  30.0  Transmit rate =  7417kbps, PLR =  0.00%( 0.00%), CE =  2.57%( 1.77%)[ 0.0%,  0.0%, 98.3%,  1.7%], RTT = 0.102s, Queue delay = 0.001s, MTU = 1200
 summary  32.0  Transmit rate =  7404kbps, PLR =  0.00%( 0.00%), CE =  2.26%( 1.77%)[ 0.0%,  0.0%, 98.3%,  1.7%], RTT = 0.102s, Queue delay = 0.001s, MTU = 1200
 summary  34.1  Transmit rate =  7413kbps, PLR =  0.00%( 0.00%), CE =  2.17%( 1.80%)[ 0.0%,  0.0%, 98.2%,  1.8%], RTT = 0.102s, Queue delay = 0.001s, MTU = 1200

======================== Summary ==========================
 Bitrate min/max/avg [kbps]          :  3960/ 8598/ 6489
 RTT     min/max/avg [s]             : 0.050/0.103/0.101
 Queue delay max/avg [s]             : 0.002/0.001
 Packet loss avg [%]                 : 0.000
 ECN/L4S NotECT/ECT(0)/ECT(1)/CE [%] :  0.0/ 0.0/98.2/ 1.8
===========================================================
