Listen on port 5461 to receive RTCP from decoder 
Scream sender started! 
 summary   2.0  Transmit rate =  1454kbps, PLR =  0.00%( 0.00%), CE =  0.90%( 2.04%)[ 0.0%,  0.0%, 98.1%,  1.9%], RTT = 0.067s, Queue delay = 0.000s, MTU = 1200
 summary   4.0  Transmit rate =  2202kbps, PLR =  0.00%( 0.00%), CE =  0.90%( 0.73%)[ 0.0%,  0.0%, 99.3%,  0.7%], RTT = 0.086s, Queue delay = 0.001s, MTU = 1200
 summary   6.0  Transmit rate =  3323kbps, PLR =  0.00%( 0.00%), CE =  0.20%( 0.43%)[ 0.0%,  0.0%, 99.6%,  0.4%], RTT = 0.095s, Queue delay = 0.001s, MTU = 1200
 summary   8.0  Transmit rate =  4733kbps, PLR =  0.00%( 0.00%), CE =  0.05%( 0.25%)[ 0.0%,  0.0%, 99.7%,  0.3%], RTT = 0.099s, Queue delay = 0.001s, MTU = 1200
 summary  10.0  Transmit rate =  6205kbps, PLR =  0.00%( 0.00%), CE =  0.12%( 0.32%)[ 0.0%,  0.0%, 99.7%,  0.3%], RTT = 0.101s, Queue delay = 0.001s, MTU = 1200
 summary  12.0  Transmit rate =  7011kbps, PLR =  0.00%( 0.00%), CE =  0.38%( 0.51%)[ 0.0%,  0.0%, 99.5%,  0.5%], RTT = 0.102s, Queue delay = 0.001s, MTU = 1200
 summary  14.0  Transmit rate =  7429kbps, PLR =  0.00%( 0.00%), CE =  1.56%( 0.85%)[ 0.0%,  0.0%, 99.2%,  0.8%], RTT = 0.102s, Queue delay = 0.001s, MTU = 1200
 summary  16.0  Transmit rate =  7608kbps, PLR =  0.00%( 0.00%), CE =  2.35%( 1.14%)[ 0.0%,  0.0%, 98.9%,  1.1%], RTT = 0.102s, Queue delay = 0.001s, MTU = 1200
 summary  18.0  Transmit rate =  7688kbps, PLR =  0.00%( 0.00%), CE =  2.33%( 1.25%)[ 0.0%,  0.0%, 98.8%,  1.2%], RTT = 0.102s, Queue delay = 0.001s, MTU = 1200
 summary  20.0  Transmit rate =  7716kbps, PLR =  0.00%( 0.00%), CE =  2.56%( 1.38%)[ 0.0%,  0.0%, 98.6%,  1.4%], RTT = 0.102s, Queue delay = 0.001s, MTU = 1200
 summary  22.0  Transmit rate =  7740kbps, PLR =  0.00%( 0.00%), CE =  2.31%( 1.44%)[ 0.0%,  0.0%, 98.6%,  1.4%], RTT = 0.102s, Queue delay = 0.001s, MTU = 1200
 summary  24.0  Transmit rate =  7761kbps, PLR =  0.00%( 0.00%), CE =  1.90%( 1.47%)[ 0.0%,  0.0%, 98.6%,  1.4%], RTT = 0.102s, Queue delay = 0.001s, MTU = 1200
 summary  26.0  Transmit rate =  7755kbps, PLR =  0.00%( 0.00%), CE =  2.19%( 1.53%)[ 0.0%,  0.0%, 98.5%,  1.5%], RTT = 0.102s, Queue delay = 0.001s, MTU = 1200
 summary  28.0  Transmit rate =  7747kbps, PLR =  0.00%( 0.00%), CE =  2.17%( 1.56%)[ 0.0%,  0.0%, 98.5%,  1.5%], RTT = 0.102s, Queue delay = 0.001s, MTU = 1200
 summary  30.0  Transmit rate =  7742kbps, PLR =  0.00%( 0.00%), CE =  2.31%( 1.61%)[ 0.0%,  0.0%, 98.4%,  1.6%], RTT = 0.102s, Queue delay = 0.001s, MTU = 1200
 summary  32.0  Transmit rate =  7741kbps, PLR =  0.00%( 0.00%), CE =  2.08%( 1.60%)[ 0.0%,  0.0%, 98.4%,  1.6%], RTT = 0.102s, Queue delay = 0.001s, MTU = 1200
 summary  34.1  Transmit rate =  7744kbps, PLR =  0.00%( 0.00%), CE =  1.80%( 1.58%)[ 0.0%,  0.0%, 98.5%,  1.5%], RTT = 0.102s, Queue delay = 0.001s, MTU = 1200

======================== Summary ==========================
 Bitrate min/max/avg [kbps]          :  3823/ 9016/ 6767
 RTT     min/max/avg [s]             : 0.050/0.102/0.101
 Queue delay max/avg [s]             : 0.002/0.001
 Packet loss avg [%]                 : 0.000
 ECN/L4S NotECT/ECT(0)/ECT(1)/CE [%] :  0.0/ 0.0/98.5/ 1.5
===========================================================
