Listen on port 5423 to receive RTCP from decoder 
Scream sender started! 
 refresh 0.101151 RTP queue 1 packets discarded for SSRC 100
 summary   2.0  Transmit rate =  1373kbps, PLR =  0.00%( 0.00%), CE =  0.70%( 1.55%)[ 0.0%,  0.0%, 98.6%,  1.4%], RTT = 0.067s, Queue delay = 0.000s, MTU = 1200
 summary   4.0  Transmit rate =  2248kbps, PLR =  0.00%( 0.00%), CE =  0.70%( 0.54%)[ 0.0%,  0.0%, 99.5%,  0.5%], RTT = 0.086s, Queue delay = 0.001s, MTU = 1200
 summary   6.0  Transmit rate =  3612kbps, PLR =  0.00%( 0.00%), CE =  0.07%( 0.26%)[ 0.0%,  0.0%, 99.7%,  0.3%], RTT = 0.095s, Queue delay = 0.001s, MTU = 1200
 summary   8.0  Transmit rate =  5336kbps, PLR =  0.00%( 0.00%), CE =  0.14%( 0.31%)[ 0.0%,  0.0%, 99.7%,  0.3%], RTT = 0.099s, Queue delay = 0.001s, MTU = 1200
 summary  10.0  Transmit rate =  6378kbps, PLR =  0.00%( 0.00%), CE =  0.33%( 0.36%)[ 0.0%,  0.0%, 99.7%,  0.3%], RTT = 0.101s, Queue delay = 0.001s, MTU = 1200
 summary  12.0  Transmit rate =  7013kbps, PLR =  0.00%( 0.00%), CE =  0.58%( 0.43%)[ 0.0%,  0.0%, 99.6%,  0.4%], RTT = 0.102s, Queue delay = 0.001s, MTU = 1200
 summary  14.0  Transmit rate =  7326kbps, PLR =  0.00%( 0.00%), CE =  1.41%( 0.80%)[ 0.0%,  0.0%, 99.2%,  0.8%], RTT = 0.102s, Queue delay = 0.001s, MTU = 1200
 summary  16.0  Transmit rate =  7491kbps, PLR =  0.00%( 0.00%), CE =  1.89%( 0.98%)[ 0.0%,  0.0%, 99.1%,  0.9%], RTT = 0.102s, Queue delay = 0.001s, MTU = 1200
 summary  18.0  Transmit rate =  7552kbps, PLR =  0.00%( 0.00%), CE =  2.32%( 1.15%)[ 0.0%,  0.0%, 98.9%,  1.1%], RTT = 0.102s, Queue delay = 0.001s, MTU = 1200
 summary  20.0  Transmit rate =  7556kbps, PLR =  0.00%( 0.00%), CE =  2.56%( 1.30%)[ 0.0%,  0.0%, 98.7%,  1.3%], RTT = 0.102s, Queue delay = 0.001s, MTU = 1200
 summary  22.0  Transmit rate =  7591kbps, PLR =  0.00%( 0.00%), CE =  2.35%( 1.37%)[ 0.0%,  0.0%, 98.7%,  1.3%], RTT = 0.102s, Queue delay = 0.001s, MTU = 1200
 summary  24.0  Transmit rate =  7596kbps, PLR =  0.00%( 0.00%), CE =  2.52%( 1.49%)[ 0.0%,  0.0%, 98.5%,  1.5%], RTT = 0.102s, Queue delay = 0.001s, MTU = 1200
 summary  26.0  Transmit rate =  7579kbps, PLR =  0.00%( 0.00%), CE =  2.61%( 1.53%)[ 0.0%,  0.0%, 98.5%,  1.5%], RTT = 0.102s, Queue delay = 0.001s, MTU = 1200
 summary  28.0  Transmit rate =  7589kbps, PLR =  0.00%( 0.00%), CE =  2.67%( 1.61%)[ 0.0%,  0.0%, 98.4%,  1.6%], RTT = 0.102s, Queue delay = 0.001s, MTU = 1200
 summary  30.0  Transmit rate =  7591kbps, PLR =  0.00%( 0.00%), CE =  2.76%( 1.66%)[ 0.0%,  0.0%, 98.4%,  1.6%], RTT = 0.102s, Queue delay = 0.001s, MTU = 1200
 summary  32.0  Transmit rate =  7612kbps, PLR =  0.00%( 0.00%), CE =  2.39%( 1.68%)[ 0.0%,  0.0%, 98.4%,  1.6%], RTT = 0.102s, Queue delay = 0.001s, MTU = 1200
 summary  34.0  Transmit rate =  7609kbps, PLR =  0.00%( 0.00%), CE =  2.58%( 1.72%)[ 0.0%,  0.0%, 98.3%,  1.7%], RTT = 0.102s, Queue delay = 0.001s, MTU = 1200

======================== Summary ==========================
 Bitrate min/max/avg [kbps]          :  4324/ 8801/ 6735
 RTT     min/max/avg [s]             : 0.050/0.103/0.101
 Queue delay max/avg [s]             : 0.002/0.001
 Packet loss avg [%]                 : 0.000
 ECN/L4S NotECT/ECT(0)/ECT(1)/CE [%] :  0.0/ 0.0/98.3/ 1.7
===========================================================
