Listen on port 5365 to receive RTCP from decoder 
Scream sender started! 
 refresh 0.101151 RTP queue 1 packets discarded for SSRC 100
 summary   2.0  Transmit rate =  1370kbps, PLR =  0.00%( 0.00%), CE =  0.70%( 1.55%)[ 0.0%,  0.0%, 98.6%,  1.4%], RTT = 0.067s, Queue delay = 0.001s, MTU = 1200
 summary   4.0  Transmit rate =  2234kbps, PLR =  0.00%( 0.00%), CE =  0.70%( 0.54%)[ 0.0%,  0.0%, 99.5%,  0.5%], RTT = 0.086s, Queue delay = 0.001s, MTU = 1200
 summary   6.0  Transmit rate =  3590kbps, PLR =  0.00%( 0.00%), CE =  0.07%( 0.27%)[ 0.0%,  0.0%, 99.7%,  0.3%], RTT = 0.095s, Queue delay = 0.001s, MTU = 1200
 summary   8.0  Transmit rate =  5332kbps, PLR =  0.00%( 0.00%), CE =  0.45%( 0.77%)[ 0.0%,  0.0%, 99.3%,  0.7%], RTT = 0.099s, Queue delay = 0.001s, MTU = 1200
 summary  10.0  Transmit rate =  6297kbps, PLR =  0.00%( 0.00%), CE =  1.24%( 1.11%)[ 0.0%,  0.0%, 98.9%,  1.1%], RTT = 0.101s, Queue delay = 0.001s, MTU = 1200
 summary  12.0  Transmit rate =  6744kbps, PLR =  0.00%( 0.00%), CE =  2.20%( 1.32%)[ 0.0%,  0.0%, 98.7%,  1.3%], RTT = 0.102s, Queue delay = 0.001s, MTU = 1200
 summary  14.0  Transmit rate =  6931kbps, PLR =  0.00%( 0.00%), CE =  2.66%( 1.62%)[ 0.0%,  0.0%, 98.4%,  1.6%], RTT = 0.102s, Queue delay = 0.001s, MTU = 1200
 summary  16.0  Transmit rate =  7019kbps, PLR =  0.00%( 0.00%), CE =  2.65%( 1.69%)[ 0.0%,  0.0%, 98.4%,  1.6%], RTT = 0.102s, Queue delay = 0.001s, MTU = 1200
 summary  18.0  Transmit rate =  7099kbps, PLR =  0.00%( 0.00%), CE =  2.45%( 1.72%)[ 0.0%,  0.0%, 98.3%,  1.7%], RTT = 0.102s, Queue delay = 0.001s, MTU = 1200
 summary  20.0  Transmit rate =  7134kbps, PLR =  0.00%( 0.00%), CE =  2.03%( 1.77%)[ 0.0%,  0.0%, 98.3%,  1.7%], RTT = 0.102s, Queue delay = 0.001s, MTU = 1200
 summary  22.0  Transmit rate =  7136kbps, PLR =  0.00%( 0.00%), CE =  2.23%( 1.77%)[ 0.0%,  0.0%, 98.3%,  1.7%], RTT = 0.102s, Queue delay = 0.001s, MTU = 1200
 summary  24.0  Transmit rate =  7163kbps, PLR =  0.00%( 0.00%), CE =  2.33%( 1.80%)[ 0.0%,  0.0%, 98.2%,  1.8%], RTT = 0.102s, Queue delay = 0.001s, MTU = 1200
 summary  26.0  Transmit rate =  7179kbps, PLR =  0.00%( 0.00%), CE =  2.69%( 1.87%)[ 0.0%,  0.0%, 98.2%,  1.8%], RTT = 0.102s, Queue delay = 0.001s, MTU = 1200
 summary  28.0  Transmit rate =  7132kbps, PLR =  0.00%( 0.00%), CE =  2.21%( 1.80%)[ 0.0%,  0.0%, 98.2%,  1.8%], RTT = 0.102s, Queue delay = 0.001s, MTU = 1200
 summary  30.0  Transmit rate =  7152kbps, PLR =  0.00%( 0.00%), CE =  2.20%( 1.81%)[ 0.0%,  0.0%, 98.2%,  1.8%], RTT = 0.102s, Queue delay = 0.001s, MTU = 1200
 summary  32.0  Transmit rate =  7161kbps, PLR =  0.00%( 0.00%), CE =  1.94%( 1.83%)[ 0.0%,  0.0%, 98.2%,  1.8%], RTT = 0.102s, Queue delay = 0.001s, MTU = 1200
 summary  34.0  Transmit rate =  7158kbps, PLR =  0.00%( 0.00%), CE =  2.50%( 1.86%)[ 0.0%,  0.0%, 98.2%,  1.8%], RTT = 0.102s, Queue delay = 0.001s, MTU = 1200

======================== Summary ==========================
 Bitrate min/max/avg [kbps]          :     0/ 8285/ 6322
 RTT     min/max/avg [s]             : 0.050/0.103/0.101
 Queue delay max/avg [s]             : 0.002/0.001
 Packet loss avg [%]                 : 0.000
 ECN/L4S NotECT/ECT(0)/ECT(1)/CE [%] :  0.0/ 0.0/98.2/ 1.8
===========================================================
