Listen on port 5469 to receive RTCP from decoder 
Scream sender started! 
 summary   2.0  Transmit rate =  1505kbps, PLR =  0.00%( 0.00%), CE =  0.68%( 1.44%)[ 0.0%,  0.0%, 98.7%,  1.3%], RTT = 0.068s, Queue delay = 0.000s, MTU = 1200
 summary   4.0  Transmit rate =  2334kbps, PLR =  0.00%( 0.00%), CE =  0.68%( 0.52%)[ 0.0%,  0.0%, 99.5%,  0.5%], RTT = 0.086s, Queue delay = 0.001s, MTU = 1200
 summary   6.0  Transmit rate =  3536kbps, PLR =  0.00%( 0.00%), CE =  0.12%( 0.32%)[ 0.0%,  0.0%, 99.7%,  0.3%], RTT = 0.095s, Queue delay = 0.001s, MTU = 1200
 summary   8.0  Transmit rate =  5009kbps, PLR =  0.00%( 0.00%), CE =  0.06%( 0.22%)[ 0.0%,  0.0%, 99.8%,  0.2%], RTT = 0.099s, Queue delay = 0.001s, MTU = 1200
 summary  10.0  Transmit rate =  6083kbps, PLR =  0.00%( 0.00%), CE =  1.17%( 1.08%)[ 0.0%,  0.0%, 99.0%,  1.0%], RTT = 0.101s, Queue delay = 0.001s, MTU = 1200
 summary  12.0  Transmit rate =  6570kbps, PLR =  0.00%( 0.00%), CE =  2.36%( 1.47%)[ 0.0%,  0.0%, 98.6%,  1.4%], RTT = 0.102s, Queue delay = 0.001s, MTU = 1200
 summary  14.0  Transmit rate =  6780kbps, PLR =  0.00%( 0.00%), CE =  2.69%( 1.59%)[ 0.0%,  0.0%, 98.5%,  1.5%], RTT = 0.102s, Queue delay = 0.001s, MTU = 1200
 summary  16.0  Transmit rate =  6873kbps, PLR =  0.00%( 0.00%), CE =  2.84%( 1.82%)[ 0.0%,  0.0%, 98.3%,  1.7%], RTT = 0.102s, Queue delay = 0.001s, MTU = 1200
 summary  18.0  Transmit rate =  6924kbps, PLR =  0.00%( 0.00%), CE =  2.85%( 1.85%)[ 0.0%,  0.0%, 98.2%,  1.8%], RTT = 0.102s, Queue delay = 0.001s, MTU = 1200
 summary  20.0  Transmit rate =  6935kbps, PLR =  0.00%( 0.00%), CE =  2.73%( 1.91%)[ 0.0%,  0.0%, 98.2%,  1.8%], RTT = 0.102s, Queue delay = 0.001s, MTU = 1200
 summary  22.0  Transmit rate =  6949kbps, PLR =  0.00%( 0.00%), CE =  2.62%( 1.96%)[ 0.0%,  0.0%, 98.1%,  1.9%], RTT = 0.102s, Queue delay = 0.001s, MTU = 1200
 summary  24.0  Transmit rate =  6952kbps, PLR =  0.00%( 0.00%), CE =  2.26%( 1.94%)[ 0.0%,  0.0%, 98.1%,  1.9%], RTT = 0.102s, Queue delay = 0.001s, MTU = 1200
 summary  26.0  Transmit rate =  6948kbps, PLR =  0.00%( 0.00%), CE =  2.65%( 2.06%)[ 0.0%,  0.0%, 98.0%,  2.0%], RTT = 0.102s, Queue delay = 0.001s, MTU = 1200
 summary  28.0  Transmit rate =  6951kbps, PLR =  0.00%( 0.00%), CE =  2.74%( 2.11%)[ 0.0%,  0.0%, 98.0%,  2.0%], RTT = 0.102s, Queue delay = 0.001s, MTU = 1200
 summary  30.0  Transmit rate =  6921kbps, PLR =  0.00%( 0.00%), CE =  2.92%( 2.11%)[ 0.0%,  0.0%, 98.0%,  2.0%], RTT = 0.102s, Queue delay = 0.001s, MTU = 1200
 summary  32.0  Transmit rate =  6930kbps, PLR =  0.00%( 0.00%), CE =  2.84%( 2.19%)[ 0.0%,  0.0%, 97.9%,  2.1%], RTT = 0.102s, Queue delay = 0.001s, MTU = 1200
 summary  34.0  Transmit rate =  6944kbps, PLR =  0.00%( 0.00%), CE =  2.73%( 2.19%)[ 0.0%,  0.0%, 97.9%,  2.1%], RTT = 0.102s, Queue delay = 0.001s, MTU = 1200

======================== Summary ==========================
 Bitrate min/max/avg [kbps]          :  4172/ 8088/ 6224
 RTT     min/max/avg [s]             : 0.050/0.103/0.101
 Queue delay max/avg [s]             : 0.003/0.001
 Packet loss avg [%]                 : 0.000
 ECN/L4S NotECT/ECT(0)/ECT(1)/CE [%] :  0.0/ 0.0/97.9/ 2.1
===========================================================
