Listen on port 5441 to receive RTCP from decoder 
Scream sender started! 
 summary   2.0  Transmit rate =  1458kbps, PLR =  0.00%( 0.00%), CE =  0.99%( 2.18%)[ 0.0%,  0.0%, 98.1%,  1.9%], RTT = 0.067s, Queue delay = 0.001s, MTU = 1200
 summary   4.0  Transmit rate =  2266kbps, PLR =  0.00%( 0.00%), CE =  0.99%( 0.76%)[ 0.0%,  0.0%, 99.3%,  0.7%], RTT = 0.086s, Queue delay = 0.001s, MTU = 1200
 summary   6.0  Transmit rate =  3597kbps, PLR =  0.00%( 0.00%), CE =  0.10%( 0.37%)[ 0.0%,  0.0%, 99.6%,  0.4%], RTT = 0.095s, Queue delay = 0.001s, MTU = 1200
 summary   8.0  Transmit rate =  5254kbps, PLR =  0.00%( 0.00%), CE =  0.25%( 0.49%)[ 0.0%,  0.0%, 99.5%,  0.5%], RTT = 0.099s, Queue delay = 0.001s, MTU = 1200
 summary  10.0  Transmit rate =  6196kbps, PLR =  0.00%( 0.00%), CE =  0.79%( 0.82%)[ 0.0%,  0.0%, 99.2%,  0.8%], RTT = 0.101s, Queue delay = 0.001s, MTU = 1200
 summary  12.0  Transmit rate =  6638kbps, PLR =  0.00%( 0.00%), CE =  1.68%( 1.13%)[ 0.0%,  0.0%, 98.9%,  1.1%], RTT = 0.102s, Queue delay = 0.001s, MTU = 1200
 summary  14.0  Transmit rate =  6844kbps, PLR =  0.00%( 0.00%), CE =  2.81%( 1.57%)[ 0.0%,  0.0%, 98.5%,  1.5%], RTT = 0.102s, Queue delay = 0.001s, MTU = 1200
 summary  16.0  Transmit rate =  6928kbps, PLR =  0.00%( 0.00%), CE =  2.57%( 1.70%)[ 0.0%,  0.0%, 98.4%,  1.6%], RTT = 0.102s, Queue delay = 0.001s, MTU = 1200
 summary  18.0  Transmit rate =  6963kbps, PLR =  0.00%( 0.00%), CE =  2.64%( 1.76%)[ 0.0%,  0.0%, 98.3%,  1.7%], RTT = 0.102s, Queue delay = 0.001s, MTU = 1200
 summary  20.0  Transmit rate =  6986kbps, PLR =  0.00%( 0.00%), CE =  2.90%( 1.90%)[ 0.0%,  0.0%, 98.2%,  1.8%], RTT = 0.102s, Queue delay = 0.001s, MTU = 1200
 summary  22.0  Transmit rate =  6993kbps, PLR =  0.00%( 0.00%), CE =  2.55%( 1.92%)[ 0.0%,  0.0%, 98.1%,  1.9%], RTT = 0.102s, Queue delay = 0.001s, MTU = 1200
 summary  24.0  Transmit rate =  6993kbps, PLR =  0.00%( 0.00%), CE =  2.54%( 1.99%)[ 0.0%,  0.0%, 98.1%,  1.9%], RTT = 0.102s, Queue delay = 0.001s, MTU = 1200
 summary  26.0  Transmit rate =  7000kbps, PLR =  0.00%( 0.00%), CE =  2.85%( 2.02%)[ 0.0%,  0.0%, 98.1%,  1.9%], RTT = 0.102s, Queue delay = 0.001s, MTU = 1200
 summary  28.0  Transmit rate =  7004kbps, PLR =  0.00%( 0.00%), CE =  3.04%( 2.06%)[ 0.0%,  0.0%, 98.0%,  2.0%], RTT = 0.102s, Queue delay = 0.001s, MTU = 1200
 summary  30.0  Transmit rate =  6993kbps, PLR =  0.00%( 0.00%), CE =  2.76%( 2.12%)[ 0.0%,  0.0%, 98.0%,  2.0%], RTT = 0.102s, Queue delay = 0.001s, MTU = 1200
 summary  32.0  Transmit rate =  6992kbps, PLR =  0.00%( 0.00%), CE =  2.69%( 2.10%)[ 0.0%,  0.0%, 98.0%,  2.0%], RTT = 0.102s, Queue delay = 0.001s, MTU = 1200
 summary  34.1  Transmit rate =  6994kbps, PLR =  0.00%( 0.00%), CE =  2.45%( 2.10%)[ 0.0%,  0.0%, 98.0%,  2.0%], RTT = 0.102s, Queue delay = 0.001s, MTU = 1200

======================== Summary ==========================
 Bitrate min/max/avg [kbps]          :  4270/ 8119/ 6282
 RTT     min/max/avg [s]             : 0.050/0.103/0.101
 Queue delay max/avg [s]             : 0.002/0.001
 Packet loss avg [%]                 : 0.000
 ECN/L4S NotECT/ECT(0)/ECT(1)/CE [%] :  0.0/ 0.0/97.9/ 2.1
===========================================================
