Listen on port 5385 to receive RTCP from decoder 
Scream sender started! 
 summary   2.0  Transmit rate =  1264kbps, PLR =  0.00%( 0.00%), CE =  0.95%( 2.18%)[ 0.0%,  0.0%, 98.1%,  1.9%], RTT = 0.067s, Queue delay = 0.000s, MTU = 1200
 summary   4.0  Transmit rate =  2115kbps, PLR =  0.00%( 0.00%), CE =  0.96%( 0.78%)[ 0.0%,  0.0%, 99.3%,  0.7%], RTT = 0.086s, Queue delay = 0.001s, MTU = 1200
 summary   6.0  Transmit rate =  3373kbps, PLR =  0.00%( 0.00%), CE =  0.20%( 0.39%)[ 0.0%,  0.0%, 99.6%,  0.4%], RTT = 0.095s, Queue delay = 0.001s, MTU = 1200
 summary   8.0  Transmit rate =  5145kbps, PLR =  0.00%( 0.00%), CE =  0.18%( 0.58%)[ 0.0%,  0.0%, 99.4%,  0.6%], RTT = 0.099s, Queue delay = 0.001s, MTU = 1200
 summary  10.0  Transmit rate =  6253kbps, PLR =  0.00%( 0.00%), CE =  1.45%( 1.33%)[ 0.0%,  0.0%, 98.7%,  1.3%], RTT = 0.101s, Queue delay = 0.001s, MTU = 1200
 summary  12.0  Transmit rate =  6742kbps, PLR =  0.00%( 0.00%), CE =  2.34%( 1.54%)[ 0.0%,  0.0%, 98.5%,  1.5%], RTT = 0.102s, Queue delay = 0.001s, MTU = 1200
 summary  14.0  Transmit rate =  6979kbps, PLR =  0.00%( 0.00%), CE =  2.31%( 1.73%)[ 0.0%,  0.0%, 98.3%,  1.7%], RTT = 0.102s, Queue delay = 0.001s, MTU = 1200
 summary  16.0  Transmit rate =  7059kbps, PLR =  0.00%( 0.00%), CE =  2.51%( 1.79%)[ 0.0%,  0.0%, 98.3%,  1.7%], RTT = 0.102s, Queue delay = 0.001s, MTU = 1200
 summary  18.0  Transmit rate =  7123kbps, PLR =  0.00%( 0.00%), CE =  2.34%( 1.79%)[ 0.0%,  0.0%, 98.2%,  1.8%], RTT = 0.102s, Queue delay = 0.001s, MTU = 1200
 summary  20.0  Transmit rate =  7184kbps, PLR =  0.00%( 0.00%), CE =  2.21%( 1.80%)[ 0.0%,  0.0%, 98.2%,  1.8%], RTT = 0.102s, Queue delay = 0.001s, MTU = 1200
 summary  22.0  Transmit rate =  7194kbps, PLR =  0.00%( 0.00%), CE =  2.27%( 1.84%)[ 0.0%,  0.0%, 98.2%,  1.8%], RTT = 0.102s, Queue delay = 0.001s, MTU = 1200
 summary  24.0  Transmit rate =  7198kbps, PLR =  0.00%( 0.00%), CE =  2.46%( 1.94%)[ 0.0%,  0.0%, 98.1%,  1.9%], RTT = 0.102s, Queue delay = 0.001s, MTU = 1200
 summary  26.0  Transmit rate =  7222kbps, PLR =  0.00%( 0.00%), CE =  2.62%( 1.96%)[ 0.0%,  0.0%, 98.1%,  1.9%], RTT = 0.102s, Queue delay = 0.001s, MTU = 1200
 summary  28.0  Transmit rate =  7229kbps, PLR =  0.00%( 0.00%), CE =  2.39%( 1.96%)[ 0.0%,  0.0%, 98.1%,  1.9%], RTT = 0.102s, Queue delay = 0.001s, MTU = 1200
 summary  30.0  Transmit rate =  7214kbps, PLR =  0.00%( 0.00%), CE =  2.61%( 2.02%)[ 0.0%,  0.0%, 98.0%,  2.0%], RTT = 0.102s, Queue delay = 0.001s, MTU = 1200
 summary  32.0  Transmit rate =  7196kbps, PLR =  0.00%( 0.00%), CE =  2.84%( 2.07%)[ 0.0%,  0.0%, 98.0%,  2.0%], RTT = 0.102s, Queue delay = 0.001s, MTU = 1200
 summary  34.0  Transmit rate =  7196kbps, PLR =  0.00%( 0.00%), CE =  2.52%( 2.04%)[ 0.0%,  0.0%, 98.0%,  2.0%], RTT = 0.102s, Queue delay = 0.001s, MTU = 1200

======================== Summary ==========================
 Bitrate min/max/avg [kbps]          :     0/ 8393/ 6319
 RTT     min/max/avg [s]             : 0.050/0.103/0.101
 Queue delay max/avg [s]             : 0.002/0.001
 Packet loss avg [%]                 : 0.000
 ECN/L4S NotECT/ECT(0)/ECT(1)/CE [%] :  0.0/ 0.0/98.0/ 2.0
===========================================================
