Listen on port 5435 to receive RTCP from decoder 
Scream sender started! 
 summary   2.0  Transmit rate =  1489kbps, PLR =  0.00%( 0.00%), CE =  0.68%( 1.50%)[ 0.0%,  0.0%, 98.7%,  1.3%], RTT = 0.067s, Queue delay = 0.000s, MTU = 1200
 summary   4.0  Transmit rate =  2318kbps, PLR =  0.00%( 0.00%), CE =  0.68%( 0.53%)[ 0.0%,  0.0%, 99.5%,  0.5%], RTT = 0.086s, Queue delay = 0.001s, MTU = 1200
 summary   6.0  Transmit rate =  3686kbps, PLR =  0.00%( 0.00%), CE =  0.06%( 0.26%)[ 0.0%,  0.0%, 99.8%,  0.2%], RTT = 0.095s, Queue delay = 0.001s, MTU = 1200
 summary   8.0  Transmit rate =  5533kbps, PLR =  0.00%( 0.00%), CE =  0.15%( 0.33%)[ 0.0%,  0.0%, 99.7%,  0.3%], RTT = 0.099s, Queue delay = 0.001s, MTU = 1200
 summary  10.0  Transmit rate =  6602kbps, PLR =  0.00%( 0.00%), CE =  0.99%( 0.94%)[ 0.0%,  0.0%, 99.1%,  0.9%], RTT = 0.101s, Queue delay = 0.001s, MTU = 1200
 summary  12.0  Transmit rate =  7075kbps, PLR =  0.00%( 0.00%), CE =  2.33%( 1.35%)[ 0.0%,  0.0%, 98.7%,  1.3%], RTT = 0.101s, Queue delay = 0.001s, MTU = 1200
 summary  14.0  Transmit rate =  7260kbps, PLR =  0.00%( 0.00%), CE =  2.79%( 1.55%)[ 0.0%,  0.0%, 98.5%,  1.5%], RTT = 0.102s, Queue delay = 0.001s, MTU = 1200
 summary  16.0  Transmit rate =  7359kbps, PLR =  0.00%( 0.00%), CE =  2.42%( 1.61%)[ 0.0%,  0.0%, 98.5%,  1.5%], RTT = 0.102s, Queue delay = 0.001s, MTU = 1200
 summary  18.0  Transmit rate =  7419kbps, PLR =  0.00%( 0.00%), CE =  2.49%( 1.70%)[ 0.0%,  0.0%, 98.4%,  1.6%], RTT = 0.102s, Queue delay = 0.001s, MTU = 1200
 summary  20.0  Transmit rate =  7419kbps, PLR =  0.00%( 0.00%), CE =  2.66%( 1.78%)[ 0.0%,  0.0%, 98.3%,  1.7%], RTT = 0.102s, Queue delay = 0.001s, MTU = 1200
 summary  22.0  Transmit rate =  7424kbps, PLR =  0.00%( 0.00%), CE =  2.29%( 1.80%)[ 0.0%,  0.0%, 98.3%,  1.7%], RTT = 0.102s, Queue delay = 0.001s, MTU = 1200
 summary  24.0  Transmit rate =  7416kbps, PLR =  0.00%( 0.00%), CE =  2.01%( 1.78%)[ 0.0%,  0.0%, 98.3%,  1.7%], RTT = 0.102s, Queue delay = 0.001s, MTU = 1200
 summary  26.0  Transmit rate =  7419kbps, PLR =  0.00%( 0.00%), CE =  2.15%( 1.85%)[ 0.0%,  0.0%, 98.2%,  1.8%], RTT = 0.102s, Queue delay = 0.001s, MTU = 1200
 summary  28.0  Transmit rate =  7414kbps, PLR =  0.00%( 0.00%), CE =  2.33%( 1.85%)[ 0.0%,  0.0%, 98.2%,  1.8%], RTT = 0.102s, Queue delay = 0.001s, MTU = 1200
 summary  30.1  Transmit rate =  7421kbps, PLR =  0.00%( 0.00%), CE =  2.52%( 1.87%)[ 0.0%,  0.0%, 98.2%,  1.8%], RTT = 0.102s, Queue delay = 0.001s, MTU = 1200
 summary  32.1  Transmit rate =  7425kbps, PLR =  0.00%( 0.00%), CE =  2.45%( 1.92%)[ 0.0%,  0.0%, 98.2%,  1.8%], RTT = 0.102s, Queue delay = 0.001s, MTU = 1200
 summary  34.1  Transmit rate =  7433kbps, PLR =  0.00%( 0.00%), CE =  2.34%( 1.92%)[ 0.0%,  0.0%, 98.1%,  1.9%], RTT = 0.102s, Queue delay = 0.001s, MTU = 1200

======================== Summary ==========================
 Bitrate min/max/avg [kbps]          :  4219/ 8676/ 6659
 RTT     min/max/avg [s]             : 0.050/0.102/0.101
 Queue delay max/avg [s]             : 0.002/0.001
 Packet loss avg [%]                 : 0.000
 ECN/L4S NotECT/ECT(0)/ECT(1)/CE [%] :  0.0/ 0.0/98.1/ 1.9
===========================================================
