Listen on port 5418 to receive RTCP from decoder 
Scream sender started! 
 summary   2.0  Transmit rate =  4012kbps, PLR =  0.00%( 0.00%), CE =  0.00%( 0.00%)[100.0%,  0.0%,  0.0%,  0.0%], RTT = 0.047s, Queue delay = 0.000s, MTU = 1200
 summary   4.0  Transmit rate = 12307kbps, PLR =  0.00%( 0.00%), CE =  0.00%( 0.00%)[100.0%,  0.0%,  0.0%,  0.0%], RTT = 0.044s, Queue delay = 0.001s, MTU = 1200
 summary   6.0  Transmit rate = 23733kbps, PLR =  0.01%( 0.01%), CE =  0.00%( 0.00%)[100.0%,  0.0%,  0.0%,  0.0%], RTT = 0.047s, Queue delay = 0.005s, MTU = 1200
 summary   8.0  Transmit rate = 29045kbps, PLR =  0.01%( 0.01%), CE =  0.00%( 0.00%)[100.0%,  0.0%,  0.0%,  0.0%], RTT = 0.047s, Queue delay = 0.006s, MTU = 1200
 summary  10.0  Transmit rate = 30308kbps, PLR =  0.02%( 0.01%), CE =  0.00%( 0.00%)[100.0%,  0.0%,  0.0%,  0.0%], RTT = 0.047s, Queue delay = 0.006s, MTU = 1200
 summary  12.0  Transmit rate = 32621kbps, PLR =  0.01%( 0.01%), CE =  0.00%( 0.00%)[100.0%,  0.0%,  0.0%,  0.0%], RTT = 0.047s, Queue delay = 0.006s, MTU = 1200
 summary  14.0  Transmit rate = 30019kbps, PLR =  0.02%( 0.01%), CE =  0.00%( 0.00%)[100.0%,  0.0%,  0.0%,  0.0%], RTT = 0.047s, Queue delay = 0.005s, MTU = 1200
 summary  16.0  Transmit rate = 28663kbps, PLR =  0.02%( 0.01%), CE =  0.00%( 0.00%)[100.0%,  0.0%,  0.0%,  0.0%], RTT = 0.046s, Queue delay = 0.005s, MTU = 1200
 summary  18.0  Transmit rate = 30171kbps, PLR =  0.02%( 0.01%), CE =  0.00%( 0.00%)[100.0%,  0.0%,  0.0%,  0.0%], RTT = 0.047s, Queue delay = 0.005s, MTU = 1200
 summary  20.0  Transmit rate = 31026kbps, PLR =  0.01%( 0.01%), CE =  0.00%( 0.00%)[100.0%,  0.0%,  0.0%,  0.0%], RTT = 0.047s, Queue delay = 0.005s, MTU = 1200
 summary  22.0  Transmit rate = 33333kbps, PLR =  0.01%( 0.01%), CE =  0.00%( 0.00%)[100.0%,  0.0%,  0.0%,  0.0%], RTT = 0.048s, Queue delay = 0.006s, MTU = 1200
 summary  24.0  Transmit rate = 34722kbps, PLR =  0.00%( 0.01%), CE =  0.00%( 0.00%)[100.0%,  0.0%,  0.0%,  0.0%], RTT = 0.048s, Queue delay = 0.007s, MTU = 1200
 summary  26.0  Transmit rate = 32723kbps, PLR =  0.01%( 0.01%), CE =  0.00%( 0.00%)[100.0%,  0.0%,  0.0%,  0.0%], RTT = 0.048s, Queue delay = 0.006s, MTU = 1200
 summary  28.0  Transmit rate = 33488kbps, PLR =  0.01%( 0.01%), CE =  0.00%( 0.00%)[100.0%,  0.0%,  0.0%,  0.0%], RTT = 0.048s, Queue delay = 0.006s, MTU = 1200
 summary  30.1  Transmit rate = 31209kbps, PLR =  0.01%( 0.01%), CE =  0.00%( 0.00%)[100.0%,  0.0%,  0.0%,  0.0%], RTT = 0.047s, Queue delay = 0.005s, MTU = 1200
 summary  32.1  Transmit rate = 32481kbps, PLR =  0.01%( 0.01%), CE =  0.00%( 0.00%)[100.0%,  0.0%,  0.0%,  0.0%], RTT = 0.047s, Queue delay = 0.006s, MTU = 1200
 summary  34.1  Transmit rate = 31136kbps, PLR =  0.01%( 0.01%), CE =  0.00%( 0.00%)[100.0%,  0.0%,  0.0%,  0.0%], RTT = 0.047s, Queue delay = 0.005s, MTU = 1200

======================== Summary ==========================
 Bitrate min/max/avg [kbps]          : 13584/42716/29653
 RTT     min/max/avg [s]             : 0.042/0.054/0.047
 Queue delay max/avg [s]             : 0.021/0.005
 Packet loss avg [%]                 : 0.007
 ECN/L4S NotECT/ECT(0)/ECT(1)/CE [%] : 100.0/ 0.0/ 0.0/ 0.0
===========================================================
