Listen on port 5309 to receive RTCP from decoder 
Scream sender started! 
 summary   2.0  Transmit rate =  3499kbps, PLR =  0.00%( 0.00%), CE =  0.00%( 0.20%)[ 0.0%,  0.0%, 99.7%,  0.3%], RTT = 0.047s, Queue delay = 0.000s, MTU = 1200
 summary   4.0  Transmit rate =  7938kbps, PLR =  0.00%( 0.00%), CE =  1.13%( 2.48%)[ 0.0%,  0.0%, 97.5%,  2.5%], RTT = 0.044s, Queue delay = 0.001s, MTU = 1200
 summary   6.0  Transmit rate =  9719kbps, PLR =  0.00%( 0.00%), CE =  3.24%( 3.19%)[ 0.0%,  0.0%, 96.8%,  3.2%], RTT = 0.043s, Queue delay = 0.001s, MTU = 1200
 summary   8.0  Transmit rate = 10482kbps, PLR =  0.00%( 0.00%), CE =  3.52%( 2.62%)[ 0.0%,  0.0%, 97.4%,  2.6%], RTT = 0.042s, Queue delay = 0.001s, MTU = 1200
 summary  10.0  Transmit rate = 11073kbps, PLR =  0.00%( 0.00%), CE =  2.52%( 2.42%)[ 0.0%,  0.0%, 97.6%,  2.4%], RTT = 0.042s, Queue delay = 0.001s, MTU = 1200
 summary  12.0  Transmit rate = 11313kbps, PLR =  0.00%( 0.00%), CE =  2.37%( 2.63%)[ 0.0%,  0.0%, 97.4%,  2.6%], RTT = 0.042s, Queue delay = 0.001s, MTU = 1200
 summary  14.0  Transmit rate = 11250kbps, PLR =  0.00%( 0.00%), CE =  2.85%( 2.58%)[ 0.0%,  0.0%, 97.4%,  2.6%], RTT = 0.042s, Queue delay = 0.001s, MTU = 1200
 summary  16.0  Transmit rate = 11040kbps, PLR =  0.00%( 0.00%), CE =  3.05%( 2.57%)[ 0.0%,  0.0%, 97.4%,  2.6%], RTT = 0.042s, Queue delay = 0.001s, MTU = 1200
 summary  18.0  Transmit rate = 10796kbps, PLR =  0.00%( 0.00%), CE =  2.72%( 2.57%)[ 0.0%,  0.0%, 97.5%,  2.5%], RTT = 0.042s, Queue delay = 0.001s, MTU = 1200
 summary  20.0  Transmit rate = 10670kbps, PLR =  0.00%( 0.00%), CE =  2.56%( 2.54%)[ 0.0%,  0.0%, 97.5%,  2.5%], RTT = 0.042s, Queue delay = 0.001s, MTU = 1200
 summary  22.0  Transmit rate = 10743kbps, PLR =  0.00%( 0.00%), CE =  2.49%( 2.51%)[ 0.0%,  0.0%, 97.5%,  2.5%], RTT = 0.042s, Queue delay = 0.001s, MTU = 1200
 summary  24.0  Transmit rate = 10902kbps, PLR =  0.00%( 0.00%), CE =  2.43%( 2.48%)[ 0.0%,  0.0%, 97.5%,  2.5%], RTT = 0.042s, Queue delay = 0.001s, MTU = 1200
 summary  26.0  Transmit rate = 11126kbps, PLR =  0.00%( 0.00%), CE =  2.57%( 2.42%)[ 0.0%,  0.0%, 97.6%,  2.4%], RTT = 0.042s, Queue delay = 0.001s, MTU = 1200
 summary  28.1  Transmit rate = 11371kbps, PLR =  0.00%( 0.00%), CE =  2.68%( 2.51%)[ 0.0%,  0.0%, 97.5%,  2.5%], RTT = 0.042s, Queue delay = 0.001s, MTU = 1200
 summary  30.1  Transmit rate = 11494kbps, PLR =  0.00%( 0.00%), CE =  3.06%( 2.53%)[ 0.0%,  0.0%, 97.5%,  2.5%], RTT = 0.042s, Queue delay = 0.001s, MTU = 1200
 summary  32.1  Transmit rate = 11355kbps, PLR =  0.00%( 0.00%), CE =  3.23%( 2.51%)[ 0.0%,  0.0%, 97.5%,  2.5%], RTT = 0.042s, Queue delay = 0.001s, MTU = 1200
 summary  34.1  Transmit rate = 11396kbps, PLR =  0.00%( 0.00%), CE =  2.65%( 2.47%)[ 0.0%,  0.0%, 97.5%,  2.5%], RTT = 0.042s, Queue delay = 0.001s, MTU = 1200

======================== Summary ==========================
 Bitrate min/max/avg [kbps]          :  8832/13641/10803
 RTT     min/max/avg [s]             : 0.042/0.050/0.042
 Queue delay max/avg [s]             : 0.002/0.001
 Packet loss avg [%]                 : 0.000
 ECN/L4S NotECT/ECT(0)/ECT(1)/CE [%] :  0.0/ 0.0/97.5/ 2.5
===========================================================
