Listen on port 5401 to receive RTCP from decoder 
Scream sender started! 
 summary   2.0  Transmit rate =  3497kbps, PLR =  0.00%( 0.00%), CE =  0.00%( 0.20%)[ 0.0%,  0.0%, 99.7%,  0.3%], RTT = 0.047s, Queue delay = 0.000s, MTU = 1200
 summary   4.0  Transmit rate =  7857kbps, PLR =  0.00%( 0.00%), CE =  1.00%( 2.14%)[ 0.0%,  0.0%, 97.8%,  2.2%], RTT = 0.044s, Queue delay = 0.001s, MTU = 1200
 summary   6.0  Transmit rate =  9901kbps, PLR =  0.00%( 0.00%), CE =  2.48%( 2.46%)[ 0.0%,  0.0%, 97.6%,  2.4%], RTT = 0.043s, Queue delay = 0.001s, MTU = 1200
 summary   8.0  Transmit rate = 10709kbps, PLR =  0.00%( 0.00%), CE =  3.48%( 2.54%)[ 0.0%,  0.0%, 97.5%,  2.5%], RTT = 0.042s, Queue delay = 0.001s, MTU = 1200
 summary  10.0  Transmit rate = 11181kbps, PLR =  0.00%( 0.00%), CE =  2.94%( 2.45%)[ 0.0%,  0.0%, 97.6%,  2.4%], RTT = 0.042s, Queue delay = 0.001s, MTU = 1200
 summary  12.0  Transmit rate = 11381kbps, PLR =  0.00%( 0.00%), CE =  2.66%( 2.50%)[ 0.0%,  0.0%, 97.5%,  2.5%], RTT = 0.042s, Queue delay = 0.001s, MTU = 1200
 summary  14.0  Transmit rate = 11460kbps, PLR =  0.00%( 0.00%), CE =  2.90%( 2.49%)[ 0.0%,  0.0%, 97.5%,  2.5%], RTT = 0.042s, Queue delay = 0.001s, MTU = 1200
 summary  16.0  Transmit rate = 11505kbps, PLR =  0.00%( 0.00%), CE =  3.25%( 2.61%)[ 0.0%,  0.0%, 97.4%,  2.6%], RTT = 0.042s, Queue delay = 0.001s, MTU = 1200
 summary  18.0  Transmit rate = 11536kbps, PLR =  0.00%( 0.00%), CE =  3.38%( 2.64%)[ 0.0%,  0.0%, 97.4%,  2.6%], RTT = 0.042s, Queue delay = 0.001s, MTU = 1200
 summary  20.0  Transmit rate = 11581kbps, PLR =  0.00%( 0.00%), CE =  2.93%( 2.60%)[ 0.0%,  0.0%, 97.4%,  2.6%], RTT = 0.042s, Queue delay = 0.001s, MTU = 1200
 summary  22.0  Transmit rate = 11548kbps, PLR =  0.00%( 0.00%), CE =  2.99%( 2.60%)[ 0.0%,  0.0%, 97.4%,  2.6%], RTT = 0.042s, Queue delay = 0.001s, MTU = 1200
 summary  24.0  Transmit rate = 11516kbps, PLR =  0.00%( 0.00%), CE =  3.31%( 2.64%)[ 0.0%,  0.0%, 97.4%,  2.6%], RTT = 0.042s, Queue delay = 0.001s, MTU = 1200
 summary  26.0  Transmit rate = 11568kbps, PLR =  0.00%( 0.00%), CE =  2.98%( 2.66%)[ 0.0%,  0.0%, 97.4%,  2.6%], RTT = 0.042s, Queue delay = 0.001s, MTU = 1200
 summary  28.0  Transmit rate = 11486kbps, PLR =  0.00%( 0.00%), CE =  3.44%( 2.71%)[ 0.0%,  0.0%, 97.3%,  2.7%], RTT = 0.042s, Queue delay = 0.001s, MTU = 1200
 summary  30.1  Transmit rate = 11360kbps, PLR =  0.00%( 0.00%), CE =  3.04%( 2.69%)[ 0.0%,  0.0%, 97.4%,  2.6%], RTT = 0.042s, Queue delay = 0.001s, MTU = 1200
 summary  32.1  Transmit rate = 11507kbps, PLR =  0.00%( 0.00%), CE =  3.12%( 2.69%)[ 0.0%,  0.0%, 97.3%,  2.7%], RTT = 0.042s, Queue delay = 0.001s, MTU = 1200
 summary  34.1  Transmit rate = 11504kbps, PLR =  0.00%( 0.00%), CE =  2.98%( 2.69%)[ 0.0%,  0.0%, 97.3%,  2.7%], RTT = 0.042s, Queue delay = 0.001s, MTU = 1200

======================== Summary ==========================
 Bitrate min/max/avg [kbps]          :  9280/13635/11090
 RTT     min/max/avg [s]             : 0.042/0.050/0.042
 Queue delay max/avg [s]             : 0.002/0.001
 Packet loss avg [%]                 : 0.000
 ECN/L4S NotECT/ECT(0)/ECT(1)/CE [%] :  0.0/ 0.0/97.3/ 2.7
===========================================================
