Listen on port 5447 to receive RTCP from decoder 
Scream sender started! 
 summary   2.0  Transmit rate =  3627kbps, PLR =  0.00%( 0.00%), CE =  0.00%( 0.21%)[ 0.0%,  0.0%, 99.8%,  0.2%], RTT = 0.046s, Queue delay = 0.000s, MTU = 1200
 summary   4.0  Transmit rate =  8010kbps, PLR =  0.00%( 0.00%), CE =  1.12%( 2.35%)[ 0.0%,  0.0%, 97.7%,  2.3%], RTT = 0.044s, Queue delay = 0.001s, MTU = 1200
 summary   6.0  Transmit rate =  9939kbps, PLR =  0.00%( 0.00%), CE =  2.78%( 2.97%)[ 0.0%,  0.0%, 97.1%,  2.9%], RTT = 0.043s, Queue delay = 0.001s, MTU = 1200
 summary   8.0  Transmit rate = 10713kbps, PLR =  0.00%( 0.00%), CE =  3.27%( 2.48%)[ 0.0%,  0.0%, 97.6%,  2.4%], RTT = 0.042s, Queue delay = 0.001s, MTU = 1200
 summary  10.0  Transmit rate = 11220kbps, PLR =  0.00%( 0.00%), CE =  3.16%( 2.66%)[ 0.0%,  0.0%, 97.4%,  2.6%], RTT = 0.042s, Queue delay = 0.001s, MTU = 1200
 summary  12.0  Transmit rate = 11180kbps, PLR =  0.00%( 0.00%), CE =  2.71%( 2.59%)[ 0.0%,  0.0%, 97.4%,  2.6%], RTT = 0.042s, Queue delay = 0.001s, MTU = 1200
 summary  14.0  Transmit rate = 11096kbps, PLR =  0.00%( 0.00%), CE =  2.80%( 2.45%)[ 0.0%,  0.0%, 97.6%,  2.4%], RTT = 0.042s, Queue delay = 0.001s, MTU = 1200
 summary  16.0  Transmit rate = 11134kbps, PLR =  0.00%( 0.00%), CE =  2.31%( 2.43%)[ 0.0%,  0.0%, 97.6%,  2.4%], RTT = 0.042s, Queue delay = 0.001s, MTU = 1200
 summary  18.0  Transmit rate = 11327kbps, PLR =  0.00%( 0.00%), CE =  2.26%( 2.41%)[ 0.0%,  0.0%, 97.6%,  2.4%], RTT = 0.042s, Queue delay = 0.001s, MTU = 1200
 summary  20.0  Transmit rate = 11453kbps, PLR =  0.00%( 0.00%), CE =  2.73%( 2.45%)[ 0.0%,  0.0%, 97.6%,  2.4%], RTT = 0.042s, Queue delay = 0.001s, MTU = 1200
 summary  22.0  Transmit rate = 11495kbps, PLR =  0.00%( 0.00%), CE =  2.94%( 2.44%)[ 0.0%,  0.0%, 97.6%,  2.4%], RTT = 0.042s, Queue delay = 0.001s, MTU = 1200
 summary  24.0  Transmit rate = 11455kbps, PLR =  0.00%( 0.00%), CE =  2.88%( 2.44%)[ 0.0%,  0.0%, 97.6%,  2.4%], RTT = 0.042s, Queue delay = 0.001s, MTU = 1200
 summary  26.0  Transmit rate = 11574kbps, PLR =  0.00%( 0.00%), CE =  2.83%( 2.47%)[ 0.0%,  0.0%, 97.6%,  2.4%], RTT = 0.042s, Queue delay = 0.001s, MTU = 1200
 summary  28.0  Transmit rate = 11475kbps, PLR =  0.00%( 0.00%), CE =  2.77%( 2.48%)[ 0.0%,  0.0%, 97.5%,  2.5%], RTT = 0.042s, Queue delay = 0.001s, MTU = 1200
 summary  30.0  Transmit rate = 11471kbps, PLR =  0.00%( 0.00%), CE =  2.74%( 2.47%)[ 0.0%,  0.0%, 97.6%,  2.4%], RTT = 0.042s, Queue delay = 0.001s, MTU = 1200
 summary  32.0  Transmit rate = 11515kbps, PLR =  0.00%( 0.00%), CE =  2.89%( 2.51%)[ 0.0%,  0.0%, 97.5%,  2.5%], RTT = 0.042s, Queue delay = 0.001s, MTU = 1200
 summary  34.1  Transmit rate = 11527kbps, PLR =  0.00%( 0.00%), CE =  2.72%( 2.46%)[ 0.0%,  0.0%, 97.6%,  2.4%], RTT = 0.042s, Queue delay = 0.001s, MTU = 1200

======================== Summary ==========================
 Bitrate min/max/avg [kbps]          :  9142/13672/11050
 RTT     min/max/avg [s]             : 0.042/0.050/0.042
 Queue delay max/avg [s]             : 0.002/0.001
 Packet loss avg [%]                 : 0.000
 ECN/L4S NotECT/ECT(0)/ECT(1)/CE [%] :  0.0/ 0.0/97.5/ 2.5
===========================================================
