Listen on port 5493 to receive RTCP from decoder 
Scream sender started! 
 summary   2.0  Transmit rate =  3431kbps, PLR =  0.00%( 0.00%), CE =  0.00%( 0.22%)[ 0.0%,  0.0%, 99.7%,  0.3%], RTT = 0.047s, Queue delay = 0.000s, MTU = 1200
 summary   4.0  Transmit rate =  7867kbps, PLR =  0.00%( 0.00%), CE =  1.37%( 3.14%)[ 0.0%,  0.0%, 96.9%,  3.1%], RTT = 0.044s, Queue delay = 0.001s, MTU = 1200
 summary   6.0  Transmit rate =  9886kbps, PLR =  0.00%( 0.00%), CE =  2.97%( 3.11%)[ 0.0%,  0.0%, 96.9%,  3.1%], RTT = 0.043s, Queue delay = 0.001s, MTU = 1200
 summary   8.0  Transmit rate = 10554kbps, PLR =  0.00%( 0.00%), CE =  3.54%( 2.79%)[ 0.0%,  0.0%, 97.2%,  2.8%], RTT = 0.042s, Queue delay = 0.001s, MTU = 1200
 summary  10.0  Transmit rate = 10790kbps, PLR =  0.00%( 0.00%), CE =  2.87%( 2.58%)[ 0.0%,  0.0%, 97.4%,  2.6%], RTT = 0.042s, Queue delay = 0.001s, MTU = 1200
 summary  12.0  Transmit rate = 11061kbps, PLR =  0.00%( 0.00%), CE =  1.88%( 2.34%)[ 0.0%,  0.0%, 97.6%,  2.4%], RTT = 0.042s, Queue delay = 0.001s, MTU = 1200
 summary  14.0  Transmit rate = 11300kbps, PLR =  0.00%( 0.00%), CE =  1.92%( 2.29%)[ 0.0%,  0.0%, 97.7%,  2.3%], RTT = 0.042s, Queue delay = 0.001s, MTU = 1200
 summary  16.0  Transmit rate = 11414kbps, PLR =  0.00%( 0.00%), CE =  2.14%( 2.27%)[ 0.0%,  0.0%, 97.7%,  2.3%], RTT = 0.042s, Queue delay = 0.001s, MTU = 1200
 summary  18.0  Transmit rate = 11341kbps, PLR =  0.00%( 0.00%), CE =  2.21%( 2.21%)[ 0.0%,  0.0%, 97.8%,  2.2%], RTT = 0.042s, Queue delay = 0.001s, MTU = 1200
 summary  20.0  Transmit rate = 11471kbps, PLR =  0.00%( 0.00%), CE =  1.96%( 2.21%)[ 0.0%,  0.0%, 97.8%,  2.2%], RTT = 0.042s, Queue delay = 0.001s, MTU = 1200
 summary  22.0  Transmit rate = 11496kbps, PLR =  0.00%( 0.00%), CE =  2.23%( 2.28%)[ 0.0%,  0.0%, 97.7%,  2.3%], RTT = 0.042s, Queue delay = 0.001s, MTU = 1200
 summary  24.0  Transmit rate = 11415kbps, PLR =  0.00%( 0.00%), CE =  2.97%( 2.31%)[ 0.0%,  0.0%, 97.7%,  2.3%], RTT = 0.042s, Queue delay = 0.001s, MTU = 1200
 summary  26.0  Transmit rate = 11541kbps, PLR =  0.00%( 0.00%), CE =  3.19%( 2.37%)[ 0.0%,  0.0%, 97.6%,  2.4%], RTT = 0.042s, Queue delay = 0.001s, MTU = 1200
 summary  28.0  Transmit rate = 11522kbps, PLR =  0.00%( 0.00%), CE =  2.89%( 2.36%)[ 0.0%,  0.0%, 97.6%,  2.4%], RTT = 0.042s, Queue delay = 0.001s, MTU = 1200
 summary  30.0  Transmit rate = 11511kbps, PLR =  0.00%( 0.00%), CE =  3.17%( 2.36%)[ 0.0%,  0.0%, 97.7%,  2.3%], RTT = 0.042s, Queue delay = 0.001s, MTU = 1200
 summary  32.0  Transmit rate = 11441kbps, PLR =  0.00%( 0.00%), CE =  2.64%( 2.39%)[ 0.0%,  0.0%, 97.6%,  2.4%], RTT = 0.042s, Queue delay = 0.001s, MTU = 1200
 summary  34.0  Transmit rate = 11542kbps, PLR =  0.00%( 0.00%), CE =  2.49%( 2.36%)[ 0.0%,  0.0%, 97.7%,  2.3%], RTT = 0.042s, Queue delay = 0.001s, MTU = 1200

======================== Summary ==========================
 Bitrate min/max/avg [kbps]          :  8936/13590/11015
 RTT     min/max/avg [s]             : 0.042/0.050/0.042
 Queue delay max/avg [s]             : 0.002/0.001
 Packet loss avg [%]                 : 0.000
 ECN/L4S NotECT/ECT(0)/ECT(1)/CE [%] :  0.0/ 0.0/97.6/ 2.4
===========================================================
