Listen on port 5311 to receive RTCP from decoder 
Scream sender started! 
 summary   2.0  Transmit rate =  3485kbps, PLR =  0.00%( 0.00%), CE =  0.00%( 0.20%)[ 0.0%,  0.0%, 99.7%,  0.3%], RTT = 0.047s, Queue delay = 0.000s, MTU = 1200
 summary   4.0  Transmit rate =  7669kbps, PLR =  0.00%( 0.00%), CE =  0.54%( 1.34%)[ 0.0%,  0.0%, 98.7%,  1.3%], RTT = 0.044s, Queue delay = 0.001s, MTU = 1200
 summary   6.0  Transmit rate =  9340kbps, PLR =  0.00%( 0.00%), CE =  2.26%( 2.34%)[ 0.0%,  0.0%, 97.7%,  2.3%], RTT = 0.043s, Queue delay = 0.001s, MTU = 1200
 summary   8.0  Transmit rate = 10001kbps, PLR =  0.00%( 0.00%), CE =  2.88%( 1.88%)[ 0.0%,  0.0%, 98.1%,  1.9%], RTT = 0.042s, Queue delay = 0.001s, MTU = 1200
 summary  10.0  Transmit rate = 10707kbps, PLR =  0.00%( 0.00%), CE =  2.82%( 1.79%)[ 0.0%,  0.0%, 98.2%,  1.8%], RTT = 0.042s, Queue delay = 0.001s, MTU = 1200
 summary  12.0  Transmit rate = 11177kbps, PLR =  0.00%( 0.00%), CE =  1.75%( 1.90%)[ 0.0%,  0.0%, 98.1%,  1.9%], RTT = 0.042s, Queue delay = 0.001s, MTU = 1200
 summary  14.0  Transmit rate = 11397kbps, PLR =  0.00%( 0.00%), CE =  2.18%( 1.94%)[ 0.0%,  0.0%, 98.1%,  1.9%], RTT = 0.042s, Queue delay = 0.001s, MTU = 1200
 summary  16.0  Transmit rate = 11447kbps, PLR =  0.00%( 0.00%), CE =  2.26%( 1.96%)[ 0.0%,  0.0%, 98.1%,  1.9%], RTT = 0.042s, Queue delay = 0.001s, MTU = 1200
 summary  18.0  Transmit rate = 11455kbps, PLR =  0.00%( 0.00%), CE =  2.63%( 2.00%)[ 0.0%,  0.0%, 98.0%,  2.0%], RTT = 0.042s, Queue delay = 0.001s, MTU = 1200
 summary  20.0  Transmit rate = 11531kbps, PLR =  0.00%( 0.00%), CE =  2.82%( 2.05%)[ 0.0%,  0.0%, 98.0%,  2.0%], RTT = 0.042s, Queue delay = 0.001s, MTU = 1200
 summary  22.0  Transmit rate = 11525kbps, PLR =  0.00%( 0.00%), CE =  3.02%( 2.09%)[ 0.0%,  0.0%, 97.9%,  2.1%], RTT = 0.042s, Queue delay = 0.001s, MTU = 1200
 summary  24.0  Transmit rate = 11494kbps, PLR =  0.00%( 0.00%), CE =  2.86%( 2.10%)[ 0.0%,  0.0%, 97.9%,  2.1%], RTT = 0.042s, Queue delay = 0.001s, MTU = 1200
 summary  26.0  Transmit rate = 11557kbps, PLR =  0.00%( 0.00%), CE =  2.72%( 2.14%)[ 0.0%,  0.0%, 97.9%,  2.1%], RTT = 0.042s, Queue delay = 0.001s, MTU = 1200
 summary  28.0  Transmit rate = 11392kbps, PLR =  0.00%( 0.00%), CE =  2.48%( 2.15%)[ 0.0%,  0.0%, 97.9%,  2.1%], RTT = 0.042s, Queue delay = 0.001s, MTU = 1200
 summary  30.0  Transmit rate = 11002kbps, PLR =  0.00%( 0.00%), CE =  3.06%( 2.24%)[ 0.0%,  0.0%, 97.8%,  2.2%], RTT = 0.042s, Queue delay = 0.001s, MTU = 1200
 summary  32.1  Transmit rate = 10935kbps, PLR =  0.00%( 0.00%), CE =  2.58%( 2.24%)[ 0.0%,  0.0%, 97.8%,  2.2%], RTT = 0.042s, Queue delay = 0.001s, MTU = 1200
 summary  34.1  Transmit rate = 10852kbps, PLR =  0.00%( 0.00%), CE =  2.44%( 2.25%)[ 0.0%,  0.0%, 97.8%,  2.2%], RTT = 0.042s, Queue delay = 0.001s, MTU = 1200

======================== Summary ==========================
 Bitrate min/max/avg [kbps]          :  8539/13610/10819
 RTT     min/max/avg [s]             : 0.042/0.050/0.042
 Queue delay max/avg [s]             : 0.002/0.001
 Packet loss avg [%]                 : 0.000
 ECN/L4S NotECT/ECT(0)/ECT(1)/CE [%] :  0.0/ 0.0/97.8/ 2.2
===========================================================
