Listen on port 5403 to receive RTCP from decoder 
Scream sender started! 
 summary   2.0  Transmit rate =  3460kbps, PLR =  0.00%( 0.00%), CE =  0.00%( 0.20%)[ 0.0%,  0.0%, 99.7%,  0.3%], RTT = 0.047s, Queue delay = 0.001s, MTU = 1200
 summary   4.0  Transmit rate =  7849kbps, PLR =  0.00%( 0.00%), CE =  0.85%( 1.87%)[ 0.0%,  0.0%, 98.1%,  1.9%], RTT = 0.044s, Queue delay = 0.001s, MTU = 1200
 summary   6.0  Transmit rate =  9681kbps, PLR =  0.00%( 0.00%), CE =  2.36%( 2.66%)[ 0.0%,  0.0%, 97.4%,  2.6%], RTT = 0.043s, Queue delay = 0.001s, MTU = 1200
 summary   8.0  Transmit rate = 10247kbps, PLR =  0.00%( 0.00%), CE =  3.11%( 2.44%)[ 0.0%,  0.0%, 97.6%,  2.4%], RTT = 0.042s, Queue delay = 0.001s, MTU = 1200
 summary  10.0  Transmit rate = 10619kbps, PLR =  0.00%( 0.00%), CE =  3.15%( 2.42%)[ 0.0%,  0.0%, 97.6%,  2.4%], RTT = 0.042s, Queue delay = 0.001s, MTU = 1200
 summary  12.0  Transmit rate = 10881kbps, PLR =  0.00%( 0.00%), CE =  2.39%( 2.35%)[ 0.0%,  0.0%, 97.6%,  2.4%], RTT = 0.042s, Queue delay = 0.001s, MTU = 1200
 summary  14.0  Transmit rate = 10861kbps, PLR =  0.00%( 0.00%), CE =  2.77%( 2.38%)[ 0.0%,  0.0%, 97.6%,  2.4%], RTT = 0.042s, Queue delay = 0.001s, MTU = 1200
 summary  16.0  Transmit rate = 10629kbps, PLR =  0.00%( 0.00%), CE =  2.75%( 2.43%)[ 0.0%,  0.0%, 97.6%,  2.4%], RTT = 0.042s, Queue delay = 0.001s, MTU = 1200
 summary  18.0  Transmit rate = 10355kbps, PLR =  0.00%( 0.00%), CE =  2.78%( 2.38%)[ 0.0%,  0.0%, 97.6%,  2.4%], RTT = 0.042s, Queue delay = 0.001s, MTU = 1200
 summary  20.0  Transmit rate = 10278kbps, PLR =  0.00%( 0.00%), CE =  2.59%( 2.36%)[ 0.0%,  0.0%, 97.7%,  2.3%], RTT = 0.042s, Queue delay = 0.001s, MTU = 1200
 summary  22.0  Transmit rate = 10618kbps, PLR =  0.00%( 0.00%), CE =  1.81%( 2.22%)[ 0.0%,  0.0%, 97.8%,  2.2%], RTT = 0.042s, Queue delay = 0.001s, MTU = 1200
 summary  24.0  Transmit rate = 11168kbps, PLR =  0.00%( 0.00%), CE =  2.11%( 2.25%)[ 0.0%,  0.0%, 97.8%,  2.2%], RTT = 0.042s, Queue delay = 0.001s, MTU = 1200
 summary  26.0  Transmit rate = 11394kbps, PLR =  0.00%( 0.00%), CE =  2.63%( 2.34%)[ 0.0%,  0.0%, 97.7%,  2.3%], RTT = 0.042s, Queue delay = 0.001s, MTU = 1200
 summary  28.0  Transmit rate = 11451kbps, PLR =  0.00%( 0.00%), CE =  3.04%( 2.32%)[ 0.0%,  0.0%, 97.7%,  2.3%], RTT = 0.042s, Queue delay = 0.001s, MTU = 1200
 summary  30.0  Transmit rate = 11247kbps, PLR =  0.00%( 0.00%), CE =  3.13%( 2.37%)[ 0.0%,  0.0%, 97.7%,  2.3%], RTT = 0.042s, Queue delay = 0.001s, MTU = 1200
 summary  32.1  Transmit rate = 11209kbps, PLR =  0.00%( 0.00%), CE =  2.58%( 2.33%)[ 0.0%,  0.0%, 97.7%,  2.3%], RTT = 0.042s, Queue delay = 0.001s, MTU = 1200
 summary  34.1  Transmit rate = 11035kbps, PLR =  0.00%( 0.00%), CE =  3.06%( 2.42%)[ 0.0%,  0.0%, 97.6%,  2.4%], RTT = 0.042s, Queue delay = 0.001s, MTU = 1200

======================== Summary ==========================
 Bitrate min/max/avg [kbps]          :  8523/13565/10611
 RTT     min/max/avg [s]             : 0.042/0.050/0.042
 Queue delay max/avg [s]             : 0.002/0.001
 Packet loss avg [%]                 : 0.000
 ECN/L4S NotECT/ECT(0)/ECT(1)/CE [%] :  0.0/ 0.0/97.6/ 2.4
===========================================================
