Listen on port 5439 to receive RTCP from decoder 
Scream sender started! 
 summary   2.0  Transmit rate =  3479kbps, PLR =  0.00%( 0.00%), CE =  0.00%( 0.20%)[ 0.0%,  0.0%, 99.7%,  0.3%], RTT = 0.047s, Queue delay = 0.000s, MTU = 1200
 summary   4.0  Transmit rate =  7856kbps, PLR =  0.00%( 0.00%), CE =  1.17%( 2.44%)[ 0.0%,  0.0%, 97.6%,  2.4%], RTT = 0.044s, Queue delay = 0.001s, MTU = 1200
 summary   6.0  Transmit rate =  9902kbps, PLR =  0.00%( 0.00%), CE =  2.64%( 2.67%)[ 0.0%,  0.0%, 97.4%,  2.6%], RTT = 0.043s, Queue delay = 0.001s, MTU = 1200
 summary   8.0  Transmit rate = 10806kbps, PLR =  0.00%( 0.00%), CE =  3.43%( 2.74%)[ 0.0%,  0.0%, 97.3%,  2.7%], RTT = 0.042s, Queue delay = 0.001s, MTU = 1200
 summary  10.0  Transmit rate = 11209kbps, PLR =  0.00%( 0.00%), CE =  3.26%( 2.76%)[ 0.0%,  0.0%, 97.3%,  2.7%], RTT = 0.042s, Queue delay = 0.001s, MTU = 1200
 summary  12.0  Transmit rate = 11358kbps, PLR =  0.00%( 0.00%), CE =  3.25%( 2.65%)[ 0.0%,  0.0%, 97.4%,  2.6%], RTT = 0.042s, Queue delay = 0.001s, MTU = 1200
 summary  14.0  Transmit rate = 11449kbps, PLR =  0.00%( 0.00%), CE =  2.93%( 2.67%)[ 0.0%,  0.0%, 97.4%,  2.6%], RTT = 0.042s, Queue delay = 0.001s, MTU = 1200
 summary  16.0  Transmit rate = 11556kbps, PLR =  0.00%( 0.00%), CE =  2.61%( 2.57%)[ 0.0%,  0.0%, 97.4%,  2.6%], RTT = 0.042s, Queue delay = 0.001s, MTU = 1200
 summary  18.0  Transmit rate = 11586kbps, PLR =  0.00%( 0.00%), CE =  2.60%( 2.65%)[ 0.0%,  0.0%, 97.4%,  2.6%], RTT = 0.042s, Queue delay = 0.001s, MTU = 1200
 summary  20.0  Transmit rate = 11378kbps, PLR =  0.00%( 0.00%), CE =  3.02%( 2.59%)[ 0.0%,  0.0%, 97.4%,  2.6%], RTT = 0.042s, Queue delay = 0.001s, MTU = 1200
 summary  22.0  Transmit rate = 11204kbps, PLR =  0.00%( 0.00%), CE =  3.77%( 2.75%)[ 0.0%,  0.0%, 97.3%,  2.7%], RTT = 0.042s, Queue delay = 0.001s, MTU = 1200
 summary  24.0  Transmit rate = 10960kbps, PLR =  0.00%( 0.00%), CE =  3.05%( 2.64%)[ 0.0%,  0.0%, 97.4%,  2.6%], RTT = 0.042s, Queue delay = 0.001s, MTU = 1200
 summary  26.0  Transmit rate = 10925kbps, PLR =  0.00%( 0.00%), CE =  2.91%( 2.58%)[ 0.0%,  0.0%, 97.5%,  2.5%], RTT = 0.042s, Queue delay = 0.001s, MTU = 1200
 summary  28.0  Transmit rate = 10932kbps, PLR =  0.00%( 0.00%), CE =  2.36%( 2.57%)[ 0.0%,  0.0%, 97.5%,  2.5%], RTT = 0.042s, Queue delay = 0.001s, MTU = 1200
 summary  30.0  Transmit rate = 10848kbps, PLR =  0.00%( 0.00%), CE =  2.61%( 2.55%)[ 0.0%,  0.0%, 97.5%,  2.5%], RTT = 0.042s, Queue delay = 0.001s, MTU = 1200
 summary  32.0  Transmit rate = 10623kbps, PLR =  0.00%( 0.00%), CE =  2.98%( 2.55%)[ 0.0%,  0.0%, 97.5%,  2.5%], RTT = 0.042s, Queue delay = 0.001s, MTU = 1200
 summary  34.1  Transmit rate = 11099kbps, PLR =  0.00%( 0.00%), CE =  2.59%( 2.50%)[ 0.0%,  0.0%, 97.5%,  2.5%], RTT = 0.042s, Queue delay = 0.001s, MTU = 1200

======================== Summary ==========================
 Bitrate min/max/avg [kbps]          :  8866/13659/10860
 RTT     min/max/avg [s]             : 0.042/0.050/0.042
 Queue delay max/avg [s]             : 0.002/0.001
 Packet loss avg [%]                 : 0.000
 ECN/L4S NotECT/ECT(0)/ECT(1)/CE [%] :  0.0/ 0.0/97.5/ 2.5
===========================================================
