Listen on port 5457 to receive RTCP from decoder 
Scream sender started! 
 summary   2.0  Transmit rate =  3431kbps, PLR =  0.00%( 0.00%), CE =  0.00%( 0.43%)[ 0.0%,  0.0%, 99.5%,  0.5%], RTT = 0.047s, Queue delay = 0.000s, MTU = 1200
 summary   4.0  Transmit rate =  7673kbps, PLR =  0.00%( 0.00%), CE =  0.50%( 1.29%)[ 0.0%,  0.0%, 98.7%,  1.3%], RTT = 0.044s, Queue delay = 0.001s, MTU = 1200
 summary   6.0  Transmit rate =  9879kbps, PLR =  0.00%( 0.00%), CE =  2.02%( 2.04%)[ 0.0%,  0.0%, 98.0%,  2.0%], RTT = 0.043s, Queue delay = 0.001s, MTU = 1200
 summary   8.0  Transmit rate = 10860kbps, PLR =  0.00%( 0.00%), CE =  2.91%( 2.14%)[ 0.0%,  0.0%, 97.9%,  2.1%], RTT = 0.042s, Queue delay = 0.001s, MTU = 1200
 summary  10.0  Transmit rate = 11277kbps, PLR =  0.00%( 0.00%), CE =  3.21%( 2.36%)[ 0.0%,  0.0%, 97.7%,  2.3%], RTT = 0.042s, Queue delay = 0.001s, MTU = 1200
 summary  12.0  Transmit rate = 11429kbps, PLR =  0.00%( 0.00%), CE =  2.84%( 2.32%)[ 0.0%,  0.0%, 97.7%,  2.3%], RTT = 0.042s, Queue delay = 0.001s, MTU = 1200
 summary  14.0  Transmit rate = 11467kbps, PLR =  0.00%( 0.00%), CE =  2.92%( 2.29%)[ 0.0%,  0.0%, 97.7%,  2.3%], RTT = 0.042s, Queue delay = 0.001s, MTU = 1200
 summary  16.0  Transmit rate = 11539kbps, PLR =  0.00%( 0.00%), CE =  2.41%( 2.27%)[ 0.0%,  0.0%, 97.7%,  2.3%], RTT = 0.042s, Queue delay = 0.001s, MTU = 1200
 summary  18.0  Transmit rate = 11585kbps, PLR =  0.00%( 0.00%), CE =  2.74%( 2.33%)[ 0.0%,  0.0%, 97.7%,  2.3%], RTT = 0.042s, Queue delay = 0.001s, MTU = 1200
 summary  20.0  Transmit rate = 11569kbps, PLR =  0.00%( 0.00%), CE =  2.77%( 2.35%)[ 0.0%,  0.0%, 97.6%,  2.4%], RTT = 0.042s, Queue delay = 0.001s, MTU = 1200
 summary  22.0  Transmit rate = 11322kbps, PLR =  0.00%( 0.00%), CE =  2.77%( 2.31%)[ 0.0%,  0.0%, 97.7%,  2.3%], RTT = 0.042s, Queue delay = 0.001s, MTU = 1200
 summary  24.0  Transmit rate = 11404kbps, PLR =  0.00%( 0.00%), CE =  2.12%( 2.26%)[ 0.0%,  0.0%, 97.8%,  2.2%], RTT = 0.042s, Queue delay = 0.001s, MTU = 1200
 summary  26.0  Transmit rate = 11528kbps, PLR =  0.00%( 0.00%), CE =  2.13%( 2.31%)[ 0.0%,  0.0%, 97.7%,  2.3%], RTT = 0.042s, Queue delay = 0.001s, MTU = 1200
 summary  28.0  Transmit rate = 11525kbps, PLR =  0.00%( 0.00%), CE =  2.54%( 2.29%)[ 0.0%,  0.0%, 97.7%,  2.3%], RTT = 0.042s, Queue delay = 0.001s, MTU = 1200
 summary  30.0  Transmit rate = 11597kbps, PLR =  0.00%( 0.00%), CE =  2.69%( 2.31%)[ 0.0%,  0.0%, 97.7%,  2.3%], RTT = 0.042s, Queue delay = 0.001s, MTU = 1200
 summary  32.0  Transmit rate = 11580kbps, PLR =  0.00%( 0.00%), CE =  2.63%( 2.29%)[ 0.0%,  0.0%, 97.7%,  2.3%], RTT = 0.042s, Queue delay = 0.001s, MTU = 1200
 summary  34.0  Transmit rate = 11586kbps, PLR =  0.00%( 0.00%), CE =  2.64%( 2.29%)[ 0.0%,  0.0%, 97.7%,  2.3%], RTT = 0.042s, Queue delay = 0.001s, MTU = 1200

======================== Summary ==========================
 Bitrate min/max/avg [kbps]          :  9241/13655/11100
 RTT     min/max/avg [s]             : 0.042/0.050/0.042
 Queue delay max/avg [s]             : 0.002/0.001
 Packet loss avg [%]                 : 0.000
 ECN/L4S NotECT/ECT(0)/ECT(1)/CE [%] :  0.0/ 0.0/97.7/ 2.3
===========================================================
