Listen on port 5351 to receive RTCP from decoder 
Scream sender started! 
 summary   2.0  Transmit rate =  3464kbps, PLR =  0.00%( 0.00%), CE =  0.00%( 0.20%)[ 0.0%,  0.0%, 99.7%,  0.3%], RTT = 0.047s, Queue delay = 0.001s, MTU = 1200
 summary   4.0  Transmit rate =  7979kbps, PLR =  0.00%( 0.00%), CE =  1.20%( 3.08%)[ 0.0%,  0.0%, 96.9%,  3.1%], RTT = 0.044s, Queue delay = 0.001s, MTU = 1200
 summary   6.0  Transmit rate =  9938kbps, PLR =  0.00%( 0.00%), CE =  2.57%( 2.64%)[ 0.0%,  0.0%, 97.4%,  2.6%], RTT = 0.043s, Queue delay = 0.001s, MTU = 1200
 summary   8.0  Transmit rate = 10801kbps, PLR =  0.00%( 0.00%), CE =  3.47%( 2.65%)[ 0.0%,  0.0%, 97.4%,  2.6%], RTT = 0.042s, Queue delay = 0.001s, MTU = 1200
 summary  10.0  Transmit rate = 11224kbps, PLR =  0.00%( 0.00%), CE =  2.93%( 2.63%)[ 0.0%,  0.0%, 97.4%,  2.6%], RTT = 0.042s, Queue delay = 0.001s, MTU = 1200
 summary  12.0  Transmit rate = 11367kbps, PLR =  0.00%( 0.00%), CE =  3.32%( 2.76%)[ 0.0%,  0.0%, 97.3%,  2.7%], RTT = 0.042s, Queue delay = 0.001s, MTU = 1200
 summary  14.0  Transmit rate = 11404kbps, PLR =  0.00%( 0.00%), CE =  3.07%( 2.65%)[ 0.0%,  0.0%, 97.4%,  2.6%], RTT = 0.042s, Queue delay = 0.001s, MTU = 1200
 summary  16.0  Transmit rate = 11490kbps, PLR =  0.00%( 0.00%), CE =  2.97%( 2.62%)[ 0.0%,  0.0%, 97.4%,  2.6%], RTT = 0.042s, Queue delay = 0.001s, MTU = 1200
 summary  18.0  Transmit rate = 11500kbps, PLR =  0.00%( 0.00%), CE =  3.10%( 2.67%)[ 0.0%,  0.0%, 97.3%,  2.7%], RTT = 0.042s, Queue delay = 0.001s, MTU = 1200
 summary  20.0  Transmit rate = 11541kbps, PLR =  0.00%( 0.00%), CE =  2.91%( 2.62%)[ 0.0%,  0.0%, 97.4%,  2.6%], RTT = 0.042s, Queue delay = 0.001s, MTU = 1200
 summary  22.0  Transmit rate = 11473kbps, PLR =  0.00%( 0.00%), CE =  3.37%( 2.67%)[ 0.0%,  0.0%, 97.4%,  2.6%], RTT = 0.042s, Queue delay = 0.001s, MTU = 1200
 summary  24.0  Transmit rate = 11507kbps, PLR =  0.00%( 0.00%), CE =  2.90%( 2.59%)[ 0.0%,  0.0%, 97.4%,  2.6%], RTT = 0.042s, Queue delay = 0.001s, MTU = 1200
 summary  26.1  Transmit rate = 11519kbps, PLR =  0.00%( 0.00%), CE =  2.87%( 2.65%)[ 0.0%,  0.0%, 97.4%,  2.6%], RTT = 0.042s, Queue delay = 0.001s, MTU = 1200
 summary  28.1  Transmit rate = 11414kbps, PLR =  0.00%( 0.00%), CE =  2.95%( 2.62%)[ 0.0%,  0.0%, 97.4%,  2.6%], RTT = 0.042s, Queue delay = 0.001s, MTU = 1200
 summary  30.1  Transmit rate = 11479kbps, PLR =  0.00%( 0.00%), CE =  2.96%( 2.58%)[ 0.0%,  0.0%, 97.4%,  2.6%], RTT = 0.042s, Queue delay = 0.001s, MTU = 1200
 summary  32.1  Transmit rate = 11471kbps, PLR =  0.00%( 0.00%), CE =  2.94%( 2.64%)[ 0.0%,  0.0%, 97.4%,  2.6%], RTT = 0.042s, Queue delay = 0.001s, MTU = 1200
 summary  34.1  Transmit rate = 11467kbps, PLR =  0.00%( 0.00%), CE =  2.96%( 2.59%)[ 0.0%,  0.0%, 97.4%,  2.6%], RTT = 0.042s, Queue delay = 0.001s, MTU = 1200

======================== Summary ==========================
 Bitrate min/max/avg [kbps]          :     0/13625/10948
 RTT     min/max/avg [s]             : 0.042/0.050/0.042
 Queue delay max/avg [s]             : 0.002/0.001
 Packet loss avg [%]                 : 0.000
 ECN/L4S NotECT/ECT(0)/ECT(1)/CE [%] :  0.0/ 0.0/97.4/ 2.6
===========================================================
