Listen on port 5495 to receive RTCP from decoder 
Scream sender started! 
 summary   2.0  Transmit rate =  3299kbps, PLR =  0.00%( 0.00%), CE =  0.05%( 0.34%)[ 0.0%,  0.0%, 99.6%,  0.4%], RTT = 0.047s, Queue delay = 0.000s, MTU = 1200
 summary   4.0  Transmit rate =  7639kbps, PLR =  0.00%( 0.00%), CE =  0.84%( 2.01%)[ 0.0%,  0.0%, 98.0%,  2.0%], RTT = 0.044s, Queue delay = 0.000s, MTU = 1200
 summary   6.0  Transmit rate =  9692kbps, PLR =  0.00%( 0.00%), CE =  2.55%( 2.81%)[ 0.0%,  0.0%, 97.2%,  2.8%], RTT = 0.043s, Queue delay = 0.001s, MTU = 1200
 summary   8.0  Transmit rate = 10379kbps, PLR =  0.00%( 0.00%), CE =  3.27%( 2.34%)[ 0.0%,  0.0%, 97.7%,  2.3%], RTT = 0.042s, Queue delay = 0.001s, MTU = 1200
 summary  10.0  Transmit rate = 10805kbps, PLR =  0.00%( 0.00%), CE =  3.03%( 2.34%)[ 0.0%,  0.0%, 97.7%,  2.3%], RTT = 0.042s, Queue delay = 0.001s, MTU = 1200
 summary  12.0  Transmit rate = 11195kbps, PLR =  0.00%( 0.00%), CE =  2.21%( 2.26%)[ 0.0%,  0.0%, 97.8%,  2.2%], RTT = 0.042s, Queue delay = 0.001s, MTU = 1200
 summary  14.0  Transmit rate = 11421kbps, PLR =  0.00%( 0.00%), CE =  2.75%( 2.28%)[ 0.0%,  0.0%, 97.7%,  2.3%], RTT = 0.042s, Queue delay = 0.001s, MTU = 1200
 summary  16.0  Transmit rate = 11376kbps, PLR =  0.00%( 0.00%), CE =  3.16%( 2.45%)[ 0.0%,  0.0%, 97.6%,  2.4%], RTT = 0.042s, Queue delay = 0.001s, MTU = 1200
 summary  18.0  Transmit rate = 11205kbps, PLR =  0.00%( 0.00%), CE =  3.25%( 2.42%)[ 0.0%,  0.0%, 97.6%,  2.4%], RTT = 0.042s, Queue delay = 0.001s, MTU = 1200
 summary  20.0  Transmit rate = 11259kbps, PLR =  0.00%( 0.00%), CE =  2.74%( 2.38%)[ 0.0%,  0.0%, 97.6%,  2.4%], RTT = 0.042s, Queue delay = 0.001s, MTU = 1200
 summary  22.0  Transmit rate = 11359kbps, PLR =  0.00%( 0.00%), CE =  2.48%( 2.37%)[ 0.0%,  0.0%, 97.7%,  2.3%], RTT = 0.042s, Queue delay = 0.001s, MTU = 1200
 summary  24.0  Transmit rate = 11362kbps, PLR =  0.00%( 0.00%), CE =  2.61%( 2.39%)[ 0.0%,  0.0%, 97.6%,  2.4%], RTT = 0.042s, Queue delay = 0.001s, MTU = 1200
 summary  26.0  Transmit rate = 11481kbps, PLR =  0.00%( 0.00%), CE =  2.93%( 2.39%)[ 0.0%,  0.0%, 97.6%,  2.4%], RTT = 0.042s, Queue delay = 0.001s, MTU = 1200
 summary  28.0  Transmit rate = 11391kbps, PLR =  0.00%( 0.00%), CE =  2.68%( 2.37%)[ 0.0%,  0.0%, 97.7%,  2.3%], RTT = 0.042s, Queue delay = 0.001s, MTU = 1200
 summary  30.0  Transmit rate = 11424kbps, PLR =  0.00%( 0.00%), CE =  3.10%( 2.41%)[ 0.0%,  0.0%, 97.6%,  2.4%], RTT = 0.042s, Queue delay = 0.001s, MTU = 1200
 summary  32.0  Transmit rate = 11295kbps, PLR =  0.00%( 0.00%), CE =  2.93%( 2.45%)[ 0.0%,  0.0%, 97.6%,  2.4%], RTT = 0.042s, Queue delay = 0.001s, MTU = 1200
 summary  34.1  Transmit rate = 11178kbps, PLR =  0.00%( 0.00%), CE =  2.93%( 2.42%)[ 0.0%,  0.0%, 97.6%,  2.4%], RTT = 0.042s, Queue delay = 0.001s, MTU = 1200

======================== Summary ==========================
 Bitrate min/max/avg [kbps]          :  9102/13672/10886
 RTT     min/max/avg [s]             : 0.042/0.050/0.042
 Queue delay max/avg [s]             : 0.002/0.001
 Packet loss avg [%]                 : 0.000
 ECN/L4S NotECT/ECT(0)/ECT(1)/CE [%] :  0.0/ 0.0/97.6/ 2.4
===========================================================
