Listen on port 5469 to receive RTCP from decoder 
Scream sender started! 
 summary   2.0  Transmit rate =  3443kbps, PLR =  0.00%( 0.00%), CE =  0.00%( 0.22%)[ 0.0%,  0.0%, 99.7%,  0.3%], RTT = 0.047s, Queue delay = 0.000s, MTU = 1200
 summary   4.0  Transmit rate =  7854kbps, PLR =  0.00%( 0.00%), CE =  1.03%( 2.26%)[ 0.0%,  0.0%, 97.8%,  2.2%], RTT = 0.044s, Queue delay = 0.001s, MTU = 1200
 summary   6.0  Transmit rate =  9746kbps, PLR =  0.00%( 0.00%), CE =  2.59%( 2.63%)[ 0.0%,  0.0%, 97.4%,  2.6%], RTT = 0.043s, Queue delay = 0.001s, MTU = 1200
 summary   8.0  Transmit rate = 10397kbps, PLR =  0.00%( 0.00%), CE =  3.13%( 2.32%)[ 0.0%,  0.0%, 97.7%,  2.3%], RTT = 0.042s, Queue delay = 0.001s, MTU = 1200
 summary  10.0  Transmit rate = 10981kbps, PLR =  0.00%( 0.00%), CE =  3.12%( 2.50%)[ 0.0%,  0.0%, 97.5%,  2.5%], RTT = 0.042s, Queue delay = 0.001s, MTU = 1200
 summary  12.0  Transmit rate = 10982kbps, PLR =  0.00%( 0.00%), CE =  2.91%( 2.56%)[ 0.0%,  0.0%, 97.5%,  2.5%], RTT = 0.042s, Queue delay = 0.001s, MTU = 1200
 summary  14.0  Transmit rate = 11127kbps, PLR =  0.00%( 0.00%), CE =  3.20%( 2.43%)[ 0.0%,  0.0%, 97.6%,  2.4%], RTT = 0.042s, Queue delay = 0.001s, MTU = 1200
 summary  16.0  Transmit rate = 11191kbps, PLR =  0.00%( 0.00%), CE =  2.91%( 2.52%)[ 0.0%,  0.0%, 97.5%,  2.5%], RTT = 0.042s, Queue delay = 0.001s, MTU = 1200
 summary  18.0  Transmit rate = 11106kbps, PLR =  0.00%( 0.00%), CE =  2.68%( 2.48%)[ 0.0%,  0.0%, 97.5%,  2.5%], RTT = 0.042s, Queue delay = 0.001s, MTU = 1200
 summary  20.0  Transmit rate = 11323kbps, PLR =  0.00%( 0.00%), CE =  2.65%( 2.56%)[ 0.0%,  0.0%, 97.5%,  2.5%], RTT = 0.042s, Queue delay = 0.001s, MTU = 1200
 summary  22.0  Transmit rate = 10996kbps, PLR =  0.00%( 0.00%), CE =  2.74%( 2.48%)[ 0.0%,  0.0%, 97.6%,  2.4%], RTT = 0.042s, Queue delay = 0.001s, MTU = 1200
 summary  24.0  Transmit rate = 11193kbps, PLR =  0.00%( 0.00%), CE =  2.56%( 2.40%)[ 0.0%,  0.0%, 97.6%,  2.4%], RTT = 0.042s, Queue delay = 0.001s, MTU = 1200
 summary  26.0  Transmit rate = 11452kbps, PLR =  0.00%( 0.00%), CE =  2.11%( 2.47%)[ 0.0%,  0.0%, 97.6%,  2.4%], RTT = 0.042s, Queue delay = 0.001s, MTU = 1200
 summary  28.0  Transmit rate = 11427kbps, PLR =  0.00%( 0.00%), CE =  2.67%( 2.41%)[ 0.0%,  0.0%, 97.6%,  2.4%], RTT = 0.042s, Queue delay = 0.001s, MTU = 1200
 summary  30.0  Transmit rate = 11459kbps, PLR =  0.00%( 0.00%), CE =  2.36%( 2.37%)[ 0.0%,  0.0%, 97.7%,  2.3%], RTT = 0.042s, Queue delay = 0.001s, MTU = 1200
 summary  32.0  Transmit rate = 11574kbps, PLR =  0.00%( 0.00%), CE =  2.21%( 2.41%)[ 0.0%,  0.0%, 97.6%,  2.4%], RTT = 0.042s, Queue delay = 0.001s, MTU = 1200
 summary  34.0  Transmit rate = 11409kbps, PLR =  0.00%( 0.00%), CE =  2.94%( 2.42%)[ 0.0%,  0.0%, 97.6%,  2.4%], RTT = 0.042s, Queue delay = 0.001s, MTU = 1200

======================== Summary ==========================
 Bitrate min/max/avg [kbps]          :     0/13674/10751
 RTT     min/max/avg [s]             : 0.042/0.050/0.042
 Queue delay max/avg [s]             : 0.002/0.001
 Packet loss avg [%]                 : 0.000
 ECN/L4S NotECT/ECT(0)/ECT(1)/CE [%] :  0.0/ 0.0/97.6/ 2.4
===========================================================
