socket set to IP_RECVTOS
socket SO_RCVBUF set to 20971520
Listen on port 5458 to receive RTP from sender 
.
.
Packet(s) lost or reordered :  9307 was received, previous rcvd is  9305 
Packet(s) lost or reordered : 37620 was received, previous rcvd is 37618 
Packet(s) lost or reordered : 37897 was received, previous rcvd is 37895 
Packet(s) lost or reordered : 44750 was received, previous rcvd is 44748 
Packet(s) lost or reordered : 47491 was received, previous rcvd is 47489 
Packet(s) lost or reordered : 50402 was received, previous rcvd is 50400 
Packet(s) lost or reordered : 55952 was received, previous rcvd is 55950 
Packet(s) lost or reordered :  2267 was received, previous rcvd is  2265 
Packet(s) lost or reordered : 13972 was received, previous rcvd is 13970 
Packet(s) lost or reordered : 19995 was received, previous rcvd is 19993 
Packet(s) lost or reordered : 20323 was received, previous rcvd is 20321 
Packet(s) lost or reordered : 20581 was received, previous rcvd is 20579 
Packet(s) lost or reordered : 20639 was received, previous rcvd is 20637 
Packet(s) lost or reordered : 20642 was received, previous rcvd is 20640 
Packet(s) lost or reordered : 20645 was received, previous rcvd is 20643 
Packet(s) lost or reordered : 33421 was received, previous rcvd is 33419 
.
