Listen on port 5496 to receive RTCP from decoder 
Scream sender started! 
 summary   2.0  Transmit rate =  4061kbps, PLR =  0.00%( 0.00%), CE =  0.00%( 0.00%)[100.0%,  0.0%,  0.0%,  0.0%], RTT = 0.047s, Queue delay = 0.000s, MTU = 1200
 summary   4.0  Transmit rate = 12424kbps, PLR =  0.00%( 0.00%), CE =  0.00%( 0.00%)[100.0%,  0.0%,  0.0%,  0.0%], RTT = 0.044s, Queue delay = 0.001s, MTU = 1200
 summary   6.0  Transmit rate = 23883kbps, PLR =  0.00%( 0.02%), CE =  0.00%( 0.00%)[100.0%,  0.0%,  0.0%,  0.0%], RTT = 0.047s, Queue delay = 0.006s, MTU = 1200
 summary   8.0  Transmit rate = 29093kbps, PLR =  0.01%( 0.01%), CE =  0.00%( 0.00%)[100.0%,  0.0%,  0.0%,  0.0%], RTT = 0.047s, Queue delay = 0.005s, MTU = 1200
 summary  10.0  Transmit rate = 33503kbps, PLR =  0.01%( 0.01%), CE =  0.00%( 0.00%)[100.0%,  0.0%,  0.0%,  0.0%], RTT = 0.048s, Queue delay = 0.006s, MTU = 1200
 summary  12.0  Transmit rate = 28446kbps, PLR =  0.02%( 0.01%), CE =  0.00%( 0.00%)[100.0%,  0.0%,  0.0%,  0.0%], RTT = 0.046s, Queue delay = 0.004s, MTU = 1200
 summary  14.0  Transmit rate = 31049kbps, PLR =  0.02%( 0.01%), CE =  0.00%( 0.00%)[100.0%,  0.0%,  0.0%,  0.0%], RTT = 0.046s, Queue delay = 0.005s, MTU = 1200
 summary  16.0  Transmit rate = 34647kbps, PLR =  0.00%( 0.01%), CE =  0.00%( 0.00%)[100.0%,  0.0%,  0.0%,  0.0%], RTT = 0.047s, Queue delay = 0.006s, MTU = 1200
 summary  18.0  Transmit rate = 36638kbps, PLR =  0.00%( 0.01%), CE =  0.00%( 0.00%)[100.0%,  0.0%,  0.0%,  0.0%], RTT = 0.048s, Queue delay = 0.007s, MTU = 1200
 summary  20.0  Transmit rate = 37275kbps, PLR =  0.00%( 0.01%), CE =  0.00%( 0.00%)[100.0%,  0.0%,  0.0%,  0.0%], RTT = 0.050s, Queue delay = 0.009s, MTU = 1200
 summary  22.0  Transmit rate = 31433kbps, PLR =  0.03%( 0.01%), CE =  0.00%( 0.00%)[100.0%,  0.0%,  0.0%,  0.0%], RTT = 0.048s, Queue delay = 0.006s, MTU = 1200
 summary  24.0  Transmit rate = 31464kbps, PLR =  0.03%( 0.01%), CE =  0.00%( 0.00%)[100.0%,  0.0%,  0.0%,  0.0%], RTT = 0.047s, Queue delay = 0.005s, MTU = 1200
 summary  26.0  Transmit rate = 34781kbps, PLR =  0.01%( 0.01%), CE =  0.00%( 0.00%)[100.0%,  0.0%,  0.0%,  0.0%], RTT = 0.048s, Queue delay = 0.006s, MTU = 1200
 summary  28.0  Transmit rate = 33330kbps, PLR =  0.01%( 0.01%), CE =  0.00%( 0.00%)[100.0%,  0.0%,  0.0%,  0.0%], RTT = 0.048s, Queue delay = 0.006s, MTU = 1200
 summary  30.0  Transmit rate = 33924kbps, PLR =  0.01%( 0.01%), CE =  0.00%( 0.00%)[100.0%,  0.0%,  0.0%,  0.0%], RTT = 0.047s, Queue delay = 0.006s, MTU = 1200
 summary  32.0  Transmit rate = 35324kbps, PLR =  0.01%( 0.01%), CE =  0.00%( 0.00%)[100.0%,  0.0%,  0.0%,  0.0%], RTT = 0.048s, Queue delay = 0.006s, MTU = 1200
 summary  34.0  Transmit rate = 36488kbps, PLR =  0.00%( 0.01%), CE =  0.00%( 0.00%)[100.0%,  0.0%,  0.0%,  0.0%], RTT = 0.048s, Queue delay = 0.007s, MTU = 1200

======================== Summary ==========================
 Bitrate min/max/avg [kbps]          : 11617/44529/31534
 RTT     min/max/avg [s]             : 0.042/0.055/0.047
 Queue delay max/avg [s]             : 0.024/0.006
 Packet loss avg [%]                 : 0.007
 ECN/L4S NotECT/ECT(0)/ECT(1)/CE [%] : 100.0/ 0.0/ 0.0/ 0.0
===========================================================
