Listen on port 5383 to receive RTCP from decoder 
Scream sender started! 
 summary   2.0  Transmit rate =  3457kbps, PLR =  0.00%( 0.00%), CE =  0.00%( 0.22%)[ 0.0%,  0.0%, 99.7%,  0.3%], RTT = 0.047s, Queue delay = 0.000s, MTU = 1200
 summary   4.0  Transmit rate =  7917kbps, PLR =  0.00%( 0.00%), CE =  1.14%( 2.34%)[ 0.0%,  0.0%, 97.7%,  2.3%], RTT = 0.044s, Queue delay = 0.001s, MTU = 1200
 summary   6.0  Transmit rate =  9902kbps, PLR =  0.00%( 0.00%), CE =  2.41%( 2.52%)[ 0.0%,  0.0%, 97.5%,  2.5%], RTT = 0.043s, Queue delay = 0.001s, MTU = 1200
 summary   8.0  Transmit rate = 10782kbps, PLR =  0.00%( 0.00%), CE =  3.24%( 2.43%)[ 0.0%,  0.0%, 97.6%,  2.4%], RTT = 0.042s, Queue delay = 0.001s, MTU = 1200
 summary  10.0  Transmit rate = 11202kbps, PLR =  0.00%( 0.00%), CE =  2.52%( 2.30%)[ 0.0%,  0.0%, 97.7%,  2.3%], RTT = 0.042s, Queue delay = 0.001s, MTU = 1200
 summary  12.0  Transmit rate = 11352kbps, PLR =  0.00%( 0.00%), CE =  2.92%( 2.57%)[ 0.0%,  0.0%, 97.5%,  2.5%], RTT = 0.042s, Queue delay = 0.001s, MTU = 1200
 summary  14.0  Transmit rate = 11090kbps, PLR =  0.00%( 0.00%), CE =  3.00%( 2.50%)[ 0.0%,  0.0%, 97.5%,  2.5%], RTT = 0.042s, Queue delay = 0.001s, MTU = 1200
 summary  16.0  Transmit rate = 11178kbps, PLR =  0.00%( 0.00%), CE =  2.80%( 2.46%)[ 0.0%,  0.0%, 97.6%,  2.4%], RTT = 0.042s, Queue delay = 0.001s, MTU = 1200
 summary  18.0  Transmit rate = 11269kbps, PLR =  0.00%( 0.00%), CE =  2.14%( 2.35%)[ 0.0%,  0.0%, 97.7%,  2.3%], RTT = 0.042s, Queue delay = 0.001s, MTU = 1200
 summary  20.0  Transmit rate = 11226kbps, PLR =  0.00%( 0.00%), CE =  3.02%( 2.42%)[ 0.0%,  0.0%, 97.6%,  2.4%], RTT = 0.042s, Queue delay = 0.001s, MTU = 1200
 summary  22.0  Transmit rate = 11138kbps, PLR =  0.00%( 0.00%), CE =  2.79%( 2.42%)[ 0.0%,  0.0%, 97.6%,  2.4%], RTT = 0.042s, Queue delay = 0.001s, MTU = 1200
 summary  24.0  Transmit rate = 11048kbps, PLR =  0.00%( 0.00%), CE =  2.68%( 2.39%)[ 0.0%,  0.0%, 97.6%,  2.4%], RTT = 0.042s, Queue delay = 0.001s, MTU = 1200
 summary  26.0  Transmit rate = 11155kbps, PLR =  0.00%( 0.00%), CE =  2.44%( 2.35%)[ 0.0%,  0.0%, 97.7%,  2.3%], RTT = 0.042s, Queue delay = 0.001s, MTU = 1200
 summary  28.0  Transmit rate = 11290kbps, PLR =  0.00%( 0.00%), CE =  2.42%( 2.35%)[ 0.0%,  0.0%, 97.7%,  2.3%], RTT = 0.042s, Queue delay = 0.001s, MTU = 1200
 summary  30.0  Transmit rate = 11308kbps, PLR =  0.00%( 0.00%), CE =  2.53%( 2.35%)[ 0.0%,  0.0%, 97.7%,  2.3%], RTT = 0.042s, Queue delay = 0.001s, MTU = 1200
 summary  32.0  Transmit rate = 11359kbps, PLR =  0.00%( 0.00%), CE =  2.94%( 2.36%)[ 0.0%,  0.0%, 97.7%,  2.3%], RTT = 0.042s, Queue delay = 0.001s, MTU = 1200
 summary  34.0  Transmit rate = 11424kbps, PLR =  0.00%( 0.00%), CE =  2.76%( 2.39%)[ 0.0%,  0.0%, 97.6%,  2.4%], RTT = 0.042s, Queue delay = 0.001s, MTU = 1200

======================== Summary ==========================
 Bitrate min/max/avg [kbps]          :     0/13571/10767
 RTT     min/max/avg [s]             : 0.042/0.050/0.042
 Queue delay max/avg [s]             : 0.002/0.001
 Packet loss avg [%]                 : 0.000
 ECN/L4S NotECT/ECT(0)/ECT(1)/CE [%] :  0.0/ 0.0/97.7/ 2.3
===========================================================
