Listen on port 5320 to receive RTCP from decoder 
Scream sender started! 
 summary   2.0  Transmit rate =  4033kbps, PLR =  0.00%( 0.00%), CE =  0.00%( 0.00%)[100.0%,  0.0%,  0.0%,  0.0%], RTT = 0.046s, Queue delay = 0.000s, MTU = 1200
 summary   4.0  Transmit rate = 12421kbps, PLR =  0.00%( 0.00%), CE =  0.00%( 0.00%)[100.0%,  0.0%,  0.0%,  0.0%], RTT = 0.044s, Queue delay = 0.001s, MTU = 1200
 summary   6.0  Transmit rate = 23889kbps, PLR =  0.01%( 0.01%), CE =  0.00%( 0.00%)[100.0%,  0.0%,  0.0%,  0.0%], RTT = 0.047s, Queue delay = 0.006s, MTU = 1200
 summary   8.0  Transmit rate = 29115kbps, PLR =  0.01%( 0.01%), CE =  0.00%( 0.00%)[100.0%,  0.0%,  0.0%,  0.0%], RTT = 0.047s, Queue delay = 0.006s, MTU = 1200
 summary  10.0  Transmit rate = 29989kbps, PLR =  0.02%( 0.01%), CE =  0.00%( 0.00%)[100.0%,  0.0%,  0.0%,  0.0%], RTT = 0.047s, Queue delay = 0.005s, MTU = 1200
 summary  12.0  Transmit rate = 32820kbps, PLR =  0.01%( 0.01%), CE =  0.00%( 0.00%)[100.0%,  0.0%,  0.0%,  0.0%], RTT = 0.047s, Queue delay = 0.006s, MTU = 1200
 summary  14.0  Transmit rate = 33960kbps, PLR =  0.01%( 0.01%), CE =  0.00%( 0.00%)[100.0%,  0.0%,  0.0%,  0.0%], RTT = 0.048s, Queue delay = 0.006s, MTU = 1200
 summary  16.0  Transmit rate = 32918kbps, PLR =  0.01%( 0.01%), CE =  0.00%( 0.00%)[100.0%,  0.0%,  0.0%,  0.0%], RTT = 0.047s, Queue delay = 0.006s, MTU = 1200
 summary  18.0  Transmit rate = 34328kbps, PLR =  0.01%( 0.01%), CE =  0.00%( 0.00%)[100.0%,  0.0%,  0.0%,  0.0%], RTT = 0.048s, Queue delay = 0.007s, MTU = 1200
 summary  20.0  Transmit rate = 32375kbps, PLR =  0.01%( 0.01%), CE =  0.00%( 0.00%)[100.0%,  0.0%,  0.0%,  0.0%], RTT = 0.047s, Queue delay = 0.006s, MTU = 1200
 summary  22.0  Transmit rate = 33167kbps, PLR =  0.01%( 0.01%), CE =  0.00%( 0.00%)[100.0%,  0.0%,  0.0%,  0.0%], RTT = 0.047s, Queue delay = 0.006s, MTU = 1200
 summary  24.0  Transmit rate = 30907kbps, PLR =  0.02%( 0.01%), CE =  0.00%( 0.00%)[100.0%,  0.0%,  0.0%,  0.0%], RTT = 0.046s, Queue delay = 0.005s, MTU = 1200
 summary  26.0  Transmit rate = 32905kbps, PLR =  0.01%( 0.01%), CE =  0.00%( 0.00%)[100.0%,  0.0%,  0.0%,  0.0%], RTT = 0.047s, Queue delay = 0.006s, MTU = 1200
 summary  28.0  Transmit rate = 31472kbps, PLR =  0.01%( 0.01%), CE =  0.00%( 0.00%)[100.0%,  0.0%,  0.0%,  0.0%], RTT = 0.047s, Queue delay = 0.005s, MTU = 1200
 summary  30.0  Transmit rate = 31477kbps, PLR =  0.01%( 0.01%), CE =  0.00%( 0.00%)[100.0%,  0.0%,  0.0%,  0.0%], RTT = 0.047s, Queue delay = 0.005s, MTU = 1200
 summary  32.0  Transmit rate = 30117kbps, PLR =  0.02%( 0.01%), CE =  0.00%( 0.00%)[100.0%,  0.0%,  0.0%,  0.0%], RTT = 0.046s, Queue delay = 0.005s, MTU = 1200
 summary  34.0  Transmit rate = 28375kbps, PLR =  0.02%( 0.01%), CE =  0.00%( 0.00%)[100.0%,  0.0%,  0.0%,  0.0%], RTT = 0.045s, Queue delay = 0.004s, MTU = 1200

======================== Summary ==========================
 Bitrate min/max/avg [kbps]          : 13556/43912/29642
 RTT     min/max/avg [s]             : 0.042/0.056/0.046
 Queue delay max/avg [s]             : 0.026/0.005
 Packet loss avg [%]                 : 0.007
 ECN/L4S NotECT/ECT(0)/ECT(1)/CE [%] : 100.0/ 0.0/ 0.0/ 0.0
===========================================================
