socket set to IP_RECVTOS
socket SO_RCVBUF set to 20971520
Listen on port 5376 to receive RTP from sender 
.
.
Packet(s) lost or reordered : 10498 was received, previous rcvd is 10496 
Packet(s) lost or reordered : 10540 was received, previous rcvd is 10538 
Packet(s) lost or reordered : 10553 was received, previous rcvd is 10551 
Packet(s) lost or reordered : 11181 was received, previous rcvd is 11179 
Packet(s) lost or reordered : 11304 was received, previous rcvd is 11302 
Packet(s) lost or reordered : 18676 was received, previous rcvd is 18674 
Packet(s) lost or reordered : 26477 was received, previous rcvd is 26475 
Packet(s) lost or reordered : 35842 was received, previous rcvd is 35840 
Packet(s) lost or reordered : 58317 was received, previous rcvd is 58315 
Packet(s) lost or reordered : 14435 was received, previous rcvd is 14433 
Packet(s) lost or reordered : 24703 was received, previous rcvd is 24701 
Packet(s) lost or reordered : 24735 was received, previous rcvd is 24733 
Packet(s) lost or reordered : 28495 was received, previous rcvd is 28493 
Packet(s) lost or reordered : 38401 was received, previous rcvd is 38399 
Packet(s) lost or reordered : 39059 was received, previous rcvd is 39057 
Packet(s) lost or reordered : 40856 was received, previous rcvd is 40854 
.
