Listen on port 5369 to receive RTCP from decoder 
Scream sender started! 
 summary   2.0  Transmit rate =  3486kbps, PLR =  0.00%( 0.00%), CE =  0.00%( 0.20%)[ 0.0%,  0.0%, 99.7%,  0.3%], RTT = 0.047s, Queue delay = 0.000s, MTU = 1200
 summary   4.0  Transmit rate =  7912kbps, PLR =  0.00%( 0.00%), CE =  1.13%( 2.37%)[ 0.0%,  0.0%, 97.6%,  2.4%], RTT = 0.044s, Queue delay = 0.001s, MTU = 1200
 summary   6.0  Transmit rate =  9950kbps, PLR =  0.00%( 0.00%), CE =  2.64%( 2.69%)[ 0.0%,  0.0%, 97.3%,  2.7%], RTT = 0.043s, Queue delay = 0.001s, MTU = 1200
 summary   8.0  Transmit rate = 10807kbps, PLR =  0.00%( 0.00%), CE =  3.56%( 2.70%)[ 0.0%,  0.0%, 97.3%,  2.7%], RTT = 0.042s, Queue delay = 0.001s, MTU = 1200
 summary  10.0  Transmit rate = 11212kbps, PLR =  0.00%( 0.00%), CE =  3.12%( 2.70%)[ 0.0%,  0.0%, 97.3%,  2.7%], RTT = 0.042s, Queue delay = 0.001s, MTU = 1200
 summary  12.0  Transmit rate = 11427kbps, PLR =  0.00%( 0.00%), CE =  2.87%( 2.60%)[ 0.0%,  0.0%, 97.4%,  2.6%], RTT = 0.042s, Queue delay = 0.001s, MTU = 1200
 summary  14.0  Transmit rate = 11498kbps, PLR =  0.00%( 0.00%), CE =  2.81%( 2.61%)[ 0.0%,  0.0%, 97.4%,  2.6%], RTT = 0.042s, Queue delay = 0.001s, MTU = 1200
 summary  16.0  Transmit rate = 11582kbps, PLR =  0.00%( 0.00%), CE =  3.08%( 2.67%)[ 0.0%,  0.0%, 97.3%,  2.7%], RTT = 0.042s, Queue delay = 0.001s, MTU = 1200
 summary  18.0  Transmit rate = 11533kbps, PLR =  0.00%( 0.00%), CE =  3.28%( 2.74%)[ 0.0%,  0.0%, 97.3%,  2.7%], RTT = 0.042s, Queue delay = 0.001s, MTU = 1200
 summary  20.0  Transmit rate = 11529kbps, PLR =  0.00%( 0.00%), CE =  3.03%( 2.67%)[ 0.0%,  0.0%, 97.3%,  2.7%], RTT = 0.042s, Queue delay = 0.001s, MTU = 1200
 summary  22.0  Transmit rate = 11550kbps, PLR =  0.00%( 0.00%), CE =  3.07%( 2.67%)[ 0.0%,  0.0%, 97.3%,  2.7%], RTT = 0.042s, Queue delay = 0.001s, MTU = 1200
 summary  24.0  Transmit rate = 11584kbps, PLR =  0.00%( 0.00%), CE =  2.73%( 2.65%)[ 0.0%,  0.0%, 97.4%,  2.6%], RTT = 0.042s, Queue delay = 0.001s, MTU = 1200
 summary  26.0  Transmit rate = 11591kbps, PLR =  0.00%( 0.00%), CE =  2.93%( 2.65%)[ 0.0%,  0.0%, 97.4%,  2.6%], RTT = 0.042s, Queue delay = 0.001s, MTU = 1200
 summary  28.0  Transmit rate = 11108kbps, PLR =  0.00%( 0.00%), CE =  4.07%( 2.79%)[ 0.0%,  0.0%, 97.2%,  2.8%], RTT = 0.042s, Queue delay = 0.001s, MTU = 1200
 summary  30.0  Transmit rate = 10750kbps, PLR =  0.00%( 0.00%), CE =  3.37%( 2.71%)[ 0.0%,  0.0%, 97.3%,  2.7%], RTT = 0.042s, Queue delay = 0.001s, MTU = 1200
 summary  32.0  Transmit rate = 11003kbps, PLR =  0.00%( 0.00%), CE =  2.45%( 2.64%)[ 0.0%,  0.0%, 97.4%,  2.6%], RTT = 0.042s, Queue delay = 0.001s, MTU = 1200
 summary  34.0  Transmit rate = 11285kbps, PLR =  0.00%( 0.00%), CE =  2.21%( 2.67%)[ 0.0%,  0.0%, 97.4%,  2.6%], RTT = 0.042s, Queue delay = 0.001s, MTU = 1200

======================== Summary ==========================
 Bitrate min/max/avg [kbps]          :  8883/13654/11018
 RTT     min/max/avg [s]             : 0.042/0.050/0.042
 Queue delay max/avg [s]             : 0.002/0.001
 Packet loss avg [%]                 : 0.000
 ECN/L4S NotECT/ECT(0)/ECT(1)/CE [%] :  0.0/ 0.0/97.4/ 2.6
===========================================================
