Listen on port 5481 to receive RTCP from decoder 
Scream sender started! 
 summary   2.0  Transmit rate =  3373kbps, PLR =  0.00%( 0.00%), CE =  0.07%( 0.32%)[ 0.0%,  0.0%, 99.6%,  0.4%], RTT = 0.047s, Queue delay = 0.001s, MTU = 1200
 summary   4.0  Transmit rate =  7817kbps, PLR =  0.00%( 0.00%), CE =  1.15%( 2.31%)[ 0.0%,  0.0%, 97.7%,  2.3%], RTT = 0.044s, Queue delay = 0.001s, MTU = 1200
 summary   6.0  Transmit rate =  9668kbps, PLR =  0.00%( 0.00%), CE =  2.71%( 3.15%)[ 0.0%,  0.0%, 96.9%,  3.1%], RTT = 0.043s, Queue delay = 0.001s, MTU = 1200
 summary   8.0  Transmit rate = 10234kbps, PLR =  0.00%( 0.00%), CE =  3.68%( 2.62%)[ 0.0%,  0.0%, 97.4%,  2.6%], RTT = 0.042s, Queue delay = 0.001s, MTU = 1200
 summary  10.0  Transmit rate = 10711kbps, PLR =  0.00%( 0.00%), CE =  3.26%( 2.46%)[ 0.0%,  0.0%, 97.6%,  2.4%], RTT = 0.042s, Queue delay = 0.001s, MTU = 1200
 summary  12.0  Transmit rate = 11201kbps, PLR =  0.00%( 0.00%), CE =  1.81%( 2.27%)[ 0.0%,  0.0%, 97.7%,  2.3%], RTT = 0.042s, Queue delay = 0.001s, MTU = 1200
 summary  14.0  Transmit rate = 11190kbps, PLR =  0.00%( 0.00%), CE =  2.15%( 2.34%)[ 0.0%,  0.0%, 97.7%,  2.3%], RTT = 0.042s, Queue delay = 0.001s, MTU = 1200
 summary  16.0  Transmit rate = 11300kbps, PLR =  0.00%( 0.00%), CE =  2.28%( 2.27%)[ 0.0%,  0.0%, 97.8%,  2.2%], RTT = 0.042s, Queue delay = 0.001s, MTU = 1200
 summary  18.0  Transmit rate = 11429kbps, PLR =  0.00%( 0.00%), CE =  2.41%( 2.29%)[ 0.0%,  0.0%, 97.7%,  2.3%], RTT = 0.042s, Queue delay = 0.001s, MTU = 1200
 summary  20.0  Transmit rate = 11533kbps, PLR =  0.00%( 0.00%), CE =  2.40%( 2.25%)[ 0.0%,  0.0%, 97.8%,  2.2%], RTT = 0.042s, Queue delay = 0.001s, MTU = 1200
 summary  22.0  Transmit rate = 11509kbps, PLR =  0.00%( 0.00%), CE =  2.48%( 2.24%)[ 0.0%,  0.0%, 97.8%,  2.2%], RTT = 0.042s, Queue delay = 0.001s, MTU = 1200
 summary  24.0  Transmit rate = 11511kbps, PLR =  0.00%( 0.00%), CE =  2.40%( 2.23%)[ 0.0%,  0.0%, 97.8%,  2.2%], RTT = 0.042s, Queue delay = 0.001s, MTU = 1200
 summary  26.0  Transmit rate = 11495kbps, PLR =  0.00%( 0.00%), CE =  2.30%( 2.24%)[ 0.0%,  0.0%, 97.8%,  2.2%], RTT = 0.042s, Queue delay = 0.001s, MTU = 1200
 summary  28.0  Transmit rate = 11328kbps, PLR =  0.00%( 0.00%), CE =  2.52%( 2.24%)[ 0.0%,  0.0%, 97.8%,  2.2%], RTT = 0.042s, Queue delay = 0.001s, MTU = 1200
 summary  30.0  Transmit rate = 10965kbps, PLR =  0.00%( 0.00%), CE =  3.55%( 2.39%)[ 0.0%,  0.0%, 97.6%,  2.4%], RTT = 0.042s, Queue delay = 0.001s, MTU = 1200
 summary  32.0  Transmit rate = 10359kbps, PLR =  0.00%( 0.00%), CE =  3.13%( 2.32%)[ 0.0%,  0.0%, 97.7%,  2.3%], RTT = 0.042s, Queue delay = 0.001s, MTU = 1200
 summary  34.0  Transmit rate = 10468kbps, PLR =  0.00%( 0.00%), CE =  2.71%( 2.27%)[ 0.0%,  0.0%, 97.8%,  2.2%], RTT = 0.042s, Queue delay = 0.001s, MTU = 1200

======================== Summary ==========================
 Bitrate min/max/avg [kbps]          :  8279/13561/10752
 RTT     min/max/avg [s]             : 0.042/0.050/0.042
 Queue delay max/avg [s]             : 0.002/0.001
 Packet loss avg [%]                 : 0.000
 ECN/L4S NotECT/ECT(0)/ECT(1)/CE [%] :  0.0/ 0.0/97.7/ 2.3
===========================================================
