socket set to IP_RECVTOS
socket SO_RCVBUF set to 20971520
Listen on port 5348 to receive RTP from sender 
.
.
Packet(s) lost or reordered :  7378 was received, previous rcvd is  7376 
Packet(s) lost or reordered : 10160 was received, previous rcvd is 10158 
Packet(s) lost or reordered : 10575 was received, previous rcvd is 10573 
Packet(s) lost or reordered : 10754 was received, previous rcvd is 10752 
Packet(s) lost or reordered : 20843 was received, previous rcvd is 20841 
Packet(s) lost or reordered : 29845 was received, previous rcvd is 29843 
Packet(s) lost or reordered : 41528 was received, previous rcvd is 41526 
Packet(s) lost or reordered : 48263 was received, previous rcvd is 48261 
Packet(s) lost or reordered : 54324 was received, previous rcvd is 54322 
Packet(s) lost or reordered : 61210 was received, previous rcvd is 61208 
Packet(s) lost or reordered : 65018 was received, previous rcvd is 65016 
Packet(s) lost or reordered :  3435 was received, previous rcvd is  3433 
Packet(s) lost or reordered : 18142 was received, previous rcvd is 18140 
Packet(s) lost or reordered : 20278 was received, previous rcvd is 20276 
.
