Listen on port 5323 to receive RTCP from decoder 
Scream sender started! 
 summary   2.0  Transmit rate =  3491kbps, PLR =  0.00%( 0.00%), CE =  0.00%( 0.20%)[ 0.0%,  0.0%, 99.7%,  0.3%], RTT = 0.047s, Queue delay = 0.000s, MTU = 1200
 summary   4.0  Transmit rate =  7867kbps, PLR =  0.00%( 0.00%), CE =  0.81%( 1.86%)[ 0.0%,  0.0%, 98.2%,  1.8%], RTT = 0.044s, Queue delay = 0.001s, MTU = 1200
 summary   6.0  Transmit rate =  9943kbps, PLR =  0.00%( 0.00%), CE =  1.96%( 2.11%)[ 0.0%,  0.0%, 97.9%,  2.1%], RTT = 0.043s, Queue delay = 0.001s, MTU = 1200
 summary   8.0  Transmit rate = 10801kbps, PLR =  0.00%( 0.00%), CE =  2.74%( 2.07%)[ 0.0%,  0.0%, 97.9%,  2.1%], RTT = 0.042s, Queue delay = 0.001s, MTU = 1200
 summary  10.0  Transmit rate = 11132kbps, PLR =  0.00%( 0.00%), CE =  3.11%( 2.25%)[ 0.0%,  0.0%, 97.7%,  2.3%], RTT = 0.042s, Queue delay = 0.001s, MTU = 1200
 summary  12.0  Transmit rate = 11055kbps, PLR =  0.00%( 0.00%), CE =  2.88%( 2.21%)[ 0.0%,  0.0%, 97.8%,  2.2%], RTT = 0.042s, Queue delay = 0.001s, MTU = 1200
 summary  14.0  Transmit rate = 11146kbps, PLR =  0.00%( 0.00%), CE =  2.43%( 2.07%)[ 0.0%,  0.0%, 97.9%,  2.1%], RTT = 0.042s, Queue delay = 0.001s, MTU = 1200
 summary  16.0  Transmit rate = 11315kbps, PLR =  0.00%( 0.00%), CE =  2.29%( 2.14%)[ 0.0%,  0.0%, 97.9%,  2.1%], RTT = 0.042s, Queue delay = 0.001s, MTU = 1200
 summary  18.0  Transmit rate = 11399kbps, PLR =  0.00%( 0.00%), CE =  2.43%( 2.18%)[ 0.0%,  0.0%, 97.8%,  2.2%], RTT = 0.042s, Queue delay = 0.001s, MTU = 1200
 summary  20.0  Transmit rate = 11439kbps, PLR =  0.00%( 0.00%), CE =  2.31%( 2.16%)[ 0.0%,  0.0%, 97.8%,  2.2%], RTT = 0.042s, Queue delay = 0.001s, MTU = 1200
 summary  22.0  Transmit rate = 11320kbps, PLR =  0.00%( 0.00%), CE =  2.48%( 2.18%)[ 0.0%,  0.0%, 97.8%,  2.2%], RTT = 0.042s, Queue delay = 0.001s, MTU = 1200
 summary  24.0  Transmit rate = 11367kbps, PLR =  0.00%( 0.00%), CE =  2.70%( 2.20%)[ 0.0%,  0.0%, 97.8%,  2.2%], RTT = 0.042s, Queue delay = 0.001s, MTU = 1200
 summary  26.0  Transmit rate = 11474kbps, PLR =  0.00%( 0.00%), CE =  2.29%( 2.22%)[ 0.0%,  0.0%, 97.8%,  2.2%], RTT = 0.042s, Queue delay = 0.001s, MTU = 1200
 summary  28.0  Transmit rate = 11456kbps, PLR =  0.00%( 0.00%), CE =  2.82%( 2.23%)[ 0.0%,  0.0%, 97.8%,  2.2%], RTT = 0.042s, Queue delay = 0.001s, MTU = 1200
 summary  30.0  Transmit rate = 11448kbps, PLR =  0.00%( 0.00%), CE =  2.62%( 2.22%)[ 0.0%,  0.0%, 97.8%,  2.2%], RTT = 0.042s, Queue delay = 0.001s, MTU = 1200
 summary  32.0  Transmit rate = 11331kbps, PLR =  0.00%( 0.00%), CE =  2.65%( 2.21%)[ 0.0%,  0.0%, 97.8%,  2.2%], RTT = 0.042s, Queue delay = 0.001s, MTU = 1200
 summary  34.1  Transmit rate = 11348kbps, PLR =  0.00%( 0.00%), CE =  2.51%( 2.21%)[ 0.0%,  0.0%, 97.8%,  2.2%], RTT = 0.042s, Queue delay = 0.001s, MTU = 1200

======================== Summary ==========================
 Bitrate min/max/avg [kbps]          :  8920/13594/10992
 RTT     min/max/avg [s]             : 0.042/0.050/0.042
 Queue delay max/avg [s]             : 0.002/0.001
 Packet loss avg [%]                 : 0.000
 ECN/L4S NotECT/ECT(0)/ECT(1)/CE [%] :  0.0/ 0.0/97.8/ 2.2
===========================================================
