Listen on port 5390 to receive RTCP from decoder 
Scream sender started! 
 summary   2.0  Transmit rate =  4014kbps, PLR =  0.00%( 0.00%), CE =  0.00%( 0.00%)[100.0%,  0.0%,  0.0%,  0.0%], RTT = 0.047s, Queue delay = 0.000s, MTU = 1200
 summary   4.0  Transmit rate = 12487kbps, PLR =  0.00%( 0.00%), CE =  0.00%( 0.00%)[100.0%,  0.0%,  0.0%,  0.0%], RTT = 0.044s, Queue delay = 0.001s, MTU = 1200
 summary   6.0  Transmit rate = 21972kbps, PLR =  0.01%( 0.01%), CE =  0.00%( 0.00%)[100.0%,  0.0%,  0.0%,  0.0%], RTT = 0.045s, Queue delay = 0.003s, MTU = 1200
 summary   8.0  Transmit rate = 28140kbps, PLR =  0.01%( 0.01%), CE =  0.00%( 0.00%)[100.0%,  0.0%,  0.0%,  0.0%], RTT = 0.046s, Queue delay = 0.005s, MTU = 1200
 summary  10.0  Transmit rate = 29154kbps, PLR =  0.01%( 0.01%), CE =  0.00%( 0.00%)[100.0%,  0.0%,  0.0%,  0.0%], RTT = 0.046s, Queue delay = 0.005s, MTU = 1200
 summary  12.0  Transmit rate = 29470kbps, PLR =  0.02%( 0.01%), CE =  0.00%( 0.00%)[100.0%,  0.0%,  0.0%,  0.0%], RTT = 0.046s, Queue delay = 0.005s, MTU = 1200
 summary  14.0  Transmit rate = 29815kbps, PLR =  0.02%( 0.01%), CE =  0.00%( 0.00%)[100.0%,  0.0%,  0.0%,  0.0%], RTT = 0.046s, Queue delay = 0.005s, MTU = 1200
 summary  16.0  Transmit rate = 31732kbps, PLR =  0.01%( 0.01%), CE =  0.00%( 0.00%)[100.0%,  0.0%,  0.0%,  0.0%], RTT = 0.047s, Queue delay = 0.006s, MTU = 1200
 summary  18.0  Transmit rate = 33232kbps, PLR =  0.00%( 0.01%), CE =  0.00%( 0.00%)[100.0%,  0.0%,  0.0%,  0.0%], RTT = 0.047s, Queue delay = 0.006s, MTU = 1200
 summary  20.0  Transmit rate = 31132kbps, PLR =  0.01%( 0.01%), CE =  0.00%( 0.00%)[100.0%,  0.0%,  0.0%,  0.0%], RTT = 0.047s, Queue delay = 0.005s, MTU = 1200
 summary  22.0  Transmit rate = 32238kbps, PLR =  0.01%( 0.01%), CE =  0.00%( 0.00%)[100.0%,  0.0%,  0.0%,  0.0%], RTT = 0.047s, Queue delay = 0.006s, MTU = 1200
 summary  24.0  Transmit rate = 33420kbps, PLR =  0.00%( 0.01%), CE =  0.00%( 0.00%)[100.0%,  0.0%,  0.0%,  0.0%], RTT = 0.047s, Queue delay = 0.006s, MTU = 1200
 summary  26.0  Transmit rate = 31184kbps, PLR =  0.01%( 0.01%), CE =  0.00%( 0.00%)[100.0%,  0.0%,  0.0%,  0.0%], RTT = 0.047s, Queue delay = 0.005s, MTU = 1200
 summary  28.0  Transmit rate = 29528kbps, PLR =  0.02%( 0.01%), CE =  0.00%( 0.00%)[100.0%,  0.0%,  0.0%,  0.0%], RTT = 0.046s, Queue delay = 0.005s, MTU = 1200
 summary  30.0  Transmit rate = 30678kbps, PLR =  0.01%( 0.01%), CE =  0.00%( 0.00%)[100.0%,  0.0%,  0.0%,  0.0%], RTT = 0.046s, Queue delay = 0.005s, MTU = 1200
 summary  32.0  Transmit rate = 30003kbps, PLR =  0.02%( 0.01%), CE =  0.00%( 0.00%)[100.0%,  0.0%,  0.0%,  0.0%], RTT = 0.046s, Queue delay = 0.005s, MTU = 1200
 summary  34.0  Transmit rate = 30648kbps, PLR =  0.01%( 0.01%), CE =  0.00%( 0.00%)[100.0%,  0.0%,  0.0%,  0.0%], RTT = 0.046s, Queue delay = 0.005s, MTU = 1200

======================== Summary ==========================
 Bitrate min/max/avg [kbps]          : 14790/40615/28939
 RTT     min/max/avg [s]             : 0.042/0.050/0.046
 Queue delay max/avg [s]             : 0.009/0.005
 Packet loss avg [%]                 : 0.007
 ECN/L4S NotECT/ECT(0)/ECT(1)/CE [%] : 100.0/ 0.0/ 0.0/ 0.0
===========================================================
