Listen on port 5451 to receive RTCP from decoder 
Scream sender started! 
 summary   2.0  Transmit rate =  3465kbps, PLR =  0.00%( 0.00%), CE =  0.00%( 0.20%)[ 0.0%,  0.0%, 99.7%,  0.3%], RTT = 0.047s, Queue delay = 0.001s, MTU = 1200
 summary   4.0  Transmit rate =  7867kbps, PLR =  0.00%( 0.00%), CE =  0.98%( 2.08%)[ 0.0%,  0.0%, 97.9%,  2.1%], RTT = 0.044s, Queue delay = 0.001s, MTU = 1200
 summary   6.0  Transmit rate =  9739kbps, PLR =  0.00%( 0.00%), CE =  2.16%( 2.63%)[ 0.0%,  0.0%, 97.4%,  2.6%], RTT = 0.043s, Queue delay = 0.001s, MTU = 1200
 summary   8.0  Transmit rate = 10327kbps, PLR =  0.00%( 0.00%), CE =  3.10%( 2.41%)[ 0.0%,  0.0%, 97.6%,  2.4%], RTT = 0.042s, Queue delay = 0.001s, MTU = 1200
 summary  10.0  Transmit rate = 10697kbps, PLR =  0.00%( 0.00%), CE =  2.99%( 2.39%)[ 0.0%,  0.0%, 97.6%,  2.4%], RTT = 0.042s, Queue delay = 0.001s, MTU = 1200
 summary  12.0  Transmit rate = 10981kbps, PLR =  0.00%( 0.00%), CE =  2.37%( 2.26%)[ 0.0%,  0.0%, 97.7%,  2.3%], RTT = 0.042s, Queue delay = 0.001s, MTU = 1200
 summary  14.0  Transmit rate = 11211kbps, PLR =  0.00%( 0.00%), CE =  2.52%( 2.31%)[ 0.0%,  0.0%, 97.7%,  2.3%], RTT = 0.042s, Queue delay = 0.001s, MTU = 1200
 summary  16.0  Transmit rate = 11257kbps, PLR =  0.00%( 0.00%), CE =  2.49%( 2.32%)[ 0.0%,  0.0%, 97.7%,  2.3%], RTT = 0.042s, Queue delay = 0.001s, MTU = 1200
 summary  18.0  Transmit rate = 11381kbps, PLR =  0.00%( 0.00%), CE =  2.57%( 2.30%)[ 0.0%,  0.0%, 97.7%,  2.3%], RTT = 0.042s, Queue delay = 0.001s, MTU = 1200
 summary  20.0  Transmit rate = 11466kbps, PLR =  0.00%( 0.00%), CE =  2.14%( 2.30%)[ 0.0%,  0.0%, 97.7%,  2.3%], RTT = 0.042s, Queue delay = 0.001s, MTU = 1200
 summary  22.0  Transmit rate = 11381kbps, PLR =  0.00%( 0.00%), CE =  2.25%( 2.25%)[ 0.0%,  0.0%, 97.8%,  2.2%], RTT = 0.042s, Queue delay = 0.001s, MTU = 1200
 summary  24.0  Transmit rate = 11242kbps, PLR =  0.00%( 0.00%), CE =  3.07%( 2.34%)[ 0.0%,  0.0%, 97.7%,  2.3%], RTT = 0.042s, Queue delay = 0.001s, MTU = 1200
 summary  26.0  Transmit rate = 11133kbps, PLR =  0.00%( 0.00%), CE =  2.84%( 2.29%)[ 0.0%,  0.0%, 97.7%,  2.3%], RTT = 0.042s, Queue delay = 0.001s, MTU = 1200
 summary  28.1  Transmit rate = 11173kbps, PLR =  0.00%( 0.00%), CE =  2.81%( 2.28%)[ 0.0%,  0.0%, 97.7%,  2.3%], RTT = 0.042s, Queue delay = 0.001s, MTU = 1200
 summary  30.1  Transmit rate = 11013kbps, PLR =  0.00%( 0.00%), CE =  2.05%( 2.23%)[ 0.0%,  0.0%, 97.8%,  2.2%], RTT = 0.042s, Queue delay = 0.001s, MTU = 1200
 summary  32.1  Transmit rate = 11161kbps, PLR =  0.00%( 0.00%), CE =  2.16%( 2.19%)[ 0.0%,  0.0%, 97.8%,  2.2%], RTT = 0.042s, Queue delay = 0.001s, MTU = 1200
 summary  34.1  Transmit rate = 11143kbps, PLR =  0.00%( 0.00%), CE =  2.01%( 2.19%)[ 0.0%,  0.0%, 97.8%,  2.2%], RTT = 0.042s, Queue delay = 0.001s, MTU = 1200

======================== Summary ==========================
 Bitrate min/max/avg [kbps]          :  8965/13555/10824
 RTT     min/max/avg [s]             : 0.042/0.050/0.042
 Queue delay max/avg [s]             : 0.002/0.001
 Packet loss avg [%]                 : 0.000
 ECN/L4S NotECT/ECT(0)/ECT(1)/CE [%] :  0.0/ 0.0/97.9/ 2.1
===========================================================
