socket set to IP_RECVTOS
socket SO_RCVBUF set to 20971520
Listen on port 5358 to receive RTP from sender 
.
.
Packet(s) lost or reordered :  9490 was received, previous rcvd is  9488 
Packet(s) lost or reordered : 15368 was received, previous rcvd is 15366 
Packet(s) lost or reordered : 22527 was received, previous rcvd is 22525 
Packet(s) lost or reordered : 24414 was received, previous rcvd is 24412 
Packet(s) lost or reordered : 26923 was received, previous rcvd is 26921 
Packet(s) lost or reordered : 26937 was received, previous rcvd is 26935 
Packet(s) lost or reordered : 46361 was received, previous rcvd is 46359 
Packet(s) lost or reordered : 54964 was received, previous rcvd is 54962 
Packet(s) lost or reordered :  2706 was received, previous rcvd is  2704 
Packet(s) lost or reordered : 31587 was received, previous rcvd is 31585 
Packet(s) lost or reordered : 31614 was received, previous rcvd is 31612 
Packet(s) lost or reordered : 31782 was received, previous rcvd is 31780 
Packet(s) lost or reordered : 31814 was received, previous rcvd is 31812 
Packet(s) lost or reordered : 31875 was received, previous rcvd is 31873 
Packet(s) lost or reordered : 31900 was received, previous rcvd is 31898 
Packet(s) lost or reordered : 32171 was received, previous rcvd is 32169 
Packet(s) lost or reordered : 32237 was received, previous rcvd is 32235 
Packet(s) lost or reordered : 32261 was received, previous rcvd is 32258 
Packet(s) lost or reordered : 32278 was received, previous rcvd is 32276 
Packet(s) lost or reordered : 32378 was received, previous rcvd is 32376 
Packet(s) lost or reordered : 32400 was received, previous rcvd is 32398 
Packet(s) lost or reordered : 32492 was received, previous rcvd is 32490 
.
