socket set to IP_RECVTOS
socket SO_RCVBUF set to 20971520
Listen on port 5308 to receive RTP from sender 
.
.
Packet(s) lost or reordered : 10080 was received, previous rcvd is 10078 
Packet(s) lost or reordered : 10716 was received, previous rcvd is 10714 
Packet(s) lost or reordered : 10844 was received, previous rcvd is 10842 
Packet(s) lost or reordered : 17719 was received, previous rcvd is 17717 
Packet(s) lost or reordered : 18329 was received, previous rcvd is 18327 
Packet(s) lost or reordered : 47347 was received, previous rcvd is 47345 
Packet(s) lost or reordered : 55630 was received, previous rcvd is 55628 
Packet(s) lost or reordered : 58673 was received, previous rcvd is 58671 
Packet(s) lost or reordered : 14885 was received, previous rcvd is 14883 
Packet(s) lost or reordered : 14896 was received, previous rcvd is 14894 
Packet(s) lost or reordered : 18646 was received, previous rcvd is 18644 
Packet(s) lost or reordered : 24998 was received, previous rcvd is 24996 
Packet(s) lost or reordered : 38581 was received, previous rcvd is 38579 
Packet(s) lost or reordered : 42402 was received, previous rcvd is 42400 
.
