socket set to IP_RECVTOS
socket SO_RCVBUF set to 20971520
Listen on port 5324 to receive RTP from sender 
.
.
Packet(s) lost or reordered :  9458 was received, previous rcvd is  9456 
Packet(s) lost or reordered :  9600 was received, previous rcvd is  9598 
Packet(s) lost or reordered :  9947 was received, previous rcvd is  9945 
Packet(s) lost or reordered :  9957 was received, previous rcvd is  9955 
Packet(s) lost or reordered : 10165 was received, previous rcvd is 10163 
Packet(s) lost or reordered : 24369 was received, previous rcvd is 24367 
Packet(s) lost or reordered : 25027 was received, previous rcvd is 25025 
Packet(s) lost or reordered : 32185 was received, previous rcvd is 32183 
Packet(s) lost or reordered : 43677 was received, previous rcvd is 43675 
Packet(s) lost or reordered : 44473 was received, previous rcvd is 44471 
Packet(s) lost or reordered : 47631 was received, previous rcvd is 47629 
Packet(s) lost or reordered : 60780 was received, previous rcvd is 60778 
Packet(s) lost or reordered :  5427 was received, previous rcvd is  5425 
Packet(s) lost or reordered :  9494 was received, previous rcvd is  9492 
Packet(s) lost or reordered : 20217 was received, previous rcvd is 20215 
Packet(s) lost or reordered : 20310 was received, previous rcvd is 20308 
.
