Listen on port 5375 to receive RTCP from decoder 
Scream sender started! 
 summary   2.0  Transmit rate =  3440kbps, PLR =  0.00%( 0.00%), CE =  0.00%( 0.22%)[ 0.0%,  0.0%, 99.7%,  0.3%], RTT = 0.047s, Queue delay = 0.000s, MTU = 1200
 summary   4.0  Transmit rate =  7850kbps, PLR =  0.00%( 0.00%), CE =  1.25%( 2.93%)[ 0.0%,  0.0%, 97.1%,  2.9%], RTT = 0.044s, Queue delay = 0.001s, MTU = 1200
 summary   6.0  Transmit rate =  9960kbps, PLR =  0.00%( 0.00%), CE =  2.51%( 2.76%)[ 0.0%,  0.0%, 97.3%,  2.7%], RTT = 0.043s, Queue delay = 0.001s, MTU = 1200
 summary   8.0  Transmit rate = 10831kbps, PLR =  0.00%( 0.00%), CE =  3.56%( 2.73%)[ 0.0%,  0.0%, 97.3%,  2.7%], RTT = 0.042s, Queue delay = 0.001s, MTU = 1200
 summary  10.0  Transmit rate = 11254kbps, PLR =  0.00%( 0.00%), CE =  3.64%( 2.82%)[ 0.0%,  0.0%, 97.2%,  2.8%], RTT = 0.042s, Queue delay = 0.001s, MTU = 1200
 summary  12.0  Transmit rate = 11368kbps, PLR =  0.00%( 0.00%), CE =  2.70%( 2.67%)[ 0.0%,  0.0%, 97.4%,  2.6%], RTT = 0.042s, Queue delay = 0.001s, MTU = 1200
 summary  14.0  Transmit rate = 10916kbps, PLR =  0.00%( 0.00%), CE =  3.44%( 2.84%)[ 0.0%,  0.0%, 97.2%,  2.8%], RTT = 0.042s, Queue delay = 0.001s, MTU = 1200
 summary  16.0  Transmit rate = 11256kbps, PLR =  0.00%( 0.00%), CE =  2.70%( 2.77%)[ 0.0%,  0.0%, 97.3%,  2.7%], RTT = 0.042s, Queue delay = 0.001s, MTU = 1200
 summary  18.0  Transmit rate = 11353kbps, PLR =  0.00%( 0.00%), CE =  2.31%( 2.71%)[ 0.0%,  0.0%, 97.3%,  2.7%], RTT = 0.042s, Queue delay = 0.001s, MTU = 1200
 summary  20.0  Transmit rate = 11505kbps, PLR =  0.00%( 0.00%), CE =  2.77%( 2.69%)[ 0.0%,  0.0%, 97.3%,  2.7%], RTT = 0.042s, Queue delay = 0.001s, MTU = 1200
 summary  22.0  Transmit rate = 11519kbps, PLR =  0.00%( 0.00%), CE =  2.93%( 2.79%)[ 0.0%,  0.0%, 97.2%,  2.8%], RTT = 0.042s, Queue delay = 0.001s, MTU = 1200
 summary  24.0  Transmit rate = 11271kbps, PLR =  0.00%( 0.00%), CE =  3.51%( 2.73%)[ 0.0%,  0.0%, 97.3%,  2.7%], RTT = 0.042s, Queue delay = 0.001s, MTU = 1200
 summary  26.0  Transmit rate = 11445kbps, PLR =  0.00%( 0.00%), CE =  3.37%( 2.75%)[ 0.0%,  0.0%, 97.3%,  2.7%], RTT = 0.042s, Queue delay = 0.001s, MTU = 1200
 summary  28.0  Transmit rate = 11372kbps, PLR =  0.00%( 0.00%), CE =  2.71%( 2.77%)[ 0.0%,  0.0%, 97.3%,  2.7%], RTT = 0.042s, Queue delay = 0.001s, MTU = 1200
 summary  30.0  Transmit rate = 11386kbps, PLR =  0.00%( 0.00%), CE =  2.83%( 2.71%)[ 0.0%,  0.0%, 97.3%,  2.7%], RTT = 0.042s, Queue delay = 0.001s, MTU = 1200
 summary  32.0  Transmit rate = 11436kbps, PLR =  0.00%( 0.00%), CE =  2.78%( 2.70%)[ 0.0%,  0.0%, 97.3%,  2.7%], RTT = 0.042s, Queue delay = 0.001s, MTU = 1200
 summary  34.0  Transmit rate = 11448kbps, PLR =  0.00%( 0.00%), CE =  2.80%( 2.72%)[ 0.0%,  0.0%, 97.3%,  2.7%], RTT = 0.042s, Queue delay = 0.001s, MTU = 1200

======================== Summary ==========================
 Bitrate min/max/avg [kbps]          :     0/13569/10857
 RTT     min/max/avg [s]             : 0.042/0.050/0.042
 Queue delay max/avg [s]             : 0.002/0.001
 Packet loss avg [%]                 : 0.000
 ECN/L4S NotECT/ECT(0)/ECT(1)/CE [%] :  0.0/ 0.0/97.3/ 2.7
===========================================================
