Listen on port 5445 to receive RTCP from decoder 
Scream sender started! 
 summary   2.0  Transmit rate =  3458kbps, PLR =  0.00%( 0.00%), CE =  0.00%( 0.20%)[ 0.0%,  0.0%, 99.7%,  0.3%], RTT = 0.047s, Queue delay = 0.000s, MTU = 1200
 summary   4.0  Transmit rate =  7838kbps, PLR =  0.00%( 0.00%), CE =  0.94%( 1.95%)[ 0.0%,  0.0%, 98.0%,  2.0%], RTT = 0.044s, Queue delay = 0.001s, MTU = 1200
 summary   6.0  Transmit rate =  9929kbps, PLR =  0.00%( 0.00%), CE =  1.61%( 1.90%)[ 0.0%,  0.0%, 98.1%,  1.9%], RTT = 0.043s, Queue delay = 0.001s, MTU = 1200
 summary   8.0  Transmit rate = 10842kbps, PLR =  0.00%( 0.00%), CE =  2.62%( 2.15%)[ 0.0%,  0.0%, 97.9%,  2.1%], RTT = 0.042s, Queue delay = 0.001s, MTU = 1200
 summary  10.0  Transmit rate = 11060kbps, PLR =  0.00%( 0.00%), CE =  2.54%( 2.10%)[ 0.0%,  0.0%, 97.9%,  2.1%], RTT = 0.042s, Queue delay = 0.001s, MTU = 1200
 summary  12.0  Transmit rate = 11087kbps, PLR =  0.00%( 0.00%), CE =  2.15%( 1.92%)[ 0.0%,  0.0%, 98.1%,  1.9%], RTT = 0.042s, Queue delay = 0.001s, MTU = 1200
 summary  14.0  Transmit rate = 11198kbps, PLR =  0.00%( 0.00%), CE =  1.88%( 2.00%)[ 0.0%,  0.0%, 98.0%,  2.0%], RTT = 0.042s, Queue delay = 0.001s, MTU = 1200
 summary  16.0  Transmit rate = 11164kbps, PLR =  0.00%( 0.00%), CE =  2.19%( 1.95%)[ 0.0%,  0.0%, 98.1%,  1.9%], RTT = 0.042s, Queue delay = 0.001s, MTU = 1200
 summary  18.0  Transmit rate = 11316kbps, PLR =  0.00%( 0.00%), CE =  2.29%( 1.98%)[ 0.0%,  0.0%, 98.0%,  2.0%], RTT = 0.042s, Queue delay = 0.001s, MTU = 1200
 summary  20.0  Transmit rate = 11482kbps, PLR =  0.00%( 0.00%), CE =  2.07%( 1.99%)[ 0.0%,  0.0%, 98.0%,  2.0%], RTT = 0.042s, Queue delay = 0.001s, MTU = 1200
 summary  22.0  Transmit rate = 11414kbps, PLR =  0.00%( 0.00%), CE =  2.63%( 2.06%)[ 0.0%,  0.0%, 98.0%,  2.0%], RTT = 0.042s, Queue delay = 0.001s, MTU = 1200
 summary  24.0  Transmit rate = 11450kbps, PLR =  0.00%( 0.00%), CE =  2.57%( 2.08%)[ 0.0%,  0.0%, 97.9%,  2.1%], RTT = 0.042s, Queue delay = 0.001s, MTU = 1200
 summary  26.0  Transmit rate = 11497kbps, PLR =  0.00%( 0.00%), CE =  2.40%( 2.09%)[ 0.0%,  0.0%, 97.9%,  2.1%], RTT = 0.042s, Queue delay = 0.001s, MTU = 1200
 summary  28.0  Transmit rate = 11312kbps, PLR =  0.00%( 0.00%), CE =  2.35%( 2.05%)[ 0.0%,  0.0%, 98.0%,  2.0%], RTT = 0.042s, Queue delay = 0.001s, MTU = 1200
 summary  30.0  Transmit rate = 11337kbps, PLR =  0.00%( 0.00%), CE =  2.20%( 2.08%)[ 0.0%,  0.0%, 97.9%,  2.1%], RTT = 0.042s, Queue delay = 0.001s, MTU = 1200
 summary  32.0  Transmit rate = 11342kbps, PLR =  0.00%( 0.00%), CE =  1.92%( 2.05%)[ 0.0%,  0.0%, 98.0%,  2.0%], RTT = 0.042s, Queue delay = 0.001s, MTU = 1200
 summary  34.0  Transmit rate = 11343kbps, PLR =  0.00%( 0.00%), CE =  2.55%( 2.08%)[ 0.0%,  0.0%, 97.9%,  2.1%], RTT = 0.042s, Queue delay = 0.001s, MTU = 1200

======================== Summary ==========================
 Bitrate min/max/avg [kbps]          :     0/13635/10817
 RTT     min/max/avg [s]             : 0.042/0.050/0.042
 Queue delay max/avg [s]             : 0.002/0.001
 Packet loss avg [%]                 : 0.000
 ECN/L4S NotECT/ECT(0)/ECT(1)/CE [%] :  0.0/ 0.0/98.0/ 2.0
===========================================================
