socket set to IP_RECVTOS
socket SO_RCVBUF set to 20971520
Listen on port 5318 to receive RTP from sender 
.
.
Packet(s) lost or reordered :  9197 was received, previous rcvd is  9195 
Packet(s) lost or reordered : 15586 was received, previous rcvd is 15584 
Packet(s) lost or reordered : 22597 was received, previous rcvd is 22595 
Packet(s) lost or reordered : 26424 was received, previous rcvd is 26422 
Packet(s) lost or reordered : 36054 was received, previous rcvd is 36052 
Packet(s) lost or reordered : 46568 was received, previous rcvd is 46566 
Packet(s) lost or reordered : 52835 was received, previous rcvd is 52833 
Packet(s) lost or reordered : 59904 was received, previous rcvd is 59902 
Packet(s) lost or reordered : 60202 was received, previous rcvd is 60200 
Packet(s) lost or reordered : 64913 was received, previous rcvd is 64911 
Packet(s) lost or reordered :   944 was received, previous rcvd is   942 
Packet(s) lost or reordered :  3389 was received, previous rcvd is  3387 
Packet(s) lost or reordered : 22107 was received, previous rcvd is 22105 
Packet(s) lost or reordered : 34918 was received, previous rcvd is 34916 
.
