Listen on port 5300 to receive RTCP from decoder 
Scream sender started! 
 summary   2.0  Transmit rate =  4063kbps, PLR =  0.00%( 0.00%), CE =  0.00%( 0.00%)[100.0%,  0.0%,  0.0%,  0.0%], RTT = 0.047s, Queue delay = 0.000s, MTU = 1200
 summary   4.0  Transmit rate = 12470kbps, PLR =  0.00%( 0.00%), CE =  0.00%( 0.00%)[100.0%,  0.0%,  0.0%,  0.0%], RTT = 0.044s, Queue delay = 0.001s, MTU = 1200
 summary   6.0  Transmit rate = 23585kbps, PLR =  0.00%( 0.02%), CE =  0.00%( 0.00%)[100.0%,  0.0%,  0.0%,  0.0%], RTT = 0.047s, Queue delay = 0.006s, MTU = 1200
 summary   8.0  Transmit rate = 25037kbps, PLR =  0.02%( 0.01%), CE =  0.00%( 0.00%)[100.0%,  0.0%,  0.0%,  0.0%], RTT = 0.046s, Queue delay = 0.004s, MTU = 1200
 summary  10.0  Transmit rate = 30617kbps, PLR =  0.02%( 0.01%), CE =  0.00%( 0.00%)[100.0%,  0.0%,  0.0%,  0.0%], RTT = 0.047s, Queue delay = 0.006s, MTU = 1200
 summary  12.0  Transmit rate = 31301kbps, PLR =  0.01%( 0.01%), CE =  0.00%( 0.00%)[100.0%,  0.0%,  0.0%,  0.0%], RTT = 0.047s, Queue delay = 0.005s, MTU = 1200
 summary  14.0  Transmit rate = 33474kbps, PLR =  0.01%( 0.01%), CE =  0.00%( 0.00%)[100.0%,  0.0%,  0.0%,  0.0%], RTT = 0.047s, Queue delay = 0.006s, MTU = 1200
 summary  16.0  Transmit rate = 35711kbps, PLR =  0.01%( 0.01%), CE =  0.00%( 0.00%)[100.0%,  0.0%,  0.0%,  0.0%], RTT = 0.048s, Queue delay = 0.007s, MTU = 1200
 summary  18.0  Transmit rate = 33902kbps, PLR =  0.01%( 0.01%), CE =  0.00%( 0.00%)[100.0%,  0.0%,  0.0%,  0.0%], RTT = 0.048s, Queue delay = 0.007s, MTU = 1200
 summary  20.0  Transmit rate = 34199kbps, PLR =  0.01%( 0.01%), CE =  0.00%( 0.00%)[100.0%,  0.0%,  0.0%,  0.0%], RTT = 0.048s, Queue delay = 0.007s, MTU = 1200
 summary  22.0  Transmit rate = 31963kbps, PLR =  0.02%( 0.01%), CE =  0.00%( 0.00%)[100.0%,  0.0%,  0.0%,  0.0%], RTT = 0.047s, Queue delay = 0.006s, MTU = 1200
 summary  24.0  Transmit rate = 33485kbps, PLR =  0.01%( 0.01%), CE =  0.00%( 0.00%)[100.0%,  0.0%,  0.0%,  0.0%], RTT = 0.047s, Queue delay = 0.006s, MTU = 1200
 summary  26.0  Transmit rate = 32505kbps, PLR =  0.01%( 0.01%), CE =  0.00%( 0.00%)[100.0%,  0.0%,  0.0%,  0.0%], RTT = 0.048s, Queue delay = 0.006s, MTU = 1200
 summary  28.0  Transmit rate = 30987kbps, PLR =  0.02%( 0.01%), CE =  0.00%( 0.00%)[100.0%,  0.0%,  0.0%,  0.0%], RTT = 0.047s, Queue delay = 0.005s, MTU = 1200
 summary  30.0  Transmit rate = 30480kbps, PLR =  0.02%( 0.01%), CE =  0.00%( 0.00%)[100.0%,  0.0%,  0.0%,  0.0%], RTT = 0.046s, Queue delay = 0.005s, MTU = 1200
 summary  32.0  Transmit rate = 29429kbps, PLR =  0.02%( 0.01%), CE =  0.00%( 0.00%)[100.0%,  0.0%,  0.0%,  0.0%], RTT = 0.046s, Queue delay = 0.004s, MTU = 1200
 summary  34.0  Transmit rate = 31012kbps, PLR =  0.01%( 0.01%), CE =  0.00%( 0.00%)[100.0%,  0.0%,  0.0%,  0.0%], RTT = 0.046s, Queue delay = 0.005s, MTU = 1200

======================== Summary ==========================
 Bitrate min/max/avg [kbps]          :     0/43334/29441
 RTT     min/max/avg [s]             : 0.042/0.055/0.047
 Queue delay max/avg [s]             : 0.022/0.005
 Packet loss avg [%]                 : 0.007
 ECN/L4S NotECT/ECT(0)/ECT(1)/CE [%] : 100.0/ 0.0/ 0.0/ 0.0
===========================================================
