socket set to IP_RECVTOS
socket SO_RCVBUF set to 20971520
Listen on port 5374 to receive RTP from sender 
.
.
Packet(s) lost or reordered :  5270 was received, previous rcvd is  5268 
Packet(s) lost or reordered : 30905 was received, previous rcvd is 30903 
Packet(s) lost or reordered : 31094 was received, previous rcvd is 31092 
Packet(s) lost or reordered : 31486 was received, previous rcvd is 31484 
Packet(s) lost or reordered : 31646 was received, previous rcvd is 31644 
Packet(s) lost or reordered : 31680 was received, previous rcvd is 31678 
Packet(s) lost or reordered : 58296 was received, previous rcvd is 58294 
Packet(s) lost or reordered : 58311 was received, previous rcvd is 58309 
Packet(s) lost or reordered : 58354 was received, previous rcvd is 58352 
Packet(s) lost or reordered : 58721 was received, previous rcvd is 58719 
Packet(s) lost or reordered : 58836 was received, previous rcvd is 58834 
Packet(s) lost or reordered : 59128 was received, previous rcvd is 59126 
Packet(s) lost or reordered :  9155 was received, previous rcvd is  9153 
Packet(s) lost or reordered : 18314 was received, previous rcvd is 18312 
Packet(s) lost or reordered : 31530 was received, previous rcvd is 31528 
.
