socket set to IP_RECVTOS
socket SO_RCVBUF set to 20971520
Listen on port 5472 to receive RTP from sender 
.
.
Packet(s) lost or reordered :  5844 was received, previous rcvd is  5842 
Packet(s) lost or reordered : 34553 was received, previous rcvd is 34551 
Packet(s) lost or reordered : 35005 was received, previous rcvd is 35003 
Packet(s) lost or reordered : 35118 was received, previous rcvd is 35116 
Packet(s) lost or reordered : 35284 was received, previous rcvd is 35282 
Packet(s) lost or reordered : 35366 was received, previous rcvd is 35364 
Packet(s) lost or reordered : 64489 was received, previous rcvd is 64487 
Packet(s) lost or reordered : 64563 was received, previous rcvd is 64561 
Packet(s) lost or reordered : 64649 was received, previous rcvd is 64647 
Packet(s) lost or reordered : 64711 was received, previous rcvd is 64709 
Packet(s) lost or reordered : 64781 was received, previous rcvd is 64779 
Packet(s) lost or reordered : 64840 was received, previous rcvd is 64838 
Packet(s) lost or reordered : 64859 was received, previous rcvd is 64857 
Packet(s) lost or reordered : 64886 was received, previous rcvd is 64884 
Packet(s) lost or reordered : 64898 was received, previous rcvd is 64896 
Packet(s) lost or reordered : 64926 was received, previous rcvd is 64924 
Packet(s) lost or reordered : 64948 was received, previous rcvd is 64946 
Packet(s) lost or reordered : 65020 was received, previous rcvd is 65018 
Packet(s) lost or reordered : 65310 was received, previous rcvd is 65308 
Packet(s) lost or reordered : 65365 was received, previous rcvd is 65363 
Packet(s) lost or reordered : 65514 was received, previous rcvd is 65512 
Packet(s) lost or reordered : 12613 was received, previous rcvd is 12611 
Packet(s) lost or reordered : 22339 was received, previous rcvd is 22337 
Packet(s) lost or reordered : 29908 was received, previous rcvd is 29906 
Packet(s) lost or reordered : 30095 was received, previous rcvd is 30093 
.
