Listen on port 5385 to receive RTCP from decoder 
Scream sender started! 
 summary   2.0  Transmit rate =  3485kbps, PLR =  0.00%( 0.00%), CE =  0.00%( 0.20%)[ 0.0%,  0.0%, 99.7%,  0.3%], RTT = 0.047s, Queue delay = 0.000s, MTU = 1200
 summary   4.0  Transmit rate =  7896kbps, PLR =  0.00%( 0.00%), CE =  1.16%( 2.40%)[ 0.0%,  0.0%, 97.6%,  2.4%], RTT = 0.044s, Queue delay = 0.001s, MTU = 1200
 summary   6.0  Transmit rate =  9643kbps, PLR =  0.00%( 0.00%), CE =  2.90%( 3.02%)[ 0.0%,  0.0%, 97.0%,  3.0%], RTT = 0.043s, Queue delay = 0.001s, MTU = 1200
 summary   8.0  Transmit rate = 10076kbps, PLR =  0.00%( 0.00%), CE =  3.38%( 2.58%)[ 0.0%,  0.0%, 97.4%,  2.6%], RTT = 0.042s, Queue delay = 0.001s, MTU = 1200
 summary  10.0  Transmit rate = 10782kbps, PLR =  0.00%( 0.00%), CE =  2.34%( 2.34%)[ 0.0%,  0.0%, 97.7%,  2.3%], RTT = 0.042s, Queue delay = 0.001s, MTU = 1200
 summary  12.0  Transmit rate = 11188kbps, PLR =  0.00%( 0.00%), CE =  2.02%( 2.35%)[ 0.0%,  0.0%, 97.6%,  2.4%], RTT = 0.042s, Queue delay = 0.001s, MTU = 1200
 summary  14.0  Transmit rate = 11329kbps, PLR =  0.00%( 0.00%), CE =  2.36%( 2.34%)[ 0.0%,  0.0%, 97.6%,  2.4%], RTT = 0.042s, Queue delay = 0.001s, MTU = 1200
 summary  16.0  Transmit rate = 11383kbps, PLR =  0.00%( 0.00%), CE =  2.86%( 2.39%)[ 0.0%,  0.0%, 97.6%,  2.4%], RTT = 0.042s, Queue delay = 0.001s, MTU = 1200
 summary  18.0  Transmit rate = 11430kbps, PLR =  0.00%( 0.00%), CE =  3.03%( 2.42%)[ 0.0%,  0.0%, 97.6%,  2.4%], RTT = 0.042s, Queue delay = 0.001s, MTU = 1200
 summary  20.0  Transmit rate = 11532kbps, PLR =  0.00%( 0.00%), CE =  2.77%( 2.47%)[ 0.0%,  0.0%, 97.6%,  2.4%], RTT = 0.042s, Queue delay = 0.001s, MTU = 1200
 summary  22.0  Transmit rate = 11556kbps, PLR =  0.00%( 0.00%), CE =  2.81%( 2.53%)[ 0.0%,  0.0%, 97.5%,  2.5%], RTT = 0.042s, Queue delay = 0.001s, MTU = 1200
 summary  24.0  Transmit rate = 11567kbps, PLR =  0.00%( 0.00%), CE =  3.36%( 2.52%)[ 0.0%,  0.0%, 97.5%,  2.5%], RTT = 0.042s, Queue delay = 0.001s, MTU = 1200
 summary  26.0  Transmit rate = 11547kbps, PLR =  0.00%( 0.00%), CE =  2.82%( 2.49%)[ 0.0%,  0.0%, 97.5%,  2.5%], RTT = 0.042s, Queue delay = 0.001s, MTU = 1200
 summary  28.0  Transmit rate = 11478kbps, PLR =  0.00%( 0.00%), CE =  2.66%( 2.48%)[ 0.0%,  0.0%, 97.5%,  2.5%], RTT = 0.042s, Queue delay = 0.001s, MTU = 1200
 summary  30.0  Transmit rate = 11481kbps, PLR =  0.00%( 0.00%), CE =  2.54%( 2.45%)[ 0.0%,  0.0%, 97.6%,  2.4%], RTT = 0.042s, Queue delay = 0.001s, MTU = 1200
 summary  32.0  Transmit rate = 11423kbps, PLR =  0.00%( 0.00%), CE =  2.67%( 2.45%)[ 0.0%,  0.0%, 97.6%,  2.4%], RTT = 0.042s, Queue delay = 0.001s, MTU = 1200
 summary  34.1  Transmit rate = 11496kbps, PLR =  0.00%( 0.00%), CE =  2.40%( 2.41%)[ 0.0%,  0.0%, 97.6%,  2.4%], RTT = 0.042s, Queue delay = 0.001s, MTU = 1200

======================== Summary ==========================
 Bitrate min/max/avg [kbps]          :  8798/13595/10992
 RTT     min/max/avg [s]             : 0.042/0.050/0.042
 Queue delay max/avg [s]             : 0.002/0.001
 Packet loss avg [%]                 : 0.000
 ECN/L4S NotECT/ECT(0)/ECT(1)/CE [%] :  0.0/ 0.0/97.6/ 2.4
===========================================================
