socket set to IP_RECVTOS
socket SO_RCVBUF set to 20971520
Listen on port 5398 to receive RTP from sender 
.
.
Packet(s) lost or reordered :  7473 was received, previous rcvd is  7471 
Packet(s) lost or reordered : 10050 was received, previous rcvd is 10048 
Packet(s) lost or reordered : 18068 was received, previous rcvd is 18066 
Packet(s) lost or reordered : 25869 was received, previous rcvd is 25867 
Packet(s) lost or reordered : 39621 was received, previous rcvd is 39619 
Packet(s) lost or reordered : 44599 was received, previous rcvd is 44597 
Packet(s) lost or reordered : 48688 was received, previous rcvd is 48686 
Packet(s) lost or reordered : 11761 was received, previous rcvd is 11759 
Packet(s) lost or reordered : 11950 was received, previous rcvd is 11948 
Packet(s) lost or reordered : 12192 was received, previous rcvd is 12190 
Packet(s) lost or reordered : 12271 was received, previous rcvd is 12269 
Packet(s) lost or reordered : 12293 was received, previous rcvd is 12291 
Packet(s) lost or reordered : 12389 was received, previous rcvd is 12387 
Packet(s) lost or reordered : 12397 was received, previous rcvd is 12395 
Packet(s) lost or reordered : 12589 was received, previous rcvd is 12587 
Packet(s) lost or reordered : 24358 was received, previous rcvd is 24356 
.
