Listen on port 5417 to receive RTCP from decoder 
Scream sender started! 
 summary   2.0  Transmit rate =  3449kbps, PLR =  0.00%( 0.00%), CE =  0.00%( 0.21%)[ 0.0%,  0.0%, 99.7%,  0.3%], RTT = 0.047s, Queue delay = 0.001s, MTU = 1200
 summary   4.0  Transmit rate =  7918kbps, PLR =  0.00%( 0.00%), CE =  0.89%( 2.16%)[ 0.0%,  0.0%, 97.8%,  2.2%], RTT = 0.044s, Queue delay = 0.001s, MTU = 1200
 summary   6.0  Transmit rate =  9936kbps, PLR =  0.00%( 0.00%), CE =  2.90%( 3.04%)[ 0.0%,  0.0%, 97.0%,  3.0%], RTT = 0.043s, Queue delay = 0.001s, MTU = 1200
 summary   8.0  Transmit rate = 10814kbps, PLR =  0.00%( 0.00%), CE =  3.48%( 2.69%)[ 0.0%,  0.0%, 97.4%,  2.6%], RTT = 0.042s, Queue delay = 0.001s, MTU = 1200
 summary  10.0  Transmit rate = 11239kbps, PLR =  0.00%( 0.00%), CE =  3.06%( 2.78%)[ 0.0%,  0.0%, 97.3%,  2.7%], RTT = 0.042s, Queue delay = 0.001s, MTU = 1200
 summary  12.0  Transmit rate = 11399kbps, PLR =  0.00%( 0.00%), CE =  2.81%( 2.72%)[ 0.0%,  0.0%, 97.3%,  2.7%], RTT = 0.042s, Queue delay = 0.001s, MTU = 1200
 summary  14.0  Transmit rate = 11370kbps, PLR =  0.00%( 0.00%), CE =  2.90%( 2.66%)[ 0.0%,  0.0%, 97.4%,  2.6%], RTT = 0.042s, Queue delay = 0.001s, MTU = 1200
 summary  16.0  Transmit rate = 11328kbps, PLR =  0.00%( 0.00%), CE =  2.74%( 2.63%)[ 0.0%,  0.0%, 97.4%,  2.6%], RTT = 0.042s, Queue delay = 0.001s, MTU = 1200
 summary  18.0  Transmit rate = 11381kbps, PLR =  0.00%( 0.00%), CE =  2.50%( 2.53%)[ 0.0%,  0.0%, 97.5%,  2.5%], RTT = 0.042s, Queue delay = 0.001s, MTU = 1200
 summary  20.0  Transmit rate = 11448kbps, PLR =  0.00%( 0.00%), CE =  2.82%( 2.53%)[ 0.0%,  0.0%, 97.5%,  2.5%], RTT = 0.042s, Queue delay = 0.001s, MTU = 1200
 summary  22.0  Transmit rate = 11412kbps, PLR =  0.00%( 0.00%), CE =  2.74%( 2.55%)[ 0.0%,  0.0%, 97.5%,  2.5%], RTT = 0.042s, Queue delay = 0.001s, MTU = 1200
 summary  24.0  Transmit rate = 11306kbps, PLR =  0.00%( 0.00%), CE =  2.47%( 2.47%)[ 0.0%,  0.0%, 97.6%,  2.4%], RTT = 0.042s, Queue delay = 0.001s, MTU = 1200
 summary  26.0  Transmit rate = 11448kbps, PLR =  0.00%( 0.00%), CE =  2.56%( 2.51%)[ 0.0%,  0.0%, 97.5%,  2.5%], RTT = 0.042s, Queue delay = 0.001s, MTU = 1200
 summary  28.0  Transmit rate = 11507kbps, PLR =  0.00%( 0.00%), CE =  2.49%( 2.47%)[ 0.0%,  0.0%, 97.5%,  2.5%], RTT = 0.042s, Queue delay = 0.001s, MTU = 1200
 summary  30.0  Transmit rate = 11487kbps, PLR =  0.00%( 0.00%), CE =  2.54%( 2.44%)[ 0.0%,  0.0%, 97.6%,  2.4%], RTT = 0.042s, Queue delay = 0.001s, MTU = 1200
 summary  32.0  Transmit rate = 11499kbps, PLR =  0.00%( 0.00%), CE =  2.49%( 2.43%)[ 0.0%,  0.0%, 97.6%,  2.4%], RTT = 0.042s, Queue delay = 0.001s, MTU = 1200
 summary  34.1  Transmit rate = 11428kbps, PLR =  0.00%( 0.00%), CE =  2.39%( 2.40%)[ 0.0%,  0.0%, 97.6%,  2.4%], RTT = 0.042s, Queue delay = 0.001s, MTU = 1200

======================== Summary ==========================
 Bitrate min/max/avg [kbps]          :  9352/13644/11050
 RTT     min/max/avg [s]             : 0.042/0.050/0.042
 Queue delay max/avg [s]             : 0.002/0.001
 Packet loss avg [%]                 : 0.000
 ECN/L4S NotECT/ECT(0)/ECT(1)/CE [%] :  0.0/ 0.0/97.6/ 2.4
===========================================================
