Listen on port 5411 to receive RTCP from decoder 
Scream sender started! 
 summary   2.0  Transmit rate =  3480kbps, PLR =  0.00%( 0.00%), CE =  0.00%( 0.20%)[ 0.0%,  0.0%, 99.7%,  0.3%], RTT = 0.047s, Queue delay = 0.001s, MTU = 1200
 summary   4.0  Transmit rate =  7913kbps, PLR =  0.00%( 0.00%), CE =  1.28%( 2.76%)[ 0.0%,  0.0%, 97.3%,  2.7%], RTT = 0.044s, Queue delay = 0.001s, MTU = 1200
 summary   6.0  Transmit rate =  9981kbps, PLR =  0.00%( 0.00%), CE =  2.56%( 2.78%)[ 0.0%,  0.0%, 97.2%,  2.8%], RTT = 0.043s, Queue delay = 0.001s, MTU = 1200
 summary   8.0  Transmit rate = 10854kbps, PLR =  0.00%( 0.00%), CE =  3.51%( 2.80%)[ 0.0%,  0.0%, 97.2%,  2.8%], RTT = 0.042s, Queue delay = 0.001s, MTU = 1200
 summary  10.0  Transmit rate = 11230kbps, PLR =  0.00%( 0.00%), CE =  3.24%( 2.74%)[ 0.0%,  0.0%, 97.3%,  2.7%], RTT = 0.042s, Queue delay = 0.001s, MTU = 1200
 summary  12.0  Transmit rate = 11361kbps, PLR =  0.00%( 0.00%), CE =  3.08%( 2.70%)[ 0.0%,  0.0%, 97.3%,  2.7%], RTT = 0.042s, Queue delay = 0.001s, MTU = 1200
 summary  14.0  Transmit rate = 11302kbps, PLR =  0.00%( 0.00%), CE =  2.66%( 2.64%)[ 0.0%,  0.0%, 97.4%,  2.6%], RTT = 0.042s, Queue delay = 0.001s, MTU = 1200
 summary  16.0  Transmit rate = 11411kbps, PLR =  0.00%( 0.00%), CE =  2.46%( 2.59%)[ 0.0%,  0.0%, 97.4%,  2.6%], RTT = 0.042s, Queue delay = 0.001s, MTU = 1200
 summary  18.0  Transmit rate = 11340kbps, PLR =  0.00%( 0.00%), CE =  2.65%( 2.55%)[ 0.0%,  0.0%, 97.5%,  2.5%], RTT = 0.042s, Queue delay = 0.001s, MTU = 1200
 summary  20.0  Transmit rate = 11492kbps, PLR =  0.00%( 0.00%), CE =  2.61%( 2.56%)[ 0.0%,  0.0%, 97.5%,  2.5%], RTT = 0.042s, Queue delay = 0.001s, MTU = 1200
 summary  22.0  Transmit rate = 11484kbps, PLR =  0.00%( 0.00%), CE =  2.74%( 2.59%)[ 0.0%,  0.0%, 97.4%,  2.6%], RTT = 0.042s, Queue delay = 0.001s, MTU = 1200
 summary  24.0  Transmit rate = 11535kbps, PLR =  0.00%( 0.00%), CE =  3.06%( 2.60%)[ 0.0%,  0.0%, 97.4%,  2.6%], RTT = 0.042s, Queue delay = 0.001s, MTU = 1200
 summary  26.0  Transmit rate = 11532kbps, PLR =  0.00%( 0.00%), CE =  2.97%( 2.61%)[ 0.0%,  0.0%, 97.4%,  2.6%], RTT = 0.042s, Queue delay = 0.001s, MTU = 1200
 summary  28.0  Transmit rate = 11370kbps, PLR =  0.00%( 0.00%), CE =  3.09%( 2.57%)[ 0.0%,  0.0%, 97.5%,  2.5%], RTT = 0.042s, Queue delay = 0.001s, MTU = 1200
 summary  30.0  Transmit rate = 11395kbps, PLR =  0.00%( 0.00%), CE =  2.75%( 2.57%)[ 0.0%,  0.0%, 97.5%,  2.5%], RTT = 0.042s, Queue delay = 0.001s, MTU = 1200
 summary  32.0  Transmit rate = 11134kbps, PLR =  0.00%( 0.00%), CE =  3.02%( 2.58%)[ 0.0%,  0.0%, 97.4%,  2.6%], RTT = 0.042s, Queue delay = 0.001s, MTU = 1200
 summary  34.0  Transmit rate = 11323kbps, PLR =  0.00%( 0.00%), CE =  2.54%( 2.53%)[ 0.0%,  0.0%, 97.5%,  2.5%], RTT = 0.042s, Queue delay = 0.001s, MTU = 1200

======================== Summary ==========================
 Bitrate min/max/avg [kbps]          :  8940/13630/11036
 RTT     min/max/avg [s]             : 0.042/0.050/0.042
 Queue delay max/avg [s]             : 0.002/0.001
 Packet loss avg [%]                 : 0.000
 ECN/L4S NotECT/ECT(0)/ECT(1)/CE [%] :  0.0/ 0.0/97.5/ 2.5
===========================================================
