Listen on port 5312 to receive RTCP from decoder 
Scream sender started! 
 summary   2.0  Transmit rate =  3981kbps, PLR =  0.00%( 0.00%), CE =  0.00%( 0.00%)[100.0%,  0.0%,  0.0%,  0.0%], RTT = 0.047s, Queue delay = 0.000s, MTU = 1200
 summary   4.0  Transmit rate = 12332kbps, PLR =  0.00%( 0.00%), CE =  0.00%( 0.00%)[100.0%,  0.0%,  0.0%,  0.0%], RTT = 0.044s, Queue delay = 0.001s, MTU = 1200
 summary   6.0  Transmit rate = 21392kbps, PLR =  0.01%( 0.01%), CE =  0.00%( 0.00%)[100.0%,  0.0%,  0.0%,  0.0%], RTT = 0.045s, Queue delay = 0.003s, MTU = 1200
 summary   8.0  Transmit rate = 24410kbps, PLR =  0.02%( 0.01%), CE =  0.00%( 0.00%)[100.0%,  0.0%,  0.0%,  0.0%], RTT = 0.045s, Queue delay = 0.003s, MTU = 1200
 summary  10.0  Transmit rate = 28382kbps, PLR =  0.02%( 0.01%), CE =  0.00%( 0.00%)[100.0%,  0.0%,  0.0%,  0.0%], RTT = 0.046s, Queue delay = 0.004s, MTU = 1200
 summary  12.0  Transmit rate = 31393kbps, PLR =  0.01%( 0.01%), CE =  0.00%( 0.00%)[100.0%,  0.0%,  0.0%,  0.0%], RTT = 0.046s, Queue delay = 0.005s, MTU = 1200
 summary  14.0  Transmit rate = 29740kbps, PLR =  0.01%( 0.01%), CE =  0.00%( 0.00%)[100.0%,  0.0%,  0.0%,  0.0%], RTT = 0.046s, Queue delay = 0.004s, MTU = 1200
 summary  16.0  Transmit rate = 31375kbps, PLR =  0.01%( 0.01%), CE =  0.00%( 0.00%)[100.0%,  0.0%,  0.0%,  0.0%], RTT = 0.046s, Queue delay = 0.005s, MTU = 1200
 summary  18.0  Transmit rate = 32668kbps, PLR =  0.00%( 0.01%), CE =  0.00%( 0.00%)[100.0%,  0.0%,  0.0%,  0.0%], RTT = 0.047s, Queue delay = 0.005s, MTU = 1200
 summary  20.0  Transmit rate = 31409kbps, PLR =  0.01%( 0.01%), CE =  0.00%( 0.00%)[100.0%,  0.0%,  0.0%,  0.0%], RTT = 0.047s, Queue delay = 0.005s, MTU = 1200
 summary  22.0  Transmit rate = 31318kbps, PLR =  0.01%( 0.01%), CE =  0.00%( 0.00%)[100.0%,  0.0%,  0.0%,  0.0%], RTT = 0.046s, Queue delay = 0.005s, MTU = 1200
 summary  24.0  Transmit rate = 29500kbps, PLR =  0.02%( 0.01%), CE =  0.00%( 0.00%)[100.0%,  0.0%,  0.0%,  0.0%], RTT = 0.046s, Queue delay = 0.005s, MTU = 1200
 summary  26.0  Transmit rate = 27259kbps, PLR =  0.02%( 0.01%), CE =  0.00%( 0.00%)[100.0%,  0.0%,  0.0%,  0.0%], RTT = 0.045s, Queue delay = 0.004s, MTU = 1200
 summary  28.0  Transmit rate = 27331kbps, PLR =  0.03%( 0.01%), CE =  0.00%( 0.00%)[100.0%,  0.0%,  0.0%,  0.0%], RTT = 0.045s, Queue delay = 0.004s, MTU = 1200
 summary  30.0  Transmit rate = 27719kbps, PLR =  0.01%( 0.01%), CE =  0.00%( 0.00%)[100.0%,  0.0%,  0.0%,  0.0%], RTT = 0.045s, Queue delay = 0.004s, MTU = 1200
 summary  32.0  Transmit rate = 29073kbps, PLR =  0.01%( 0.01%), CE =  0.00%( 0.00%)[100.0%,  0.0%,  0.0%,  0.0%], RTT = 0.046s, Queue delay = 0.005s, MTU = 1200
 summary  34.1  Transmit rate = 27464kbps, PLR =  0.01%( 0.01%), CE =  0.00%( 0.00%)[100.0%,  0.0%,  0.0%,  0.0%], RTT = 0.045s, Queue delay = 0.004s, MTU = 1200

======================== Summary ==========================
 Bitrate min/max/avg [kbps]          : 11941/40299/27449
 RTT     min/max/avg [s]             : 0.042/0.050/0.046
 Queue delay max/avg [s]             : 0.009/0.004
 Packet loss avg [%]                 : 0.008
 ECN/L4S NotECT/ECT(0)/ECT(1)/CE [%] : 100.0/ 0.0/ 0.0/ 0.0
===========================================================
