Listen on port 5391 to receive RTCP from decoder 
Scream sender started! 
 summary   2.0  Transmit rate =  3390kbps, PLR =  0.00%( 0.00%), CE =  0.03%( 0.32%)[ 0.0%,  0.0%, 99.6%,  0.4%], RTT = 0.047s, Queue delay = 0.000s, MTU = 1200
 summary   4.0  Transmit rate =  7606kbps, PLR =  0.00%( 0.00%), CE =  0.72%( 1.55%)[ 0.0%,  0.0%, 98.5%,  1.5%], RTT = 0.044s, Queue delay = 0.001s, MTU = 1200
 summary   6.0  Transmit rate =  9708kbps, PLR =  0.00%( 0.00%), CE =  1.27%( 1.37%)[ 0.0%,  0.0%, 98.6%,  1.4%], RTT = 0.043s, Queue delay = 0.001s, MTU = 1200
 summary   8.0  Transmit rate = 10645kbps, PLR =  0.00%( 0.00%), CE =  2.30%( 1.91%)[ 0.0%,  0.0%, 98.1%,  1.9%], RTT = 0.042s, Queue delay = 0.001s, MTU = 1200
 summary  10.0  Transmit rate = 10991kbps, PLR =  0.00%( 0.00%), CE =  2.44%( 1.84%)[ 0.0%,  0.0%, 98.2%,  1.8%], RTT = 0.042s, Queue delay = 0.001s, MTU = 1200
 summary  12.0  Transmit rate = 11341kbps, PLR =  0.00%( 0.00%), CE =  2.62%( 1.98%)[ 0.0%,  0.0%, 98.0%,  2.0%], RTT = 0.042s, Queue delay = 0.001s, MTU = 1200
 summary  14.0  Transmit rate = 11413kbps, PLR =  0.00%( 0.00%), CE =  2.52%( 2.06%)[ 0.0%,  0.0%, 97.9%,  2.1%], RTT = 0.042s, Queue delay = 0.001s, MTU = 1200
 summary  16.0  Transmit rate = 11473kbps, PLR =  0.00%( 0.00%), CE =  2.81%( 2.07%)[ 0.0%,  0.0%, 97.9%,  2.1%], RTT = 0.042s, Queue delay = 0.001s, MTU = 1200
 summary  18.0  Transmit rate = 11509kbps, PLR =  0.00%( 0.00%), CE =  2.68%( 2.09%)[ 0.0%,  0.0%, 97.9%,  2.1%], RTT = 0.042s, Queue delay = 0.001s, MTU = 1200
 summary  20.0  Transmit rate = 11576kbps, PLR =  0.00%( 0.00%), CE =  2.35%( 2.11%)[ 0.0%,  0.0%, 97.9%,  2.1%], RTT = 0.042s, Queue delay = 0.001s, MTU = 1200
 summary  22.0  Transmit rate = 11542kbps, PLR =  0.00%( 0.00%), CE =  2.52%( 2.11%)[ 0.0%,  0.0%, 97.9%,  2.1%], RTT = 0.042s, Queue delay = 0.001s, MTU = 1200
 summary  24.0  Transmit rate = 11394kbps, PLR =  0.00%( 0.00%), CE =  2.94%( 2.20%)[ 0.0%,  0.0%, 97.8%,  2.2%], RTT = 0.042s, Queue delay = 0.001s, MTU = 1200
 summary  26.0  Transmit rate = 11442kbps, PLR =  0.00%( 0.00%), CE =  2.56%( 2.17%)[ 0.0%,  0.0%, 97.8%,  2.2%], RTT = 0.042s, Queue delay = 0.001s, MTU = 1200
 summary  28.0  Transmit rate = 11512kbps, PLR =  0.00%( 0.00%), CE =  2.67%( 2.21%)[ 0.0%,  0.0%, 97.8%,  2.2%], RTT = 0.042s, Queue delay = 0.001s, MTU = 1200
 summary  30.0  Transmit rate = 11565kbps, PLR =  0.00%( 0.00%), CE =  2.99%( 2.26%)[ 0.0%,  0.0%, 97.8%,  2.2%], RTT = 0.042s, Queue delay = 0.001s, MTU = 1200
 summary  32.0  Transmit rate = 11615kbps, PLR =  0.00%( 0.00%), CE =  2.74%( 2.27%)[ 0.0%,  0.0%, 97.7%,  2.3%], RTT = 0.042s, Queue delay = 0.001s, MTU = 1200
 summary  34.0  Transmit rate = 11548kbps, PLR =  0.00%( 0.00%), CE =  2.97%( 2.29%)[ 0.0%,  0.0%, 97.7%,  2.3%], RTT = 0.042s, Queue delay = 0.001s, MTU = 1200

======================== Summary ==========================
 Bitrate min/max/avg [kbps]          :  9285/13604/11051
 RTT     min/max/avg [s]             : 0.042/0.050/0.042
 Queue delay max/avg [s]             : 0.002/0.001
 Packet loss avg [%]                 : 0.000
 ECN/L4S NotECT/ECT(0)/ECT(1)/CE [%] :  0.0/ 0.0/97.8/ 2.2
===========================================================
