Listen on port 5419 to receive RTCP from decoder 
Scream sender started! 
 summary   2.0  Transmit rate =  3227kbps, PLR =  0.00%( 0.00%), CE =  0.10%( 0.45%)[ 0.0%,  0.0%, 99.4%,  0.6%], RTT = 0.047s, Queue delay = 0.000s, MTU = 1200
 summary   4.0  Transmit rate =  7607kbps, PLR =  0.00%( 0.00%), CE =  0.87%( 2.05%)[ 0.0%,  0.0%, 97.9%,  2.1%], RTT = 0.044s, Queue delay = 0.001s, MTU = 1200
 summary   6.0  Transmit rate =  9706kbps, PLR =  0.00%( 0.00%), CE =  2.89%( 2.95%)[ 0.0%,  0.0%, 97.1%,  2.9%], RTT = 0.043s, Queue delay = 0.001s, MTU = 1200
 summary   8.0  Transmit rate = 10594kbps, PLR =  0.00%( 0.00%), CE =  3.54%( 2.60%)[ 0.0%,  0.0%, 97.4%,  2.6%], RTT = 0.042s, Queue delay = 0.001s, MTU = 1200
 summary  10.0  Transmit rate = 11097kbps, PLR =  0.00%( 0.00%), CE =  2.98%( 2.53%)[ 0.0%,  0.0%, 97.5%,  2.5%], RTT = 0.042s, Queue delay = 0.001s, MTU = 1200
 summary  12.0  Transmit rate = 11314kbps, PLR =  0.00%( 0.00%), CE =  2.73%( 2.54%)[ 0.0%,  0.0%, 97.5%,  2.5%], RTT = 0.042s, Queue delay = 0.001s, MTU = 1200
 summary  14.0  Transmit rate = 11434kbps, PLR =  0.00%( 0.00%), CE =  2.58%( 2.56%)[ 0.0%,  0.0%, 97.5%,  2.5%], RTT = 0.042s, Queue delay = 0.001s, MTU = 1200
 summary  16.0  Transmit rate = 11512kbps, PLR =  0.00%( 0.00%), CE =  3.06%( 2.56%)[ 0.0%,  0.0%, 97.5%,  2.5%], RTT = 0.042s, Queue delay = 0.001s, MTU = 1200
 summary  18.0  Transmit rate = 11449kbps, PLR =  0.00%( 0.00%), CE =  2.86%( 2.54%)[ 0.0%,  0.0%, 97.5%,  2.5%], RTT = 0.042s, Queue delay = 0.001s, MTU = 1200
 summary  20.0  Transmit rate = 11528kbps, PLR =  0.00%( 0.00%), CE =  3.51%( 2.65%)[ 0.0%,  0.0%, 97.4%,  2.6%], RTT = 0.042s, Queue delay = 0.001s, MTU = 1200
 summary  22.0  Transmit rate = 11479kbps, PLR =  0.00%( 0.00%), CE =  3.13%( 2.65%)[ 0.0%,  0.0%, 97.4%,  2.6%], RTT = 0.042s, Queue delay = 0.001s, MTU = 1200
 summary  24.0  Transmit rate = 11400kbps, PLR =  0.00%( 0.00%), CE =  2.85%( 2.63%)[ 0.0%,  0.0%, 97.4%,  2.6%], RTT = 0.042s, Queue delay = 0.001s, MTU = 1200
 summary  26.0  Transmit rate = 11457kbps, PLR =  0.00%( 0.00%), CE =  2.78%( 2.63%)[ 0.0%,  0.0%, 97.4%,  2.6%], RTT = 0.042s, Queue delay = 0.001s, MTU = 1200
 summary  28.0  Transmit rate = 11422kbps, PLR =  0.00%( 0.00%), CE =  3.30%( 2.68%)[ 0.0%,  0.0%, 97.3%,  2.7%], RTT = 0.042s, Queue delay = 0.001s, MTU = 1200
 summary  30.0  Transmit rate = 11497kbps, PLR =  0.00%( 0.00%), CE =  3.04%( 2.62%)[ 0.0%,  0.0%, 97.4%,  2.6%], RTT = 0.042s, Queue delay = 0.001s, MTU = 1200
 summary  32.0  Transmit rate = 11490kbps, PLR =  0.00%( 0.00%), CE =  3.04%( 2.65%)[ 0.0%,  0.0%, 97.4%,  2.6%], RTT = 0.042s, Queue delay = 0.001s, MTU = 1200
 summary  34.0  Transmit rate = 11454kbps, PLR =  0.00%( 0.00%), CE =  3.11%( 2.66%)[ 0.0%,  0.0%, 97.4%,  2.6%], RTT = 0.042s, Queue delay = 0.001s, MTU = 1200

======================== Summary ==========================
 Bitrate min/max/avg [kbps]          :  9143/13635/11017
 RTT     min/max/avg [s]             : 0.042/0.050/0.042
 Queue delay max/avg [s]             : 0.002/0.001
 Packet loss avg [%]                 : 0.000
 ECN/L4S NotECT/ECT(0)/ECT(1)/CE [%] :  0.0/ 0.0/97.4/ 2.6
===========================================================
