Listen on port 5491 to receive RTCP from decoder 
Scream sender started! 
 summary   2.0  Transmit rate =  3475kbps, PLR =  0.00%( 0.00%), CE =  0.00%( 0.20%)[ 0.0%,  0.0%, 99.7%,  0.3%], RTT = 0.047s, Queue delay = 0.001s, MTU = 1200
 summary   4.0  Transmit rate =  7862kbps, PLR =  0.00%( 0.00%), CE =  0.97%( 2.04%)[ 0.0%,  0.0%, 98.0%,  2.0%], RTT = 0.044s, Queue delay = 0.001s, MTU = 1200
 summary   6.0  Transmit rate =  9861kbps, PLR =  0.00%( 0.00%), CE =  2.33%( 2.40%)[ 0.0%,  0.0%, 97.6%,  2.4%], RTT = 0.043s, Queue delay = 0.001s, MTU = 1200
 summary   8.0  Transmit rate = 10708kbps, PLR =  0.00%( 0.00%), CE =  2.97%( 2.34%)[ 0.0%,  0.0%, 97.7%,  2.3%], RTT = 0.042s, Queue delay = 0.001s, MTU = 1200
 summary  10.0  Transmit rate = 10999kbps, PLR =  0.00%( 0.00%), CE =  2.70%( 2.16%)[ 0.0%,  0.0%, 97.9%,  2.1%], RTT = 0.042s, Queue delay = 0.001s, MTU = 1200
 summary  12.0  Transmit rate = 11138kbps, PLR =  0.00%( 0.00%), CE =  2.26%( 2.19%)[ 0.0%,  0.0%, 97.8%,  2.2%], RTT = 0.042s, Queue delay = 0.001s, MTU = 1200
 summary  14.0  Transmit rate = 11210kbps, PLR =  0.00%( 0.00%), CE =  2.08%( 2.12%)[ 0.0%,  0.0%, 97.9%,  2.1%], RTT = 0.042s, Queue delay = 0.001s, MTU = 1200
 summary  16.0  Transmit rate = 11392kbps, PLR =  0.00%( 0.00%), CE =  2.34%( 2.16%)[ 0.0%,  0.0%, 97.9%,  2.1%], RTT = 0.042s, Queue delay = 0.001s, MTU = 1200
 summary  18.0  Transmit rate = 11311kbps, PLR =  0.00%( 0.00%), CE =  2.20%( 2.15%)[ 0.0%,  0.0%, 97.9%,  2.1%], RTT = 0.042s, Queue delay = 0.001s, MTU = 1200
 summary  20.0  Transmit rate = 11493kbps, PLR =  0.00%( 0.00%), CE =  2.55%( 2.17%)[ 0.0%,  0.0%, 97.9%,  2.1%], RTT = 0.042s, Queue delay = 0.001s, MTU = 1200
 summary  22.0  Transmit rate = 11478kbps, PLR =  0.00%( 0.00%), CE =  2.17%( 2.15%)[ 0.0%,  0.0%, 97.9%,  2.1%], RTT = 0.042s, Queue delay = 0.001s, MTU = 1200
 summary  24.0  Transmit rate = 11554kbps, PLR =  0.00%( 0.00%), CE =  2.34%( 2.18%)[ 0.0%,  0.0%, 97.8%,  2.2%], RTT = 0.042s, Queue delay = 0.001s, MTU = 1200
 summary  26.0  Transmit rate = 11522kbps, PLR =  0.00%( 0.00%), CE =  2.30%( 2.18%)[ 0.0%,  0.0%, 97.9%,  2.1%], RTT = 0.042s, Queue delay = 0.001s, MTU = 1200
 summary  28.0  Transmit rate = 11472kbps, PLR =  0.00%( 0.00%), CE =  2.25%( 2.13%)[ 0.0%,  0.0%, 97.9%,  2.1%], RTT = 0.042s, Queue delay = 0.001s, MTU = 1200
 summary  30.0  Transmit rate = 10851kbps, PLR =  0.00%( 0.00%), CE =  3.34%( 2.30%)[ 0.0%,  0.0%, 97.7%,  2.3%], RTT = 0.042s, Queue delay = 0.001s, MTU = 1200
 summary  32.0  Transmit rate = 10620kbps, PLR =  0.00%( 0.00%), CE =  2.96%( 2.25%)[ 0.0%,  0.0%, 97.8%,  2.2%], RTT = 0.042s, Queue delay = 0.001s, MTU = 1200
 summary  34.0  Transmit rate = 11039kbps, PLR =  0.00%( 0.00%), CE =  1.58%( 2.22%)[ 0.0%,  0.0%, 97.8%,  2.2%], RTT = 0.042s, Queue delay = 0.001s, MTU = 1200

======================== Summary ==========================
 Bitrate min/max/avg [kbps]          :  8714/13644/10893
 RTT     min/max/avg [s]             : 0.042/0.050/0.042
 Queue delay max/avg [s]             : 0.002/0.001
 Packet loss avg [%]                 : 0.000
 ECN/L4S NotECT/ECT(0)/ECT(1)/CE [%] :  0.0/ 0.0/97.8/ 2.2
===========================================================
