socket set to IP_RECVTOS
socket SO_RCVBUF set to 20971520
Listen on port 5330 to receive RTP from sender 
.
.
Packet(s) lost or reordered :  9254 was received, previous rcvd is  9252 
Packet(s) lost or reordered : 12245 was received, previous rcvd is 12243 
Packet(s) lost or reordered : 13821 was received, previous rcvd is 13819 
Packet(s) lost or reordered : 21015 was received, previous rcvd is 21013 
Packet(s) lost or reordered : 31938 was received, previous rcvd is 31936 
Packet(s) lost or reordered : 39992 was received, previous rcvd is 39990 
Packet(s) lost or reordered : 45882 was received, previous rcvd is 45880 
Packet(s) lost or reordered : 51618 was received, previous rcvd is 51616 
Packet(s) lost or reordered : 53051 was received, previous rcvd is 53049 
Packet(s) lost or reordered : 59016 was received, previous rcvd is 59014 
Packet(s) lost or reordered :  6986 was received, previous rcvd is  6984 
Packet(s) lost or reordered : 30181 was received, previous rcvd is 30179 
Packet(s) lost or reordered : 30413 was received, previous rcvd is 30411 
Packet(s) lost or reordered : 30981 was received, previous rcvd is 30979 
.
