Listen on port 5393 to receive RTCP from decoder 
Scream sender started! 
 summary   2.0  Transmit rate =  3471kbps, PLR =  0.00%( 0.00%), CE =  0.00%( 0.20%)[ 0.0%,  0.0%, 99.7%,  0.3%], RTT = 0.047s, Queue delay = 0.000s, MTU = 1200
 summary   4.0  Transmit rate =  7773kbps, PLR =  0.00%( 0.00%), CE =  0.24%( 1.27%)[ 0.0%,  0.0%, 98.7%,  1.3%], RTT = 0.044s, Queue delay = 0.001s, MTU = 1200
 summary   6.0  Transmit rate =  9858kbps, PLR =  0.00%( 0.00%), CE =  1.77%( 1.80%)[ 0.0%,  0.0%, 98.2%,  1.8%], RTT = 0.043s, Queue delay = 0.001s, MTU = 1200
 summary   8.0  Transmit rate = 10584kbps, PLR =  0.00%( 0.00%), CE =  2.92%( 2.19%)[ 0.0%,  0.0%, 97.8%,  2.2%], RTT = 0.042s, Queue delay = 0.001s, MTU = 1200
 summary  10.0  Transmit rate = 10766kbps, PLR =  0.00%( 0.00%), CE =  2.53%( 2.08%)[ 0.0%,  0.0%, 97.9%,  2.1%], RTT = 0.042s, Queue delay = 0.001s, MTU = 1200
 summary  12.0  Transmit rate = 11140kbps, PLR =  0.00%( 0.00%), CE =  2.34%( 1.99%)[ 0.0%,  0.0%, 98.0%,  2.0%], RTT = 0.042s, Queue delay = 0.001s, MTU = 1200
 summary  14.0  Transmit rate = 11405kbps, PLR =  0.00%( 0.00%), CE =  2.47%( 2.19%)[ 0.0%,  0.0%, 97.8%,  2.2%], RTT = 0.042s, Queue delay = 0.001s, MTU = 1200
 summary  16.0  Transmit rate = 11563kbps, PLR =  0.00%( 0.00%), CE =  2.66%( 2.20%)[ 0.0%,  0.0%, 97.8%,  2.2%], RTT = 0.042s, Queue delay = 0.001s, MTU = 1200
 summary  18.0  Transmit rate = 11554kbps, PLR =  0.00%( 0.00%), CE =  2.94%( 2.25%)[ 0.0%,  0.0%, 97.8%,  2.2%], RTT = 0.042s, Queue delay = 0.001s, MTU = 1200
 summary  20.0  Transmit rate = 11590kbps, PLR =  0.00%( 0.00%), CE =  2.80%( 2.26%)[ 0.0%,  0.0%, 97.7%,  2.3%], RTT = 0.042s, Queue delay = 0.001s, MTU = 1200
 summary  22.0  Transmit rate = 11592kbps, PLR =  0.00%( 0.00%), CE =  2.89%( 2.29%)[ 0.0%,  0.0%, 97.7%,  2.3%], RTT = 0.042s, Queue delay = 0.001s, MTU = 1200
 summary  24.0  Transmit rate = 11610kbps, PLR =  0.00%( 0.00%), CE =  2.58%( 2.32%)[ 0.0%,  0.0%, 97.7%,  2.3%], RTT = 0.042s, Queue delay = 0.001s, MTU = 1200
 summary  26.0  Transmit rate = 11598kbps, PLR =  0.00%( 0.00%), CE =  2.92%( 2.35%)[ 0.0%,  0.0%, 97.7%,  2.3%], RTT = 0.042s, Queue delay = 0.001s, MTU = 1200
 summary  28.0  Transmit rate = 11540kbps, PLR =  0.00%( 0.00%), CE =  2.79%( 2.33%)[ 0.0%,  0.0%, 97.7%,  2.3%], RTT = 0.042s, Queue delay = 0.001s, MTU = 1200
 summary  30.0  Transmit rate = 11568kbps, PLR =  0.00%( 0.00%), CE =  2.85%( 2.36%)[ 0.0%,  0.0%, 97.7%,  2.3%], RTT = 0.042s, Queue delay = 0.001s, MTU = 1200
 summary  32.0  Transmit rate = 11607kbps, PLR =  0.00%( 0.00%), CE =  2.92%( 2.39%)[ 0.0%,  0.0%, 97.6%,  2.4%], RTT = 0.042s, Queue delay = 0.001s, MTU = 1200
 summary  34.0  Transmit rate = 11557kbps, PLR =  0.00%( 0.00%), CE =  2.77%( 2.37%)[ 0.0%,  0.0%, 97.7%,  2.3%], RTT = 0.042s, Queue delay = 0.001s, MTU = 1200

======================== Summary ==========================
 Bitrate min/max/avg [kbps]          :  9003/13662/11080
 RTT     min/max/avg [s]             : 0.042/0.050/0.042
 Queue delay max/avg [s]             : 0.002/0.001
 Packet loss avg [%]                 : 0.000
 ECN/L4S NotECT/ECT(0)/ECT(1)/CE [%] :  0.0/ 0.0/97.6/ 2.4
===========================================================
